🔍 Found 66 articles to import.
✅ Imported: 12-telegram-auto-views (priority: 1)
✅ Imported: 13-vk-smart-feed-2026 (priority: 2)
✅ Imported: 14-vk-dogs-and-drops (priority: 3)
✅ Imported: 15-vk-seo-members (priority: 4)
✅ Imported: 16-vk-clips-views (priority: 5)
✅ Imported: 17-vk-polls-safety (priority: 6)
✅ Imported: 18-vk-refill-guarantee (priority: 7)
✅ Imported: 19-instagram-drip-feed-likes (priority: 8)
✅ Imported: 20-instagram-shadowban-recovery (priority: 9)
✅ Imported: 21-instagram-reels-first-1000-views (priority: 10)
✅ Imported: 22-youtube-watch-hours-monetization (priority: 11)
✅ Imported: 23-youtube-shorts-algorithm-retention (priority: 12)
✅ Imported: 24-youtube-safe-likes-comments-top (priority: 13)
✅ Imported: 25-tiktok-fyp-recommendations-boost (priority: 14)
✅ Imported: 26-tiktok-stream-viewers-top (priority: 15)
✅ Imported: 27-tiktok-likes-drop-protection (priority: 16)
✅ Imported: 28-short-video-algorithms-comparison (priority: 17)
✅ Imported: 49-bonus-system-5-percent (priority: 18)
✅ Imported: account-security-smm-promotion (priority: 19)
✅ Imported: api-smmplan-reseller-guide (priority: 20)
✅ Imported: auto-orders-subscriptions (priority: 21)
✅ Imported: crypto-deposit-guide (priority: 22)
✅ Imported: drip-feed-guide (priority: 23)
✅ Imported: eta-fluctuations (priority: 24)
✅ Imported: how-to-add-funds-yookassa-sbp (priority: 25)
✅ Imported: how-to-open-smm-panel (priority: 26)
✅ Imported: humans-vs-bots (priority: 27)
✅ Imported: mass-order-guide (priority: 28)
✅ Imported: multicurrency-cbrf-exchange-rates (priority: 29)
✅ Imported: order-canceled-reasons (priority: 30)
✅ Imported: order-statuses-explained (priority: 31)
✅ Imported: partial-refund-explained (priority: 32)
✅ Imported: payment-delayed-troubleshooting (priority: 33)
✅ Imported: price-levels-discounts-b2b-wholesaler (priority: 34)
✅ Imported: psychology-of-empty-hall (priority: 35)
✅ Imported: referral-program-passive-income (priority: 36)
✅ Imported: refill-guarantee-guide (priority: 37)
✅ Imported: refunds-policy (priority: 38)
✅ Imported: server-differences-pricing (priority: 39)
✅ Imported: shadowban-and-antifraud (priority: 40)
✅ Imported: snowball-effect-algorithm-boost (priority: 41)
✅ Imported: social-media-limits (priority: 42)
✅ Imported: support-tickets (priority: 43)
✅ Imported: target-type-error (priority: 44)
✅ Imported: telegram-auto-views (priority: 45)
✅ Imported: telegram-autoviews-auto-promotion (priority: 46)
✅ Imported: telegram-channel-vs-post-links (priority: 47)
✅ Imported: telegram-old-posts-views (priority: 48)
✅ Imported: telegram-post-reactions (priority: 49)
✅ Imported: telegram-premium-members (priority: 50)
✅ Imported: telegram-promotion-from-scratch (priority: 51)
✅ Imported: telegram-safe-boost (priority: 52)
✅ Imported: telegram-seo-and-traffic (priority: 53)
✅ Imported: telegram-smart-bind (priority: 54)
✅ Imported: telegram-tgstat-telemetr-analytics (priority: 55)
✅ Imported: vk-clips-views-quick-start (priority: 56)
✅ Imported: vk-group-members-seo-impact (priority: 57)
✅ Imported: vk-polls-votes-nuances-security (priority: 58)
✅ Imported: vk-refill-guarantee-how-it-works (priority: 59)
✅ Imported: vk-smart-feed-algorithms-2026 (priority: 60)
✅ Imported: vk_clips_views_fast_start (priority: 61)
✅ Imported: vk_deleted_followers_dogs (priority: 62)
✅ Imported: vk_group_seo_yandex_google (priority: 63)
✅ Imported: vk_polls_votes_safety (priority: 64)
✅ Imported: vk_refill_guarantee_explained (priority: 65)
✅ Imported: vk_smart_feed_2026 (priority: 66)

🎉 Finished importing 66 articles into the database!
