◇ injected env (0) from .env.test // tip: ◈ secrets for agents [www.dotenvx.com]

Running 9 tests using 1 worker

◇ injected env (0) from .env.test // tip: ⌘ multiple files { path: ['.env.local', '.env'] }
  ok 1 [setup] › e2e\auth.setup.ts:11:6 › authenticate (764ms)
◇ injected env (0) from .env.test // tip: ⌘ enable debugging { debug: true }
  x  2 [chromium] › e2e\user-flow.spec.ts:348:9 › Milestone 4: Playwright E2E User Flow Tests › Magic Link authentication › should request magic link, create AuthToken in DB, and verify successfully via callback (2.7s)
◇ injected env (0) from .env.test // tip: ⌘ custom filepath { path: '/custom/path/.env' }
  x  3 [chromium] › e2e\user-flow.spec.ts:483:7 › Milestone 4: Playwright E2E User Flow Tests › should display unit prices (₽ / шт) instead of per 1000 units and exclude bulk package labels (3.0s)
◇ injected env (0) from .env.test // tip: ◈ secrets for agents [www.dotenvx.com]
  x  4 [chromium] › e2e\user-flow.spec.ts:530:7 › Milestone 4: Playwright E2E User Flow Tests › should enforce link targetType validations (CHANNEL vs POST) and show validation errors (2.5s)
◇ injected env (0) from .env.test // tip: ◈ secrets for agents [www.dotenvx.com]
  x  5 [chromium] › e2e\user-flow.spec.ts:598:7 › Milestone 4: Playwright E2E User Flow Tests › should enforce link targetType validations (STORY vs CUSTOM) and show validation errors (31.9s)
◇ injected env (0) from .env.test // tip: ⌁ auth for agents [www.vestauth.com]
  x  6 [chromium] › e2e\user-flow.spec.ts:659:9 › Milestone 4: Playwright E2E User Flow Tests › Checkout flows › should deduct balance and create order when balance is sufficient (1ms)
  -  7 [chromium] › e2e\user-flow.spec.ts:717:9 › Milestone 4: Playwright E2E User Flow Tests › Checkout flows › should refuse checkout and redirect to payment error page when balance is insufficient
  -  8 [chromium] › e2e\user-flow.spec.ts:770:9 › Milestone 4: Playwright E2E User Flow Tests › Checkout flows › should generate PENDING payment in DB and redirect with paymentId when checking out via YooKassa
  -  9 [chromium] › e2e\user-flow.spec.ts:836:9 › Milestone 4: Playwright E2E User Flow Tests › Checkout flows › should generate PENDING payment in DB and redirect with paymentId when checking out via CryptoBot
[Playwright Teardown] Cleaning up database test records...
[Teardown] Deleted 0 test orders.
[Teardown] Deleted 0 test payments.
[Teardown] Deleted 0 test tickets.
[Teardown] Deleted 1 test users.


  1) [chromium] › e2e\user-flow.spec.ts:348:9 › Milestone 4: Playwright E2E User Flow Tests › Magic Link authentication › should request magic link, create AuthToken in DB, and verify successfully via callback 

    Error: page.goto: net::ERR_CONNECTION_REFUSED at http://127.0.0.1:3001/login
    Call log:
    [2m  - navigating to "http://127.0.0.1:3001/login", waiting until "load"[22m


      350 |
      351 |       // 1. Visit /login
    > 352 |       await page.goto('/login');
          |                  ^
      353 |       await expect(page).toHaveURL(/login/);
      354 |       
      355 |       // Allow React hydration to complete to prevent no-op clicks
        at D:\SMM_plan_2\e2e\user-flow.spec.ts:352:18

    attachment #1: screenshot (image/png) ──────────────────────────────────────────────────────────
    test-results\user-flow-Milestone-4-Play-63bc3-y-successfully-via-callback-chromium\test-failed-1.png
    ────────────────────────────────────────────────────────────────────────────────────────────────

    Error Context: test-results\user-flow-Milestone-4-Play-63bc3-y-successfully-via-callback-chromium\error-context.md

    Error Context: test-results\user-flow-Milestone-4-Play-63bc3-y-successfully-via-callback-chromium\error-context.md

    attachment #4: trace (application/zip) ─────────────────────────────────────────────────────────
    test-results\user-flow-Milestone-4-Play-63bc3-y-successfully-via-callback-chromium\trace.zip
    Usage:

        npx playwright show-trace test-results\user-flow-Milestone-4-Play-63bc3-y-successfully-via-callback-chromium\trace.zip

    ────────────────────────────────────────────────────────────────────────────────────────────────

  2) [chromium] › e2e\user-flow.spec.ts:483:7 › Milestone 4: Playwright E2E User Flow Tests › should display unit prices (₽ / шт) instead of per 1000 units and exclude bulk package labels 

    Error: page.goto: net::ERR_CONNECTION_REFUSED at http://127.0.0.1:3001/api/auth/verify?token=6e45d035aa9f1ebdc05253f38bde7907a821107a66d63e86b05db4b4c0fe8e12
    Call log:
    [2m  - navigating to "http://127.0.0.1:3001/api/auth/verify?token=6e45d035aa9f1ebdc05253f38bde7907a821107a66d63e86b05db4b4c0fe8e12", waiting until "load"[22m


      442 |
      443 |     // Authenticate by visiting the verification callback
    > 444 |     await page.goto(`/api/auth/verify?token=${rawToken}`);
          |                ^
      445 |     await expect(page).toHaveURL(/dashboard/, { timeout: 15000 });
      446 |     return user;
      447 |   };
        at setupAuthenticatedUser (D:\SMM_plan_2\e2e\user-flow.spec.ts:444:16)
        at D:\SMM_plan_2\e2e\user-flow.spec.ts:485:5

    attachment #1: screenshot (image/png) ──────────────────────────────────────────────────────────
    test-results\user-flow-Milestone-4-Play-ed238-exclude-bulk-package-labels-chromium\test-failed-1.png
    ────────────────────────────────────────────────────────────────────────────────────────────────

    Error Context: test-results\user-flow-Milestone-4-Play-ed238-exclude-bulk-package-labels-chromium\error-context.md

    Error Context: test-results\user-flow-Milestone-4-Play-ed238-exclude-bulk-package-labels-chromium\error-context.md

    attachment #4: trace (application/zip) ─────────────────────────────────────────────────────────
    test-results\user-flow-Milestone-4-Play-ed238-exclude-bulk-package-labels-chromium\trace.zip
    Usage:

        npx playwright show-trace test-results\user-flow-Milestone-4-Play-ed238-exclude-bulk-package-labels-chromium\trace.zip

    ────────────────────────────────────────────────────────────────────────────────────────────────

  3) [chromium] › e2e\user-flow.spec.ts:530:7 › Milestone 4: Playwright E2E User Flow Tests › should enforce link targetType validations (CHANNEL vs POST) and show validation errors 

    Error: page.goto: net::ERR_CONNECTION_REFUSED at http://127.0.0.1:3001/api/auth/verify?token=2c0e4e05076e0c2b91dfdd8a155c5a63273d17db2c6c4251436074aa17469b0c
    Call log:
    [2m  - navigating to "http://127.0.0.1:3001/api/auth/verify?token=2c0e4e05076e0c2b91dfdd8a155c5a63273d17db2c6c4251436074aa17469b0c", waiting until "load"[22m


      442 |
      443 |     // Authenticate by visiting the verification callback
    > 444 |     await page.goto(`/api/auth/verify?token=${rawToken}`);
          |                ^
      445 |     await expect(page).toHaveURL(/dashboard/, { timeout: 15000 });
      446 |     return user;
      447 |   };
        at setupAuthenticatedUser (D:\SMM_plan_2\e2e\user-flow.spec.ts:444:16)
        at D:\SMM_plan_2\e2e\user-flow.spec.ts:532:5

    attachment #1: screenshot (image/png) ──────────────────────────────────────────────────────────
    test-results\user-flow-Milestone-4-Play-cf719--and-show-validation-errors-chromium\test-failed-1.png
    ────────────────────────────────────────────────────────────────────────────────────────────────

    Error Context: test-results\user-flow-Milestone-4-Play-cf719--and-show-validation-errors-chromium\error-context.md

    Error Context: test-results\user-flow-Milestone-4-Play-cf719--and-show-validation-errors-chromium\error-context.md

    attachment #4: trace (application/zip) ─────────────────────────────────────────────────────────
    test-results\user-flow-Milestone-4-Play-cf719--and-show-validation-errors-chromium\trace.zip
    Usage:

        npx playwright show-trace test-results\user-flow-Milestone-4-Play-cf719--and-show-validation-errors-chromium\trace.zip

    ────────────────────────────────────────────────────────────────────────────────────────────────

  4) [chromium] › e2e\user-flow.spec.ts:598:7 › Milestone 4: Playwright E2E User Flow Tests › should enforce link targetType validations (STORY vs CUSTOM) and show validation errors 

    Error: [2mexpect([22m[31mpage[39m[2m).[22mtoHaveURL[2m([22m[32mexpected[39m[2m)[22m failed

    Expected pattern: [32m/dashboard/[39m
    Received string:  [31m"http://localhost:3001/login?error=ExpiredToken"[39m
    Timeout: 15000ms

    Call log:
    [2m  - Expect "toHaveURL" with timeout 15000ms[22m
    [2m    33 × unexpected value "http://localhost:3001/login?error=ExpiredToken"[22m


      443 |     // Authenticate by visiting the verification callback
      444 |     await page.goto(`/api/auth/verify?token=${rawToken}`);
    > 445 |     await expect(page).toHaveURL(/dashboard/, { timeout: 15000 });
          |                        ^
      446 |     return user;
      447 |   };
      448 |
        at setupAuthenticatedUser (D:\SMM_plan_2\e2e\user-flow.spec.ts:445:24)
        at D:\SMM_plan_2\e2e\user-flow.spec.ts:600:5

    attachment #1: screenshot (image/png) ──────────────────────────────────────────────────────────
    test-results\user-flow-Milestone-4-Play-c24f3--and-show-validation-errors-chromium\test-failed-1.png
    ────────────────────────────────────────────────────────────────────────────────────────────────

    Error Context: test-results\user-flow-Milestone-4-Play-c24f3--and-show-validation-errors-chromium\error-context.md

    Error Context: test-results\user-flow-Milestone-4-Play-c24f3--and-show-validation-errors-chromium\error-context.md

    attachment #4: trace (application/zip) ─────────────────────────────────────────────────────────
    test-results\user-flow-Milestone-4-Play-c24f3--and-show-validation-errors-chromium\trace.zip
    Usage:

        npx playwright show-trace test-results\user-flow-Milestone-4-Play-c24f3--and-show-validation-errors-chromium\trace.zip

    ────────────────────────────────────────────────────────────────────────────────────────────────

  5) [chromium] › e2e\user-flow.spec.ts:659:9 › Milestone 4: Playwright E2E User Flow Tests › Checkout flows › should deduct balance and create order when balance is sufficient 

    PrismaClientKnownRequestError: 
    Invalid `prisma.service.upsert()` invocation in
    D:\SMM_plan_2\e2e\user-flow.spec.ts:196:26

      193 }
      194 
      195 // 5. Create Services
    → 196 await prisma.service.upsert(
    Foreign key constraint violated: `Service_categoryId_fkey (index)`

      194 |
      195 |     // 5. Create Services
    > 196 |     await prisma.service.upsert({
          |                          ^
      197 |       where: { id: 'e2e-sub-service' },
      198 |       update: {
      199 |         name: 'E2E Subscribers Service',
        at D:\SMM_plan_2\e2e\user-flow.spec.ts:196:26
        at $n.handleRequestError (D:\SMM_plan_2\node_modules\@prisma\client\runtime\library.js:121:7315)
        at $n.handleAndLogRequestError (D:\SMM_plan_2\node_modules\@prisma\client\runtime\library.js:121:6623)
        at $n.request (D:\SMM_plan_2\node_modules\@prisma\client\runtime\library.js:121:6307)
        at l (D:\SMM_plan_2\node_modules\@prisma\client\runtime\library.js:130:9633)
        at D:\SMM_plan_2\e2e\user-flow.spec.ts:196:5

    Error Context: test-results\user-flow-Milestone-4-Play-43775--when-balance-is-sufficient-chromium\error-context.md

    Error Context: test-results\user-flow-Milestone-4-Play-43775--when-balance-is-sufficient-chromium\error-context.md

    attachment #3: trace (application/zip) ─────────────────────────────────────────────────────────
    test-results\user-flow-Milestone-4-Play-43775--when-balance-is-sufficient-chromium\trace.zip
    Usage:

        npx playwright show-trace test-results\user-flow-Milestone-4-Play-43775--when-balance-is-sufficient-chromium\trace.zip

    ────────────────────────────────────────────────────────────────────────────────────────────────

  5 failed
    [chromium] › e2e\user-flow.spec.ts:348:9 › Milestone 4: Playwright E2E User Flow Tests › Magic Link authentication › should request magic link, create AuthToken in DB, and verify successfully via callback 
    [chromium] › e2e\user-flow.spec.ts:483:7 › Milestone 4: Playwright E2E User Flow Tests › should display unit prices (₽ / шт) instead of per 1000 units and exclude bulk package labels 
    [chromium] › e2e\user-flow.spec.ts:530:7 › Milestone 4: Playwright E2E User Flow Tests › should enforce link targetType validations (CHANNEL vs POST) and show validation errors 
    [chromium] › e2e\user-flow.spec.ts:598:7 › Milestone 4: Playwright E2E User Flow Tests › should enforce link targetType validations (STORY vs CUSTOM) and show validation errors 
    [chromium] › e2e\user-flow.spec.ts:659:9 › Milestone 4: Playwright E2E User Flow Tests › Checkout flows › should deduct balance and create order when balance is sufficient 
  3 did not run
  1 passed (1.4m)
