
[1m[30m[46m RUN [49m[39m[22m [36mv4.1.4 [39m[90mD:/SMM_plan_2[39m

[90mstdout[2m | test/unit/red-team.checkout.test.ts[2m > [22m[2mRed Team: Checkout Fuzzing & Financial Security[2m > [22m[2mshould reject negative quantities via Zod validation
[22m[39mprisma:query 
        SELECT tablename FROM pg_tables WHERE schemaname='public' AND tablename != '_prisma_migrations';
      

[90mstdout[2m | test/unit/red-team.checkout.test.ts[2m > [22m[2mRed Team: Checkout Fuzzing & Financial Security[2m > [22m[2mshould reject negative quantities via Zod validation
[22m[39mprisma:query TRUNCATE TABLE "Payment", "Invoice", "FeatureFlag", "Network", "SystemSettings", "AnalyticsEvent", "AdminAuditLog", "User", "LoginLog", "Refill", "StaffRole", "Category", "PromoCode", "Ticket", "Service", "LedgerEntry", "TicketMessage", "Page", "Commission", "UrlPattern", "StaffPermission", "Order", "Provider", "AuthToken", "Session", "SupportTemplate", "AuditLog", "RateLimit" CASCADE;

[90mstdout[2m | test/unit/red-team.checkout.test.ts[2m > [22m[2mRed Team: Checkout Fuzzing & Financial Security[2m > [22m[2mshould reject negative quantities via Zod validation
[22m[39mprisma:query INSERT INTO "public"."SystemSettings" ("id","isTestMode","taxRate","opexMonthly","maintenanceMode","siteName","siteDescription","welcomeMessage","quarantineThreshold","globalMarkup","safetyFloor","exchangeRateUSD","updatedAt") VALUES ($1,$2,$3,$4,$5,$6,$7,$8,$9,$10,$11,$12,$13) RETURNING "public"."SystemSettings"."id", "public"."SystemSettings"."isTestMode", "public"."SystemSettings"."taxRate", "public"."SystemSettings"."opexMonthly", "public"."SystemSettings"."maintenanceMode", "public"."SystemSettings"."siteName", "public"."SystemSettings"."siteDescription", "public"."SystemSettings"."welcomeMessage", "public"."SystemSettings"."yookassaShopId", "public"."SystemSettings"."yookassaSecretKey", "public"."SystemSettings"."yookassaTestShopId", "public"."SystemSettings"."yookassaTestSecretKey", "public"."SystemSettings"."cryptoBotToken", "public"."SystemSettings"."quarantineThreshold", "public"."SystemSettings"."globalMarkup", "public"."SystemSettings"."safetyFloor", "public"."SystemSettings"."exchangeRateUSD", "public"."SystemSettings"."exchangeRateUpdatedAt", "public"."SystemSettings"."siteLogoUrl", "public"."SystemSettings"."siteFaviconUrl", "public"."SystemSettings"."robokassaLogin", "public"."SystemSettings"."robokassaPassword", "public"."SystemSettings"."updatedAt"

[90mstdout[2m | test/unit/red-team.checkout.test.ts[2m > [22m[2mRed Team: Checkout Fuzzing & Financial Security[2m > [22m[2mshould reject negative quantities via Zod validation
[22m[39mprisma:query INSERT INTO "public"."User" ("id","email","role","balance","quarantineBalance","totalSpent","personalDiscount","supportLimitCents","supportSpentTodayCents","supportLastResetAt","referralBalance","createdAt","updatedAt") VALUES ($1,$2,$3,$4,$5,$6,$7,$8,$9,$10,$11,$12,$13) RETURNING "public"."User"."id", "public"."User"."email", "public"."User"."role", "public"."User"."balance", "public"."User"."quarantineBalance", "public"."User"."totalSpent", "public"."User"."personalDiscount", "public"."User"."discountEndsAt", "public"."User"."supportLimitCents", "public"."User"."supportSpentTodayCents", "public"."User"."supportLastResetAt", "public"."User"."apiKey", "public"."User"."referralCode", "public"."User"."referredById", "public"."User"."referralBalance", "public"."User"."telegramId", "public"."User"."adminNote", "public"."User"."adminNoteUpdatedAt", "public"."User"."adminNoteUpdatedBy", "public"."User"."createdAt", "public"."User"."updatedAt", "public"."User"."companyName", "public"."User"."inn", "public"."User"."kpp", "public"."User"."legalAddress", "public"."User"."staffRoleId"

[90mstdout[2m | test/unit/red-team.checkout.test.ts[2m > [22m[2mRed Team: Checkout Fuzzing & Financial Security[2m > [22m[2mshould reject negative quantities via Zod validation
[22m[39mprisma:query INSERT INTO "public"."Provider" ("id","name","apiUrl","apiKey","isActive","syncLock","balanceCurrency","createdAt","updatedAt","errorCount5m","avgResponseMs") VALUES ($1,$2,$3,$4,$5,$6,$7,$8,$9,$10,$11) RETURNING "public"."Provider"."id", "public"."Provider"."name", "public"."Provider"."apiUrl", "public"."Provider"."apiKey", "public"."Provider"."isActive", "public"."Provider"."metadata", "public"."Provider"."syncLock", "public"."Provider"."balanceCurrency", "public"."Provider"."createdAt", "public"."Provider"."updatedAt", "public"."Provider"."errorCount5m", "public"."Provider"."lastErrorAt", "public"."Provider"."lastSuccessAt", "public"."Provider"."avgResponseMs"

[90mstdout[2m | test/unit/red-team.checkout.test.ts[2m > [22m[2mRed Team: Checkout Fuzzing & Financial Security[2m > [22m[2mshould reject negative quantities via Zod validation
[22m[39mprisma:query INSERT INTO "public"."Network" ("id","name","slug","icon","sort","isActive","createdAt","updatedAt") VALUES ($1,$2,$3,$4,$5,$6,$7,$8) RETURNING "public"."Network"."id", "public"."Network"."name", "public"."Network"."slug", "public"."Network"."icon", "public"."Network"."sort", "public"."Network"."isActive", "public"."Network"."createdAt", "public"."Network"."updatedAt"

[90mstdout[2m | test/unit/red-team.checkout.test.ts[2m > [22m[2mRed Team: Checkout Fuzzing & Financial Security[2m > [22m[2mshould reject negative quantities via Zod validation
[22m[39mprisma:query INSERT INTO "public"."Category" ("id","name","networkId","sort","createdAt","updatedAt") VALUES ($1,$2,$3,$4,$5,$6) RETURNING "public"."Category"."id", "public"."Category"."name", "public"."Category"."networkId", "public"."Category"."sort", "public"."Category"."createdAt", "public"."Category"."updatedAt"

[90mstdout[2m | test/unit/red-team.checkout.test.ts[2m > [22m[2mRed Team: Checkout Fuzzing & Financial Security[2m > [22m[2mshould reject negative quantities via Zod validation
[22m[39mprisma:query INSERT INTO "public"."Service" ("id","name","categoryId","providerId","rate","markup","minQty","maxQty","externalId","isDripFeedEnabled","isRefillEnabled","isCancelEnabled","isQuarantined","isActive","pricePer1000Cents","createdAt","updatedAt") VALUES ($1,$2,$3,$4,$5,$6,$7,$8,$9,$10,$11,$12,$13,$14,$15,$16,$17) RETURNING "public"."Service"."id", "public"."Service"."numericId", "public"."Service"."name", "public"."Service"."description", "public"."Service"."features", "public"."Service"."categoryId", "public"."Service"."providerId", "public"."Service"."rate", "public"."Service"."markup", "public"."Service"."minQty", "public"."Service"."maxQty", "public"."Service"."externalId", "public"."Service"."dataHash", "public"."Service"."lastSeenAt", "public"."Service"."isDripFeedEnabled", "public"."Service"."isRefillEnabled", "public"."Service"."isCancelEnabled", "public"."Service"."isQuarantined", "public"."Service"."pendingRate", "public"."Service"."quarantineReason", "public"."Service"."quarantinedAt", "public"."Service"."cooldownUntil", "public"."Service"."cooldownReason", "public"."Service"."isActive", "public"."Service"."pricePer1000Cents", "public"."Service"."createdAt", "public"."Service"."updatedAt"

[90mstdout[2m | test/unit/red-team.checkout.test.ts[2m > [22m[2mRed Team: Checkout Fuzzing & Financial Security[2m > [22m[2mshould reject negative quantities via Zod validation
[22m[39mprisma:query INSERT INTO "public"."PromoCode" ("id","code","type","discountPercent","amount","maxUses","uses","isActive","createdAt") VALUES ($1,$2,$3,$4,$5,$6,$7,$8,$9) RETURNING "public"."PromoCode"."id", "public"."PromoCode"."code", "public"."PromoCode"."type", "public"."PromoCode"."discountPercent", "public"."PromoCode"."amount", "public"."PromoCode"."maxUses", "public"."PromoCode"."uses", "public"."PromoCode"."isActive", "public"."PromoCode"."expiresAt", "public"."PromoCode"."createdAt"

[90mstdout[2m | test/unit/red-team.checkout.test.ts[2m > [22m[2mRed Team: Checkout Fuzzing & Financial Security[2m > [22m[2mshould enforce calculateSafetyFloorCents even with 99% promo codes
[22m[39mprisma:query 
        SELECT tablename FROM pg_tables WHERE schemaname='public' AND tablename != '_prisma_migrations';
      

[90mstdout[2m | test/unit/red-team.checkout.test.ts[2m > [22m[2mRed Team: Checkout Fuzzing & Financial Security[2m > [22m[2mshould enforce calculateSafetyFloorCents even with 99% promo codes
[22m[39mprisma:query TRUNCATE TABLE "Payment", "Invoice", "FeatureFlag", "Network", "SystemSettings", "AnalyticsEvent", "AdminAuditLog", "User", "LoginLog", "Refill", "StaffRole", "Category", "PromoCode", "Ticket", "Service", "LedgerEntry", "TicketMessage", "Page", "Commission", "UrlPattern", "StaffPermission", "Order", "Provider", "AuthToken", "Session", "SupportTemplate", "AuditLog", "RateLimit" CASCADE;

[90mstdout[2m | test/unit/red-team.checkout.test.ts[2m > [22m[2mRed Team: Checkout Fuzzing & Financial Security[2m > [22m[2mshould enforce calculateSafetyFloorCents even with 99% promo codes
[22m[39mprisma:query INSERT INTO "public"."SystemSettings" ("id","isTestMode","taxRate","opexMonthly","maintenanceMode","siteName","siteDescription","welcomeMessage","quarantineThreshold","globalMarkup","safetyFloor","exchangeRateUSD","updatedAt") VALUES ($1,$2,$3,$4,$5,$6,$7,$8,$9,$10,$11,$12,$13) RETURNING "public"."SystemSettings"."id", "public"."SystemSettings"."isTestMode", "public"."SystemSettings"."taxRate", "public"."SystemSettings"."opexMonthly", "public"."SystemSettings"."maintenanceMode", "public"."SystemSettings"."siteName", "public"."SystemSettings"."siteDescription", "public"."SystemSettings"."welcomeMessage", "public"."SystemSettings"."yookassaShopId", "public"."SystemSettings"."yookassaSecretKey", "public"."SystemSettings"."yookassaTestShopId", "public"."SystemSettings"."yookassaTestSecretKey", "public"."SystemSettings"."cryptoBotToken", "public"."SystemSettings"."quarantineThreshold", "public"."SystemSettings"."globalMarkup", "public"."SystemSettings"."safetyFloor", "public"."SystemSettings"."exchangeRateUSD", "public"."SystemSettings"."exchangeRateUpdatedAt", "public"."SystemSettings"."siteLogoUrl", "public"."SystemSettings"."siteFaviconUrl", "public"."SystemSettings"."robokassaLogin", "public"."SystemSettings"."robokassaPassword", "public"."SystemSettings"."updatedAt"

[90mstdout[2m | test/unit/red-team.checkout.test.ts[2m > [22m[2mRed Team: Checkout Fuzzing & Financial Security[2m > [22m[2mshould enforce calculateSafetyFloorCents even with 99% promo codes
[22m[39mprisma:query INSERT INTO "public"."User" ("id","email","role","balance","quarantineBalance","totalSpent","personalDiscount","supportLimitCents","supportSpentTodayCents","supportLastResetAt","referralBalance","createdAt","updatedAt") VALUES ($1,$2,$3,$4,$5,$6,$7,$8,$9,$10,$11,$12,$13) RETURNING "public"."User"."id", "public"."User"."email", "public"."User"."role", "public"."User"."balance", "public"."User"."quarantineBalance", "public"."User"."totalSpent", "public"."User"."personalDiscount", "public"."User"."discountEndsAt", "public"."User"."supportLimitCents", "public"."User"."supportSpentTodayCents", "public"."User"."supportLastResetAt", "public"."User"."apiKey", "public"."User"."referralCode", "public"."User"."referredById", "public"."User"."referralBalance", "public"."User"."telegramId", "public"."User"."adminNote", "public"."User"."adminNoteUpdatedAt", "public"."User"."adminNoteUpdatedBy", "public"."User"."createdAt", "public"."User"."updatedAt", "public"."User"."companyName", "public"."User"."inn", "public"."User"."kpp", "public"."User"."legalAddress", "public"."User"."staffRoleId"

[90mstdout[2m | test/unit/red-team.checkout.test.ts[2m > [22m[2mRed Team: Checkout Fuzzing & Financial Security[2m > [22m[2mshould enforce calculateSafetyFloorCents even with 99% promo codes
[22m[39mprisma:query INSERT INTO "public"."Provider" ("id","name","apiUrl","apiKey","isActive","syncLock","balanceCurrency","createdAt","updatedAt","errorCount5m","avgResponseMs") VALUES ($1,$2,$3,$4,$5,$6,$7,$8,$9,$10,$11) RETURNING "public"."Provider"."id", "public"."Provider"."name", "public"."Provider"."apiUrl", "public"."Provider"."apiKey", "public"."Provider"."isActive", "public"."Provider"."metadata", "public"."Provider"."syncLock", "public"."Provider"."balanceCurrency", "public"."Provider"."createdAt", "public"."Provider"."updatedAt", "public"."Provider"."errorCount5m", "public"."Provider"."lastErrorAt", "public"."Provider"."lastSuccessAt", "public"."Provider"."avgResponseMs"

[90mstdout[2m | test/unit/red-team.checkout.test.ts[2m > [22m[2mRed Team: Checkout Fuzzing & Financial Security[2m > [22m[2mshould enforce calculateSafetyFloorCents even with 99% promo codes
[22m[39mprisma:query INSERT INTO "public"."Network" ("id","name","slug","icon","sort","isActive","createdAt","updatedAt") VALUES ($1,$2,$3,$4,$5,$6,$7,$8) RETURNING "public"."Network"."id", "public"."Network"."name", "public"."Network"."slug", "public"."Network"."icon", "public"."Network"."sort", "public"."Network"."isActive", "public"."Network"."createdAt", "public"."Network"."updatedAt"

[90mstdout[2m | test/unit/red-team.checkout.test.ts[2m > [22m[2mRed Team: Checkout Fuzzing & Financial Security[2m > [22m[2mshould enforce calculateSafetyFloorCents even with 99% promo codes
[22m[39mprisma:query INSERT INTO "public"."Category" ("id","name","networkId","sort","createdAt","updatedAt") VALUES ($1,$2,$3,$4,$5,$6) RETURNING "public"."Category"."id", "public"."Category"."name", "public"."Category"."networkId", "public"."Category"."sort", "public"."Category"."createdAt", "public"."Category"."updatedAt"

[90mstdout[2m | test/unit/red-team.checkout.test.ts[2m > [22m[2mRed Team: Checkout Fuzzing & Financial Security[2m > [22m[2mshould enforce calculateSafetyFloorCents even with 99% promo codes
[22m[39mprisma:query INSERT INTO "public"."Service" ("id","name","categoryId","providerId","rate","markup","minQty","maxQty","externalId","isDripFeedEnabled","isRefillEnabled","isCancelEnabled","isQuarantined","isActive","pricePer1000Cents","createdAt","updatedAt") VALUES ($1,$2,$3,$4,$5,$6,$7,$8,$9,$10,$11,$12,$13,$14,$15,$16,$17) RETURNING "public"."Service"."id", "public"."Service"."numericId", "public"."Service"."name", "public"."Service"."description", "public"."Service"."features", "public"."Service"."categoryId", "public"."Service"."providerId", "public"."Service"."rate", "public"."Service"."markup", "public"."Service"."minQty", "public"."Service"."maxQty", "public"."Service"."externalId", "public"."Service"."dataHash", "public"."Service"."lastSeenAt", "public"."Service"."isDripFeedEnabled", "public"."Service"."isRefillEnabled", "public"."Service"."isCancelEnabled", "public"."Service"."isQuarantined", "public"."Service"."pendingRate", "public"."Service"."quarantineReason", "public"."Service"."quarantinedAt", "public"."Service"."cooldownUntil", "public"."Service"."cooldownReason", "public"."Service"."isActive", "public"."Service"."pricePer1000Cents", "public"."Service"."createdAt", "public"."Service"."updatedAt"

[90mstdout[2m | test/unit/red-team.checkout.test.ts[2m > [22m[2mRed Team: Checkout Fuzzing & Financial Security[2m > [22m[2mshould enforce calculateSafetyFloorCents even with 99% promo codes
[22m[39mprisma:query INSERT INTO "public"."PromoCode" ("id","code","type","discountPercent","amount","maxUses","uses","isActive","createdAt") VALUES ($1,$2,$3,$4,$5,$6,$7,$8,$9) RETURNING "public"."PromoCode"."id", "public"."PromoCode"."code", "public"."PromoCode"."type", "public"."PromoCode"."discountPercent", "public"."PromoCode"."amount", "public"."PromoCode"."maxUses", "public"."PromoCode"."uses", "public"."PromoCode"."isActive", "public"."PromoCode"."expiresAt", "public"."PromoCode"."createdAt"

[90mstdout[2m | test/unit/red-team.checkout.test.ts[2m > [22m[2mRed Team: Checkout Fuzzing & Financial Security[2m > [22m[2mshould enforce calculateSafetyFloorCents even with 99% promo codes
[22m[39mprisma:query SELECT "public"."Service"."id", "public"."Service"."numericId", "public"."Service"."name", "public"."Service"."description", "public"."Service"."features", "public"."Service"."categoryId", "public"."Service"."providerId", "public"."Service"."rate", "public"."Service"."markup", "public"."Service"."minQty", "public"."Service"."maxQty", "public"."Service"."externalId", "public"."Service"."dataHash", "public"."Service"."lastSeenAt", "public"."Service"."isDripFeedEnabled", "public"."Service"."isRefillEnabled", "public"."Service"."isCancelEnabled", "public"."Service"."isQuarantined", "public"."Service"."pendingRate", "public"."Service"."quarantineReason", "public"."Service"."quarantinedAt", "public"."Service"."cooldownUntil", "public"."Service"."cooldownReason", "public"."Service"."isActive", "public"."Service"."pricePer1000Cents", "public"."Service"."createdAt", "public"."Service"."updatedAt" FROM "public"."Service" WHERE ("public"."Service"."id" = $1 AND 1=1) LIMIT $2 OFFSET $3

[90mstdout[2m | test/unit/red-team.checkout.test.ts[2m > [22m[2mRed Team: Checkout Fuzzing & Financial Security[2m > [22m[2mshould enforce calculateSafetyFloorCents even with 99% promo codes
[22m[39mprisma:query SELECT "public"."Category"."id", "public"."Category"."name", "public"."Category"."networkId", "public"."Category"."sort", "public"."Category"."createdAt", "public"."Category"."updatedAt" FROM "public"."Category" WHERE "public"."Category"."id" IN ($1) OFFSET $2

[90mstdout[2m | test/unit/red-team.checkout.test.ts[2m > [22m[2mRed Team: Checkout Fuzzing & Financial Security[2m > [22m[2mshould enforce calculateSafetyFloorCents even with 99% promo codes
[22m[39mprisma:query SELECT "public"."Network"."id", "public"."Network"."name", "public"."Network"."slug", "public"."Network"."icon", "public"."Network"."sort", "public"."Network"."isActive", "public"."Network"."createdAt", "public"."Network"."updatedAt" FROM "public"."Network" WHERE "public"."Network"."id" IN ($1) OFFSET $2

[90mstdout[2m | test/unit/red-team.checkout.test.ts[2m > [22m[2mRed Team: Checkout Fuzzing & Financial Security[2m > [22m[2mshould enforce calculateSafetyFloorCents even with 99% promo codes
[22m[39mprisma:query BEGIN

[90mstdout[2m | test/unit/red-team.checkout.test.ts[2m > [22m[2mRed Team: Checkout Fuzzing & Financial Security[2m > [22m[2mshould enforce calculateSafetyFloorCents even with 99% promo codes
[22m[39mprisma:query SELECT "public"."User"."id" FROM "public"."User" WHERE ("public"."User"."email" = $1 AND 1=1) OFFSET $2

[90mstdout[2m | test/unit/red-team.checkout.test.ts[2m > [22m[2mRed Team: Checkout Fuzzing & Financial Security[2m > [22m[2mshould enforce calculateSafetyFloorCents even with 99% promo codes
[22m[39mprisma:query SELECT "public"."User"."id", "public"."User"."email", "public"."User"."role", "public"."User"."balance", "public"."User"."quarantineBalance", "public"."User"."totalSpent", "public"."User"."personalDiscount", "public"."User"."discountEndsAt", "public"."User"."supportLimitCents", "public"."User"."supportSpentTodayCents", "public"."User"."supportLastResetAt", "public"."User"."apiKey", "public"."User"."referralCode", "public"."User"."referredById", "public"."User"."referralBalance", "public"."User"."telegramId", "public"."User"."adminNote", "public"."User"."adminNoteUpdatedAt", "public"."User"."adminNoteUpdatedBy", "public"."User"."createdAt", "public"."User"."updatedAt", "public"."User"."companyName", "public"."User"."inn", "public"."User"."kpp", "public"."User"."legalAddress", "public"."User"."staffRoleId" FROM "public"."User" WHERE ("public"."User"."id" = $1 AND ("public"."User"."email" = $2 AND 1=1)) LIMIT $3 OFFSET $4

[90mstdout[2m | test/unit/red-team.checkout.test.ts[2m > [22m[2mRed Team: Checkout Fuzzing & Financial Security[2m > [22m[2mshould enforce calculateSafetyFloorCents even with 99% promo codes
[22m[39mprisma:query SELECT "public"."User"."id", "public"."User"."email", "public"."User"."role", "public"."User"."balance", "public"."User"."quarantineBalance", "public"."User"."totalSpent", "public"."User"."personalDiscount", "public"."User"."discountEndsAt", "public"."User"."supportLimitCents", "public"."User"."supportSpentTodayCents", "public"."User"."supportLastResetAt", "public"."User"."apiKey", "public"."User"."referralCode", "public"."User"."referredById", "public"."User"."referralBalance", "public"."User"."telegramId", "public"."User"."adminNote", "public"."User"."adminNoteUpdatedAt", "public"."User"."adminNoteUpdatedBy", "public"."User"."createdAt", "public"."User"."updatedAt", "public"."User"."companyName", "public"."User"."inn", "public"."User"."kpp", "public"."User"."legalAddress", "public"."User"."staffRoleId" FROM "public"."User" WHERE "public"."User"."id" = $1 LIMIT $2 OFFSET $3

[90mstdout[2m | test/unit/red-team.checkout.test.ts[2m > [22m[2mRed Team: Checkout Fuzzing & Financial Security[2m > [22m[2mshould enforce calculateSafetyFloorCents even with 99% promo codes
[22m[39mprisma:query COMMIT

[90mstdout[2m | test/unit/red-team.checkout.test.ts[2m > [22m[2mRed Team: Checkout Fuzzing & Financial Security[2m > [22m[2mshould enforce calculateSafetyFloorCents even with 99% promo codes
[22m[39mprisma:query SELECT "public"."User"."id", "public"."User"."email", "public"."User"."role", "public"."User"."balance", "public"."User"."quarantineBalance", "public"."User"."totalSpent", "public"."User"."personalDiscount", "public"."User"."discountEndsAt", "public"."User"."supportLimitCents", "public"."User"."supportSpentTodayCents", "public"."User"."supportLastResetAt", "public"."User"."apiKey", "public"."User"."referralCode", "public"."User"."referredById", "public"."User"."referralBalance", "public"."User"."telegramId", "public"."User"."adminNote", "public"."User"."adminNoteUpdatedAt", "public"."User"."adminNoteUpdatedBy", "public"."User"."createdAt", "public"."User"."updatedAt", "public"."User"."companyName", "public"."User"."inn", "public"."User"."kpp", "public"."User"."legalAddress", "public"."User"."staffRoleId" FROM "public"."User" WHERE ("public"."User"."id" = $1 AND 1=1) LIMIT $2 OFFSET $3

[90mstdout[2m | test/unit/red-team.checkout.test.ts[2m > [22m[2mRed Team: Checkout Fuzzing & Financial Security[2m > [22m[2mshould enforce calculateSafetyFloorCents even with 99% promo codes
[22m[39mprisma:query SELECT "public"."Service"."id", "public"."Service"."numericId", "public"."Service"."name", "public"."Service"."description", "public"."Service"."features", "public"."Service"."categoryId", "public"."Service"."providerId", "public"."Service"."rate", "public"."Service"."markup", "public"."Service"."minQty", "public"."Service"."maxQty", "public"."Service"."externalId", "public"."Service"."dataHash", "public"."Service"."lastSeenAt", "public"."Service"."isDripFeedEnabled", "public"."Service"."isRefillEnabled", "public"."Service"."isCancelEnabled", "public"."Service"."isQuarantined", "public"."Service"."pendingRate", "public"."Service"."quarantineReason", "public"."Service"."quarantinedAt", "public"."Service"."cooldownUntil", "public"."Service"."cooldownReason", "public"."Service"."isActive", "public"."Service"."pricePer1000Cents", "public"."Service"."createdAt", "public"."Service"."updatedAt" FROM "public"."Service" WHERE ("public"."Service"."id" = $1 AND 1=1) LIMIT $2 OFFSET $3

[90mstdout[2m | test/unit/red-team.checkout.test.ts[2m > [22m[2mRed Team: Checkout Fuzzing & Financial Security[2m > [22m[2mshould enforce calculateSafetyFloorCents even with 99% promo codes
[22m[39mprisma:query SELECT "public"."SystemSettings"."id", "public"."SystemSettings"."isTestMode", "public"."SystemSettings"."taxRate", "public"."SystemSettings"."opexMonthly", "public"."SystemSettings"."maintenanceMode", "public"."SystemSettings"."siteName", "public"."SystemSettings"."siteDescription", "public"."SystemSettings"."welcomeMessage", "public"."SystemSettings"."yookassaShopId", "public"."SystemSettings"."yookassaSecretKey", "public"."SystemSettings"."yookassaTestShopId", "public"."SystemSettings"."yookassaTestSecretKey", "public"."SystemSettings"."cryptoBotToken", "public"."SystemSettings"."quarantineThreshold", "public"."SystemSettings"."globalMarkup", "public"."SystemSettings"."safetyFloor", "public"."SystemSettings"."exchangeRateUSD", "public"."SystemSettings"."exchangeRateUpdatedAt", "public"."SystemSettings"."siteLogoUrl", "public"."SystemSettings"."siteFaviconUrl", "public"."SystemSettings"."robokassaLogin", "public"."SystemSettings"."robokassaPassword", "public"."SystemSettings"."updatedAt" FROM "public"."SystemSettings" WHERE ("public"."SystemSettings"."id" = $1 AND 1=1) LIMIT $2 OFFSET $3

[90mstdout[2m | test/unit/red-team.checkout.test.ts[2m > [22m[2mRed Team: Checkout Fuzzing & Financial Security[2m > [22m[2mshould enforce calculateSafetyFloorCents even with 99% promo codes
[22m[39mprisma:query SELECT "public"."PromoCode"."id", "public"."PromoCode"."code", "public"."PromoCode"."type", "public"."PromoCode"."discountPercent", "public"."PromoCode"."amount", "public"."PromoCode"."maxUses", "public"."PromoCode"."uses", "public"."PromoCode"."isActive", "public"."PromoCode"."expiresAt", "public"."PromoCode"."createdAt" FROM "public"."PromoCode" WHERE ("public"."PromoCode"."code" = $1 AND 1=1) LIMIT $2 OFFSET $3

[90mstdout[2m | test/unit/red-team.checkout.test.ts[2m > [22m[2mRed Team: Checkout Fuzzing & Financial Security[2m > [22m[2mshould enforce calculateSafetyFloorCents even with 99% promo codes
[22m[39mprisma:query BEGIN

[90mstdout[2m | test/unit/red-team.checkout.test.ts[2m > [22m[2mRed Team: Checkout Fuzzing & Financial Security[2m > [22m[2mshould enforce calculateSafetyFloorCents even with 99% promo codes
[22m[39mprisma:query INSERT INTO "public"."Order" ("id","userId","serviceId","dripExternalIds","link","quantity","status","remains","charge","providerCost","retryCount","isTest","email","isDripFeed","currentRun","createdAt","updatedAt") VALUES ($1,$2,$3,$4,$5,$6,$7,$8,$9,$10,$11,$12,$13,$14,$15,$16,$17) RETURNING "public"."Order"."id", "public"."Order"."numericId", "public"."Order"."userId", "public"."Order"."serviceId", "public"."Order"."externalId", "public"."Order"."dripExternalIds", "public"."Order"."link", "public"."Order"."quantity", "public"."Order"."status", "public"."Order"."remains", "public"."Order"."charge", "public"."Order"."providerCost", "public"."Order"."error", "public"."Order"."retryCount", "public"."Order"."isTest", "public"."Order"."email", "public"."Order"."customData", "public"."Order"."isDripFeed", "public"."Order"."runs", "public"."Order"."interval", "public"."Order"."currentRun", "public"."Order"."nextRunAt", "public"."Order"."waitingUntil", "public"."Order"."createdAt", "public"."Order"."updatedAt", "public"."Order"."paymentId", "public"."Order"."idempotencyKey"

[90mstdout[2m | test/unit/red-team.checkout.test.ts[2m > [22m[2mRed Team: Checkout Fuzzing & Financial Security[2m > [22m[2mshould enforce calculateSafetyFloorCents even with 99% promo codes
[22m[39mprisma:query SELECT "public"."PromoCode"."id", "public"."PromoCode"."code", "public"."PromoCode"."type", "public"."PromoCode"."discountPercent", "public"."PromoCode"."amount", "public"."PromoCode"."maxUses", "public"."PromoCode"."uses", "public"."PromoCode"."isActive", "public"."PromoCode"."expiresAt", "public"."PromoCode"."createdAt" FROM "public"."PromoCode" WHERE ("public"."PromoCode"."code" = $1 AND 1=1) LIMIT $2 OFFSET $3

[90mstdout[2m | test/unit/red-team.checkout.test.ts[2m > [22m[2mRed Team: Checkout Fuzzing & Financial Security[2m > [22m[2mshould enforce calculateSafetyFloorCents even with 99% promo codes
[22m[39mprisma:query UPDATE "public"."PromoCode" SET "uses" = ("public"."PromoCode"."uses" + $1) WHERE ("public"."PromoCode"."id" = $2 AND 1=1) RETURNING "public"."PromoCode"."id", "public"."PromoCode"."code", "public"."PromoCode"."type", "public"."PromoCode"."discountPercent", "public"."PromoCode"."amount", "public"."PromoCode"."maxUses", "public"."PromoCode"."uses", "public"."PromoCode"."isActive", "public"."PromoCode"."expiresAt", "public"."PromoCode"."createdAt"

[90mstdout[2m | test/unit/red-team.checkout.test.ts[2m > [22m[2mRed Team: Checkout Fuzzing & Financial Security[2m > [22m[2mshould enforce calculateSafetyFloorCents even with 99% promo codes
[22m[39mprisma:query INSERT INTO "public"."Payment" ("id","userId","amount","currency","status","gateway","consentIp","consentUserAgent","createdAt","updatedAt") VALUES ($1,$2,$3,$4,$5,$6,$7,$8,$9,$10) RETURNING "public"."Payment"."id", "public"."Payment"."userId", "public"."Payment"."orderId", "public"."Payment"."amount", "public"."Payment"."currency", "public"."Payment"."status", "public"."Payment"."gatewayId", "public"."Payment"."gateway", "public"."Payment"."consentIp", "public"."Payment"."consentUserAgent", "public"."Payment"."checkoutUrl", "public"."Payment"."receiptId", "public"."Payment"."refundReceiptId", "public"."Payment"."createdAt", "public"."Payment"."updatedAt"

[90mstdout[2m | test/unit/red-team.checkout.test.ts[2m > [22m[2mRed Team: Checkout Fuzzing & Financial Security[2m > [22m[2mshould enforce calculateSafetyFloorCents even with 99% promo codes
[22m[39mprisma:query UPDATE "public"."Order" SET "paymentId" = $1, "updatedAt" = $2 WHERE ("public"."Order"."id" = $3 AND 1=1) RETURNING "public"."Order"."id", "public"."Order"."numericId", "public"."Order"."userId", "public"."Order"."serviceId", "public"."Order"."externalId", "public"."Order"."dripExternalIds", "public"."Order"."link", "public"."Order"."quantity", "public"."Order"."status", "public"."Order"."remains", "public"."Order"."charge", "public"."Order"."providerCost", "public"."Order"."error", "public"."Order"."retryCount", "public"."Order"."isTest", "public"."Order"."email", "public"."Order"."customData", "public"."Order"."isDripFeed", "public"."Order"."runs", "public"."Order"."interval", "public"."Order"."currentRun", "public"."Order"."nextRunAt", "public"."Order"."waitingUntil", "public"."Order"."createdAt", "public"."Order"."updatedAt", "public"."Order"."paymentId", "public"."Order"."idempotencyKey"

[90mstdout[2m | test/unit/red-team.checkout.test.ts[2m > [22m[2mRed Team: Checkout Fuzzing & Financial Security[2m > [22m[2mshould enforce calculateSafetyFloorCents even with 99% promo codes
[22m[39mprisma:query COMMIT

[90mstdout[2m | test/unit/red-team.checkout.test.ts[2m > [22m[2mRed Team: Checkout Fuzzing & Financial Security[2m > [22m[2mshould enforce calculateSafetyFloorCents even with 99% promo codes
[22m[39mprisma:query BEGIN

[90mstdout[2m | test/unit/red-team.checkout.test.ts[2m > [22m[2mRed Team: Checkout Fuzzing & Financial Security[2m > [22m[2mshould enforce calculateSafetyFloorCents even with 99% promo codes
[22m[39mprisma:query SELECT "public"."User"."id", "public"."User"."email", "public"."User"."role", "public"."User"."balance", "public"."User"."quarantineBalance", "public"."User"."totalSpent", "public"."User"."personalDiscount", "public"."User"."discountEndsAt", "public"."User"."supportLimitCents", "public"."User"."supportSpentTodayCents", "public"."User"."supportLastResetAt", "public"."User"."apiKey", "public"."User"."referralCode", "public"."User"."referredById", "public"."User"."referralBalance", "public"."User"."telegramId", "public"."User"."adminNote", "public"."User"."adminNoteUpdatedAt", "public"."User"."adminNoteUpdatedBy", "public"."User"."createdAt", "public"."User"."updatedAt", "public"."User"."companyName", "public"."User"."inn", "public"."User"."kpp", "public"."User"."legalAddress", "public"."User"."staffRoleId" FROM "public"."User" WHERE ("public"."User"."id" = $1 AND 1=1) LIMIT $2 OFFSET $3

[90mstdout[2m | test/unit/red-team.checkout.test.ts[2m > [22m[2mRed Team: Checkout Fuzzing & Financial Security[2m > [22m[2mshould enforce calculateSafetyFloorCents even with 99% promo codes
[22m[39mprisma:query UPDATE "public"."User" SET "balance" = ("public"."User"."balance" - $1), "totalSpent" = ("public"."User"."totalSpent" + $2), "updatedAt" = $3 WHERE ("public"."User"."id" = $4 AND 1=1) RETURNING "public"."User"."id", "public"."User"."email", "public"."User"."role", "public"."User"."balance", "public"."User"."quarantineBalance", "public"."User"."totalSpent", "public"."User"."personalDiscount", "public"."User"."discountEndsAt", "public"."User"."supportLimitCents", "public"."User"."supportSpentTodayCents", "public"."User"."supportLastResetAt", "public"."User"."apiKey", "public"."User"."referralCode", "public"."User"."referredById", "public"."User"."referralBalance", "public"."User"."telegramId", "public"."User"."adminNote", "public"."User"."adminNoteUpdatedAt", "public"."User"."adminNoteUpdatedBy", "public"."User"."createdAt", "public"."User"."updatedAt", "public"."User"."companyName", "public"."User"."inn", "public"."User"."kpp", "public"."User"."legalAddress", "public"."User"."staffRoleId"

[90mstdout[2m | test/unit/red-team.checkout.test.ts[2m > [22m[2mRed Team: Checkout Fuzzing & Financial Security[2m > [22m[2mshould enforce calculateSafetyFloorCents even with 99% promo codes
[22m[39mprisma:query INSERT INTO "public"."LedgerEntry" ("id","userId","amount","reason","status","createdAt","updatedAt") VALUES ($1,$2,$3,$4,$5,$6,$7) RETURNING "public"."LedgerEntry"."id", "public"."LedgerEntry"."userId", "public"."LedgerEntry"."adminId", "public"."LedgerEntry"."amount", "public"."LedgerEntry"."reason", "public"."LedgerEntry"."status", "public"."LedgerEntry"."idempotencyKey", "public"."LedgerEntry"."createdAt", "public"."LedgerEntry"."updatedAt"

[90mstdout[2m | test/unit/red-team.checkout.test.ts[2m > [22m[2mRed Team: Checkout Fuzzing & Financial Security[2m > [22m[2mshould enforce calculateSafetyFloorCents even with 99% promo codes
[22m[39mprisma:query UPDATE "public"."Payment" SET "status" = $1, "gatewayId" = $2, "updatedAt" = $3 WHERE ("public"."Payment"."id" = $4 AND 1=1) RETURNING "public"."Payment"."id", "public"."Payment"."userId", "public"."Payment"."orderId", "public"."Payment"."amount", "public"."Payment"."currency", "public"."Payment"."status", "public"."Payment"."gatewayId", "public"."Payment"."gateway", "public"."Payment"."consentIp", "public"."Payment"."consentUserAgent", "public"."Payment"."checkoutUrl", "public"."Payment"."receiptId", "public"."Payment"."refundReceiptId", "public"."Payment"."createdAt", "public"."Payment"."updatedAt"

[90mstdout[2m | test/unit/red-team.checkout.test.ts[2m > [22m[2mRed Team: Checkout Fuzzing & Financial Security[2m > [22m[2mshould enforce calculateSafetyFloorCents even with 99% promo codes
[22m[39mprisma:query UPDATE "public"."Order" SET "status" = $1, "updatedAt" = $2 WHERE ("public"."Order"."id" = $3 AND 1=1) RETURNING "public"."Order"."id", "public"."Order"."numericId", "public"."Order"."userId", "public"."Order"."serviceId", "public"."Order"."externalId", "public"."Order"."dripExternalIds", "public"."Order"."link", "public"."Order"."quantity", "public"."Order"."status", "public"."Order"."remains", "public"."Order"."charge", "public"."Order"."providerCost", "public"."Order"."error", "public"."Order"."retryCount", "public"."Order"."isTest", "public"."Order"."email", "public"."Order"."customData", "public"."Order"."isDripFeed", "public"."Order"."runs", "public"."Order"."interval", "public"."Order"."currentRun", "public"."Order"."nextRunAt", "public"."Order"."waitingUntil", "public"."Order"."createdAt", "public"."Order"."updatedAt", "public"."Order"."paymentId", "public"."Order"."idempotencyKey"

[90mstdout[2m | test/unit/red-team.checkout.test.ts[2m > [22m[2mRed Team: Checkout Fuzzing & Financial Security[2m > [22m[2mshould enforce calculateSafetyFloorCents even with 99% promo codes
[22m[39mprisma:query COMMIT

[90mstdout[2m | test/unit/red-team.checkout.test.ts[2m > [22m[2mRed Team: Checkout Fuzzing & Financial Security[2m > [22m[2mshould enforce calculateSafetyFloorCents even with 99% promo codes
[22m[39mprisma:query SELECT "public"."Order"."id", "public"."Order"."numericId", "public"."Order"."userId", "public"."Order"."serviceId", "public"."Order"."externalId", "public"."Order"."dripExternalIds", "public"."Order"."link", "public"."Order"."quantity", "public"."Order"."status", "public"."Order"."remains", "public"."Order"."charge", "public"."Order"."providerCost", "public"."Order"."error", "public"."Order"."retryCount", "public"."Order"."isTest", "public"."Order"."email", "public"."Order"."customData", "public"."Order"."isDripFeed", "public"."Order"."runs", "public"."Order"."interval", "public"."Order"."currentRun", "public"."Order"."nextRunAt", "public"."Order"."waitingUntil", "public"."Order"."createdAt", "public"."Order"."updatedAt", "public"."Order"."paymentId", "public"."Order"."idempotencyKey" FROM "public"."Order" WHERE ("public"."Order"."id" = $1 AND 1=1) LIMIT $2 OFFSET $3

[90mstdout[2m | test/unit/red-team.checkout.test.ts[2m > [22m[2mRed Team: Checkout Fuzzing & Financial Security[2m > [22m[2mshould enforce calculateSafetyFloorCents even with 99% promo codes
[22m[39mprisma:query UPDATE "public"."Payment" SET "status" = $1, "updatedAt" = $2 WHERE ("public"."Payment"."id" = $3 AND 1=1) RETURNING "public"."Payment"."id", "public"."Payment"."userId", "public"."Payment"."orderId", "public"."Payment"."amount", "public"."Payment"."currency", "public"."Payment"."status", "public"."Payment"."gatewayId", "public"."Payment"."gateway", "public"."Payment"."consentIp", "public"."Payment"."consentUserAgent", "public"."Payment"."checkoutUrl", "public"."Payment"."receiptId", "public"."Payment"."refundReceiptId", "public"."Payment"."createdAt", "public"."Payment"."updatedAt"

[90mstdout[2m | test/unit/red-team.checkout.test.ts[2m > [22m[2mRed Team: Checkout Fuzzing & Financial Security[2m > [22m[2mshould enforce calculateSafetyFloorCents even with 99% promo codes
[22m[39mprisma:query BEGIN

[90mstdout[2m | test/unit/red-team.checkout.test.ts[2m > [22m[2mRed Team: Checkout Fuzzing & Financial Security[2m > [22m[2mshould enforce calculateSafetyFloorCents even with 99% promo codes
[22m[39mprisma:query UPDATE "public"."PromoCode" SET "uses" = ("public"."PromoCode"."uses" - $1) WHERE ("public"."PromoCode"."code" = $2 AND "public"."PromoCode"."uses" > $3)

[90mstdout[2m | test/unit/red-team.checkout.test.ts[2m > [22m[2mRed Team: Checkout Fuzzing & Financial Security[2m > [22m[2mshould enforce calculateSafetyFloorCents even with 99% promo codes
[22m[39mprisma:query COMMIT

[90mstdout[2m | test/unit/red-team.checkout.test.ts[2m > [22m[2mRed Team: Checkout Fuzzing & Financial Security[2m > [22m[2mshould enforce calculateSafetyFloorCents even with 99% promo codes
[22m[39mprisma:query UPDATE "public"."Order" SET "status" = $1, "error" = $2, "updatedAt" = $3 WHERE ("public"."Order"."id" = $4 AND 1=1) RETURNING "public"."Order"."id", "public"."Order"."numericId", "public"."Order"."userId", "public"."Order"."serviceId", "public"."Order"."externalId", "public"."Order"."dripExternalIds", "public"."Order"."link", "public"."Order"."quantity", "public"."Order"."status", "public"."Order"."remains", "public"."Order"."charge", "public"."Order"."providerCost", "public"."Order"."error", "public"."Order"."retryCount", "public"."Order"."isTest", "public"."Order"."email", "public"."Order"."customData", "public"."Order"."isDripFeed", "public"."Order"."runs", "public"."Order"."interval", "public"."Order"."currentRun", "public"."Order"."nextRunAt", "public"."Order"."waitingUntil", "public"."Order"."createdAt", "public"."Order"."updatedAt", "public"."Order"."paymentId", "public"."Order"."idempotencyKey"

[90mstdout[2m | test/unit/red-team.checkout.test.ts[2m > [22m[2mRed Team: Checkout Fuzzing & Financial Security[2m > [22m[2mshould prevent double-spending via concurrent requests (Mutex lock check)
[22m[39mprisma:query 
        SELECT tablename FROM pg_tables WHERE schemaname='public' AND tablename != '_prisma_migrations';
      

[90mstdout[2m | test/unit/red-team.checkout.test.ts[2m > [22m[2mRed Team: Checkout Fuzzing & Financial Security[2m > [22m[2mshould prevent double-spending via concurrent requests (Mutex lock check)
[22m[39mprisma:query TRUNCATE TABLE "Payment", "Invoice", "FeatureFlag", "Network", "SystemSettings", "AnalyticsEvent", "AdminAuditLog", "User", "LoginLog", "Refill", "StaffRole", "Category", "PromoCode", "Ticket", "Service", "LedgerEntry", "TicketMessage", "Page", "Commission", "UrlPattern", "StaffPermission", "Order", "Provider", "AuthToken", "Session", "SupportTemplate", "AuditLog", "RateLimit" CASCADE;

[90mstdout[2m | test/unit/red-team.checkout.test.ts[2m > [22m[2mRed Team: Checkout Fuzzing & Financial Security[2m > [22m[2mshould prevent double-spending via concurrent requests (Mutex lock check)
[22m[39mprisma:query INSERT INTO "public"."SystemSettings" ("id","isTestMode","taxRate","opexMonthly","maintenanceMode","siteName","siteDescription","welcomeMessage","quarantineThreshold","globalMarkup","safetyFloor","exchangeRateUSD","updatedAt") VALUES ($1,$2,$3,$4,$5,$6,$7,$8,$9,$10,$11,$12,$13) RETURNING "public"."SystemSettings"."id", "public"."SystemSettings"."isTestMode", "public"."SystemSettings"."taxRate", "public"."SystemSettings"."opexMonthly", "public"."SystemSettings"."maintenanceMode", "public"."SystemSettings"."siteName", "public"."SystemSettings"."siteDescription", "public"."SystemSettings"."welcomeMessage", "public"."SystemSettings"."yookassaShopId", "public"."SystemSettings"."yookassaSecretKey", "public"."SystemSettings"."yookassaTestShopId", "public"."SystemSettings"."yookassaTestSecretKey", "public"."SystemSettings"."cryptoBotToken", "public"."SystemSettings"."quarantineThreshold", "public"."SystemSettings"."globalMarkup", "public"."SystemSettings"."safetyFloor", "public"."SystemSettings"."exchangeRateUSD", "public"."SystemSettings"."exchangeRateUpdatedAt", "public"."SystemSettings"."siteLogoUrl", "public"."SystemSettings"."siteFaviconUrl", "public"."SystemSettings"."robokassaLogin", "public"."SystemSettings"."robokassaPassword", "public"."SystemSettings"."updatedAt"

[90mstdout[2m | test/unit/red-team.checkout.test.ts[2m > [22m[2mRed Team: Checkout Fuzzing & Financial Security[2m > [22m[2mshould prevent double-spending via concurrent requests (Mutex lock check)
[22m[39mprisma:query INSERT INTO "public"."User" ("id","email","role","balance","quarantineBalance","totalSpent","personalDiscount","supportLimitCents","supportSpentTodayCents","supportLastResetAt","referralBalance","createdAt","updatedAt") VALUES ($1,$2,$3,$4,$5,$6,$7,$8,$9,$10,$11,$12,$13) RETURNING "public"."User"."id", "public"."User"."email", "public"."User"."role", "public"."User"."balance", "public"."User"."quarantineBalance", "public"."User"."totalSpent", "public"."User"."personalDiscount", "public"."User"."discountEndsAt", "public"."User"."supportLimitCents", "public"."User"."supportSpentTodayCents", "public"."User"."supportLastResetAt", "public"."User"."apiKey", "public"."User"."referralCode", "public"."User"."referredById", "public"."User"."referralBalance", "public"."User"."telegramId", "public"."User"."adminNote", "public"."User"."adminNoteUpdatedAt", "public"."User"."adminNoteUpdatedBy", "public"."User"."createdAt", "public"."User"."updatedAt", "public"."User"."companyName", "public"."User"."inn", "public"."User"."kpp", "public"."User"."legalAddress", "public"."User"."staffRoleId"

[90mstdout[2m | test/unit/red-team.checkout.test.ts[2m > [22m[2mRed Team: Checkout Fuzzing & Financial Security[2m > [22m[2mshould prevent double-spending via concurrent requests (Mutex lock check)
[22m[39mprisma:query INSERT INTO "public"."Provider" ("id","name","apiUrl","apiKey","isActive","syncLock","balanceCurrency","createdAt","updatedAt","errorCount5m","avgResponseMs") VALUES ($1,$2,$3,$4,$5,$6,$7,$8,$9,$10,$11) RETURNING "public"."Provider"."id", "public"."Provider"."name", "public"."Provider"."apiUrl", "public"."Provider"."apiKey", "public"."Provider"."isActive", "public"."Provider"."metadata", "public"."Provider"."syncLock", "public"."Provider"."balanceCurrency", "public"."Provider"."createdAt", "public"."Provider"."updatedAt", "public"."Provider"."errorCount5m", "public"."Provider"."lastErrorAt", "public"."Provider"."lastSuccessAt", "public"."Provider"."avgResponseMs"

[90mstdout[2m | test/unit/red-team.checkout.test.ts[2m > [22m[2mRed Team: Checkout Fuzzing & Financial Security[2m > [22m[2mshould prevent double-spending via concurrent requests (Mutex lock check)
[22m[39mprisma:query INSERT INTO "public"."Network" ("id","name","slug","icon","sort","isActive","createdAt","updatedAt") VALUES ($1,$2,$3,$4,$5,$6,$7,$8) RETURNING "public"."Network"."id", "public"."Network"."name", "public"."Network"."slug", "public"."Network"."icon", "public"."Network"."sort", "public"."Network"."isActive", "public"."Network"."createdAt", "public"."Network"."updatedAt"

[90mstdout[2m | test/unit/red-team.checkout.test.ts[2m > [22m[2mRed Team: Checkout Fuzzing & Financial Security[2m > [22m[2mshould prevent double-spending via concurrent requests (Mutex lock check)
[22m[39mprisma:query INSERT INTO "public"."Category" ("id","name","networkId","sort","createdAt","updatedAt") VALUES ($1,$2,$3,$4,$5,$6) RETURNING "public"."Category"."id", "public"."Category"."name", "public"."Category"."networkId", "public"."Category"."sort", "public"."Category"."createdAt", "public"."Category"."updatedAt"

[90mstdout[2m | test/unit/red-team.checkout.test.ts[2m > [22m[2mRed Team: Checkout Fuzzing & Financial Security[2m > [22m[2mshould prevent double-spending via concurrent requests (Mutex lock check)
[22m[39mprisma:query INSERT INTO "public"."Service" ("id","name","categoryId","providerId","rate","markup","minQty","maxQty","externalId","isDripFeedEnabled","isRefillEnabled","isCancelEnabled","isQuarantined","isActive","pricePer1000Cents","createdAt","updatedAt") VALUES ($1,$2,$3,$4,$5,$6,$7,$8,$9,$10,$11,$12,$13,$14,$15,$16,$17) RETURNING "public"."Service"."id", "public"."Service"."numericId", "public"."Service"."name", "public"."Service"."description", "public"."Service"."features", "public"."Service"."categoryId", "public"."Service"."providerId", "public"."Service"."rate", "public"."Service"."markup", "public"."Service"."minQty", "public"."Service"."maxQty", "public"."Service"."externalId", "public"."Service"."dataHash", "public"."Service"."lastSeenAt", "public"."Service"."isDripFeedEnabled", "public"."Service"."isRefillEnabled", "public"."Service"."isCancelEnabled", "public"."Service"."isQuarantined", "public"."Service"."pendingRate", "public"."Service"."quarantineReason", "public"."Service"."quarantinedAt", "public"."Service"."cooldownUntil", "public"."Service"."cooldownReason", "public"."Service"."isActive", "public"."Service"."pricePer1000Cents", "public"."Service"."createdAt", "public"."Service"."updatedAt"

[90mstdout[2m | test/unit/red-team.checkout.test.ts[2m > [22m[2mRed Team: Checkout Fuzzing & Financial Security[2m > [22m[2mshould prevent double-spending via concurrent requests (Mutex lock check)
[22m[39mprisma:query INSERT INTO "public"."PromoCode" ("id","code","type","discountPercent","amount","maxUses","uses","isActive","createdAt") VALUES ($1,$2,$3,$4,$5,$6,$7,$8,$9) RETURNING "public"."PromoCode"."id", "public"."PromoCode"."code", "public"."PromoCode"."type", "public"."PromoCode"."discountPercent", "public"."PromoCode"."amount", "public"."PromoCode"."maxUses", "public"."PromoCode"."uses", "public"."PromoCode"."isActive", "public"."PromoCode"."expiresAt", "public"."PromoCode"."createdAt"

[90mstdout[2m | test/unit/red-team.checkout.test.ts[2m > [22m[2mRed Team: Checkout Fuzzing & Financial Security[2m > [22m[2mshould prevent double-spending via concurrent requests (Mutex lock check)
[22m[39mprisma:query SELECT "public"."Service"."id", "public"."Service"."numericId", "public"."Service"."name", "public"."Service"."description", "public"."Service"."features", "public"."Service"."categoryId", "public"."Service"."providerId", "public"."Service"."rate", "public"."Service"."markup", "public"."Service"."minQty", "public"."Service"."maxQty", "public"."Service"."externalId", "public"."Service"."dataHash", "public"."Service"."lastSeenAt", "public"."Service"."isDripFeedEnabled", "public"."Service"."isRefillEnabled", "public"."Service"."isCancelEnabled", "public"."Service"."isQuarantined", "public"."Service"."pendingRate", "public"."Service"."quarantineReason", "public"."Service"."quarantinedAt", "public"."Service"."cooldownUntil", "public"."Service"."cooldownReason", "public"."Service"."isActive", "public"."Service"."pricePer1000Cents", "public"."Service"."createdAt", "public"."Service"."updatedAt" FROM "public"."Service" WHERE ("public"."Service"."id" = $1 AND 1=1) LIMIT $2 OFFSET $3

[90mstdout[2m | test/unit/red-team.checkout.test.ts[2m > [22m[2mRed Team: Checkout Fuzzing & Financial Security[2m > [22m[2mshould prevent double-spending via concurrent requests (Mutex lock check)
[22m[39mprisma:query SELECT "public"."Category"."id", "public"."Category"."name", "public"."Category"."networkId", "public"."Category"."sort", "public"."Category"."createdAt", "public"."Category"."updatedAt" FROM "public"."Category" WHERE "public"."Category"."id" IN ($1) OFFSET $2

[90mstdout[2m | test/unit/red-team.checkout.test.ts[2m > [22m[2mRed Team: Checkout Fuzzing & Financial Security[2m > [22m[2mshould prevent double-spending via concurrent requests (Mutex lock check)
[22m[39mprisma:query SELECT "public"."Network"."id", "public"."Network"."name", "public"."Network"."slug", "public"."Network"."icon", "public"."Network"."sort", "public"."Network"."isActive", "public"."Network"."createdAt", "public"."Network"."updatedAt" FROM "public"."Network" WHERE "public"."Network"."id" IN ($1) OFFSET $2

[90mstdout[2m | test/unit/red-team.checkout.test.ts[2m > [22m[2mRed Team: Checkout Fuzzing & Financial Security[2m > [22m[2mshould prevent double-spending via concurrent requests (Mutex lock check)
[22m[39mprisma:query BEGIN

[90mstdout[2m | test/unit/red-team.checkout.test.ts[2m > [22m[2mRed Team: Checkout Fuzzing & Financial Security[2m > [22m[2mshould prevent double-spending via concurrent requests (Mutex lock check)
[22m[39mprisma:query SELECT "public"."User"."id" FROM "public"."User" WHERE ("public"."User"."email" = $1 AND 1=1) OFFSET $2

[90mstdout[2m | test/unit/red-team.checkout.test.ts[2m > [22m[2mRed Team: Checkout Fuzzing & Financial Security[2m > [22m[2mshould prevent double-spending via concurrent requests (Mutex lock check)
[22m[39mprisma:query SELECT "public"."User"."id", "public"."User"."email", "public"."User"."role", "public"."User"."balance", "public"."User"."quarantineBalance", "public"."User"."totalSpent", "public"."User"."personalDiscount", "public"."User"."discountEndsAt", "public"."User"."supportLimitCents", "public"."User"."supportSpentTodayCents", "public"."User"."supportLastResetAt", "public"."User"."apiKey", "public"."User"."referralCode", "public"."User"."referredById", "public"."User"."referralBalance", "public"."User"."telegramId", "public"."User"."adminNote", "public"."User"."adminNoteUpdatedAt", "public"."User"."adminNoteUpdatedBy", "public"."User"."createdAt", "public"."User"."updatedAt", "public"."User"."companyName", "public"."User"."inn", "public"."User"."kpp", "public"."User"."legalAddress", "public"."User"."staffRoleId" FROM "public"."User" WHERE ("public"."User"."id" = $1 AND ("public"."User"."email" = $2 AND 1=1)) LIMIT $3 OFFSET $4

[90mstdout[2m | test/unit/red-team.checkout.test.ts[2m > [22m[2mRed Team: Checkout Fuzzing & Financial Security[2m > [22m[2mshould prevent double-spending via concurrent requests (Mutex lock check)
[22m[39mprisma:query SELECT "public"."User"."id", "public"."User"."email", "public"."User"."role", "public"."User"."balance", "public"."User"."quarantineBalance", "public"."User"."totalSpent", "public"."User"."personalDiscount", "public"."User"."discountEndsAt", "public"."User"."supportLimitCents", "public"."User"."supportSpentTodayCents", "public"."User"."supportLastResetAt", "public"."User"."apiKey", "public"."User"."referralCode", "public"."User"."referredById", "public"."User"."referralBalance", "public"."User"."telegramId", "public"."User"."adminNote", "public"."User"."adminNoteUpdatedAt", "public"."User"."adminNoteUpdatedBy", "public"."User"."createdAt", "public"."User"."updatedAt", "public"."User"."companyName", "public"."User"."inn", "public"."User"."kpp", "public"."User"."legalAddress", "public"."User"."staffRoleId" FROM "public"."User" WHERE "public"."User"."id" = $1 LIMIT $2 OFFSET $3

[90mstdout[2m | test/unit/red-team.checkout.test.ts[2m > [22m[2mRed Team: Checkout Fuzzing & Financial Security[2m > [22m[2mshould prevent double-spending via concurrent requests (Mutex lock check)
[22m[39mprisma:query COMMIT

[90mstdout[2m | test/unit/red-team.checkout.test.ts[2m > [22m[2mRed Team: Checkout Fuzzing & Financial Security[2m > [22m[2mshould prevent double-spending via concurrent requests (Mutex lock check)
[22m[39mprisma:query SELECT "public"."User"."id", "public"."User"."email", "public"."User"."role", "public"."User"."balance", "public"."User"."quarantineBalance", "public"."User"."totalSpent", "public"."User"."personalDiscount", "public"."User"."discountEndsAt", "public"."User"."supportLimitCents", "public"."User"."supportSpentTodayCents", "public"."User"."supportLastResetAt", "public"."User"."apiKey", "public"."User"."referralCode", "public"."User"."referredById", "public"."User"."referralBalance", "public"."User"."telegramId", "public"."User"."adminNote", "public"."User"."adminNoteUpdatedAt", "public"."User"."adminNoteUpdatedBy", "public"."User"."createdAt", "public"."User"."updatedAt", "public"."User"."companyName", "public"."User"."inn", "public"."User"."kpp", "public"."User"."legalAddress", "public"."User"."staffRoleId" FROM "public"."User" WHERE ("public"."User"."id" = $1 AND 1=1) LIMIT $2 OFFSET $3

[90mstdout[2m | test/unit/red-team.checkout.test.ts[2m > [22m[2mRed Team: Checkout Fuzzing & Financial Security[2m > [22m[2mshould prevent double-spending via concurrent requests (Mutex lock check)
[22m[39mprisma:query SELECT "public"."Service"."id", "public"."Service"."numericId", "public"."Service"."name", "public"."Service"."description", "public"."Service"."features", "public"."Service"."categoryId", "public"."Service"."providerId", "public"."Service"."rate", "public"."Service"."markup", "public"."Service"."minQty", "public"."Service"."maxQty", "public"."Service"."externalId", "public"."Service"."dataHash", "public"."Service"."lastSeenAt", "public"."Service"."isDripFeedEnabled", "public"."Service"."isRefillEnabled", "public"."Service"."isCancelEnabled", "public"."Service"."isQuarantined", "public"."Service"."pendingRate", "public"."Service"."quarantineReason", "public"."Service"."quarantinedAt", "public"."Service"."cooldownUntil", "public"."Service"."cooldownReason", "public"."Service"."isActive", "public"."Service"."pricePer1000Cents", "public"."Service"."createdAt", "public"."Service"."updatedAt" FROM "public"."Service" WHERE ("public"."Service"."id" = $1 AND 1=1) LIMIT $2 OFFSET $3

[90mstdout[2m | test/unit/red-team.checkout.test.ts[2m > [22m[2mRed Team: Checkout Fuzzing & Financial Security[2m > [22m[2mshould prevent double-spending via concurrent requests (Mutex lock check)
[22m[39mprisma:query SELECT "public"."SystemSettings"."id", "public"."SystemSettings"."isTestMode", "public"."SystemSettings"."taxRate", "public"."SystemSettings"."opexMonthly", "public"."SystemSettings"."maintenanceMode", "public"."SystemSettings"."siteName", "public"."SystemSettings"."siteDescription", "public"."SystemSettings"."welcomeMessage", "public"."SystemSettings"."yookassaShopId", "public"."SystemSettings"."yookassaSecretKey", "public"."SystemSettings"."yookassaTestShopId", "public"."SystemSettings"."yookassaTestSecretKey", "public"."SystemSettings"."cryptoBotToken", "public"."SystemSettings"."quarantineThreshold", "public"."SystemSettings"."globalMarkup", "public"."SystemSettings"."safetyFloor", "public"."SystemSettings"."exchangeRateUSD", "public"."SystemSettings"."exchangeRateUpdatedAt", "public"."SystemSettings"."siteLogoUrl", "public"."SystemSettings"."siteFaviconUrl", "public"."SystemSettings"."robokassaLogin", "public"."SystemSettings"."robokassaPassword", "public"."SystemSettings"."updatedAt" FROM "public"."SystemSettings" WHERE ("public"."SystemSettings"."id" = $1 AND 1=1) LIMIT $2 OFFSET $3

[90mstdout[2m | test/unit/red-team.checkout.test.ts[2m > [22m[2mRed Team: Checkout Fuzzing & Financial Security[2m > [22m[2mshould prevent double-spending via concurrent requests (Mutex lock check)
[22m[39mprisma:query BEGIN

[90mstdout[2m | test/unit/red-team.checkout.test.ts[2m > [22m[2mRed Team: Checkout Fuzzing & Financial Security[2m > [22m[2mshould prevent double-spending via concurrent requests (Mutex lock check)
[22m[39mprisma:query INSERT INTO "public"."Order" ("id","userId","serviceId","dripExternalIds","link","quantity","status","remains","charge","providerCost","retryCount","isTest","email","isDripFeed","currentRun","createdAt","updatedAt") VALUES ($1,$2,$3,$4,$5,$6,$7,$8,$9,$10,$11,$12,$13,$14,$15,$16,$17) RETURNING "public"."Order"."id", "public"."Order"."numericId", "public"."Order"."userId", "public"."Order"."serviceId", "public"."Order"."externalId", "public"."Order"."dripExternalIds", "public"."Order"."link", "public"."Order"."quantity", "public"."Order"."status", "public"."Order"."remains", "public"."Order"."charge", "public"."Order"."providerCost", "public"."Order"."error", "public"."Order"."retryCount", "public"."Order"."isTest", "public"."Order"."email", "public"."Order"."customData", "public"."Order"."isDripFeed", "public"."Order"."runs", "public"."Order"."interval", "public"."Order"."currentRun", "public"."Order"."nextRunAt", "public"."Order"."waitingUntil", "public"."Order"."createdAt", "public"."Order"."updatedAt", "public"."Order"."paymentId", "public"."Order"."idempotencyKey"

[90mstdout[2m | test/unit/red-team.checkout.test.ts[2m > [22m[2mRed Team: Checkout Fuzzing & Financial Security[2m > [22m[2mshould prevent double-spending via concurrent requests (Mutex lock check)
[22m[39mprisma:query INSERT INTO "public"."Payment" ("id","userId","amount","currency","status","gateway","consentIp","consentUserAgent","createdAt","updatedAt") VALUES ($1,$2,$3,$4,$5,$6,$7,$8,$9,$10) RETURNING "public"."Payment"."id", "public"."Payment"."userId", "public"."Payment"."orderId", "public"."Payment"."amount", "public"."Payment"."currency", "public"."Payment"."status", "public"."Payment"."gatewayId", "public"."Payment"."gateway", "public"."Payment"."consentIp", "public"."Payment"."consentUserAgent", "public"."Payment"."checkoutUrl", "public"."Payment"."receiptId", "public"."Payment"."refundReceiptId", "public"."Payment"."createdAt", "public"."Payment"."updatedAt"

[90mstdout[2m | test/unit/red-team.checkout.test.ts[2m > [22m[2mRed Team: Checkout Fuzzing & Financial Security[2m > [22m[2mshould prevent double-spending via concurrent requests (Mutex lock check)
[22m[39mprisma:query UPDATE "public"."Order" SET "paymentId" = $1, "updatedAt" = $2 WHERE ("public"."Order"."id" = $3 AND 1=1) RETURNING "public"."Order"."id", "public"."Order"."numericId", "public"."Order"."userId", "public"."Order"."serviceId", "public"."Order"."externalId", "public"."Order"."dripExternalIds", "public"."Order"."link", "public"."Order"."quantity", "public"."Order"."status", "public"."Order"."remains", "public"."Order"."charge", "public"."Order"."providerCost", "public"."Order"."error", "public"."Order"."retryCount", "public"."Order"."isTest", "public"."Order"."email", "public"."Order"."customData", "public"."Order"."isDripFeed", "public"."Order"."runs", "public"."Order"."interval", "public"."Order"."currentRun", "public"."Order"."nextRunAt", "public"."Order"."waitingUntil", "public"."Order"."createdAt", "public"."Order"."updatedAt", "public"."Order"."paymentId", "public"."Order"."idempotencyKey"

[90mstdout[2m | test/unit/red-team.checkout.test.ts[2m > [22m[2mRed Team: Checkout Fuzzing & Financial Security[2m > [22m[2mshould prevent double-spending via concurrent requests (Mutex lock check)
[22m[39mprisma:query COMMIT

[90mstdout[2m | test/unit/red-team.checkout.test.ts[2m > [22m[2mRed Team: Checkout Fuzzing & Financial Security[2m > [22m[2mshould prevent double-spending via concurrent requests (Mutex lock check)
[22m[39mprisma:query UPDATE "public"."Payment" SET "gatewayId" = $1, "checkoutUrl" = $2, "updatedAt" = $3 WHERE ("public"."Payment"."id" = $4 AND 1=1) RETURNING "public"."Payment"."id", "public"."Payment"."userId", "public"."Payment"."orderId", "public"."Payment"."amount", "public"."Payment"."currency", "public"."Payment"."status", "public"."Payment"."gatewayId", "public"."Payment"."gateway", "public"."Payment"."consentIp", "public"."Payment"."consentUserAgent", "public"."Payment"."checkoutUrl", "public"."Payment"."receiptId", "public"."Payment"."refundReceiptId", "public"."Payment"."createdAt", "public"."Payment"."updatedAt"

[90mstdout[2m | test/unit/red-team.checkout.test.ts[2m > [22m[2mRed Team: Checkout Fuzzing & Financial Security[2m > [22m[2mshould prevent double-spending via concurrent requests (Mutex lock check)
[22m[39mprisma:query INSERT INTO "public"."Session" ("id","userId","expiresAt","createdAt") VALUES ($1,$2,$3,$4) RETURNING "public"."Session"."id", "public"."Session"."userId", "public"."Session"."expiresAt", "public"."Session"."userAgent", "public"."Session"."ipAddress", "public"."Session"."createdAt"

[90mstdout[2m | test/unit/red-team.checkout.test.ts[2m > [22m[2mRed Team: Checkout Fuzzing & Financial Security[2m > [22m[2mshould prevent double-spending via concurrent requests (Mutex lock check)
[22m[39mprisma:query SELECT "public"."Order"."id", "public"."Order"."numericId", "public"."Order"."userId", "public"."Order"."serviceId", "public"."Order"."externalId", "public"."Order"."dripExternalIds", "public"."Order"."link", "public"."Order"."quantity", "public"."Order"."status", "public"."Order"."remains", "public"."Order"."charge", "public"."Order"."providerCost", "public"."Order"."error", "public"."Order"."retryCount", "public"."Order"."isTest", "public"."Order"."email", "public"."Order"."customData", "public"."Order"."isDripFeed", "public"."Order"."runs", "public"."Order"."interval", "public"."Order"."currentRun", "public"."Order"."nextRunAt", "public"."Order"."waitingUntil", "public"."Order"."createdAt", "public"."Order"."updatedAt", "public"."Order"."paymentId", "public"."Order"."idempotencyKey" FROM "public"."Order" WHERE ("public"."Order"."id" = $1 AND 1=1) LIMIT $2 OFFSET $3

[90mstdout[2m | test/unit/red-team.checkout.test.ts[2m > [22m[2mRed Team: Checkout Fuzzing & Financial Security[2m > [22m[2mshould prevent double-spending via concurrent requests (Mutex lock check)
[22m[39mprisma:query BEGIN

[90mstdout[2m | test/unit/red-team.checkout.test.ts[2m > [22m[2mRed Team: Checkout Fuzzing & Financial Security[2m > [22m[2mshould prevent double-spending via concurrent requests (Mutex lock check)
[22m[39mprisma:query UPDATE "public"."User" SET "balance" = $1, "updatedAt" = $2 WHERE "public"."User"."email" = $3

[90mstdout[2m | test/unit/red-team.checkout.test.ts[2m > [22m[2mRed Team: Checkout Fuzzing & Financial Security[2m > [22m[2mshould prevent double-spending via concurrent requests (Mutex lock check)
[22m[39mprisma:query COMMIT

[90mstdout[2m | test/unit/red-team.checkout.test.ts[2m > [22m[2mRed Team: Checkout Fuzzing & Financial Security[2m > [22m[2mshould prevent double-spending via concurrent requests (Mutex lock check)
[22m[39mprisma:query SELECT "public"."Service"."id", "public"."Service"."numericId", "public"."Service"."name", "public"."Service"."description", "public"."Service"."features", "public"."Service"."categoryId", "public"."Service"."providerId", "public"."Service"."rate", "public"."Service"."markup", "public"."Service"."minQty", "public"."Service"."maxQty", "public"."Service"."externalId", "public"."Service"."dataHash", "public"."Service"."lastSeenAt", "public"."Service"."isDripFeedEnabled", "public"."Service"."isRefillEnabled", "public"."Service"."isCancelEnabled", "public"."Service"."isQuarantined", "public"."Service"."pendingRate", "public"."Service"."quarantineReason", "public"."Service"."quarantinedAt", "public"."Service"."cooldownUntil", "public"."Service"."cooldownReason", "public"."Service"."isActive", "public"."Service"."pricePer1000Cents", "public"."Service"."createdAt", "public"."Service"."updatedAt" FROM "public"."Service" WHERE "public"."Service"."id" IN ($1,$2,$3,$4,$5) OFFSET $6

[90mstdout[2m | test/unit/red-team.checkout.test.ts[2m > [22m[2mRed Team: Checkout Fuzzing & Financial Security[2m > [22m[2mshould prevent double-spending via concurrent requests (Mutex lock check)
[22m[39mprisma:query SELECT "public"."Category"."id", "public"."Category"."name", "public"."Category"."networkId", "public"."Category"."sort", "public"."Category"."createdAt", "public"."Category"."updatedAt" FROM "public"."Category" WHERE "public"."Category"."id" IN ($1) OFFSET $2

[90mstdout[2m | test/unit/red-team.checkout.test.ts[2m > [22m[2mRed Team: Checkout Fuzzing & Financial Security[2m > [22m[2mshould prevent double-spending via concurrent requests (Mutex lock check)
[22m[39mprisma:query SELECT "public"."Network"."id", "public"."Network"."name", "public"."Network"."slug", "public"."Network"."icon", "public"."Network"."sort", "public"."Network"."isActive", "public"."Network"."createdAt", "public"."Network"."updatedAt" FROM "public"."Network" WHERE "public"."Network"."id" IN ($1) OFFSET $2

[90mstdout[2m | test/unit/red-team.checkout.test.ts[2m > [22m[2mRed Team: Checkout Fuzzing & Financial Security[2m > [22m[2mshould prevent double-spending via concurrent requests (Mutex lock check)
[22m[39mprisma:query BEGIN

[90mstdout[2m | test/unit/red-team.checkout.test.ts[2m > [22m[2mRed Team: Checkout Fuzzing & Financial Security[2m > [22m[2mshould prevent double-spending via concurrent requests (Mutex lock check)
[22m[39mprisma:query BEGIN

[90mstdout[2m | test/unit/red-team.checkout.test.ts[2m > [22m[2mRed Team: Checkout Fuzzing & Financial Security[2m > [22m[2mshould prevent double-spending via concurrent requests (Mutex lock check)
[22m[39mprisma:query BEGIN

[90mstdout[2m | test/unit/red-team.checkout.test.ts[2m > [22m[2mRed Team: Checkout Fuzzing & Financial Security[2m > [22m[2mshould prevent double-spending via concurrent requests (Mutex lock check)
[22m[39mprisma:query SELECT "public"."User"."id" FROM "public"."User" WHERE ("public"."User"."email" = $1 AND 1=1) OFFSET $2

[90mstdout[2m | test/unit/red-team.checkout.test.ts[2m > [22m[2mRed Team: Checkout Fuzzing & Financial Security[2m > [22m[2mshould prevent double-spending via concurrent requests (Mutex lock check)
[22m[39mprisma:query SELECT "public"."User"."id" FROM "public"."User" WHERE ("public"."User"."email" = $1 AND 1=1) OFFSET $2

[90mstdout[2m | test/unit/red-team.checkout.test.ts[2m > [22m[2mRed Team: Checkout Fuzzing & Financial Security[2m > [22m[2mshould prevent double-spending via concurrent requests (Mutex lock check)
[22m[39mprisma:query SELECT "public"."User"."id", "public"."User"."email", "public"."User"."role", "public"."User"."balance", "public"."User"."quarantineBalance", "public"."User"."totalSpent", "public"."User"."personalDiscount", "public"."User"."discountEndsAt", "public"."User"."supportLimitCents", "public"."User"."supportSpentTodayCents", "public"."User"."supportLastResetAt", "public"."User"."apiKey", "public"."User"."referralCode", "public"."User"."referredById", "public"."User"."referralBalance", "public"."User"."telegramId", "public"."User"."adminNote", "public"."User"."adminNoteUpdatedAt", "public"."User"."adminNoteUpdatedBy", "public"."User"."createdAt", "public"."User"."updatedAt", "public"."User"."companyName", "public"."User"."inn", "public"."User"."kpp", "public"."User"."legalAddress", "public"."User"."staffRoleId" FROM "public"."User" WHERE ("public"."User"."id" = $1 AND ("public"."User"."email" = $2 AND 1=1)) LIMIT $3 OFFSET $4

[90mstdout[2m | test/unit/red-team.checkout.test.ts[2m > [22m[2mRed Team: Checkout Fuzzing & Financial Security[2m > [22m[2mshould prevent double-spending via concurrent requests (Mutex lock check)
[22m[39mprisma:query SELECT "public"."User"."id" FROM "public"."User" WHERE ("public"."User"."email" = $1 AND 1=1) OFFSET $2

[90mstdout[2m | test/unit/red-team.checkout.test.ts[2m > [22m[2mRed Team: Checkout Fuzzing & Financial Security[2m > [22m[2mshould prevent double-spending via concurrent requests (Mutex lock check)
[22m[39mprisma:query SELECT "public"."User"."id", "public"."User"."email", "public"."User"."role", "public"."User"."balance", "public"."User"."quarantineBalance", "public"."User"."totalSpent", "public"."User"."personalDiscount", "public"."User"."discountEndsAt", "public"."User"."supportLimitCents", "public"."User"."supportSpentTodayCents", "public"."User"."supportLastResetAt", "public"."User"."apiKey", "public"."User"."referralCode", "public"."User"."referredById", "public"."User"."referralBalance", "public"."User"."telegramId", "public"."User"."adminNote", "public"."User"."adminNoteUpdatedAt", "public"."User"."adminNoteUpdatedBy", "public"."User"."createdAt", "public"."User"."updatedAt", "public"."User"."companyName", "public"."User"."inn", "public"."User"."kpp", "public"."User"."legalAddress", "public"."User"."staffRoleId" FROM "public"."User" WHERE ("public"."User"."id" = $1 AND ("public"."User"."email" = $2 AND 1=1)) LIMIT $3 OFFSET $4

[90mstdout[2m | test/unit/red-team.checkout.test.ts[2m > [22m[2mRed Team: Checkout Fuzzing & Financial Security[2m > [22m[2mshould prevent double-spending via concurrent requests (Mutex lock check)
[22m[39mprisma:query SELECT "public"."User"."id", "public"."User"."email", "public"."User"."role", "public"."User"."balance", "public"."User"."quarantineBalance", "public"."User"."totalSpent", "public"."User"."personalDiscount", "public"."User"."discountEndsAt", "public"."User"."supportLimitCents", "public"."User"."supportSpentTodayCents", "public"."User"."supportLastResetAt", "public"."User"."apiKey", "public"."User"."referralCode", "public"."User"."referredById", "public"."User"."referralBalance", "public"."User"."telegramId", "public"."User"."adminNote", "public"."User"."adminNoteUpdatedAt", "public"."User"."adminNoteUpdatedBy", "public"."User"."createdAt", "public"."User"."updatedAt", "public"."User"."companyName", "public"."User"."inn", "public"."User"."kpp", "public"."User"."legalAddress", "public"."User"."staffRoleId" FROM "public"."User" WHERE "public"."User"."id" = $1 LIMIT $2 OFFSET $3

[90mstdout[2m | test/unit/red-team.checkout.test.ts[2m > [22m[2mRed Team: Checkout Fuzzing & Financial Security[2m > [22m[2mshould prevent double-spending via concurrent requests (Mutex lock check)
[22m[39mprisma:query COMMIT

[90mstdout[2m | test/unit/red-team.checkout.test.ts[2m > [22m[2mRed Team: Checkout Fuzzing & Financial Security[2m > [22m[2mshould prevent double-spending via concurrent requests (Mutex lock check)
[22m[39mprisma:query SELECT "public"."User"."id", "public"."User"."email", "public"."User"."role", "public"."User"."balance", "public"."User"."quarantineBalance", "public"."User"."totalSpent", "public"."User"."personalDiscount", "public"."User"."discountEndsAt", "public"."User"."supportLimitCents", "public"."User"."supportSpentTodayCents", "public"."User"."supportLastResetAt", "public"."User"."apiKey", "public"."User"."referralCode", "public"."User"."referredById", "public"."User"."referralBalance", "public"."User"."telegramId", "public"."User"."adminNote", "public"."User"."adminNoteUpdatedAt", "public"."User"."adminNoteUpdatedBy", "public"."User"."createdAt", "public"."User"."updatedAt", "public"."User"."companyName", "public"."User"."inn", "public"."User"."kpp", "public"."User"."legalAddress", "public"."User"."staffRoleId" FROM "public"."User" WHERE "public"."User"."id" = $1 LIMIT $2 OFFSET $3

[90mstdout[2m | test/unit/red-team.checkout.test.ts[2m > [22m[2mRed Team: Checkout Fuzzing & Financial Security[2m > [22m[2mshould prevent double-spending via concurrent requests (Mutex lock check)
[22m[39mprisma:query SELECT "public"."User"."id", "public"."User"."email", "public"."User"."role", "public"."User"."balance", "public"."User"."quarantineBalance", "public"."User"."totalSpent", "public"."User"."personalDiscount", "public"."User"."discountEndsAt", "public"."User"."supportLimitCents", "public"."User"."supportSpentTodayCents", "public"."User"."supportLastResetAt", "public"."User"."apiKey", "public"."User"."referralCode", "public"."User"."referredById", "public"."User"."referralBalance", "public"."User"."telegramId", "public"."User"."adminNote", "public"."User"."adminNoteUpdatedAt", "public"."User"."adminNoteUpdatedBy", "public"."User"."createdAt", "public"."User"."updatedAt", "public"."User"."companyName", "public"."User"."inn", "public"."User"."kpp", "public"."User"."legalAddress", "public"."User"."staffRoleId" FROM "public"."User" WHERE ("public"."User"."id" = $1 AND ("public"."User"."email" = $2 AND 1=1)) LIMIT $3 OFFSET $4

[90mstdout[2m | test/unit/red-team.checkout.test.ts[2m > [22m[2mRed Team: Checkout Fuzzing & Financial Security[2m > [22m[2mshould prevent double-spending via concurrent requests (Mutex lock check)
[22m[39mprisma:query COMMIT

[90mstdout[2m | test/unit/red-team.checkout.test.ts[2m > [22m[2mRed Team: Checkout Fuzzing & Financial Security[2m > [22m[2mshould prevent double-spending via concurrent requests (Mutex lock check)
[22m[39mprisma:query SELECT "public"."User"."id", "public"."User"."email", "public"."User"."role", "public"."User"."balance", "public"."User"."quarantineBalance", "public"."User"."totalSpent", "public"."User"."personalDiscount", "public"."User"."discountEndsAt", "public"."User"."supportLimitCents", "public"."User"."supportSpentTodayCents", "public"."User"."supportLastResetAt", "public"."User"."apiKey", "public"."User"."referralCode", "public"."User"."referredById", "public"."User"."referralBalance", "public"."User"."telegramId", "public"."User"."adminNote", "public"."User"."adminNoteUpdatedAt", "public"."User"."adminNoteUpdatedBy", "public"."User"."createdAt", "public"."User"."updatedAt", "public"."User"."companyName", "public"."User"."inn", "public"."User"."kpp", "public"."User"."legalAddress", "public"."User"."staffRoleId" FROM "public"."User" WHERE ("public"."User"."id" = $1 AND 1=1) LIMIT $2 OFFSET $3

[90mstdout[2m | test/unit/red-team.checkout.test.ts[2m > [22m[2mRed Team: Checkout Fuzzing & Financial Security[2m > [22m[2mshould prevent double-spending via concurrent requests (Mutex lock check)
[22m[39mprisma:query SELECT "public"."User"."id", "public"."User"."email", "public"."User"."role", "public"."User"."balance", "public"."User"."quarantineBalance", "public"."User"."totalSpent", "public"."User"."personalDiscount", "public"."User"."discountEndsAt", "public"."User"."supportLimitCents", "public"."User"."supportSpentTodayCents", "public"."User"."supportLastResetAt", "public"."User"."apiKey", "public"."User"."referralCode", "public"."User"."referredById", "public"."User"."referralBalance", "public"."User"."telegramId", "public"."User"."adminNote", "public"."User"."adminNoteUpdatedAt", "public"."User"."adminNoteUpdatedBy", "public"."User"."createdAt", "public"."User"."updatedAt", "public"."User"."companyName", "public"."User"."inn", "public"."User"."kpp", "public"."User"."legalAddress", "public"."User"."staffRoleId" FROM "public"."User" WHERE ("public"."User"."id" = $1 AND 1=1) LIMIT $2 OFFSET $3

[90mstdout[2m | test/unit/red-team.checkout.test.ts[2m > [22m[2mRed Team: Checkout Fuzzing & Financial Security[2m > [22m[2mshould prevent double-spending via concurrent requests (Mutex lock check)
[22m[39mprisma:query SELECT "public"."User"."id", "public"."User"."email", "public"."User"."role", "public"."User"."balance", "public"."User"."quarantineBalance", "public"."User"."totalSpent", "public"."User"."personalDiscount", "public"."User"."discountEndsAt", "public"."User"."supportLimitCents", "public"."User"."supportSpentTodayCents", "public"."User"."supportLastResetAt", "public"."User"."apiKey", "public"."User"."referralCode", "public"."User"."referredById", "public"."User"."referralBalance", "public"."User"."telegramId", "public"."User"."adminNote", "public"."User"."adminNoteUpdatedAt", "public"."User"."adminNoteUpdatedBy", "public"."User"."createdAt", "public"."User"."updatedAt", "public"."User"."companyName", "public"."User"."inn", "public"."User"."kpp", "public"."User"."legalAddress", "public"."User"."staffRoleId" FROM "public"."User" WHERE "public"."User"."id" = $1 LIMIT $2 OFFSET $3

[90mstdout[2m | test/unit/red-team.checkout.test.ts[2m > [22m[2mRed Team: Checkout Fuzzing & Financial Security[2m > [22m[2mshould prevent double-spending via concurrent requests (Mutex lock check)
[22m[39mprisma:query SELECT "public"."Service"."id", "public"."Service"."numericId", "public"."Service"."name", "public"."Service"."description", "public"."Service"."features", "public"."Service"."categoryId", "public"."Service"."providerId", "public"."Service"."rate", "public"."Service"."markup", "public"."Service"."minQty", "public"."Service"."maxQty", "public"."Service"."externalId", "public"."Service"."dataHash", "public"."Service"."lastSeenAt", "public"."Service"."isDripFeedEnabled", "public"."Service"."isRefillEnabled", "public"."Service"."isCancelEnabled", "public"."Service"."isQuarantined", "public"."Service"."pendingRate", "public"."Service"."quarantineReason", "public"."Service"."quarantinedAt", "public"."Service"."cooldownUntil", "public"."Service"."cooldownReason", "public"."Service"."isActive", "public"."Service"."pricePer1000Cents", "public"."Service"."createdAt", "public"."Service"."updatedAt" FROM "public"."Service" WHERE ("public"."Service"."id" = $1 AND 1=1) LIMIT $2 OFFSET $3

[90mstdout[2m | test/unit/red-team.checkout.test.ts[2m > [22m[2mRed Team: Checkout Fuzzing & Financial Security[2m > [22m[2mshould prevent double-spending via concurrent requests (Mutex lock check)
[22m[39mprisma:query COMMIT

[90mstdout[2m | test/unit/red-team.checkout.test.ts[2m > [22m[2mRed Team: Checkout Fuzzing & Financial Security[2m > [22m[2mshould prevent double-spending via concurrent requests (Mutex lock check)
[22m[39mprisma:query BEGIN

[90mstdout[2m | test/unit/red-team.checkout.test.ts[2m > [22m[2mRed Team: Checkout Fuzzing & Financial Security[2m > [22m[2mshould prevent double-spending via concurrent requests (Mutex lock check)
[22m[39mprisma:query BEGIN

[90mstdout[2m | test/unit/red-team.checkout.test.ts[2m > [22m[2mRed Team: Checkout Fuzzing & Financial Security[2m > [22m[2mshould prevent double-spending via concurrent requests (Mutex lock check)
[22m[39mprisma:query SELECT "public"."Service"."id", "public"."Service"."numericId", "public"."Service"."name", "public"."Service"."description", "public"."Service"."features", "public"."Service"."categoryId", "public"."Service"."providerId", "public"."Service"."rate", "public"."Service"."markup", "public"."Service"."minQty", "public"."Service"."maxQty", "public"."Service"."externalId", "public"."Service"."dataHash", "public"."Service"."lastSeenAt", "public"."Service"."isDripFeedEnabled", "public"."Service"."isRefillEnabled", "public"."Service"."isCancelEnabled", "public"."Service"."isQuarantined", "public"."Service"."pendingRate", "public"."Service"."quarantineReason", "public"."Service"."quarantinedAt", "public"."Service"."cooldownUntil", "public"."Service"."cooldownReason", "public"."Service"."isActive", "public"."Service"."pricePer1000Cents", "public"."Service"."createdAt", "public"."Service"."updatedAt" FROM "public"."Service" WHERE ("public"."Service"."id" = $1 AND 1=1) LIMIT $2 OFFSET $3

[90mstdout[2m | test/unit/red-team.checkout.test.ts[2m > [22m[2mRed Team: Checkout Fuzzing & Financial Security[2m > [22m[2mshould prevent double-spending via concurrent requests (Mutex lock check)
[22m[39mprisma:query SELECT "public"."User"."id", "public"."User"."email", "public"."User"."role", "public"."User"."balance", "public"."User"."quarantineBalance", "public"."User"."totalSpent", "public"."User"."personalDiscount", "public"."User"."discountEndsAt", "public"."User"."supportLimitCents", "public"."User"."supportSpentTodayCents", "public"."User"."supportLastResetAt", "public"."User"."apiKey", "public"."User"."referralCode", "public"."User"."referredById", "public"."User"."referralBalance", "public"."User"."telegramId", "public"."User"."adminNote", "public"."User"."adminNoteUpdatedAt", "public"."User"."adminNoteUpdatedBy", "public"."User"."createdAt", "public"."User"."updatedAt", "public"."User"."companyName", "public"."User"."inn", "public"."User"."kpp", "public"."User"."legalAddress", "public"."User"."staffRoleId" FROM "public"."User" WHERE ("public"."User"."id" = $1 AND 1=1) LIMIT $2 OFFSET $3

[90mstdout[2m | test/unit/red-team.checkout.test.ts[2m > [22m[2mRed Team: Checkout Fuzzing & Financial Security[2m > [22m[2mshould prevent double-spending via concurrent requests (Mutex lock check)
[22m[39mprisma:query SELECT "public"."SystemSettings"."id", "public"."SystemSettings"."isTestMode", "public"."SystemSettings"."taxRate", "public"."SystemSettings"."opexMonthly", "public"."SystemSettings"."maintenanceMode", "public"."SystemSettings"."siteName", "public"."SystemSettings"."siteDescription", "public"."SystemSettings"."welcomeMessage", "public"."SystemSettings"."yookassaShopId", "public"."SystemSettings"."yookassaSecretKey", "public"."SystemSettings"."yookassaTestShopId", "public"."SystemSettings"."yookassaTestSecretKey", "public"."SystemSettings"."cryptoBotToken", "public"."SystemSettings"."quarantineThreshold", "public"."SystemSettings"."globalMarkup", "public"."SystemSettings"."safetyFloor", "public"."SystemSettings"."exchangeRateUSD", "public"."SystemSettings"."exchangeRateUpdatedAt", "public"."SystemSettings"."siteLogoUrl", "public"."SystemSettings"."siteFaviconUrl", "public"."SystemSettings"."robokassaLogin", "public"."SystemSettings"."robokassaPassword", "public"."SystemSettings"."updatedAt" FROM "public"."SystemSettings" WHERE ("public"."SystemSettings"."id" = $1 AND 1=1) LIMIT $2 OFFSET $3

[90mstdout[2m | test/unit/red-team.checkout.test.ts[2m > [22m[2mRed Team: Checkout Fuzzing & Financial Security[2m > [22m[2mshould prevent double-spending via concurrent requests (Mutex lock check)
[22m[39mprisma:query SELECT "public"."SystemSettings"."id", "public"."SystemSettings"."isTestMode", "public"."SystemSettings"."taxRate", "public"."SystemSettings"."opexMonthly", "public"."SystemSettings"."maintenanceMode", "public"."SystemSettings"."siteName", "public"."SystemSettings"."siteDescription", "public"."SystemSettings"."welcomeMessage", "public"."SystemSettings"."yookassaShopId", "public"."SystemSettings"."yookassaSecretKey", "public"."SystemSettings"."yookassaTestShopId", "public"."SystemSettings"."yookassaTestSecretKey", "public"."SystemSettings"."cryptoBotToken", "public"."SystemSettings"."quarantineThreshold", "public"."SystemSettings"."globalMarkup", "public"."SystemSettings"."safetyFloor", "public"."SystemSettings"."exchangeRateUSD", "public"."SystemSettings"."exchangeRateUpdatedAt", "public"."SystemSettings"."siteLogoUrl", "public"."SystemSettings"."siteFaviconUrl", "public"."SystemSettings"."robokassaLogin", "public"."SystemSettings"."robokassaPassword", "public"."SystemSettings"."updatedAt" FROM "public"."SystemSettings" WHERE ("public"."SystemSettings"."id" = $1 AND 1=1) LIMIT $2 OFFSET $3

[90mstdout[2m | test/unit/red-team.checkout.test.ts[2m > [22m[2mRed Team: Checkout Fuzzing & Financial Security[2m > [22m[2mshould prevent double-spending via concurrent requests (Mutex lock check)
[22m[39mprisma:query SELECT "public"."Service"."id", "public"."Service"."numericId", "public"."Service"."name", "public"."Service"."description", "public"."Service"."features", "public"."Service"."categoryId", "public"."Service"."providerId", "public"."Service"."rate", "public"."Service"."markup", "public"."Service"."minQty", "public"."Service"."maxQty", "public"."Service"."externalId", "public"."Service"."dataHash", "public"."Service"."lastSeenAt", "public"."Service"."isDripFeedEnabled", "public"."Service"."isRefillEnabled", "public"."Service"."isCancelEnabled", "public"."Service"."isQuarantined", "public"."Service"."pendingRate", "public"."Service"."quarantineReason", "public"."Service"."quarantinedAt", "public"."Service"."cooldownUntil", "public"."Service"."cooldownReason", "public"."Service"."isActive", "public"."Service"."pricePer1000Cents", "public"."Service"."createdAt", "public"."Service"."updatedAt" FROM "public"."Service" WHERE ("public"."Service"."id" = $1 AND 1=1) LIMIT $2 OFFSET $3

[90mstdout[2m | test/unit/red-team.checkout.test.ts[2m > [22m[2mRed Team: Checkout Fuzzing & Financial Security[2m > [22m[2mshould prevent double-spending via concurrent requests (Mutex lock check)
[22m[39mprisma:query BEGIN

[90mstdout[2m | test/unit/red-team.checkout.test.ts[2m > [22m[2mRed Team: Checkout Fuzzing & Financial Security[2m > [22m[2mshould prevent double-spending via concurrent requests (Mutex lock check)
[22m[39mprisma:query BEGIN

[90mstdout[2m | test/unit/red-team.checkout.test.ts[2m > [22m[2mRed Team: Checkout Fuzzing & Financial Security[2m > [22m[2mshould prevent double-spending via concurrent requests (Mutex lock check)
[22m[39mprisma:query SELECT "public"."User"."id" FROM "public"."User" WHERE ("public"."User"."email" = $1 AND 1=1) OFFSET $2

[90mstdout[2m | test/unit/red-team.checkout.test.ts[2m > [22m[2mRed Team: Checkout Fuzzing & Financial Security[2m > [22m[2mshould prevent double-spending via concurrent requests (Mutex lock check)
[22m[39mprisma:query SELECT "public"."User"."id" FROM "public"."User" WHERE ("public"."User"."email" = $1 AND 1=1) OFFSET $2

[90mstdout[2m | test/unit/red-team.checkout.test.ts[2m > [22m[2mRed Team: Checkout Fuzzing & Financial Security[2m > [22m[2mshould prevent double-spending via concurrent requests (Mutex lock check)
[22m[39mprisma:query SELECT "public"."SystemSettings"."id", "public"."SystemSettings"."isTestMode", "public"."SystemSettings"."taxRate", "public"."SystemSettings"."opexMonthly", "public"."SystemSettings"."maintenanceMode", "public"."SystemSettings"."siteName", "public"."SystemSettings"."siteDescription", "public"."SystemSettings"."welcomeMessage", "public"."SystemSettings"."yookassaShopId", "public"."SystemSettings"."yookassaSecretKey", "public"."SystemSettings"."yookassaTestShopId", "public"."SystemSettings"."yookassaTestSecretKey", "public"."SystemSettings"."cryptoBotToken", "public"."SystemSettings"."quarantineThreshold", "public"."SystemSettings"."globalMarkup", "public"."SystemSettings"."safetyFloor", "public"."SystemSettings"."exchangeRateUSD", "public"."SystemSettings"."exchangeRateUpdatedAt", "public"."SystemSettings"."siteLogoUrl", "public"."SystemSettings"."siteFaviconUrl", "public"."SystemSettings"."robokassaLogin", "public"."SystemSettings"."robokassaPassword", "public"."SystemSettings"."updatedAt" FROM "public"."SystemSettings" WHERE ("public"."SystemSettings"."id" = $1 AND 1=1) LIMIT $2 OFFSET $3

[90mstdout[2m | test/unit/red-team.checkout.test.ts[2m > [22m[2mRed Team: Checkout Fuzzing & Financial Security[2m > [22m[2mshould prevent double-spending via concurrent requests (Mutex lock check)
[22m[39mprisma:query BEGIN

[90mstdout[2m | test/unit/red-team.checkout.test.ts[2m > [22m[2mRed Team: Checkout Fuzzing & Financial Security[2m > [22m[2mshould prevent double-spending via concurrent requests (Mutex lock check)
[22m[39mprisma:query SELECT "public"."User"."id", "public"."User"."email", "public"."User"."role", "public"."User"."balance", "public"."User"."quarantineBalance", "public"."User"."totalSpent", "public"."User"."personalDiscount", "public"."User"."discountEndsAt", "public"."User"."supportLimitCents", "public"."User"."supportSpentTodayCents", "public"."User"."supportLastResetAt", "public"."User"."apiKey", "public"."User"."referralCode", "public"."User"."referredById", "public"."User"."referralBalance", "public"."User"."telegramId", "public"."User"."adminNote", "public"."User"."adminNoteUpdatedAt", "public"."User"."adminNoteUpdatedBy", "public"."User"."createdAt", "public"."User"."updatedAt", "public"."User"."companyName", "public"."User"."inn", "public"."User"."kpp", "public"."User"."legalAddress", "public"."User"."staffRoleId" FROM "public"."User" WHERE ("public"."User"."id" = $1 AND ("public"."User"."email" = $2 AND 1=1)) LIMIT $3 OFFSET $4

[90mstdout[2m | test/unit/red-team.checkout.test.ts[2m > [22m[2mRed Team: Checkout Fuzzing & Financial Security[2m > [22m[2mshould prevent double-spending via concurrent requests (Mutex lock check)
[22m[39mprisma:query SELECT "public"."User"."id", "public"."User"."email", "public"."User"."role", "public"."User"."balance", "public"."User"."quarantineBalance", "public"."User"."totalSpent", "public"."User"."personalDiscount", "public"."User"."discountEndsAt", "public"."User"."supportLimitCents", "public"."User"."supportSpentTodayCents", "public"."User"."supportLastResetAt", "public"."User"."apiKey", "public"."User"."referralCode", "public"."User"."referredById", "public"."User"."referralBalance", "public"."User"."telegramId", "public"."User"."adminNote", "public"."User"."adminNoteUpdatedAt", "public"."User"."adminNoteUpdatedBy", "public"."User"."createdAt", "public"."User"."updatedAt", "public"."User"."companyName", "public"."User"."inn", "public"."User"."kpp", "public"."User"."legalAddress", "public"."User"."staffRoleId" FROM "public"."User" WHERE ("public"."User"."id" = $1 AND ("public"."User"."email" = $2 AND 1=1)) LIMIT $3 OFFSET $4

[90mstdout[2m | test/unit/red-team.checkout.test.ts[2m > [22m[2mRed Team: Checkout Fuzzing & Financial Security[2m > [22m[2mshould prevent double-spending via concurrent requests (Mutex lock check)
[22m[39mprisma:query INSERT INTO "public"."Order" ("id","userId","serviceId","dripExternalIds","link","quantity","status","remains","charge","providerCost","retryCount","isTest","email","isDripFeed","currentRun","createdAt","updatedAt") VALUES ($1,$2,$3,$4,$5,$6,$7,$8,$9,$10,$11,$12,$13,$14,$15,$16,$17) RETURNING "public"."Order"."id", "public"."Order"."numericId", "public"."Order"."userId", "public"."Order"."serviceId", "public"."Order"."externalId", "public"."Order"."dripExternalIds", "public"."Order"."link", "public"."Order"."quantity", "public"."Order"."status", "public"."Order"."remains", "public"."Order"."charge", "public"."Order"."providerCost", "public"."Order"."error", "public"."Order"."retryCount", "public"."Order"."isTest", "public"."Order"."email", "public"."Order"."customData", "public"."Order"."isDripFeed", "public"."Order"."runs", "public"."Order"."interval", "public"."Order"."currentRun", "public"."Order"."nextRunAt", "public"."Order"."waitingUntil", "public"."Order"."createdAt", "public"."Order"."updatedAt", "public"."Order"."paymentId", "public"."Order"."idempotencyKey"

[90mstdout[2m | test/unit/red-team.checkout.test.ts[2m > [22m[2mRed Team: Checkout Fuzzing & Financial Security[2m > [22m[2mshould prevent double-spending via concurrent requests (Mutex lock check)
[22m[39mprisma:query SELECT "public"."User"."id", "public"."User"."email", "public"."User"."role", "public"."User"."balance", "public"."User"."quarantineBalance", "public"."User"."totalSpent", "public"."User"."personalDiscount", "public"."User"."discountEndsAt", "public"."User"."supportLimitCents", "public"."User"."supportSpentTodayCents", "public"."User"."supportLastResetAt", "public"."User"."apiKey", "public"."User"."referralCode", "public"."User"."referredById", "public"."User"."referralBalance", "public"."User"."telegramId", "public"."User"."adminNote", "public"."User"."adminNoteUpdatedAt", "public"."User"."adminNoteUpdatedBy", "public"."User"."createdAt", "public"."User"."updatedAt", "public"."User"."companyName", "public"."User"."inn", "public"."User"."kpp", "public"."User"."legalAddress", "public"."User"."staffRoleId" FROM "public"."User" WHERE "public"."User"."id" = $1 LIMIT $2 OFFSET $3

[90mstdout[2m | test/unit/red-team.checkout.test.ts[2m > [22m[2mRed Team: Checkout Fuzzing & Financial Security[2m > [22m[2mshould prevent double-spending via concurrent requests (Mutex lock check)
[22m[39mprisma:query INSERT INTO "public"."Order" ("id","userId","serviceId","dripExternalIds","link","quantity","status","remains","charge","providerCost","retryCount","isTest","email","isDripFeed","currentRun","createdAt","updatedAt") VALUES ($1,$2,$3,$4,$5,$6,$7,$8,$9,$10,$11,$12,$13,$14,$15,$16,$17) RETURNING "public"."Order"."id", "public"."Order"."numericId", "public"."Order"."userId", "public"."Order"."serviceId", "public"."Order"."externalId", "public"."Order"."dripExternalIds", "public"."Order"."link", "public"."Order"."quantity", "public"."Order"."status", "public"."Order"."remains", "public"."Order"."charge", "public"."Order"."providerCost", "public"."Order"."error", "public"."Order"."retryCount", "public"."Order"."isTest", "public"."Order"."email", "public"."Order"."customData", "public"."Order"."isDripFeed", "public"."Order"."runs", "public"."Order"."interval", "public"."Order"."currentRun", "public"."Order"."nextRunAt", "public"."Order"."waitingUntil", "public"."Order"."createdAt", "public"."Order"."updatedAt", "public"."Order"."paymentId", "public"."Order"."idempotencyKey"

[90mstdout[2m | test/unit/red-team.checkout.test.ts[2m > [22m[2mRed Team: Checkout Fuzzing & Financial Security[2m > [22m[2mshould prevent double-spending via concurrent requests (Mutex lock check)
[22m[39mprisma:query SELECT "public"."User"."id", "public"."User"."email", "public"."User"."role", "public"."User"."balance", "public"."User"."quarantineBalance", "public"."User"."totalSpent", "public"."User"."personalDiscount", "public"."User"."discountEndsAt", "public"."User"."supportLimitCents", "public"."User"."supportSpentTodayCents", "public"."User"."supportLastResetAt", "public"."User"."apiKey", "public"."User"."referralCode", "public"."User"."referredById", "public"."User"."referralBalance", "public"."User"."telegramId", "public"."User"."adminNote", "public"."User"."adminNoteUpdatedAt", "public"."User"."adminNoteUpdatedBy", "public"."User"."createdAt", "public"."User"."updatedAt", "public"."User"."companyName", "public"."User"."inn", "public"."User"."kpp", "public"."User"."legalAddress", "public"."User"."staffRoleId" FROM "public"."User" WHERE "public"."User"."id" = $1 LIMIT $2 OFFSET $3

[90mstdout[2m | test/unit/red-team.checkout.test.ts[2m > [22m[2mRed Team: Checkout Fuzzing & Financial Security[2m > [22m[2mshould prevent double-spending via concurrent requests (Mutex lock check)
[22m[39mprisma:query COMMIT

[90mstdout[2m | test/unit/red-team.checkout.test.ts[2m > [22m[2mRed Team: Checkout Fuzzing & Financial Security[2m > [22m[2mshould prevent double-spending via concurrent requests (Mutex lock check)
[22m[39mprisma:query COMMIT

[90mstdout[2m | test/unit/red-team.checkout.test.ts[2m > [22m[2mRed Team: Checkout Fuzzing & Financial Security[2m > [22m[2mshould prevent double-spending via concurrent requests (Mutex lock check)
[22m[39mprisma:query INSERT INTO "public"."Payment" ("id","userId","amount","currency","status","gateway","consentIp","consentUserAgent","createdAt","updatedAt") VALUES ($1,$2,$3,$4,$5,$6,$7,$8,$9,$10) RETURNING "public"."Payment"."id", "public"."Payment"."userId", "public"."Payment"."orderId", "public"."Payment"."amount", "public"."Payment"."currency", "public"."Payment"."status", "public"."Payment"."gatewayId", "public"."Payment"."gateway", "public"."Payment"."consentIp", "public"."Payment"."consentUserAgent", "public"."Payment"."checkoutUrl", "public"."Payment"."receiptId", "public"."Payment"."refundReceiptId", "public"."Payment"."createdAt", "public"."Payment"."updatedAt"

[90mstdout[2m | test/unit/red-team.checkout.test.ts[2m > [22m[2mRed Team: Checkout Fuzzing & Financial Security[2m > [22m[2mshould prevent double-spending via concurrent requests (Mutex lock check)
[22m[39mprisma:query INSERT INTO "public"."Order" ("id","userId","serviceId","dripExternalIds","link","quantity","status","remains","charge","providerCost","retryCount","isTest","email","isDripFeed","currentRun","createdAt","updatedAt") VALUES ($1,$2,$3,$4,$5,$6,$7,$8,$9,$10,$11,$12,$13,$14,$15,$16,$17) RETURNING "public"."Order"."id", "public"."Order"."numericId", "public"."Order"."userId", "public"."Order"."serviceId", "public"."Order"."externalId", "public"."Order"."dripExternalIds", "public"."Order"."link", "public"."Order"."quantity", "public"."Order"."status", "public"."Order"."remains", "public"."Order"."charge", "public"."Order"."providerCost", "public"."Order"."error", "public"."Order"."retryCount", "public"."Order"."isTest", "public"."Order"."email", "public"."Order"."customData", "public"."Order"."isDripFeed", "public"."Order"."runs", "public"."Order"."interval", "public"."Order"."currentRun", "public"."Order"."nextRunAt", "public"."Order"."waitingUntil", "public"."Order"."createdAt", "public"."Order"."updatedAt", "public"."Order"."paymentId", "public"."Order"."idempotencyKey"

[90mstdout[2m | test/unit/red-team.checkout.test.ts[2m > [22m[2mRed Team: Checkout Fuzzing & Financial Security[2m > [22m[2mshould prevent double-spending via concurrent requests (Mutex lock check)
[22m[39mprisma:query INSERT INTO "public"."Payment" ("id","userId","amount","currency","status","gateway","consentIp","consentUserAgent","createdAt","updatedAt") VALUES ($1,$2,$3,$4,$5,$6,$7,$8,$9,$10) RETURNING "public"."Payment"."id", "public"."Payment"."userId", "public"."Payment"."orderId", "public"."Payment"."amount", "public"."Payment"."currency", "public"."Payment"."status", "public"."Payment"."gatewayId", "public"."Payment"."gateway", "public"."Payment"."consentIp", "public"."Payment"."consentUserAgent", "public"."Payment"."checkoutUrl", "public"."Payment"."receiptId", "public"."Payment"."refundReceiptId", "public"."Payment"."createdAt", "public"."Payment"."updatedAt"

[90mstdout[2m | test/unit/red-team.checkout.test.ts[2m > [22m[2mRed Team: Checkout Fuzzing & Financial Security[2m > [22m[2mshould prevent double-spending via concurrent requests (Mutex lock check)
[22m[39mprisma:query SELECT "public"."User"."id", "public"."User"."email", "public"."User"."role", "public"."User"."balance", "public"."User"."quarantineBalance", "public"."User"."totalSpent", "public"."User"."personalDiscount", "public"."User"."discountEndsAt", "public"."User"."supportLimitCents", "public"."User"."supportSpentTodayCents", "public"."User"."supportLastResetAt", "public"."User"."apiKey", "public"."User"."referralCode", "public"."User"."referredById", "public"."User"."referralBalance", "public"."User"."telegramId", "public"."User"."adminNote", "public"."User"."adminNoteUpdatedAt", "public"."User"."adminNoteUpdatedBy", "public"."User"."createdAt", "public"."User"."updatedAt", "public"."User"."companyName", "public"."User"."inn", "public"."User"."kpp", "public"."User"."legalAddress", "public"."User"."staffRoleId" FROM "public"."User" WHERE ("public"."User"."id" = $1 AND 1=1) LIMIT $2 OFFSET $3

[90mstdout[2m | test/unit/red-team.checkout.test.ts[2m > [22m[2mRed Team: Checkout Fuzzing & Financial Security[2m > [22m[2mshould prevent double-spending via concurrent requests (Mutex lock check)
[22m[39mprisma:query SELECT "public"."User"."id", "public"."User"."email", "public"."User"."role", "public"."User"."balance", "public"."User"."quarantineBalance", "public"."User"."totalSpent", "public"."User"."personalDiscount", "public"."User"."discountEndsAt", "public"."User"."supportLimitCents", "public"."User"."supportSpentTodayCents", "public"."User"."supportLastResetAt", "public"."User"."apiKey", "public"."User"."referralCode", "public"."User"."referredById", "public"."User"."referralBalance", "public"."User"."telegramId", "public"."User"."adminNote", "public"."User"."adminNoteUpdatedAt", "public"."User"."adminNoteUpdatedBy", "public"."User"."createdAt", "public"."User"."updatedAt", "public"."User"."companyName", "public"."User"."inn", "public"."User"."kpp", "public"."User"."legalAddress", "public"."User"."staffRoleId" FROM "public"."User" WHERE ("public"."User"."id" = $1 AND 1=1) LIMIT $2 OFFSET $3

[90mstdout[2m | test/unit/red-team.checkout.test.ts[2m > [22m[2mRed Team: Checkout Fuzzing & Financial Security[2m > [22m[2mshould prevent double-spending via concurrent requests (Mutex lock check)
[22m[39mprisma:query UPDATE "public"."Order" SET "paymentId" = $1, "updatedAt" = $2 WHERE ("public"."Order"."id" = $3 AND 1=1) RETURNING "public"."Order"."id", "public"."Order"."numericId", "public"."Order"."userId", "public"."Order"."serviceId", "public"."Order"."externalId", "public"."Order"."dripExternalIds", "public"."Order"."link", "public"."Order"."quantity", "public"."Order"."status", "public"."Order"."remains", "public"."Order"."charge", "public"."Order"."providerCost", "public"."Order"."error", "public"."Order"."retryCount", "public"."Order"."isTest", "public"."Order"."email", "public"."Order"."customData", "public"."Order"."isDripFeed", "public"."Order"."runs", "public"."Order"."interval", "public"."Order"."currentRun", "public"."Order"."nextRunAt", "public"."Order"."waitingUntil", "public"."Order"."createdAt", "public"."Order"."updatedAt", "public"."Order"."paymentId", "public"."Order"."idempotencyKey"

[90mstdout[2m | test/unit/red-team.checkout.test.ts[2m > [22m[2mRed Team: Checkout Fuzzing & Financial Security[2m > [22m[2mshould prevent double-spending via concurrent requests (Mutex lock check)
[22m[39mprisma:query UPDATE "public"."Order" SET "paymentId" = $1, "updatedAt" = $2 WHERE ("public"."Order"."id" = $3 AND 1=1) RETURNING "public"."Order"."id", "public"."Order"."numericId", "public"."Order"."userId", "public"."Order"."serviceId", "public"."Order"."externalId", "public"."Order"."dripExternalIds", "public"."Order"."link", "public"."Order"."quantity", "public"."Order"."status", "public"."Order"."remains", "public"."Order"."charge", "public"."Order"."providerCost", "public"."Order"."error", "public"."Order"."retryCount", "public"."Order"."isTest", "public"."Order"."email", "public"."Order"."customData", "public"."Order"."isDripFeed", "public"."Order"."runs", "public"."Order"."interval", "public"."Order"."currentRun", "public"."Order"."nextRunAt", "public"."Order"."waitingUntil", "public"."Order"."createdAt", "public"."Order"."updatedAt", "public"."Order"."paymentId", "public"."Order"."idempotencyKey"

[90mstdout[2m | test/unit/red-team.checkout.test.ts[2m > [22m[2mRed Team: Checkout Fuzzing & Financial Security[2m > [22m[2mshould prevent double-spending via concurrent requests (Mutex lock check)
[22m[39mprisma:query INSERT INTO "public"."Payment" ("id","userId","amount","currency","status","gateway","consentIp","consentUserAgent","createdAt","updatedAt") VALUES ($1,$2,$3,$4,$5,$6,$7,$8,$9,$10) RETURNING "public"."Payment"."id", "public"."Payment"."userId", "public"."Payment"."orderId", "public"."Payment"."amount", "public"."Payment"."currency", "public"."Payment"."status", "public"."Payment"."gatewayId", "public"."Payment"."gateway", "public"."Payment"."consentIp", "public"."Payment"."consentUserAgent", "public"."Payment"."checkoutUrl", "public"."Payment"."receiptId", "public"."Payment"."refundReceiptId", "public"."Payment"."createdAt", "public"."Payment"."updatedAt"

[90mstdout[2m | test/unit/red-team.checkout.test.ts[2m > [22m[2mRed Team: Checkout Fuzzing & Financial Security[2m > [22m[2mshould prevent double-spending via concurrent requests (Mutex lock check)
[22m[39mprisma:query COMMIT

[90mstdout[2m | test/unit/red-team.checkout.test.ts[2m > [22m[2mRed Team: Checkout Fuzzing & Financial Security[2m > [22m[2mshould prevent double-spending via concurrent requests (Mutex lock check)
[22m[39mprisma:query SELECT "public"."Service"."id", "public"."Service"."numericId", "public"."Service"."name", "public"."Service"."description", "public"."Service"."features", "public"."Service"."categoryId", "public"."Service"."providerId", "public"."Service"."rate", "public"."Service"."markup", "public"."Service"."minQty", "public"."Service"."maxQty", "public"."Service"."externalId", "public"."Service"."dataHash", "public"."Service"."lastSeenAt", "public"."Service"."isDripFeedEnabled", "public"."Service"."isRefillEnabled", "public"."Service"."isCancelEnabled", "public"."Service"."isQuarantined", "public"."Service"."pendingRate", "public"."Service"."quarantineReason", "public"."Service"."quarantinedAt", "public"."Service"."cooldownUntil", "public"."Service"."cooldownReason", "public"."Service"."isActive", "public"."Service"."pricePer1000Cents", "public"."Service"."createdAt", "public"."Service"."updatedAt" FROM "public"."Service" WHERE ("public"."Service"."id" = $1 AND 1=1) LIMIT $2 OFFSET $3

[90mstdout[2m | test/unit/red-team.checkout.test.ts[2m > [22m[2mRed Team: Checkout Fuzzing & Financial Security[2m > [22m[2mshould prevent double-spending via concurrent requests (Mutex lock check)
[22m[39mprisma:query BEGIN

[90mstdout[2m | test/unit/red-team.checkout.test.ts[2m > [22m[2mRed Team: Checkout Fuzzing & Financial Security[2m > [22m[2mshould prevent double-spending via concurrent requests (Mutex lock check)
[22m[39mprisma:query SELECT "public"."Service"."id", "public"."Service"."numericId", "public"."Service"."name", "public"."Service"."description", "public"."Service"."features", "public"."Service"."categoryId", "public"."Service"."providerId", "public"."Service"."rate", "public"."Service"."markup", "public"."Service"."minQty", "public"."Service"."maxQty", "public"."Service"."externalId", "public"."Service"."dataHash", "public"."Service"."lastSeenAt", "public"."Service"."isDripFeedEnabled", "public"."Service"."isRefillEnabled", "public"."Service"."isCancelEnabled", "public"."Service"."isQuarantined", "public"."Service"."pendingRate", "public"."Service"."quarantineReason", "public"."Service"."quarantinedAt", "public"."Service"."cooldownUntil", "public"."Service"."cooldownReason", "public"."Service"."isActive", "public"."Service"."pricePer1000Cents", "public"."Service"."createdAt", "public"."Service"."updatedAt" FROM "public"."Service" WHERE ("public"."Service"."id" = $1 AND 1=1) LIMIT $2 OFFSET $3

[90mstdout[2m | test/unit/red-team.checkout.test.ts[2m > [22m[2mRed Team: Checkout Fuzzing & Financial Security[2m > [22m[2mshould prevent double-spending via concurrent requests (Mutex lock check)
[22m[39mprisma:query COMMIT

[90mstdout[2m | test/unit/red-team.checkout.test.ts[2m > [22m[2mRed Team: Checkout Fuzzing & Financial Security[2m > [22m[2mshould prevent double-spending via concurrent requests (Mutex lock check)
[22m[39mprisma:query SELECT "public"."User"."id", "public"."User"."email", "public"."User"."role", "public"."User"."balance", "public"."User"."quarantineBalance", "public"."User"."totalSpent", "public"."User"."personalDiscount", "public"."User"."discountEndsAt", "public"."User"."supportLimitCents", "public"."User"."supportSpentTodayCents", "public"."User"."supportLastResetAt", "public"."User"."apiKey", "public"."User"."referralCode", "public"."User"."referredById", "public"."User"."referralBalance", "public"."User"."telegramId", "public"."User"."adminNote", "public"."User"."adminNoteUpdatedAt", "public"."User"."adminNoteUpdatedBy", "public"."User"."createdAt", "public"."User"."updatedAt", "public"."User"."companyName", "public"."User"."inn", "public"."User"."kpp", "public"."User"."legalAddress", "public"."User"."staffRoleId" FROM "public"."User" WHERE ("public"."User"."id" = $1 AND 1=1) LIMIT $2 OFFSET $3

[90mstdout[2m | test/unit/red-team.checkout.test.ts[2m > [22m[2mRed Team: Checkout Fuzzing & Financial Security[2m > [22m[2mshould prevent double-spending via concurrent requests (Mutex lock check)
[22m[39mprisma:query UPDATE "public"."Order" SET "paymentId" = $1, "updatedAt" = $2 WHERE ("public"."Order"."id" = $3 AND 1=1) RETURNING "public"."Order"."id", "public"."Order"."numericId", "public"."Order"."userId", "public"."Order"."serviceId", "public"."Order"."externalId", "public"."Order"."dripExternalIds", "public"."Order"."link", "public"."Order"."quantity", "public"."Order"."status", "public"."Order"."remains", "public"."Order"."charge", "public"."Order"."providerCost", "public"."Order"."error", "public"."Order"."retryCount", "public"."Order"."isTest", "public"."Order"."email", "public"."Order"."customData", "public"."Order"."isDripFeed", "public"."Order"."runs", "public"."Order"."interval", "public"."Order"."currentRun", "public"."Order"."nextRunAt", "public"."Order"."waitingUntil", "public"."Order"."createdAt", "public"."Order"."updatedAt", "public"."Order"."paymentId", "public"."Order"."idempotencyKey"

[90mstdout[2m | test/unit/red-team.checkout.test.ts[2m > [22m[2mRed Team: Checkout Fuzzing & Financial Security[2m > [22m[2mshould prevent double-spending via concurrent requests (Mutex lock check)
[22m[39mprisma:query SELECT "public"."SystemSettings"."id", "public"."SystemSettings"."isTestMode", "public"."SystemSettings"."taxRate", "public"."SystemSettings"."opexMonthly", "public"."SystemSettings"."maintenanceMode", "public"."SystemSettings"."siteName", "public"."SystemSettings"."siteDescription", "public"."SystemSettings"."welcomeMessage", "public"."SystemSettings"."yookassaShopId", "public"."SystemSettings"."yookassaSecretKey", "public"."SystemSettings"."yookassaTestShopId", "public"."SystemSettings"."yookassaTestSecretKey", "public"."SystemSettings"."cryptoBotToken", "public"."SystemSettings"."quarantineThreshold", "public"."SystemSettings"."globalMarkup", "public"."SystemSettings"."safetyFloor", "public"."SystemSettings"."exchangeRateUSD", "public"."SystemSettings"."exchangeRateUpdatedAt", "public"."SystemSettings"."siteLogoUrl", "public"."SystemSettings"."siteFaviconUrl", "public"."SystemSettings"."robokassaLogin", "public"."SystemSettings"."robokassaPassword", "public"."SystemSettings"."updatedAt" FROM "public"."SystemSettings" WHERE ("public"."SystemSettings"."id" = $1 AND 1=1) LIMIT $2 OFFSET $3

[90mstdout[2m | test/unit/red-team.checkout.test.ts[2m > [22m[2mRed Team: Checkout Fuzzing & Financial Security[2m > [22m[2mshould prevent double-spending via concurrent requests (Mutex lock check)
[22m[39mprisma:query SELECT "public"."SystemSettings"."id", "public"."SystemSettings"."isTestMode", "public"."SystemSettings"."taxRate", "public"."SystemSettings"."opexMonthly", "public"."SystemSettings"."maintenanceMode", "public"."SystemSettings"."siteName", "public"."SystemSettings"."siteDescription", "public"."SystemSettings"."welcomeMessage", "public"."SystemSettings"."yookassaShopId", "public"."SystemSettings"."yookassaSecretKey", "public"."SystemSettings"."yookassaTestShopId", "public"."SystemSettings"."yookassaTestSecretKey", "public"."SystemSettings"."cryptoBotToken", "public"."SystemSettings"."quarantineThreshold", "public"."SystemSettings"."globalMarkup", "public"."SystemSettings"."safetyFloor", "public"."SystemSettings"."exchangeRateUSD", "public"."SystemSettings"."exchangeRateUpdatedAt", "public"."SystemSettings"."siteLogoUrl", "public"."SystemSettings"."siteFaviconUrl", "public"."SystemSettings"."robokassaLogin", "public"."SystemSettings"."robokassaPassword", "public"."SystemSettings"."updatedAt" FROM "public"."SystemSettings" WHERE ("public"."SystemSettings"."id" = $1 AND 1=1) LIMIT $2 OFFSET $3

[90mstdout[2m | test/unit/red-team.checkout.test.ts[2m > [22m[2mRed Team: Checkout Fuzzing & Financial Security[2m > [22m[2mshould prevent double-spending via concurrent requests (Mutex lock check)
[22m[39mprisma:query BEGIN

[90mstdout[2m | test/unit/red-team.checkout.test.ts[2m > [22m[2mRed Team: Checkout Fuzzing & Financial Security[2m > [22m[2mshould prevent double-spending via concurrent requests (Mutex lock check)
[22m[39mprisma:query COMMIT

[90mstdout[2m | test/unit/red-team.checkout.test.ts[2m > [22m[2mRed Team: Checkout Fuzzing & Financial Security[2m > [22m[2mshould prevent double-spending via concurrent requests (Mutex lock check)
[22m[39mprisma:query BEGIN

[90mstdout[2m | test/unit/red-team.checkout.test.ts[2m > [22m[2mRed Team: Checkout Fuzzing & Financial Security[2m > [22m[2mshould prevent double-spending via concurrent requests (Mutex lock check)
[22m[39mprisma:query UPDATE "public"."User" SET "balance" = ("public"."User"."balance" - $1), "totalSpent" = ("public"."User"."totalSpent" + $2), "updatedAt" = $3 WHERE ("public"."User"."id" = $4 AND 1=1) RETURNING "public"."User"."id", "public"."User"."email", "public"."User"."role", "public"."User"."balance", "public"."User"."quarantineBalance", "public"."User"."totalSpent", "public"."User"."personalDiscount", "public"."User"."discountEndsAt", "public"."User"."supportLimitCents", "public"."User"."supportSpentTodayCents", "public"."User"."supportLastResetAt", "public"."User"."apiKey", "public"."User"."referralCode", "public"."User"."referredById", "public"."User"."referralBalance", "public"."User"."telegramId", "public"."User"."adminNote", "public"."User"."adminNoteUpdatedAt", "public"."User"."adminNoteUpdatedBy", "public"."User"."createdAt", "public"."User"."updatedAt", "public"."User"."companyName", "public"."User"."inn", "public"."User"."kpp", "public"."User"."legalAddress", "public"."User"."staffRoleId"

[90mstdout[2m | test/unit/red-team.checkout.test.ts[2m > [22m[2mRed Team: Checkout Fuzzing & Financial Security[2m > [22m[2mshould prevent double-spending via concurrent requests (Mutex lock check)
[22m[39mprisma:query INSERT INTO "public"."Order" ("id","userId","serviceId","dripExternalIds","link","quantity","status","remains","charge","providerCost","retryCount","isTest","email","isDripFeed","currentRun","createdAt","updatedAt") VALUES ($1,$2,$3,$4,$5,$6,$7,$8,$9,$10,$11,$12,$13,$14,$15,$16,$17) RETURNING "public"."Order"."id", "public"."Order"."numericId", "public"."Order"."userId", "public"."Order"."serviceId", "public"."Order"."externalId", "public"."Order"."dripExternalIds", "public"."Order"."link", "public"."Order"."quantity", "public"."Order"."status", "public"."Order"."remains", "public"."Order"."charge", "public"."Order"."providerCost", "public"."Order"."error", "public"."Order"."retryCount", "public"."Order"."isTest", "public"."Order"."email", "public"."Order"."customData", "public"."Order"."isDripFeed", "public"."Order"."runs", "public"."Order"."interval", "public"."Order"."currentRun", "public"."Order"."nextRunAt", "public"."Order"."waitingUntil", "public"."Order"."createdAt", "public"."Order"."updatedAt", "public"."Order"."paymentId", "public"."Order"."idempotencyKey"

[90mstdout[2m | test/unit/red-team.checkout.test.ts[2m > [22m[2mRed Team: Checkout Fuzzing & Financial Security[2m > [22m[2mshould prevent double-spending via concurrent requests (Mutex lock check)
[22m[39mprisma:query INSERT INTO "public"."LedgerEntry" ("id","userId","amount","reason","status","createdAt","updatedAt") VALUES ($1,$2,$3,$4,$5,$6,$7) RETURNING "public"."LedgerEntry"."id", "public"."LedgerEntry"."userId", "public"."LedgerEntry"."adminId", "public"."LedgerEntry"."amount", "public"."LedgerEntry"."reason", "public"."LedgerEntry"."status", "public"."LedgerEntry"."idempotencyKey", "public"."LedgerEntry"."createdAt", "public"."LedgerEntry"."updatedAt"

[90mstdout[2m | test/unit/red-team.checkout.test.ts[2m > [22m[2mRed Team: Checkout Fuzzing & Financial Security[2m > [22m[2mshould prevent double-spending via concurrent requests (Mutex lock check)
[22m[39mprisma:query INSERT INTO "public"."Payment" ("id","userId","amount","currency","status","gateway","consentIp","consentUserAgent","createdAt","updatedAt") VALUES ($1,$2,$3,$4,$5,$6,$7,$8,$9,$10) RETURNING "public"."Payment"."id", "public"."Payment"."userId", "public"."Payment"."orderId", "public"."Payment"."amount", "public"."Payment"."currency", "public"."Payment"."status", "public"."Payment"."gatewayId", "public"."Payment"."gateway", "public"."Payment"."consentIp", "public"."Payment"."consentUserAgent", "public"."Payment"."checkoutUrl", "public"."Payment"."receiptId", "public"."Payment"."refundReceiptId", "public"."Payment"."createdAt", "public"."Payment"."updatedAt"

[90mstdout[2m | test/unit/red-team.checkout.test.ts[2m > [22m[2mRed Team: Checkout Fuzzing & Financial Security[2m > [22m[2mshould prevent double-spending via concurrent requests (Mutex lock check)
[22m[39mprisma:query UPDATE "public"."Payment" SET "status" = $1, "gatewayId" = $2, "updatedAt" = $3 WHERE ("public"."Payment"."id" = $4 AND 1=1) RETURNING "public"."Payment"."id", "public"."Payment"."userId", "public"."Payment"."orderId", "public"."Payment"."amount", "public"."Payment"."currency", "public"."Payment"."status", "public"."Payment"."gatewayId", "public"."Payment"."gateway", "public"."Payment"."consentIp", "public"."Payment"."consentUserAgent", "public"."Payment"."checkoutUrl", "public"."Payment"."receiptId", "public"."Payment"."refundReceiptId", "public"."Payment"."createdAt", "public"."Payment"."updatedAt"

[90mstdout[2m | test/unit/red-team.checkout.test.ts[2m > [22m[2mRed Team: Checkout Fuzzing & Financial Security[2m > [22m[2mshould prevent double-spending via concurrent requests (Mutex lock check)
[22m[39mprisma:query INSERT INTO "public"."Order" ("id","userId","serviceId","dripExternalIds","link","quantity","status","remains","charge","providerCost","retryCount","isTest","email","isDripFeed","currentRun","createdAt","updatedAt") VALUES ($1,$2,$3,$4,$5,$6,$7,$8,$9,$10,$11,$12,$13,$14,$15,$16,$17) RETURNING "public"."Order"."id", "public"."Order"."numericId", "public"."Order"."userId", "public"."Order"."serviceId", "public"."Order"."externalId", "public"."Order"."dripExternalIds", "public"."Order"."link", "public"."Order"."quantity", "public"."Order"."status", "public"."Order"."remains", "public"."Order"."charge", "public"."Order"."providerCost", "public"."Order"."error", "public"."Order"."retryCount", "public"."Order"."isTest", "public"."Order"."email", "public"."Order"."customData", "public"."Order"."isDripFeed", "public"."Order"."runs", "public"."Order"."interval", "public"."Order"."currentRun", "public"."Order"."nextRunAt", "public"."Order"."waitingUntil", "public"."Order"."createdAt", "public"."Order"."updatedAt", "public"."Order"."paymentId", "public"."Order"."idempotencyKey"

[90mstdout[2m | test/unit/red-team.checkout.test.ts[2m > [22m[2mRed Team: Checkout Fuzzing & Financial Security[2m > [22m[2mshould prevent double-spending via concurrent requests (Mutex lock check)
[22m[39mprisma:query UPDATE "public"."Order" SET "paymentId" = $1, "updatedAt" = $2 WHERE ("public"."Order"."id" = $3 AND 1=1) RETURNING "public"."Order"."id", "public"."Order"."numericId", "public"."Order"."userId", "public"."Order"."serviceId", "public"."Order"."externalId", "public"."Order"."dripExternalIds", "public"."Order"."link", "public"."Order"."quantity", "public"."Order"."status", "public"."Order"."remains", "public"."Order"."charge", "public"."Order"."providerCost", "public"."Order"."error", "public"."Order"."retryCount", "public"."Order"."isTest", "public"."Order"."email", "public"."Order"."customData", "public"."Order"."isDripFeed", "public"."Order"."runs", "public"."Order"."interval", "public"."Order"."currentRun", "public"."Order"."nextRunAt", "public"."Order"."waitingUntil", "public"."Order"."createdAt", "public"."Order"."updatedAt", "public"."Order"."paymentId", "public"."Order"."idempotencyKey"

[90mstdout[2m | test/unit/red-team.checkout.test.ts[2m > [22m[2mRed Team: Checkout Fuzzing & Financial Security[2m > [22m[2mshould prevent double-spending via concurrent requests (Mutex lock check)
[22m[39mprisma:query UPDATE "public"."Order" SET "status" = $1, "updatedAt" = $2 WHERE ("public"."Order"."id" = $3 AND 1=1) RETURNING "public"."Order"."id", "public"."Order"."numericId", "public"."Order"."userId", "public"."Order"."serviceId", "public"."Order"."externalId", "public"."Order"."dripExternalIds", "public"."Order"."link", "public"."Order"."quantity", "public"."Order"."status", "public"."Order"."remains", "public"."Order"."charge", "public"."Order"."providerCost", "public"."Order"."error", "public"."Order"."retryCount", "public"."Order"."isTest", "public"."Order"."email", "public"."Order"."customData", "public"."Order"."isDripFeed", "public"."Order"."runs", "public"."Order"."interval", "public"."Order"."currentRun", "public"."Order"."nextRunAt", "public"."Order"."waitingUntil", "public"."Order"."createdAt", "public"."Order"."updatedAt", "public"."Order"."paymentId", "public"."Order"."idempotencyKey"

[90mstdout[2m | test/unit/red-team.checkout.test.ts[2m > [22m[2mRed Team: Checkout Fuzzing & Financial Security[2m > [22m[2mshould prevent double-spending via concurrent requests (Mutex lock check)
[22m[39mprisma:query COMMIT

[90mstdout[2m | test/unit/red-team.checkout.test.ts[2m > [22m[2mRed Team: Checkout Fuzzing & Financial Security[2m > [22m[2mshould prevent double-spending via concurrent requests (Mutex lock check)
[22m[39mprisma:query INSERT INTO "public"."Payment" ("id","userId","amount","currency","status","gateway","consentIp","consentUserAgent","createdAt","updatedAt") VALUES ($1,$2,$3,$4,$5,$6,$7,$8,$9,$10) RETURNING "public"."Payment"."id", "public"."Payment"."userId", "public"."Payment"."orderId", "public"."Payment"."amount", "public"."Payment"."currency", "public"."Payment"."status", "public"."Payment"."gatewayId", "public"."Payment"."gateway", "public"."Payment"."consentIp", "public"."Payment"."consentUserAgent", "public"."Payment"."checkoutUrl", "public"."Payment"."receiptId", "public"."Payment"."refundReceiptId", "public"."Payment"."createdAt", "public"."Payment"."updatedAt"

[90mstdout[2m | test/unit/red-team.checkout.test.ts[2m > [22m[2mRed Team: Checkout Fuzzing & Financial Security[2m > [22m[2mshould prevent double-spending via concurrent requests (Mutex lock check)
[22m[39mprisma:query COMMIT

[90mstdout[2m | test/unit/red-team.checkout.test.ts[2m > [22m[2mRed Team: Checkout Fuzzing & Financial Security[2m > [22m[2mshould prevent double-spending via concurrent requests (Mutex lock check)
[22m[39mprisma:query SELECT "public"."Order"."id", "public"."Order"."numericId", "public"."Order"."userId", "public"."Order"."serviceId", "public"."Order"."externalId", "public"."Order"."dripExternalIds", "public"."Order"."link", "public"."Order"."quantity", "public"."Order"."status", "public"."Order"."remains", "public"."Order"."charge", "public"."Order"."providerCost", "public"."Order"."error", "public"."Order"."retryCount", "public"."Order"."isTest", "public"."Order"."email", "public"."Order"."customData", "public"."Order"."isDripFeed", "public"."Order"."runs", "public"."Order"."interval", "public"."Order"."currentRun", "public"."Order"."nextRunAt", "public"."Order"."waitingUntil", "public"."Order"."createdAt", "public"."Order"."updatedAt", "public"."Order"."paymentId", "public"."Order"."idempotencyKey" FROM "public"."Order" WHERE ("public"."Order"."id" = $1 AND 1=1) LIMIT $2 OFFSET $3

[90mstdout[2m | test/unit/red-team.checkout.test.ts[2m > [22m[2mRed Team: Checkout Fuzzing & Financial Security[2m > [22m[2mshould prevent double-spending via concurrent requests (Mutex lock check)
[22m[39mprisma:query UPDATE "public"."Order" SET "paymentId" = $1, "updatedAt" = $2 WHERE ("public"."Order"."id" = $3 AND 1=1) RETURNING "public"."Order"."id", "public"."Order"."numericId", "public"."Order"."userId", "public"."Order"."serviceId", "public"."Order"."externalId", "public"."Order"."dripExternalIds", "public"."Order"."link", "public"."Order"."quantity", "public"."Order"."status", "public"."Order"."remains", "public"."Order"."charge", "public"."Order"."providerCost", "public"."Order"."error", "public"."Order"."retryCount", "public"."Order"."isTest", "public"."Order"."email", "public"."Order"."customData", "public"."Order"."isDripFeed", "public"."Order"."runs", "public"."Order"."interval", "public"."Order"."currentRun", "public"."Order"."nextRunAt", "public"."Order"."waitingUntil", "public"."Order"."createdAt", "public"."Order"."updatedAt", "public"."Order"."paymentId", "public"."Order"."idempotencyKey"

[90mstdout[2m | test/unit/red-team.checkout.test.ts[2m > [22m[2mRed Team: Checkout Fuzzing & Financial Security[2m > [22m[2mshould prevent double-spending via concurrent requests (Mutex lock check)
[22m[39mprisma:query COMMIT

[90mstdout[2m | test/unit/red-team.checkout.test.ts[2m > [22m[2mRed Team: Checkout Fuzzing & Financial Security[2m > [22m[2mshould prevent double-spending via concurrent requests (Mutex lock check)
[22m[39mprisma:query UPDATE "public"."Order" SET "status" = $1, "error" = $2, "updatedAt" = $3 WHERE ("public"."Order"."id" = $4 AND 1=1) RETURNING "public"."Order"."id", "public"."Order"."numericId", "public"."Order"."userId", "public"."Order"."serviceId", "public"."Order"."externalId", "public"."Order"."dripExternalIds", "public"."Order"."link", "public"."Order"."quantity", "public"."Order"."status", "public"."Order"."remains", "public"."Order"."charge", "public"."Order"."providerCost", "public"."Order"."error", "public"."Order"."retryCount", "public"."Order"."isTest", "public"."Order"."email", "public"."Order"."customData", "public"."Order"."isDripFeed", "public"."Order"."runs", "public"."Order"."interval", "public"."Order"."currentRun", "public"."Order"."nextRunAt", "public"."Order"."waitingUntil", "public"."Order"."createdAt", "public"."Order"."updatedAt", "public"."Order"."paymentId", "public"."Order"."idempotencyKey"

[90mstdout[2m | test/unit/red-team.checkout.test.ts[2m > [22m[2mRed Team: Checkout Fuzzing & Financial Security[2m > [22m[2mshould prevent double-spending via concurrent requests (Mutex lock check)
[22m[39mprisma:query UPDATE "public"."Payment" SET "status" = $1, "updatedAt" = $2 WHERE ("public"."Payment"."id" = $3 AND 1=1) RETURNING "public"."Payment"."id", "public"."Payment"."userId", "public"."Payment"."orderId", "public"."Payment"."amount", "public"."Payment"."currency", "public"."Payment"."status", "public"."Payment"."gatewayId", "public"."Payment"."gateway", "public"."Payment"."consentIp", "public"."Payment"."consentUserAgent", "public"."Payment"."checkoutUrl", "public"."Payment"."receiptId", "public"."Payment"."refundReceiptId", "public"."Payment"."createdAt", "public"."Payment"."updatedAt"

[90mstdout[2m | test/unit/red-team.checkout.test.ts[2m > [22m[2mRed Team: Checkout Fuzzing & Financial Security[2m > [22m[2mshould prevent double-spending via concurrent requests (Mutex lock check)
[22m[39mprisma:query BEGIN

[90mstdout[2m | test/unit/red-team.checkout.test.ts[2m > [22m[2mRed Team: Checkout Fuzzing & Financial Security[2m > [22m[2mshould prevent double-spending via concurrent requests (Mutex lock check)
[22m[39mprisma:query SELECT "public"."User"."id", "public"."User"."email", "public"."User"."role", "public"."User"."balance", "public"."User"."quarantineBalance", "public"."User"."totalSpent", "public"."User"."personalDiscount", "public"."User"."discountEndsAt", "public"."User"."supportLimitCents", "public"."User"."supportSpentTodayCents", "public"."User"."supportLastResetAt", "public"."User"."apiKey", "public"."User"."referralCode", "public"."User"."referredById", "public"."User"."referralBalance", "public"."User"."telegramId", "public"."User"."adminNote", "public"."User"."adminNoteUpdatedAt", "public"."User"."adminNoteUpdatedBy", "public"."User"."createdAt", "public"."User"."updatedAt", "public"."User"."companyName", "public"."User"."inn", "public"."User"."kpp", "public"."User"."legalAddress", "public"."User"."staffRoleId" FROM "public"."User" WHERE ("public"."User"."id" = $1 AND 1=1) LIMIT $2 OFFSET $3

[90mstdout[2m | test/unit/red-team.checkout.test.ts[2m > [22m[2mRed Team: Checkout Fuzzing & Financial Security[2m > [22m[2mshould prevent double-spending via concurrent requests (Mutex lock check)
[22m[39mprisma:query ROLLBACK

[90mstdout[2m | test/unit/red-team.checkout.test.ts[2m > [22m[2mRed Team: Checkout Fuzzing & Financial Security[2m > [22m[2mshould prevent double-spending via concurrent requests (Mutex lock check)
[22m[39mprisma:query UPDATE "public"."Payment" SET "status" = $1, "updatedAt" = $2 WHERE ("public"."Payment"."id" = $3 AND 1=1) RETURNING "public"."Payment"."id", "public"."Payment"."userId", "public"."Payment"."orderId", "public"."Payment"."amount", "public"."Payment"."currency", "public"."Payment"."status", "public"."Payment"."gatewayId", "public"."Payment"."gateway", "public"."Payment"."consentIp", "public"."Payment"."consentUserAgent", "public"."Payment"."checkoutUrl", "public"."Payment"."receiptId", "public"."Payment"."refundReceiptId", "public"."Payment"."createdAt", "public"."Payment"."updatedAt"

[90mstdout[2m | test/unit/red-team.checkout.test.ts[2m > [22m[2mRed Team: Checkout Fuzzing & Financial Security[2m > [22m[2mshould prevent double-spending via concurrent requests (Mutex lock check)
[22m[39mprisma:query UPDATE "public"."Order" SET "status" = $1, "error" = $2, "updatedAt" = $3 WHERE ("public"."Order"."id" = $4 AND 1=1) RETURNING "public"."Order"."id", "public"."Order"."numericId", "public"."Order"."userId", "public"."Order"."serviceId", "public"."Order"."externalId", "public"."Order"."dripExternalIds", "public"."Order"."link", "public"."Order"."quantity", "public"."Order"."status", "public"."Order"."remains", "public"."Order"."charge", "public"."Order"."providerCost", "public"."Order"."error", "public"."Order"."retryCount", "public"."Order"."isTest", "public"."Order"."email", "public"."Order"."customData", "public"."Order"."isDripFeed", "public"."Order"."runs", "public"."Order"."interval", "public"."Order"."currentRun", "public"."Order"."nextRunAt", "public"."Order"."waitingUntil", "public"."Order"."createdAt", "public"."Order"."updatedAt", "public"."Order"."paymentId", "public"."Order"."idempotencyKey"

[90mstdout[2m | test/unit/red-team.checkout.test.ts[2m > [22m[2mRed Team: Checkout Fuzzing & Financial Security[2m > [22m[2mshould prevent double-spending via concurrent requests (Mutex lock check)
[22m[39mprisma:query BEGIN

[90mstdout[2m | test/unit/red-team.checkout.test.ts[2m > [22m[2mRed Team: Checkout Fuzzing & Financial Security[2m > [22m[2mshould prevent double-spending via concurrent requests (Mutex lock check)
[22m[39mprisma:query SELECT "public"."User"."id", "public"."User"."email", "public"."User"."role", "public"."User"."balance", "public"."User"."quarantineBalance", "public"."User"."totalSpent", "public"."User"."personalDiscount", "public"."User"."discountEndsAt", "public"."User"."supportLimitCents", "public"."User"."supportSpentTodayCents", "public"."User"."supportLastResetAt", "public"."User"."apiKey", "public"."User"."referralCode", "public"."User"."referredById", "public"."User"."referralBalance", "public"."User"."telegramId", "public"."User"."adminNote", "public"."User"."adminNoteUpdatedAt", "public"."User"."adminNoteUpdatedBy", "public"."User"."createdAt", "public"."User"."updatedAt", "public"."User"."companyName", "public"."User"."inn", "public"."User"."kpp", "public"."User"."legalAddress", "public"."User"."staffRoleId" FROM "public"."User" WHERE ("public"."User"."id" = $1 AND 1=1) LIMIT $2 OFFSET $3

[90mstdout[2m | test/unit/red-team.checkout.test.ts[2m > [22m[2mRed Team: Checkout Fuzzing & Financial Security[2m > [22m[2mshould prevent double-spending via concurrent requests (Mutex lock check)
[22m[39mprisma:query ROLLBACK

[90mstdout[2m | test/unit/red-team.checkout.test.ts[2m > [22m[2mRed Team: Checkout Fuzzing & Financial Security[2m > [22m[2mshould prevent double-spending via concurrent requests (Mutex lock check)
[22m[39mprisma:query UPDATE "public"."Payment" SET "status" = $1, "updatedAt" = $2 WHERE ("public"."Payment"."id" = $3 AND 1=1) RETURNING "public"."Payment"."id", "public"."Payment"."userId", "public"."Payment"."orderId", "public"."Payment"."amount", "public"."Payment"."currency", "public"."Payment"."status", "public"."Payment"."gatewayId", "public"."Payment"."gateway", "public"."Payment"."consentIp", "public"."Payment"."consentUserAgent", "public"."Payment"."checkoutUrl", "public"."Payment"."receiptId", "public"."Payment"."refundReceiptId", "public"."Payment"."createdAt", "public"."Payment"."updatedAt"

[90mstdout[2m | test/unit/red-team.checkout.test.ts[2m > [22m[2mRed Team: Checkout Fuzzing & Financial Security[2m > [22m[2mshould prevent double-spending via concurrent requests (Mutex lock check)
[22m[39mprisma:query UPDATE "public"."Order" SET "status" = $1, "error" = $2, "updatedAt" = $3 WHERE ("public"."Order"."id" = $4 AND 1=1) RETURNING "public"."Order"."id", "public"."Order"."numericId", "public"."Order"."userId", "public"."Order"."serviceId", "public"."Order"."externalId", "public"."Order"."dripExternalIds", "public"."Order"."link", "public"."Order"."quantity", "public"."Order"."status", "public"."Order"."remains", "public"."Order"."charge", "public"."Order"."providerCost", "public"."Order"."error", "public"."Order"."retryCount", "public"."Order"."isTest", "public"."Order"."email", "public"."Order"."customData", "public"."Order"."isDripFeed", "public"."Order"."runs", "public"."Order"."interval", "public"."Order"."currentRun", "public"."Order"."nextRunAt", "public"."Order"."waitingUntil", "public"."Order"."createdAt", "public"."Order"."updatedAt", "public"."Order"."paymentId", "public"."Order"."idempotencyKey"

[90mstdout[2m | test/unit/red-team.checkout.test.ts[2m > [22m[2mRed Team: Checkout Fuzzing & Financial Security[2m > [22m[2mshould prevent double-spending via concurrent requests (Mutex lock check)
[22m[39mprisma:query BEGIN

[90mstdout[2m | test/unit/red-team.checkout.test.ts[2m > [22m[2mRed Team: Checkout Fuzzing & Financial Security[2m > [22m[2mshould prevent double-spending via concurrent requests (Mutex lock check)
[22m[39mprisma:query SELECT "public"."User"."id", "public"."User"."email", "public"."User"."role", "public"."User"."balance", "public"."User"."quarantineBalance", "public"."User"."totalSpent", "public"."User"."personalDiscount", "public"."User"."discountEndsAt", "public"."User"."supportLimitCents", "public"."User"."supportSpentTodayCents", "public"."User"."supportLastResetAt", "public"."User"."apiKey", "public"."User"."referralCode", "public"."User"."referredById", "public"."User"."referralBalance", "public"."User"."telegramId", "public"."User"."adminNote", "public"."User"."adminNoteUpdatedAt", "public"."User"."adminNoteUpdatedBy", "public"."User"."createdAt", "public"."User"."updatedAt", "public"."User"."companyName", "public"."User"."inn", "public"."User"."kpp", "public"."User"."legalAddress", "public"."User"."staffRoleId" FROM "public"."User" WHERE ("public"."User"."id" = $1 AND 1=1) LIMIT $2 OFFSET $3

[90mstdout[2m | test/unit/red-team.checkout.test.ts[2m > [22m[2mRed Team: Checkout Fuzzing & Financial Security[2m > [22m[2mshould prevent double-spending via concurrent requests (Mutex lock check)
[22m[39mprisma:query ROLLBACK

[90mstdout[2m | test/unit/red-team.checkout.test.ts[2m > [22m[2mRed Team: Checkout Fuzzing & Financial Security[2m > [22m[2mshould prevent double-spending via concurrent requests (Mutex lock check)
[22m[39mprisma:query UPDATE "public"."Payment" SET "status" = $1, "updatedAt" = $2 WHERE ("public"."Payment"."id" = $3 AND 1=1) RETURNING "public"."Payment"."id", "public"."Payment"."userId", "public"."Payment"."orderId", "public"."Payment"."amount", "public"."Payment"."currency", "public"."Payment"."status", "public"."Payment"."gatewayId", "public"."Payment"."gateway", "public"."Payment"."consentIp", "public"."Payment"."consentUserAgent", "public"."Payment"."checkoutUrl", "public"."Payment"."receiptId", "public"."Payment"."refundReceiptId", "public"."Payment"."createdAt", "public"."Payment"."updatedAt"

[90mstdout[2m | test/unit/red-team.checkout.test.ts[2m > [22m[2mRed Team: Checkout Fuzzing & Financial Security[2m > [22m[2mshould prevent double-spending via concurrent requests (Mutex lock check)
[22m[39mprisma:query UPDATE "public"."Order" SET "status" = $1, "error" = $2, "updatedAt" = $3 WHERE ("public"."Order"."id" = $4 AND 1=1) RETURNING "public"."Order"."id", "public"."Order"."numericId", "public"."Order"."userId", "public"."Order"."serviceId", "public"."Order"."externalId", "public"."Order"."dripExternalIds", "public"."Order"."link", "public"."Order"."quantity", "public"."Order"."status", "public"."Order"."remains", "public"."Order"."charge", "public"."Order"."providerCost", "public"."Order"."error", "public"."Order"."retryCount", "public"."Order"."isTest", "public"."Order"."email", "public"."Order"."customData", "public"."Order"."isDripFeed", "public"."Order"."runs", "public"."Order"."interval", "public"."Order"."currentRun", "public"."Order"."nextRunAt", "public"."Order"."waitingUntil", "public"."Order"."createdAt", "public"."Order"."updatedAt", "public"."Order"."paymentId", "public"."Order"."idempotencyKey"

[90mstdout[2m | test/unit/red-team.checkout.test.ts[2m > [22m[2mRed Team: Checkout Fuzzing & Financial Security[2m > [22m[2mshould prevent double-spending via concurrent requests (Mutex lock check)
[22m[39mprisma:query BEGIN

[90mstdout[2m | test/unit/red-team.checkout.test.ts[2m > [22m[2mRed Team: Checkout Fuzzing & Financial Security[2m > [22m[2mshould prevent double-spending via concurrent requests (Mutex lock check)
[22m[39mprisma:query SELECT "public"."User"."id", "public"."User"."email", "public"."User"."role", "public"."User"."balance", "public"."User"."quarantineBalance", "public"."User"."totalSpent", "public"."User"."personalDiscount", "public"."User"."discountEndsAt", "public"."User"."supportLimitCents", "public"."User"."supportSpentTodayCents", "public"."User"."supportLastResetAt", "public"."User"."apiKey", "public"."User"."referralCode", "public"."User"."referredById", "public"."User"."referralBalance", "public"."User"."telegramId", "public"."User"."adminNote", "public"."User"."adminNoteUpdatedAt", "public"."User"."adminNoteUpdatedBy", "public"."User"."createdAt", "public"."User"."updatedAt", "public"."User"."companyName", "public"."User"."inn", "public"."User"."kpp", "public"."User"."legalAddress", "public"."User"."staffRoleId" FROM "public"."User" WHERE ("public"."User"."id" = $1 AND 1=1) LIMIT $2 OFFSET $3

[90mstdout[2m | test/unit/red-team.checkout.test.ts[2m > [22m[2mRed Team: Checkout Fuzzing & Financial Security[2m > [22m[2mshould prevent double-spending via concurrent requests (Mutex lock check)
[22m[39mprisma:query ROLLBACK

[90mstdout[2m | test/unit/red-team.checkout.test.ts[2m > [22m[2mRed Team: Checkout Fuzzing & Financial Security[2m > [22m[2mshould prevent double-spending via concurrent requests (Mutex lock check)
[22m[39mprisma:query UPDATE "public"."Payment" SET "status" = $1, "updatedAt" = $2 WHERE ("public"."Payment"."id" = $3 AND 1=1) RETURNING "public"."Payment"."id", "public"."Payment"."userId", "public"."Payment"."orderId", "public"."Payment"."amount", "public"."Payment"."currency", "public"."Payment"."status", "public"."Payment"."gatewayId", "public"."Payment"."gateway", "public"."Payment"."consentIp", "public"."Payment"."consentUserAgent", "public"."Payment"."checkoutUrl", "public"."Payment"."receiptId", "public"."Payment"."refundReceiptId", "public"."Payment"."createdAt", "public"."Payment"."updatedAt"

[90mstdout[2m | test/unit/red-team.checkout.test.ts[2m > [22m[2mRed Team: Checkout Fuzzing & Financial Security[2m > [22m[2mshould prevent double-spending via concurrent requests (Mutex lock check)
[22m[39mprisma:query UPDATE "public"."Order" SET "status" = $1, "error" = $2, "updatedAt" = $3 WHERE ("public"."Order"."id" = $4 AND 1=1) RETURNING "public"."Order"."id", "public"."Order"."numericId", "public"."Order"."userId", "public"."Order"."serviceId", "public"."Order"."externalId", "public"."Order"."dripExternalIds", "public"."Order"."link", "public"."Order"."quantity", "public"."Order"."status", "public"."Order"."remains", "public"."Order"."charge", "public"."Order"."providerCost", "public"."Order"."error", "public"."Order"."retryCount", "public"."Order"."isTest", "public"."Order"."email", "public"."Order"."customData", "public"."Order"."isDripFeed", "public"."Order"."runs", "public"."Order"."interval", "public"."Order"."currentRun", "public"."Order"."nextRunAt", "public"."Order"."waitingUntil", "public"."Order"."createdAt", "public"."Order"."updatedAt", "public"."Order"."paymentId", "public"."Order"."idempotencyKey"

[90mstdout[2m | test/unit/red-team.checkout.test.ts[2m > [22m[2mRed Team: Checkout Fuzzing & Financial Security[2m > [22m[2mshould prevent double-spending via concurrent requests (Mutex lock check)
[22m[39mUNEXPECTED FAILURES: [
  [32m'╨Э╨╡╨┤╨╛╤Б╤В╨░╤В╨╛╤З╨╜╨╛ ╤Б╤А╨╡╨┤╤Б╤В╨▓ ╨╜╨░ ╨▓╨╜╤Г╤В╤А╨╡╨╜╨╜╨╡╨╝ ╨▒╨░╨╗╨░╨╜╤Б╨╡. ╨в╤А╨░╨╜╨╖╨░╨║╤Ж╨╕╤П ╨╛╤В╨║╨╗╨╛╨╜╨╡╨╜╨░.'[39m,
  [32m'╨Э╨╡╨┤╨╛╤Б╤В╨░╤В╨╛╤З╨╜╨╛ ╤Б╤А╨╡╨┤╤Б╤В╨▓ ╨╜╨░ ╨▓╨╜╤Г╤В╤А╨╡╨╜╨╜╨╡╨╝ ╨▒╨░╨╗╨░╨╜╤Б╨╡. ╨в╤А╨░╨╜╨╖╨░╨║╤Ж╨╕╤П ╨╛╤В╨║╨╗╨╛╨╜╨╡╨╜╨░.'[39m,
  [32m'╨Э╨╡╨┤╨╛╤Б╤В╨░╤В╨╛╤З╨╜╨╛ ╤Б╤А╨╡╨┤╤Б╤В╨▓ ╨╜╨░ ╨▓╨╜╤Г╤В╤А╨╡╨╜╨╜╨╡╨╝ ╨▒╨░╨╗╨░╨╜╤Б╨╡. ╨в╤А╨░╨╜╨╖╨░╨║╤Ж╨╕╤П ╨╛╤В╨║╨╗╨╛╨╜╨╡╨╜╨░.'[39m,
  [32m'╨Э╨╡╨┤╨╛╤Б╤В╨░╤В╨╛╤З╨╜╨╛ ╤Б╤А╨╡╨┤╤Б╤В╨▓ ╨╜╨░ ╨▓╨╜╤Г╤В╤А╨╡╨╜╨╜╨╡╨╝ ╨▒╨░╨╗╨░╨╜╤Б╨╡. ╨в╤А╨░╨╜╨╖╨░╨║╤Ж╨╕╤П ╨╛╤В╨║╨╗╨╛╨╜╨╡╨╜╨░.'[39m,
  [32m"Cannot find module '@/workers/queues'\n"[39m +
    [32m'Require stack:\n'[39m +
    [32m'- D:\\SMM_plan_2\\src\\actions\\order\\checkout.ts'[39m
]

 [31mтЭп[39m test/unit/red-team.checkout.test.ts [2m([22m[2m3 tests[22m[2m | [22m[31m2 failed[39m[2m)[22m[33m 2264[2mms[22m[39m
     [33m[2mтЬУ[22m[39m should reject negative quantities via Zod validation [33m 539[2mms[22m[39m
[31m     [31m├Ч[31m should enforce calculateSafetyFloorCents even with 99% promo codes[39m[33m 589[2mms[22m[39m
[31m     [31m├Ч[31m should prevent double-spending via concurrent requests (Mutex lock check)[39m[33m 1121[2mms[22m[39m

[2m Test Files [22m [1m[31m1 failed[39m[22m[90m (1)[39m
[2m      Tests [22m [1m[31m2 failed[39m[22m[2m | [22m[1m[32m1 passed[39m[22m[90m (3)[39m
[2m   Start at [22m 07:18:55
[2m   Duration [22m 3.03s[2m (transform 160ms, setup 107ms, import 396ms, tests 2.26s, environment 0ms)[22m

