
> smmplan-lite@0.1.0 test
> dotenv -e .env.test -- vitest run


[1m[30m[46m RUN [49m[39m[22m [36mv4.1.4 [39m[90mD:/SMM_plan_2[39m

node.exe : Warning: A vi.mock("next/cache") call in "D:/SMM_plan_2/test/setup.ts" is not at the top level of the module
. Although it appears nested, it will be hoisted and executed before any tests run. Move it to the top level to reflect
 its actual execution order. This will become an error in a future version.
At D:\npm-global\npm.ps1:24 char:5
+     & "node$exe"  "$basedir/node_modules/npm/bin/npm-cli.js" $args
+     ~~~~~~~~~~~~~~~~~~~~~~~~~~~~~~~~~~~~~~~~~~~~~~~~~~~~~~~~~~~~~~
    + CategoryInfo          : NotSpecified: (Warning: A vi.m...future version.:String) [], RemoteException
    + FullyQualifiedErrorId : NativeCommandError
 
See: https://vitest.dev/guide/mocking/modules#how-it-works
[90mstdout[2m | test/integration/escrow-flow.test.ts[2m > [22m[2mEscrowService — Integration Tests (Real DB)[2m > [22m[2mRole-based access (Trust Budget bypass)[2m > [22m[2mOWNER always bypasses limits — large amount goes APPROVED
[22m[39mprisma:query 
        SELECT tablename FROM pg_tables WHERE schemaname='public' AND tablename != '_prisma_migrations';
      

[90mstdout[2m | test/integration/escrow-flow.test.ts[2m > [22m[2mEscrowService — Integration Tests (Real DB)[2m > [22m[2mRole-based access (Trust Budget bypass)[2m > [22m[2mOWNER always bypasses limits — large amount goes APPROVED
[22m[39mprisma:query TRUNCATE TABLE "ServiceSmartConfig", "StaffPermission", "SmartSnapshot", "LedgerEntry", "Payment", "SmartCampaign", "LoginLog", "AnalyticsEvent", "PromoCodeUsage", "AuthToken", "SupportTemplate", "User", "AdminAuditLog", "FeatureFlag", "MessageAttachment", "Order", "Refill", "TicketMessage", "SecurityEvent", "Ticket", "ServiceRoute", "Service", "SystemSetting", "SmartDetectedUser", "SmartChannelMetric", "PromoCode", "SystemSettings", "UrlPattern", "RateLimit", "Provider", "Article", "B2bConfig", "SmartExecution", "Commission", "ContentItem", "Network", "Page", "Invoice", "RoutingAuditLog", "ContentCategory", "StaffRole", "Category", "AuditLog", "SmartTask", "Session" RESTART IDENTITY CASCADE;

[90mstdout[2m | test/integration/escrow-flow.test.ts[2m > [22m[2mEscrowService — Integration Tests (Real DB)[2m > [22m[2mRole-based access (Trust Budget bypass)[2m > [22m[2mOWNER always bypasses limits — large amount goes APPROVED
[22m[39mprisma:query INSERT INTO "teamwork_reviewer_flow"."SystemSettings" ("id","isTestMode","taxRate","usnScheme","opexMonthly","maintenanceMode","siteName","siteDescription","welcomeMessage","quarantineThreshold","globalMarkup","safetyFloor","exchangeRateUSD","emailProvider","smtpPort","updatedAt") VALUES ($1,$2,$3,CAST($4::text AS "teamwork_reviewer_flow"."UsnScheme"),$5,$6,$7,$8,$9,$10,$11,$12,$13,$14,$15,$16) ON CONFLICT ("id") DO UPDATE SET "taxRate" = $17, "opexMonthly" = $18, "maintenanceMode" = $19, "isTestMode" = $20, "siteName" = $21, "siteDescription" = $22, "exchangeRateUSD" = $23, "updatedAt" = $24 WHERE ("teamwork_reviewer_flow"."SystemSettings"."id" = $25 AND 1=1) RETURNING "teamwork_reviewer_flow"."SystemSettings"."id", "teamwork_reviewer_flow"."SystemSettings"."isTestMode", "teamwork_reviewer_flow"."SystemSettings"."taxRate", "teamwork_reviewer_flow"."SystemSettings"."usnScheme"::text, "teamwork_reviewer_flow"."SystemSettings"."opexMonthly", "teamwork_reviewer_flow"."SystemSettings"."maintenanceMode", "teamwork_reviewer_flow"."SystemSettings"."siteName", "teamwork_reviewer_flow"."SystemSettings"."siteDescription", "teamwork_reviewer_flow"."SystemSettings"."welcomeMessage", "teamwork_reviewer_flow"."SystemSettings"."yookassaShopId", "teamwork_reviewer_flow"."SystemSettings"."yookassaSecretKey", "teamwork_reviewer_flow"."SystemSettings"."yookassaTestShopId", "teamwork_reviewer_flow"."SystemSettings"."yookassaTestSecretKey", "teamwork_reviewer_flow"."SystemSettings"."cryptoBotToken", "teamwork_reviewer_flow"."SystemSettings"."quarantineThreshold", "teamwork_reviewer_flow"."SystemSettings"."globalMarkup", "teamwork_reviewer_flow"."SystemSettings"."safetyFloor", "teamwork_reviewer_flow"."SystemSettings"."exchangeRateUSD", "teamwork_reviewer_flow"."SystemSettings"."exchangeRateUpdatedAt", "teamwork_reviewer_flow"."SystemSettings"."siteLogoUrl", "teamwork_reviewer_flow"."SystemSettings"."siteFaviconUrl", "teamwork_reviewer_flow"."SystemSettings"."emailProvider", "teamwork_reviewer_flow"."SystemSettings"."resendApiKey", "teamwork_reviewer_flow"."SystemSettings"."smtpHost", "teamwork_reviewer_flow"."SystemSettings"."smtpPort", "teamwork_reviewer_flow"."SystemSettings"."smtpUser", "teamwork_reviewer_flow"."SystemSettings"."smtpPassword", "teamwork_reviewer_flow"."SystemSettings"."supportEmailDomain", "teamwork_reviewer_flow"."SystemSettings"."inboundEmailWebhookSecret", "teamwork_reviewer_flow"."SystemSettings"."robokassaLogin", "teamwork_reviewer_flow"."SystemSettings"."robokassaPassword", "teamwork_reviewer_flow"."SystemSettings"."updatedAt", "teamwork_reviewer_flow"."SystemSettings"."contactSupportEmail", "teamwork_reviewer_flow"."SystemSettings"."contactPrivacyEmail", "teamwork_reviewer_flow"."SystemSettings"."contactTelegramBot", "teamwork_reviewer_flow"."SystemSettings"."contactTelegramChannel", "teamwork_reviewer_flow"."SystemSettings"."contactWhatsApp", "teamwork_reviewer_flow"."SystemSettings"."contactVk", "teamwork_reviewer_flow"."SystemSettings"."legalCompanyName", "teamwork_reviewer_flow"."SystemSettings"."legalCompanyInn", "teamwork_reviewer_flow"."SystemSettings"."legalCompanyOgrnip", "teamwork_reviewer_flow"."SystemSettings"."legalCompanyAddress"

[90mstdout[2m | test/integration/escrow-flow.test.ts[2m > [22m[2mEscrowService — Integration Tests (Real DB)[2m > [22m[2mRole-based access (Trust Budget bypass)[2m > [22m[2mOWNER always bypasses limits — large amount goes APPROVED
[22m[39mprisma:query INSERT INTO "teamwork_reviewer_flow"."User" ("id","email","role","balance","quarantineBalance","totalSpent","personalDiscount","supportLimitCents","supportSpentTodayCents","supportLastResetAt","referralBalance","isKycVerified","isEmailVerified","isActive","isDeleted","createdAt","updatedAt") VALUES ($1,$2,$3,$4,$5,$6,$7,$8,$9,$10,$11,$12,$13,$14,$15,$16,$17) RETURNING "teamwork_reviewer_flow"."User"."id", "teamwork_reviewer_flow"."User"."email", "teamwork_reviewer_flow"."User"."passwordHash", "teamwork_reviewer_flow"."User"."role", "teamwork_reviewer_flow"."User"."balance", "teamwork_reviewer_flow"."User"."quarantineBalance", "teamwork_reviewer_flow"."User"."totalSpent", "teamwork_reviewer_flow"."User"."personalDiscount", "teamwork_reviewer_flow"."User"."discountEndsAt", "teamwork_reviewer_flow"."User"."supportLimitCents", "teamwork_reviewer_flow"."User"."supportSpentTodayCents", "teamwork_reviewer_flow"."User"."supportLastResetAt", "teamwork_reviewer_flow"."User"."apiKeyHash", "teamwork_reviewer_flow"."User"."referralCode", "teamwork_reviewer_flow"."User"."referredById", "teamwork_reviewer_flow"."User"."referralBalance", "teamwork_reviewer_flow"."User"."telegramId", "teamwork_reviewer_flow"."User"."phoneHash", "teamwork_reviewer_flow"."User"."isKycVerified", "teamwork_reviewer_flow"."User"."isEmailVerified", "teamwork_reviewer_flow"."User"."isActive", "teamwork_reviewer_flow"."User"."isDeleted", "teamwork_reviewer_flow"."User"."adminNote", "teamwork_reviewer_flow"."User"."adminNoteUpdatedAt", "teamwork_reviewer_flow"."User"."adminNoteUpdatedBy", "teamwork_reviewer_flow"."User"."createdAt", "teamwork_reviewer_flow"."User"."updatedAt", "teamwork_reviewer_flow"."User"."companyName", "teamwork_reviewer_flow"."User"."inn", "teamwork_reviewer_flow"."User"."kpp", "teamwork_reviewer_flow"."User"."legalAddress", "teamwork_reviewer_flow"."User"."staffRoleId"

[90mstdout[2m | test/integration/escrow-flow.test.ts[2m > [22m[2mEscrowService — Integration Tests (Real DB)[2m > [22m[2mRole-based access (Trust Budget bypass)[2m > [22m[2mOWNER always bypasses limits — large amount goes APPROVED
[22m[39mprisma:query INSERT INTO "teamwork_reviewer_flow"."User" ("id","email","role","balance","quarantineBalance","totalSpent","personalDiscount","supportLimitCents","supportSpentTodayCents","supportLastResetAt","referralBalance","isKycVerified","isEmailVerified","isActive","isDeleted","createdAt","updatedAt") VALUES ($1,$2,$3,$4,$5,$6,$7,$8,$9,$10,$11,$12,$13,$14,$15,$16,$17) RETURNING "teamwork_reviewer_flow"."User"."id", "teamwork_reviewer_flow"."User"."email", "teamwork_reviewer_flow"."User"."passwordHash", "teamwork_reviewer_flow"."User"."role", "teamwork_reviewer_flow"."User"."balance", "teamwork_reviewer_flow"."User"."quarantineBalance", "teamwork_reviewer_flow"."User"."totalSpent", "teamwork_reviewer_flow"."User"."personalDiscount", "teamwork_reviewer_flow"."User"."discountEndsAt", "teamwork_reviewer_flow"."User"."supportLimitCents", "teamwork_reviewer_flow"."User"."supportSpentTodayCents", "teamwork_reviewer_flow"."User"."supportLastResetAt", "teamwork_reviewer_flow"."User"."apiKeyHash", "teamwork_reviewer_flow"."User"."referralCode", "teamwork_reviewer_flow"."User"."referredById", "teamwork_reviewer_flow"."User"."referralBalance", "teamwork_reviewer_flow"."User"."telegramId", "teamwork_reviewer_flow"."User"."phoneHash", "teamwork_reviewer_flow"."User"."isKycVerified", "teamwork_reviewer_flow"."User"."isEmailVerified", "teamwork_reviewer_flow"."User"."isActive", "teamwork_reviewer_flow"."User"."isDeleted", "teamwork_reviewer_flow"."User"."adminNote", "teamwork_reviewer_flow"."User"."adminNoteUpdatedAt", "teamwork_reviewer_flow"."User"."adminNoteUpdatedBy", "teamwork_reviewer_flow"."User"."createdAt", "teamwork_reviewer_flow"."User"."updatedAt", "teamwork_reviewer_flow"."User"."companyName", "teamwork_reviewer_flow"."User"."inn", "teamwork_reviewer_flow"."User"."kpp", "teamwork_reviewer_flow"."User"."legalAddress", "teamwork_reviewer_flow"."User"."staffRoleId"

[90mstdout[2m | test/integration/escrow-flow.test.ts[2m > [22m[2mEscrowService — Integration Tests (Real DB)[2m > [22m[2mRole-based access (Trust Budget bypass)[2m > [22m[2mOWNER always bypasses limits — large amount goes APPROVED
[22m[39mprisma:query BEGIN

[90mstdout[2m | test/integration/escrow-flow.test.ts[2m > [22m[2mEscrowService — Integration Tests (Real DB)[2m > [22m[2mRole-based access (Trust Budget bypass)[2m > [22m[2mOWNER always bypasses limits — large amount goes APPROVED
[22m[39mprisma:query SET TRANSACTION ISOLATION LEVEL SERIALIZABLE

[90mstdout[2m | test/integration/escrow-flow.test.ts[2m > [22m[2mEscrowService — Integration Tests (Real DB)[2m > [22m[2mRole-based access (Trust Budget bypass)[2m > [22m[2mOWNER always bypasses limits — large amount goes APPROVED
[22m[39mprisma:query SELECT "teamwork_reviewer_flow"."User"."id", "teamwork_reviewer_flow"."User"."email", "teamwork_reviewer_flow"."User"."passwordHash", "teamwork_reviewer_flow"."User"."role", "teamwork_reviewer_flow"."User"."balance", "teamwork_reviewer_flow"."User"."quarantineBalance", "teamwork_reviewer_flow"."User"."totalSpent", "teamwork_reviewer_flow"."User"."personalDiscount", "teamwork_reviewer_flow"."User"."discountEndsAt", "teamwork_reviewer_flow"."User"."supportLimitCents", "teamwork_reviewer_flow"."User"."supportSpentTodayCents", "teamwork_reviewer_flow"."User"."supportLastResetAt", "teamwork_reviewer_flow"."User"."apiKeyHash", "teamwork_reviewer_flow"."User"."referralCode", "teamwork_reviewer_flow"."User"."referredById", "teamwork_reviewer_flow"."User"."referralBalance", "teamwork_reviewer_flow"."User"."telegramId", "teamwork_reviewer_flow"."User"."phoneHash", "teamwork_reviewer_flow"."User"."isKycVerified", "teamwork_reviewer_flow"."User"."isEmailVerified", "teamwork_reviewer_flow"."User"."isActive", "teamwork_reviewer_flow"."User"."isDeleted", "teamwork_reviewer_flow"."User"."adminNote", "teamwork_reviewer_flow"."User"."adminNoteUpdatedAt", "teamwork_reviewer_flow"."User"."adminNoteUpdatedBy", "teamwork_reviewer_flow"."User"."createdAt", "teamwork_reviewer_flow"."User"."updatedAt", "teamwork_reviewer_flow"."User"."companyName", "teamwork_reviewer_flow"."User"."inn", "teamwork_reviewer_flow"."User"."kpp", "teamwork_reviewer_flow"."User"."legalAddress", "teamwork_reviewer_flow"."User"."staffRoleId" FROM "teamwork_reviewer_flow"."User" WHERE ("teamwork_reviewer_flow"."User"."id" = $1 AND 1=1) LIMIT $2 OFFSET $3

[90mstdout[2m | test/integration/escrow-flow.test.ts[2m > [22m[2mEscrowService — Integration Tests (Real DB)[2m > [22m[2mRole-based access (Trust Budget bypass)[2m > [22m[2mOWNER always bypasses limits — large amount goes APPROVED
[22m[39mprisma:query UPDATE "teamwork_reviewer_flow"."User" SET "balance" = ("teamwork_reviewer_flow"."User"."balance" + $1), "updatedAt" = $2 WHERE ("teamwork_reviewer_flow"."User"."id" = $3 AND 1=1) RETURNING "teamwork_reviewer_flow"."User"."id", "teamwork_reviewer_flow"."User"."balance"

[90mstdout[2m | test/integration/escrow-flow.test.ts[2m > [22m[2mEscrowService — Integration Tests (Real DB)[2m > [22m[2mRole-based access (Trust Budget bypass)[2m > [22m[2mOWNER always bypasses limits — large amount goes APPROVED
[22m[39mprisma:query INSERT INTO "teamwork_reviewer_flow"."LedgerEntry" ("id","userId","adminId","amount","reason","status","transactionType","createdAt","updatedAt") VALUES ($1,$2,$3,$4,$5,$6,$7,$8,$9) RETURNING "teamwork_reviewer_flow"."LedgerEntry"."id", "teamwork_reviewer_flow"."LedgerEntry"."userId", "teamwork_reviewer_flow"."LedgerEntry"."adminId", "teamwork_reviewer_flow"."LedgerEntry"."amount", "teamwork_reviewer_flow"."LedgerEntry"."reason", "teamwork_reviewer_flow"."LedgerEntry"."status", "teamwork_reviewer_flow"."LedgerEntry"."idempotencyKey", "teamwork_reviewer_flow"."LedgerEntry"."transactionType", "teamwork_reviewer_flow"."LedgerEntry"."createdAt", "teamwork_reviewer_flow"."LedgerEntry"."updatedAt"

[90mstdout[2m | test/integration/escrow-flow.test.ts[2m > [22m[2mEscrowService — Integration Tests (Real DB)[2m > [22m[2mRole-based access (Trust Budget bypass)[2m > [22m[2mOWNER always bypasses limits — large amount goes APPROVED
[22m[39mprisma:query COMMIT

[90mstdout[2m | test/integration/escrow-flow.test.ts[2m > [22m[2mEscrowService — Integration Tests (Real DB)[2m > [22m[2mRole-based access (Trust Budget bypass)[2m > [22m[2mOWNER always bypasses limits — large amount goes APPROVED
[22m[39mprisma:query SELECT "teamwork_reviewer_flow"."User"."id", "teamwork_reviewer_flow"."User"."email", "teamwork_reviewer_flow"."User"."passwordHash", "teamwork_reviewer_flow"."User"."role", "teamwork_reviewer_flow"."User"."balance", "teamwork_reviewer_flow"."User"."quarantineBalance", "teamwork_reviewer_flow"."User"."totalSpent", "teamwork_reviewer_flow"."User"."personalDiscount", "teamwork_reviewer_flow"."User"."discountEndsAt", "teamwork_reviewer_flow"."User"."supportLimitCents", "teamwork_reviewer_flow"."User"."supportSpentTodayCents", "teamwork_reviewer_flow"."User"."supportLastResetAt", "teamwork_reviewer_flow"."User"."apiKeyHash", "teamwork_reviewer_flow"."User"."referralCode", "teamwork_reviewer_flow"."User"."referredById", "teamwork_reviewer_flow"."User"."referralBalance", "teamwork_reviewer_flow"."User"."telegramId", "teamwork_reviewer_flow"."User"."phoneHash", "teamwork_reviewer_flow"."User"."isKycVerified", "teamwork_reviewer_flow"."User"."isEmailVerified", "teamwork_reviewer_flow"."User"."isActive", "teamwork_reviewer_flow"."User"."isDeleted", "teamwork_reviewer_flow"."User"."adminNote", "teamwork_reviewer_flow"."User"."adminNoteUpdatedAt", "teamwork_reviewer_flow"."User"."adminNoteUpdatedBy", "teamwork_reviewer_flow"."User"."createdAt", "teamwork_reviewer_flow"."User"."updatedAt", "teamwork_reviewer_flow"."User"."companyName", "teamwork_reviewer_flow"."User"."inn", "teamwork_reviewer_flow"."User"."kpp", "teamwork_reviewer_flow"."User"."legalAddress", "teamwork_reviewer_flow"."User"."staffRoleId" FROM "teamwork_reviewer_flow"."User" WHERE ("teamwork_reviewer_flow"."User"."id" = $1 AND 1=1) LIMIT $2 OFFSET $3

[90mstdout[2m | test/integration/escrow-flow.test.ts[2m > [22m[2mEscrowService — Integration Tests (Real DB)[2m > [22m[2mRole-based access (Trust Budget bypass)[2m > [22m[2mOWNER always bypasses limits — large amount goes APPROVED
[22m[39mprisma:query SELECT "teamwork_reviewer_flow"."LedgerEntry"."id", "teamwork_reviewer_flow"."LedgerEntry"."userId", "teamwork_reviewer_flow"."LedgerEntry"."adminId", "teamwork_reviewer_flow"."LedgerEntry"."amount", "teamwork_reviewer_flow"."LedgerEntry"."reason", "teamwork_reviewer_flow"."LedgerEntry"."status", "teamwork_reviewer_flow"."LedgerEntry"."idempotencyKey", "teamwork_reviewer_flow"."LedgerEntry"."transactionType", "teamwork_reviewer_flow"."LedgerEntry"."createdAt", "teamwork_reviewer_flow"."LedgerEntry"."updatedAt" FROM "teamwork_reviewer_flow"."LedgerEntry" WHERE "teamwork_reviewer_flow"."LedgerEntry"."userId" = $1 LIMIT $2 OFFSET $3

[90mstdout[2m | test/integration/escrow-flow.test.ts[2m > [22m[2mEscrowService — Integration Tests (Real DB)[2m > [22m[2mRole-based access (Trust Budget bypass)[2m > [22m[2mOWNER always bypasses limits — large amount goes APPROVED
[22m[39mprisma:query INSERT INTO "teamwork_reviewer_flow"."AdminAuditLog" ("id","adminId","adminEmail","action","target","targetType","oldValue","newValue","ipAddress","createdAt") VALUES ($1,$2,$3,$4,$5,$6,$7,$8,$9,$10) RETURNING "teamwork_reviewer_flow"."AdminAuditLog"."id", "teamwork_reviewer_flow"."AdminAuditLog"."adminId", "teamwork_reviewer_flow"."AdminAuditLog"."adminEmail", "teamwork_reviewer_flow"."AdminAuditLog"."action", "teamwork_reviewer_flow"."AdminAuditLog"."target", "teamwork_reviewer_flow"."AdminAuditLog"."targetType", "teamwork_reviewer_flow"."AdminAuditLog"."oldValue", "teamwork_reviewer_flow"."AdminAuditLog"."newValue", "teamwork_reviewer_flow"."AdminAuditLog"."ipAddress", "teamwork_reviewer_flow"."AdminAuditLog"."createdAt"

[90mstdout[2m | test/integration/escrow-flow.test.ts[2m > [22m[2mEscrowService — Integration Tests (Real DB)[2m > [22m[2mRole-based access (Trust Budget bypass)[2m > [22m[2mADMIN always bypasses limits
[22m[39mprisma:query 
        SELECT tablename FROM pg_tables WHERE schemaname='public' AND tablename != '_prisma_migrations';
      

[90mstdout[2m | test/integration/escrow-flow.test.ts[2m > [22m[2mEscrowService — Integration Tests (Real DB)[2m > [22m[2mRole-based access (Trust Budget bypass)[2m > [22m[2mADMIN always bypasses limits
[22m[39mprisma:query TRUNCATE TABLE "ServiceSmartConfig", "StaffPermission", "SmartSnapshot", "LedgerEntry", "Payment", "SmartCampaign", "LoginLog", "AnalyticsEvent", "PromoCodeUsage", "AuthToken", "SupportTemplate", "User", "AdminAuditLog", "FeatureFlag", "MessageAttachment", "Order", "Refill", "TicketMessage", "SecurityEvent", "Ticket", "ServiceRoute", "Service", "SystemSetting", "SmartDetectedUser", "SmartChannelMetric", "PromoCode", "SystemSettings", "UrlPattern", "RateLimit", "Provider", "Article", "B2bConfig", "SmartExecution", "Commission", "ContentItem", "Network", "Page", "Invoice", "RoutingAuditLog", "ContentCategory", "StaffRole", "Category", "AuditLog", "SmartTask", "Session" RESTART IDENTITY CASCADE;

[90mstdout[2m | test/integration/escrow-flow.test.ts[2m > [22m[2mEscrowService — Integration Tests (Real DB)[2m > [22m[2mRole-based access (Trust Budget bypass)[2m > [22m[2mADMIN always bypasses limits
[22m[39mprisma:query INSERT INTO "teamwork_reviewer_flow"."SystemSettings" ("id","isTestMode","taxRate","usnScheme","opexMonthly","maintenanceMode","siteName","siteDescription","welcomeMessage","quarantineThreshold","globalMarkup","safetyFloor","exchangeRateUSD","emailProvider","smtpPort","updatedAt") VALUES ($1,$2,$3,CAST($4::text AS "teamwork_reviewer_flow"."UsnScheme"),$5,$6,$7,$8,$9,$10,$11,$12,$13,$14,$15,$16) ON CONFLICT ("id") DO UPDATE SET "taxRate" = $17, "opexMonthly" = $18, "maintenanceMode" = $19, "isTestMode" = $20, "siteName" = $21, "siteDescription" = $22, "exchangeRateUSD" = $23, "updatedAt" = $24 WHERE ("teamwork_reviewer_flow"."SystemSettings"."id" = $25 AND 1=1) RETURNING "teamwork_reviewer_flow"."SystemSettings"."id", "teamwork_reviewer_flow"."SystemSettings"."isTestMode", "teamwork_reviewer_flow"."SystemSettings"."taxRate", "teamwork_reviewer_flow"."SystemSettings"."usnScheme"::text, "teamwork_reviewer_flow"."SystemSettings"."opexMonthly", "teamwork_reviewer_flow"."SystemSettings"."maintenanceMode", "teamwork_reviewer_flow"."SystemSettings"."siteName", "teamwork_reviewer_flow"."SystemSettings"."siteDescription", "teamwork_reviewer_flow"."SystemSettings"."welcomeMessage", "teamwork_reviewer_flow"."SystemSettings"."yookassaShopId", "teamwork_reviewer_flow"."SystemSettings"."yookassaSecretKey", "teamwork_reviewer_flow"."SystemSettings"."yookassaTestShopId", "teamwork_reviewer_flow"."SystemSettings"."yookassaTestSecretKey", "teamwork_reviewer_flow"."SystemSettings"."cryptoBotToken", "teamwork_reviewer_flow"."SystemSettings"."quarantineThreshold", "teamwork_reviewer_flow"."SystemSettings"."globalMarkup", "teamwork_reviewer_flow"."SystemSettings"."safetyFloor", "teamwork_reviewer_flow"."SystemSettings"."exchangeRateUSD", "teamwork_reviewer_flow"."SystemSettings"."exchangeRateUpdatedAt", "teamwork_reviewer_flow"."SystemSettings"."siteLogoUrl", "teamwork_reviewer_flow"."SystemSettings"."siteFaviconUrl", "teamwork_reviewer_flow"."SystemSettings"."emailProvider", "teamwork_reviewer_flow"."SystemSettings"."resendApiKey", "teamwork_reviewer_flow"."SystemSettings"."smtpHost", "teamwork_reviewer_flow"."SystemSettings"."smtpPort", "teamwork_reviewer_flow"."SystemSettings"."smtpUser", "teamwork_reviewer_flow"."SystemSettings"."smtpPassword", "teamwork_reviewer_flow"."SystemSettings"."supportEmailDomain", "teamwork_reviewer_flow"."SystemSettings"."inboundEmailWebhookSecret", "teamwork_reviewer_flow"."SystemSettings"."robokassaLogin", "teamwork_reviewer_flow"."SystemSettings"."robokassaPassword", "teamwork_reviewer_flow"."SystemSettings"."updatedAt", "teamwork_reviewer_flow"."SystemSettings"."contactSupportEmail", "teamwork_reviewer_flow"."SystemSettings"."contactPrivacyEmail", "teamwork_reviewer_flow"."SystemSettings"."contactTelegramBot", "teamwork_reviewer_flow"."SystemSettings"."contactTelegramChannel", "teamwork_reviewer_flow"."SystemSettings"."contactWhatsApp", "teamwork_reviewer_flow"."SystemSettings"."contactVk", "teamwork_reviewer_flow"."SystemSettings"."legalCompanyName", "teamwork_reviewer_flow"."SystemSettings"."legalCompanyInn", "teamwork_reviewer_flow"."SystemSettings"."legalCompanyOgrnip", "teamwork_reviewer_flow"."SystemSettings"."legalCompanyAddress"

[90mstdout[2m | test/integration/escrow-flow.test.ts[2m > [22m[2mEscrowService — Integration Tests (Real DB)[2m > [22m[2mRole-based access (Trust Budget bypass)[2m > [22m[2mADMIN always bypasses limits
[22m[39mprisma:query INSERT INTO "teamwork_reviewer_flow"."User" ("id","email","role","balance","quarantineBalance","totalSpent","personalDiscount","supportLimitCents","supportSpentTodayCents","supportLastResetAt","referralBalance","isKycVerified","isEmailVerified","isActive","isDeleted","createdAt","updatedAt") VALUES ($1,$2,$3,$4,$5,$6,$7,$8,$9,$10,$11,$12,$13,$14,$15,$16,$17) RETURNING "teamwork_reviewer_flow"."User"."id", "teamwork_reviewer_flow"."User"."email", "teamwork_reviewer_flow"."User"."passwordHash", "teamwork_reviewer_flow"."User"."role", "teamwork_reviewer_flow"."User"."balance", "teamwork_reviewer_flow"."User"."quarantineBalance", "teamwork_reviewer_flow"."User"."totalSpent", "teamwork_reviewer_flow"."User"."personalDiscount", "teamwork_reviewer_flow"."User"."discountEndsAt", "teamwork_reviewer_flow"."User"."supportLimitCents", "teamwork_reviewer_flow"."User"."supportSpentTodayCents", "teamwork_reviewer_flow"."User"."supportLastResetAt", "teamwork_reviewer_flow"."User"."apiKeyHash", "teamwork_reviewer_flow"."User"."referralCode", "teamwork_reviewer_flow"."User"."referredById", "teamwork_reviewer_flow"."User"."referralBalance", "teamwork_reviewer_flow"."User"."telegramId", "teamwork_reviewer_flow"."User"."phoneHash", "teamwork_reviewer_flow"."User"."isKycVerified", "teamwork_reviewer_flow"."User"."isEmailVerified", "teamwork_reviewer_flow"."User"."isActive", "teamwork_reviewer_flow"."User"."isDeleted", "teamwork_reviewer_flow"."User"."adminNote", "teamwork_reviewer_flow"."User"."adminNoteUpdatedAt", "teamwork_reviewer_flow"."User"."adminNoteUpdatedBy", "teamwork_reviewer_flow"."User"."createdAt", "teamwork_reviewer_flow"."User"."updatedAt", "teamwork_reviewer_flow"."User"."companyName", "teamwork_reviewer_flow"."User"."inn", "teamwork_reviewer_flow"."User"."kpp", "teamwork_reviewer_flow"."User"."legalAddress", "teamwork_reviewer_flow"."User"."staffRoleId"

[90mstdout[2m | test/integration/escrow-flow.test.ts[2m > [22m[2mEscrowService — Integration Tests (Real DB)[2m > [22m[2mRole-based access (Trust Budget bypass)[2m > [22m[2mADMIN always bypasses limits
[22m[39mprisma:query INSERT INTO "teamwork_reviewer_flow"."User" ("id","email","role","balance","quarantineBalance","totalSpent","personalDiscount","supportLimitCents","supportSpentTodayCents","supportLastResetAt","referralBalance","isKycVerified","isEmailVerified","isActive","isDeleted","createdAt","updatedAt") VALUES ($1,$2,$3,$4,$5,$6,$7,$8,$9,$10,$11,$12,$13,$14,$15,$16,$17) RETURNING "teamwork_reviewer_flow"."User"."id", "teamwork_reviewer_flow"."User"."email", "teamwork_reviewer_flow"."User"."passwordHash", "teamwork_reviewer_flow"."User"."role", "teamwork_reviewer_flow"."User"."balance", "teamwork_reviewer_flow"."User"."quarantineBalance", "teamwork_reviewer_flow"."User"."totalSpent", "teamwork_reviewer_flow"."User"."personalDiscount", "teamwork_reviewer_flow"."User"."discountEndsAt", "teamwork_reviewer_flow"."User"."supportLimitCents", "teamwork_reviewer_flow"."User"."supportSpentTodayCents", "teamwork_reviewer_flow"."User"."supportLastResetAt", "teamwork_reviewer_flow"."User"."apiKeyHash", "teamwork_reviewer_flow"."User"."referralCode", "teamwork_reviewer_flow"."User"."referredById", "teamwork_reviewer_flow"."User"."referralBalance", "teamwork_reviewer_flow"."User"."telegramId", "teamwork_reviewer_flow"."User"."phoneHash", "teamwork_reviewer_flow"."User"."isKycVerified", "teamwork_reviewer_flow"."User"."isEmailVerified", "teamwork_reviewer_flow"."User"."isActive", "teamwork_reviewer_flow"."User"."isDeleted", "teamwork_reviewer_flow"."User"."adminNote", "teamwork_reviewer_flow"."User"."adminNoteUpdatedAt", "teamwork_reviewer_flow"."User"."adminNoteUpdatedBy", "teamwork_reviewer_flow"."User"."createdAt", "teamwork_reviewer_flow"."User"."updatedAt", "teamwork_reviewer_flow"."User"."companyName", "teamwork_reviewer_flow"."User"."inn", "teamwork_reviewer_flow"."User"."kpp", "teamwork_reviewer_flow"."User"."legalAddress", "teamwork_reviewer_flow"."User"."staffRoleId"

[90mstdout[2m | test/integration/escrow-flow.test.ts[2m > [22m[2mEscrowService — Integration Tests (Real DB)[2m > [22m[2mRole-based access (Trust Budget bypass)[2m > [22m[2mADMIN always bypasses limits
[22m[39mprisma:query BEGIN

[90mstdout[2m | test/integration/escrow-flow.test.ts[2m > [22m[2mEscrowService — Integration Tests (Real DB)[2m > [22m[2mRole-based access (Trust Budget bypass)[2m > [22m[2mADMIN always bypasses limits
[22m[39mprisma:query SET TRANSACTION ISOLATION LEVEL SERIALIZABLE

[90mstdout[2m | test/integration/escrow-flow.test.ts[2m > [22m[2mEscrowService — Integration Tests (Real DB)[2m > [22m[2mRole-based access (Trust Budget bypass)[2m > [22m[2mADMIN always bypasses limits
[22m[39mprisma:query SELECT "teamwork_reviewer_flow"."User"."id", "teamwork_reviewer_flow"."User"."email", "teamwork_reviewer_flow"."User"."passwordHash", "teamwork_reviewer_flow"."User"."role", "teamwork_reviewer_flow"."User"."balance", "teamwork_reviewer_flow"."User"."quarantineBalance", "teamwork_reviewer_flow"."User"."totalSpent", "teamwork_reviewer_flow"."User"."personalDiscount", "teamwork_reviewer_flow"."User"."discountEndsAt", "teamwork_reviewer_flow"."User"."supportLimitCents", "teamwork_reviewer_flow"."User"."supportSpentTodayCents", "teamwork_reviewer_flow"."User"."supportLastResetAt", "teamwork_reviewer_flow"."User"."apiKeyHash", "teamwork_reviewer_flow"."User"."referralCode", "teamwork_reviewer_flow"."User"."referredById", "teamwork_reviewer_flow"."User"."referralBalance", "teamwork_reviewer_flow"."User"."telegramId", "teamwork_reviewer_flow"."User"."phoneHash", "teamwork_reviewer_flow"."User"."isKycVerified", "teamwork_reviewer_flow"."User"."isEmailVerified", "teamwork_reviewer_flow"."User"."isActive", "teamwork_reviewer_flow"."User"."isDeleted", "teamwork_reviewer_flow"."User"."adminNote", "teamwork_reviewer_flow"."User"."adminNoteUpdatedAt", "teamwork_reviewer_flow"."User"."adminNoteUpdatedBy", "teamwork_reviewer_flow"."User"."createdAt", "teamwork_reviewer_flow"."User"."updatedAt", "teamwork_reviewer_flow"."User"."companyName", "teamwork_reviewer_flow"."User"."inn", "teamwork_reviewer_flow"."User"."kpp", "teamwork_reviewer_flow"."User"."legalAddress", "teamwork_reviewer_flow"."User"."staffRoleId" FROM "teamwork_reviewer_flow"."User" WHERE ("teamwork_reviewer_flow"."User"."id" = $1 AND 1=1) LIMIT $2 OFFSET $3

[90mstdout[2m | test/integration/escrow-flow.test.ts[2m > [22m[2mEscrowService — Integration Tests (Real DB)[2m > [22m[2mRole-based access (Trust Budget bypass)[2m > [22m[2mADMIN always bypasses limits
[22m[39mprisma:query UPDATE "teamwork_reviewer_flow"."User" SET "balance" = ("teamwork_reviewer_flow"."User"."balance" + $1), "updatedAt" = $2 WHERE ("teamwork_reviewer_flow"."User"."id" = $3 AND 1=1) RETURNING "teamwork_reviewer_flow"."User"."id", "teamwork_reviewer_flow"."User"."balance"

[90mstdout[2m | test/integration/escrow-flow.test.ts[2m > [22m[2mEscrowService — Integration Tests (Real DB)[2m > [22m[2mRole-based access (Trust Budget bypass)[2m > [22m[2mADMIN always bypasses limits
[22m[39mprisma:query INSERT INTO "teamwork_reviewer_flow"."LedgerEntry" ("id","userId","adminId","amount","reason","status","transactionType","createdAt","updatedAt") VALUES ($1,$2,$3,$4,$5,$6,$7,$8,$9) RETURNING "teamwork_reviewer_flow"."LedgerEntry"."id", "teamwork_reviewer_flow"."LedgerEntry"."userId", "teamwork_reviewer_flow"."LedgerEntry"."adminId", "teamwork_reviewer_flow"."LedgerEntry"."amount", "teamwork_reviewer_flow"."LedgerEntry"."reason", "teamwork_reviewer_flow"."LedgerEntry"."status", "teamwork_reviewer_flow"."LedgerEntry"."idempotencyKey", "teamwork_reviewer_flow"."LedgerEntry"."transactionType", "teamwork_reviewer_flow"."LedgerEntry"."createdAt", "teamwork_reviewer_flow"."LedgerEntry"."updatedAt"

[90mstdout[2m | test/integration/escrow-flow.test.ts[2m > [22m[2mEscrowService — Integration Tests (Real DB)[2m > [22m[2mRole-based access (Trust Budget bypass)[2m > [22m[2mADMIN always bypasses limits
[22m[39mprisma:query COMMIT

[90mstdout[2m | test/integration/escrow-flow.test.ts[2m > [22m[2mEscrowService — Integration Tests (Real DB)[2m > [22m[2mRole-based access (Trust Budget bypass)[2m > [22m[2mADMIN always bypasses limits
[22m[39mprisma:query SELECT "teamwork_reviewer_flow"."User"."id", "teamwork_reviewer_flow"."User"."email", "teamwork_reviewer_flow"."User"."passwordHash", "teamwork_reviewer_flow"."User"."role", "teamwork_reviewer_flow"."User"."balance", "teamwork_reviewer_flow"."User"."quarantineBalance", "teamwork_reviewer_flow"."User"."totalSpent", "teamwork_reviewer_flow"."User"."personalDiscount", "teamwork_reviewer_flow"."User"."discountEndsAt", "teamwork_reviewer_flow"."User"."supportLimitCents", "teamwork_reviewer_flow"."User"."supportSpentTodayCents", "teamwork_reviewer_flow"."User"."supportLastResetAt", "teamwork_reviewer_flow"."User"."apiKeyHash", "teamwork_reviewer_flow"."User"."referralCode", "teamwork_reviewer_flow"."User"."referredById", "teamwork_reviewer_flow"."User"."referralBalance", "teamwork_reviewer_flow"."User"."telegramId", "teamwork_reviewer_flow"."User"."phoneHash", "teamwork_reviewer_flow"."User"."isKycVerified", "teamwork_reviewer_flow"."User"."isEmailVerified", "teamwork_reviewer_flow"."User"."isActive", "teamwork_reviewer_flow"."User"."isDeleted", "teamwork_reviewer_flow"."User"."adminNote", "teamwork_reviewer_flow"."User"."adminNoteUpdatedAt", "teamwork_reviewer_flow"."User"."adminNoteUpdatedBy", "teamwork_reviewer_flow"."User"."createdAt", "teamwork_reviewer_flow"."User"."updatedAt", "teamwork_reviewer_flow"."User"."companyName", "teamwork_reviewer_flow"."User"."inn", "teamwork_reviewer_flow"."User"."kpp", "teamwork_reviewer_flow"."User"."legalAddress", "teamwork_reviewer_flow"."User"."staffRoleId" FROM "teamwork_reviewer_flow"."User" WHERE ("teamwork_reviewer_flow"."User"."id" = $1 AND 1=1) LIMIT $2 OFFSET $3

[90mstdout[2m | test/integration/escrow-flow.test.ts[2m > [22m[2mEscrowService — Integration Tests (Real DB)[2m > [22m[2mRole-based access (Trust Budget bypass)[2m > [22m[2mADMIN always bypasses limits
[22m[39mprisma:query INSERT INTO "teamwork_reviewer_flow"."AdminAuditLog" ("id","adminId","adminEmail","action","target","targetType","oldValue","newValue","ipAddress","createdAt") VALUES ($1,$2,$3,$4,$5,$6,$7,$8,$9,$10) RETURNING "teamwork_reviewer_flow"."AdminAuditLog"."id", "teamwork_reviewer_flow"."AdminAuditLog"."adminId", "teamwork_reviewer_flow"."AdminAuditLog"."adminEmail", "teamwork_reviewer_flow"."AdminAuditLog"."action", "teamwork_reviewer_flow"."AdminAuditLog"."target", "teamwork_reviewer_flow"."AdminAuditLog"."targetType", "teamwork_reviewer_flow"."AdminAuditLog"."oldValue", "teamwork_reviewer_flow"."AdminAuditLog"."newValue", "teamwork_reviewer_flow"."AdminAuditLog"."ipAddress", "teamwork_reviewer_flow"."AdminAuditLog"."createdAt"

[90mstdout[2m | test/integration/escrow-flow.test.ts[2m > [22m[2mEscrowService — Integration Tests (Real DB)[2m > [22m[2mRole-based access (Trust Budget bypass)[2m > [22m[2mSUPPORT within daily limit → APPROVED
[22m[39mprisma:query 
        SELECT tablename FROM pg_tables WHERE schemaname='public' AND tablename != '_prisma_migrations';
      

[90mstdout[2m | test/integration/escrow-flow.test.ts[2m > [22m[2mEscrowService — Integration Tests (Real DB)[2m > [22m[2mRole-based access (Trust Budget bypass)[2m > [22m[2mSUPPORT within daily limit → APPROVED
[22m[39mprisma:query TRUNCATE TABLE "ServiceSmartConfig", "StaffPermission", "SmartSnapshot", "LedgerEntry", "Payment", "SmartCampaign", "LoginLog", "AnalyticsEvent", "PromoCodeUsage", "AuthToken", "SupportTemplate", "User", "AdminAuditLog", "FeatureFlag", "MessageAttachment", "Order", "Refill", "TicketMessage", "SecurityEvent", "Ticket", "ServiceRoute", "Service", "SystemSetting", "SmartDetectedUser", "SmartChannelMetric", "PromoCode", "SystemSettings", "UrlPattern", "RateLimit", "Provider", "Article", "B2bConfig", "SmartExecution", "Commission", "ContentItem", "Network", "Page", "Invoice", "RoutingAuditLog", "ContentCategory", "StaffRole", "Category", "AuditLog", "SmartTask", "Session" RESTART IDENTITY CASCADE;

[90mstdout[2m | test/integration/escrow-flow.test.ts[2m > [22m[2mEscrowService — Integration Tests (Real DB)[2m > [22m[2mRole-based access (Trust Budget bypass)[2m > [22m[2mSUPPORT within daily limit → APPROVED
[22m[39mprisma:query SELECT 1

[90mstdout[2m | test/integration/escrow-flow.test.ts[2m > [22m[2mEscrowService — Integration Tests (Real DB)[2m > [22m[2mRole-based access (Trust Budget bypass)[2m > [22m[2mSUPPORT within daily limit → APPROVED
[22m[39mprisma:query INSERT INTO "teamwork_reviewer_flow"."SystemSettings" ("id","isTestMode","taxRate","usnScheme","opexMonthly","maintenanceMode","siteName","siteDescription","welcomeMessage","quarantineThreshold","globalMarkup","safetyFloor","exchangeRateUSD","emailProvider","smtpPort","updatedAt") VALUES ($1,$2,$3,CAST($4::text AS "teamwork_reviewer_flow"."UsnScheme"),$5,$6,$7,$8,$9,$10,$11,$12,$13,$14,$15,$16) ON CONFLICT ("id") DO UPDATE SET "taxRate" = $17, "opexMonthly" = $18, "maintenanceMode" = $19, "isTestMode" = $20, "siteName" = $21, "siteDescription" = $22, "exchangeRateUSD" = $23, "updatedAt" = $24 WHERE ("teamwork_reviewer_flow"."SystemSettings"."id" = $25 AND 1=1) RETURNING "teamwork_reviewer_flow"."SystemSettings"."id", "teamwork_reviewer_flow"."SystemSettings"."isTestMode", "teamwork_reviewer_flow"."SystemSettings"."taxRate", "teamwork_reviewer_flow"."SystemSettings"."usnScheme"::text, "teamwork_reviewer_flow"."SystemSettings"."opexMonthly", "teamwork_reviewer_flow"."SystemSettings"."maintenanceMode", "teamwork_reviewer_flow"."SystemSettings"."siteName", "teamwork_reviewer_flow"."SystemSettings"."siteDescription", "teamwork_reviewer_flow"."SystemSettings"."welcomeMessage", "teamwork_reviewer_flow"."SystemSettings"."yookassaShopId", "teamwork_reviewer_flow"."SystemSettings"."yookassaSecretKey", "teamwork_reviewer_flow"."SystemSettings"."yookassaTestShopId", "teamwork_reviewer_flow"."SystemSettings"."yookassaTestSecretKey", "teamwork_reviewer_flow"."SystemSettings"."cryptoBotToken", "teamwork_reviewer_flow"."SystemSettings"."quarantineThreshold", "teamwork_reviewer_flow"."SystemSettings"."globalMarkup", "teamwork_reviewer_flow"."SystemSettings"."safetyFloor", "teamwork_reviewer_flow"."SystemSettings"."exchangeRateUSD", "teamwork_reviewer_flow"."SystemSettings"."exchangeRateUpdatedAt", "teamwork_reviewer_flow"."SystemSettings"."siteLogoUrl", "teamwork_reviewer_flow"."SystemSettings"."siteFaviconUrl", "teamwork_reviewer_flow"."SystemSettings"."emailProvider", "teamwork_reviewer_flow"."SystemSettings"."resendApiKey", "teamwork_reviewer_flow"."SystemSettings"."smtpHost", "teamwork_reviewer_flow"."SystemSettings"."smtpPort", "teamwork_reviewer_flow"."SystemSettings"."smtpUser", "teamwork_reviewer_flow"."SystemSettings"."smtpPassword", "teamwork_reviewer_flow"."SystemSettings"."supportEmailDomain", "teamwork_reviewer_flow"."SystemSettings"."inboundEmailWebhookSecret", "teamwork_reviewer_flow"."SystemSettings"."robokassaLogin", "teamwork_reviewer_flow"."SystemSettings"."robokassaPassword", "teamwork_reviewer_flow"."SystemSettings"."updatedAt", "teamwork_reviewer_flow"."SystemSettings"."contactSupportEmail", "teamwork_reviewer_flow"."SystemSettings"."contactPrivacyEmail", "teamwork_reviewer_flow"."SystemSettings"."contactTelegramBot", "teamwork_reviewer_flow"."SystemSettings"."contactTelegramChannel", "teamwork_reviewer_flow"."SystemSettings"."contactWhatsApp", "teamwork_reviewer_flow"."SystemSettings"."contactVk", "teamwork_reviewer_flow"."SystemSettings"."legalCompanyName", "teamwork_reviewer_flow"."SystemSettings"."legalCompanyInn", "teamwork_reviewer_flow"."SystemSettings"."legalCompanyOgrnip", "teamwork_reviewer_flow"."SystemSettings"."legalCompanyAddress"

[90mstdout[2m | test/integration/escrow-flow.test.ts[2m > [22m[2mEscrowService — Integration Tests (Real DB)[2m > [22m[2mRole-based access (Trust Budget bypass)[2m > [22m[2mSUPPORT within daily limit → APPROVED
[22m[39mprisma:query INSERT INTO "teamwork_reviewer_flow"."User" ("id","email","role","balance","quarantineBalance","totalSpent","personalDiscount","supportLimitCents","supportSpentTodayCents","supportLastResetAt","referralBalance","isKycVerified","isEmailVerified","isActive","isDeleted","createdAt","updatedAt") VALUES ($1,$2,$3,$4,$5,$6,$7,$8,$9,$10,$11,$12,$13,$14,$15,$16,$17) RETURNING "teamwork_reviewer_flow"."User"."id", "teamwork_reviewer_flow"."User"."email", "teamwork_reviewer_flow"."User"."passwordHash", "teamwork_reviewer_flow"."User"."role", "teamwork_reviewer_flow"."User"."balance", "teamwork_reviewer_flow"."User"."quarantineBalance", "teamwork_reviewer_flow"."User"."totalSpent", "teamwork_reviewer_flow"."User"."personalDiscount", "teamwork_reviewer_flow"."User"."discountEndsAt", "teamwork_reviewer_flow"."User"."supportLimitCents", "teamwork_reviewer_flow"."User"."supportSpentTodayCents", "teamwork_reviewer_flow"."User"."supportLastResetAt", "teamwork_reviewer_flow"."User"."apiKeyHash", "teamwork_reviewer_flow"."User"."referralCode", "teamwork_reviewer_flow"."User"."referredById", "teamwork_reviewer_flow"."User"."referralBalance", "teamwork_reviewer_flow"."User"."telegramId", "teamwork_reviewer_flow"."User"."phoneHash", "teamwork_reviewer_flow"."User"."isKycVerified", "teamwork_reviewer_flow"."User"."isEmailVerified", "teamwork_reviewer_flow"."User"."isActive", "teamwork_reviewer_flow"."User"."isDeleted", "teamwork_reviewer_flow"."User"."adminNote", "teamwork_reviewer_flow"."User"."adminNoteUpdatedAt", "teamwork_reviewer_flow"."User"."adminNoteUpdatedBy", "teamwork_reviewer_flow"."User"."createdAt", "teamwork_reviewer_flow"."User"."updatedAt", "teamwork_reviewer_flow"."User"."companyName", "teamwork_reviewer_flow"."User"."inn", "teamwork_reviewer_flow"."User"."kpp", "teamwork_reviewer_flow"."User"."legalAddress", "teamwork_reviewer_flow"."User"."staffRoleId"

[90mstdout[2m | test/integration/escrow-flow.test.ts[2m > [22m[2mEscrowService — Integration Tests (Real DB)[2m > [22m[2mRole-based access (Trust Budget bypass)[2m > [22m[2mSUPPORT within daily limit → APPROVED
[22m[39mprisma:query INSERT INTO "teamwork_reviewer_flow"."User" ("id","email","role","balance","quarantineBalance","totalSpent","personalDiscount","supportLimitCents","supportSpentTodayCents","supportLastResetAt","referralBalance","isKycVerified","isEmailVerified","isActive","isDeleted","createdAt","updatedAt") VALUES ($1,$2,$3,$4,$5,$6,$7,$8,$9,$10,$11,$12,$13,$14,$15,$16,$17) RETURNING "teamwork_reviewer_flow"."User"."id", "teamwork_reviewer_flow"."User"."email", "teamwork_reviewer_flow"."User"."passwordHash", "teamwork_reviewer_flow"."User"."role", "teamwork_reviewer_flow"."User"."balance", "teamwork_reviewer_flow"."User"."quarantineBalance", "teamwork_reviewer_flow"."User"."totalSpent", "teamwork_reviewer_flow"."User"."personalDiscount", "teamwork_reviewer_flow"."User"."discountEndsAt", "teamwork_reviewer_flow"."User"."supportLimitCents", "teamwork_reviewer_flow"."User"."supportSpentTodayCents", "teamwork_reviewer_flow"."User"."supportLastResetAt", "teamwork_reviewer_flow"."User"."apiKeyHash", "teamwork_reviewer_flow"."User"."referralCode", "teamwork_reviewer_flow"."User"."referredById", "teamwork_reviewer_flow"."User"."referralBalance", "teamwork_reviewer_flow"."User"."telegramId", "teamwork_reviewer_flow"."User"."phoneHash", "teamwork_reviewer_flow"."User"."isKycVerified", "teamwork_reviewer_flow"."User"."isEmailVerified", "teamwork_reviewer_flow"."User"."isActive", "teamwork_reviewer_flow"."User"."isDeleted", "teamwork_reviewer_flow"."User"."adminNote", "teamwork_reviewer_flow"."User"."adminNoteUpdatedAt", "teamwork_reviewer_flow"."User"."adminNoteUpdatedBy", "teamwork_reviewer_flow"."User"."createdAt", "teamwork_reviewer_flow"."User"."updatedAt", "teamwork_reviewer_flow"."User"."companyName", "teamwork_reviewer_flow"."User"."inn", "teamwork_reviewer_flow"."User"."kpp", "teamwork_reviewer_flow"."User"."legalAddress", "teamwork_reviewer_flow"."User"."staffRoleId"

[90mstdout[2m | test/integration/escrow-flow.test.ts[2m > [22m[2mEscrowService — Integration Tests (Real DB)[2m > [22m[2mRole-based access (Trust Budget bypass)[2m > [22m[2mSUPPORT within daily limit → APPROVED
[22m[39mprisma:query BEGIN

[90mstdout[2m | test/integration/escrow-flow.test.ts[2m > [22m[2mEscrowService — Integration Tests (Real DB)[2m > [22m[2mRole-based access (Trust Budget bypass)[2m > [22m[2mSUPPORT within daily limit → APPROVED
[22m[39mprisma:query SET TRANSACTION ISOLATION LEVEL SERIALIZABLE

[90mstdout[2m | test/integration/escrow-flow.test.ts[2m > [22m[2mEscrowService — Integration Tests (Real DB)[2m > [22m[2mRole-based access (Trust Budget bypass)[2m > [22m[2mSUPPORT within daily limit → APPROVED
[22m[39mprisma:query SELECT SUM("amount") FROM (SELECT "teamwork_reviewer_flow"."LedgerEntry"."amount" FROM "teamwork_reviewer_flow"."LedgerEntry" WHERE ("teamwork_reviewer_flow"."LedgerEntry"."adminId" = $1 AND "teamwork_reviewer_flow"."LedgerEntry"."createdAt" >= $2 AND "teamwork_reviewer_flow"."LedgerEntry"."amount" > $3) OFFSET $4) AS "sub"

[90mstdout[2m | test/integration/escrow-flow.test.ts[2m > [22m[2mEscrowService — Integration Tests (Real DB)[2m > [22m[2mRole-based access (Trust Budget bypass)[2m > [22m[2mSUPPORT within daily limit → APPROVED
[22m[39mprisma:query SELECT "teamwork_reviewer_flow"."User"."id", "teamwork_reviewer_flow"."User"."email", "teamwork_reviewer_flow"."User"."passwordHash", "teamwork_reviewer_flow"."User"."role", "teamwork_reviewer_flow"."User"."balance", "teamwork_reviewer_flow"."User"."quarantineBalance", "teamwork_reviewer_flow"."User"."totalSpent", "teamwork_reviewer_flow"."User"."personalDiscount", "teamwork_reviewer_flow"."User"."discountEndsAt", "teamwork_reviewer_flow"."User"."supportLimitCents", "teamwork_reviewer_flow"."User"."supportSpentTodayCents", "teamwork_reviewer_flow"."User"."supportLastResetAt", "teamwork_reviewer_flow"."User"."apiKeyHash", "teamwork_reviewer_flow"."User"."referralCode", "teamwork_reviewer_flow"."User"."referredById", "teamwork_reviewer_flow"."User"."referralBalance", "teamwork_reviewer_flow"."User"."telegramId", "teamwork_reviewer_flow"."User"."phoneHash", "teamwork_reviewer_flow"."User"."isKycVerified", "teamwork_reviewer_flow"."User"."isEmailVerified", "teamwork_reviewer_flow"."User"."isActive", "teamwork_reviewer_flow"."User"."isDeleted", "teamwork_reviewer_flow"."User"."adminNote", "teamwork_reviewer_flow"."User"."adminNoteUpdatedAt", "teamwork_reviewer_flow"."User"."adminNoteUpdatedBy", "teamwork_reviewer_flow"."User"."createdAt", "teamwork_reviewer_flow"."User"."updatedAt", "teamwork_reviewer_flow"."User"."companyName", "teamwork_reviewer_flow"."User"."inn", "teamwork_reviewer_flow"."User"."kpp", "teamwork_reviewer_flow"."User"."legalAddress", "teamwork_reviewer_flow"."User"."staffRoleId" FROM "teamwork_reviewer_flow"."User" WHERE ("teamwork_reviewer_flow"."User"."id" = $1 AND 1=1) LIMIT $2 OFFSET $3

[90mstdout[2m | test/integration/escrow-flow.test.ts[2m > [22m[2mEscrowService — Integration Tests (Real DB)[2m > [22m[2mRole-based access (Trust Budget bypass)[2m > [22m[2mSUPPORT within daily limit → APPROVED
[22m[39mprisma:query UPDATE "teamwork_reviewer_flow"."User" SET "balance" = ("teamwork_reviewer_flow"."User"."balance" + $1), "updatedAt" = $2 WHERE ("teamwork_reviewer_flow"."User"."id" = $3 AND 1=1) RETURNING "teamwork_reviewer_flow"."User"."id", "teamwork_reviewer_flow"."User"."balance"

[90mstdout[2m | test/integration/escrow-flow.test.ts[2m > [22m[2mEscrowService — Integration Tests (Real DB)[2m > [22m[2mRole-based access (Trust Budget bypass)[2m > [22m[2mSUPPORT within daily limit → APPROVED
[22m[39mprisma:query INSERT INTO "teamwork_reviewer_flow"."LedgerEntry" ("id","userId","adminId","amount","reason","status","transactionType","createdAt","updatedAt") VALUES ($1,$2,$3,$4,$5,$6,$7,$8,$9) RETURNING "teamwork_reviewer_flow"."LedgerEntry"."id", "teamwork_reviewer_flow"."LedgerEntry"."userId", "teamwork_reviewer_flow"."LedgerEntry"."adminId", "teamwork_reviewer_flow"."LedgerEntry"."amount", "teamwork_reviewer_flow"."LedgerEntry"."reason", "teamwork_reviewer_flow"."LedgerEntry"."status", "teamwork_reviewer_flow"."LedgerEntry"."idempotencyKey", "teamwork_reviewer_flow"."LedgerEntry"."transactionType", "teamwork_reviewer_flow"."LedgerEntry"."createdAt", "teamwork_reviewer_flow"."LedgerEntry"."updatedAt"

[90mstdout[2m | test/integration/escrow-flow.test.ts[2m > [22m[2mEscrowService — Integration Tests (Real DB)[2m > [22m[2mRole-based access (Trust Budget bypass)[2m > [22m[2mSUPPORT within daily limit → APPROVED
[22m[39mprisma:query COMMIT

[90mstdout[2m | test/integration/escrow-flow.test.ts[2m > [22m[2mEscrowService — Integration Tests (Real DB)[2m > [22m[2mRole-based access (Trust Budget bypass)[2m > [22m[2mSUPPORT within daily limit → APPROVED
[22m[39mprisma:query SELECT "teamwork_reviewer_flow"."User"."id", "teamwork_reviewer_flow"."User"."email", "teamwork_reviewer_flow"."User"."passwordHash", "teamwork_reviewer_flow"."User"."role", "teamwork_reviewer_flow"."User"."balance", "teamwork_reviewer_flow"."User"."quarantineBalance", "teamwork_reviewer_flow"."User"."totalSpent", "teamwork_reviewer_flow"."User"."personalDiscount", "teamwork_reviewer_flow"."User"."discountEndsAt", "teamwork_reviewer_flow"."User"."supportLimitCents", "teamwork_reviewer_flow"."User"."supportSpentTodayCents", "teamwork_reviewer_flow"."User"."supportLastResetAt", "teamwork_reviewer_flow"."User"."apiKeyHash", "teamwork_reviewer_flow"."User"."referralCode", "teamwork_reviewer_flow"."User"."referredById", "teamwork_reviewer_flow"."User"."referralBalance", "teamwork_reviewer_flow"."User"."telegramId", "teamwork_reviewer_flow"."User"."phoneHash", "teamwork_reviewer_flow"."User"."isKycVerified", "teamwork_reviewer_flow"."User"."isEmailVerified", "teamwork_reviewer_flow"."User"."isActive", "teamwork_reviewer_flow"."User"."isDeleted", "teamwork_reviewer_flow"."User"."adminNote", "teamwork_reviewer_flow"."User"."adminNoteUpdatedAt", "teamwork_reviewer_flow"."User"."adminNoteUpdatedBy", "teamwork_reviewer_flow"."User"."createdAt", "teamwork_reviewer_flow"."User"."updatedAt", "teamwork_reviewer_flow"."User"."companyName", "teamwork_reviewer_flow"."User"."inn", "teamwork_reviewer_flow"."User"."kpp", "teamwork_reviewer_flow"."User"."legalAddress", "teamwork_reviewer_flow"."User"."staffRoleId" FROM "teamwork_reviewer_flow"."User" WHERE ("teamwork_reviewer_flow"."User"."id" = $1 AND 1=1) LIMIT $2 OFFSET $3

[90mstdout[2m | test/integration/escrow-flow.test.ts[2m > [22m[2mEscrowService — Integration Tests (Real DB)[2m > [22m[2mRole-based access (Trust Budget bypass)[2m > [22m[2mSUPPORT within daily limit → APPROVED
[22m[39mprisma:query SELECT "teamwork_reviewer_flow"."LedgerEntry"."id", "teamwork_reviewer_flow"."LedgerEntry"."userId", "teamwork_reviewer_flow"."LedgerEntry"."adminId", "teamwork_reviewer_flow"."LedgerEntry"."amount", "teamwork_reviewer_flow"."LedgerEntry"."reason", "teamwork_reviewer_flow"."LedgerEntry"."status", "teamwork_reviewer_flow"."LedgerEntry"."idempotencyKey", "teamwork_reviewer_flow"."LedgerEntry"."transactionType", "teamwork_reviewer_flow"."LedgerEntry"."createdAt", "teamwork_reviewer_flow"."LedgerEntry"."updatedAt" FROM "teamwork_reviewer_flow"."LedgerEntry" WHERE "teamwork_reviewer_flow"."LedgerEntry"."userId" = $1 LIMIT $2 OFFSET $3

[90mstdout[2m | test/integration/escrow-flow.test.ts[2m > [22m[2mEscrowService — Integration Tests (Real DB)[2m > [22m[2mRole-based access (Trust Budget bypass)[2m > [22m[2mSUPPORT within daily limit → APPROVED
[22m[39mprisma:query INSERT INTO "teamwork_reviewer_flow"."AdminAuditLog" ("id","adminId","adminEmail","action","target","targetType","oldValue","newValue","ipAddress","createdAt") VALUES ($1,$2,$3,$4,$5,$6,$7,$8,$9,$10) RETURNING "teamwork_reviewer_flow"."AdminAuditLog"."id", "teamwork_reviewer_flow"."AdminAuditLog"."adminId", "teamwork_reviewer_flow"."AdminAuditLog"."adminEmail", "teamwork_reviewer_flow"."AdminAuditLog"."action", "teamwork_reviewer_flow"."AdminAuditLog"."target", "teamwork_reviewer_flow"."AdminAuditLog"."targetType", "teamwork_reviewer_flow"."AdminAuditLog"."oldValue", "teamwork_reviewer_flow"."AdminAuditLog"."newValue", "teamwork_reviewer_flow"."AdminAuditLog"."ipAddress", "teamwork_reviewer_flow"."AdminAuditLog"."createdAt"

[90mstdout[2m | test/integration/escrow-flow.test.ts[2m > [22m[2mEscrowService — Integration Tests (Real DB)[2m > [22m[2mRole-based access (Trust Budget bypass)[2m > [22m[2mSUPPORT exceeds daily limit → QUARANTINE
[22m[39mprisma:query 
        SELECT tablename FROM pg_tables WHERE schemaname='public' AND tablename != '_prisma_migrations';
      

[90mstdout[2m | test/integration/escrow-flow.test.ts[2m > [22m[2mEscrowService — Integration Tests (Real DB)[2m > [22m[2mRole-based access (Trust Budget bypass)[2m > [22m[2mSUPPORT exceeds daily limit → QUARANTINE
[22m[39mprisma:query TRUNCATE TABLE "ServiceSmartConfig", "StaffPermission", "SmartSnapshot", "LedgerEntry", "Payment", "SmartCampaign", "LoginLog", "AnalyticsEvent", "PromoCodeUsage", "AuthToken", "SupportTemplate", "User", "AdminAuditLog", "FeatureFlag", "MessageAttachment", "Order", "Refill", "TicketMessage", "SecurityEvent", "Ticket", "ServiceRoute", "Service", "SystemSetting", "SmartDetectedUser", "SmartChannelMetric", "PromoCode", "SystemSettings", "UrlPattern", "RateLimit", "Provider", "Article", "B2bConfig", "SmartExecution", "Commission", "ContentItem", "Network", "Page", "Invoice", "RoutingAuditLog", "ContentCategory", "StaffRole", "Category", "AuditLog", "SmartTask", "Session" RESTART IDENTITY CASCADE;

[90mstdout[2m | test/integration/escrow-flow.test.ts[2m > [22m[2mEscrowService — Integration Tests (Real DB)[2m > [22m[2mRole-based access (Trust Budget bypass)[2m > [22m[2mSUPPORT exceeds daily limit → QUARANTINE
[22m[39mprisma:query SELECT 1

[90mstdout[2m | test/integration/escrow-flow.test.ts[2m > [22m[2mEscrowService — Integration Tests (Real DB)[2m > [22m[2mRole-based access (Trust Budget bypass)[2m > [22m[2mSUPPORT exceeds daily limit → QUARANTINE
[22m[39mprisma:query INSERT INTO "teamwork_reviewer_flow"."SystemSettings" ("id","isTestMode","taxRate","usnScheme","opexMonthly","maintenanceMode","siteName","siteDescription","welcomeMessage","quarantineThreshold","globalMarkup","safetyFloor","exchangeRateUSD","emailProvider","smtpPort","updatedAt") VALUES ($1,$2,$3,CAST($4::text AS "teamwork_reviewer_flow"."UsnScheme"),$5,$6,$7,$8,$9,$10,$11,$12,$13,$14,$15,$16) ON CONFLICT ("id") DO UPDATE SET "taxRate" = $17, "opexMonthly" = $18, "maintenanceMode" = $19, "isTestMode" = $20, "siteName" = $21, "siteDescription" = $22, "exchangeRateUSD" = $23, "updatedAt" = $24 WHERE ("teamwork_reviewer_flow"."SystemSettings"."id" = $25 AND 1=1) RETURNING "teamwork_reviewer_flow"."SystemSettings"."id", "teamwork_reviewer_flow"."SystemSettings"."isTestMode", "teamwork_reviewer_flow"."SystemSettings"."taxRate", "teamwork_reviewer_flow"."SystemSettings"."usnScheme"::text, "teamwork_reviewer_flow"."SystemSettings"."opexMonthly", "teamwork_reviewer_flow"."SystemSettings"."maintenanceMode", "teamwork_reviewer_flow"."SystemSettings"."siteName", "teamwork_reviewer_flow"."SystemSettings"."siteDescription", "teamwork_reviewer_flow"."SystemSettings"."welcomeMessage", "teamwork_reviewer_flow"."SystemSettings"."yookassaShopId", "teamwork_reviewer_flow"."SystemSettings"."yookassaSecretKey", "teamwork_reviewer_flow"."SystemSettings"."yookassaTestShopId", "teamwork_reviewer_flow"."SystemSettings"."yookassaTestSecretKey", "teamwork_reviewer_flow"."SystemSettings"."cryptoBotToken", "teamwork_reviewer_flow"."SystemSettings"."quarantineThreshold", "teamwork_reviewer_flow"."SystemSettings"."globalMarkup", "teamwork_reviewer_flow"."SystemSettings"."safetyFloor", "teamwork_reviewer_flow"."SystemSettings"."exchangeRateUSD", "teamwork_reviewer_flow"."SystemSettings"."exchangeRateUpdatedAt", "teamwork_reviewer_flow"."SystemSettings"."siteLogoUrl", "teamwork_reviewer_flow"."SystemSettings"."siteFaviconUrl", "teamwork_reviewer_flow"."SystemSettings"."emailProvider", "teamwork_reviewer_flow"."SystemSettings"."resendApiKey", "teamwork_reviewer_flow"."SystemSettings"."smtpHost", "teamwork_reviewer_flow"."SystemSettings"."smtpPort", "teamwork_reviewer_flow"."SystemSettings"."smtpUser", "teamwork_reviewer_flow"."SystemSettings"."smtpPassword", "teamwork_reviewer_flow"."SystemSettings"."supportEmailDomain", "teamwork_reviewer_flow"."SystemSettings"."inboundEmailWebhookSecret", "teamwork_reviewer_flow"."SystemSettings"."robokassaLogin", "teamwork_reviewer_flow"."SystemSettings"."robokassaPassword", "teamwork_reviewer_flow"."SystemSettings"."updatedAt", "teamwork_reviewer_flow"."SystemSettings"."contactSupportEmail", "teamwork_reviewer_flow"."SystemSettings"."contactPrivacyEmail", "teamwork_reviewer_flow"."SystemSettings"."contactTelegramBot", "teamwork_reviewer_flow"."SystemSettings"."contactTelegramChannel", "teamwork_reviewer_flow"."SystemSettings"."contactWhatsApp", "teamwork_reviewer_flow"."SystemSettings"."contactVk", "teamwork_reviewer_flow"."SystemSettings"."legalCompanyName", "teamwork_reviewer_flow"."SystemSettings"."legalCompanyInn", "teamwork_reviewer_flow"."SystemSettings"."legalCompanyOgrnip", "teamwork_reviewer_flow"."SystemSettings"."legalCompanyAddress"

[90mstdout[2m | test/integration/escrow-flow.test.ts[2m > [22m[2mEscrowService — Integration Tests (Real DB)[2m > [22m[2mRole-based access (Trust Budget bypass)[2m > [22m[2mSUPPORT exceeds daily limit → QUARANTINE
[22m[39mprisma:query INSERT INTO "teamwork_reviewer_flow"."User" ("id","email","role","balance","quarantineBalance","totalSpent","personalDiscount","supportLimitCents","supportSpentTodayCents","supportLastResetAt","referralBalance","isKycVerified","isEmailVerified","isActive","isDeleted","createdAt","updatedAt") VALUES ($1,$2,$3,$4,$5,$6,$7,$8,$9,$10,$11,$12,$13,$14,$15,$16,$17) RETURNING "teamwork_reviewer_flow"."User"."id", "teamwork_reviewer_flow"."User"."email", "teamwork_reviewer_flow"."User"."passwordHash", "teamwork_reviewer_flow"."User"."role", "teamwork_reviewer_flow"."User"."balance", "teamwork_reviewer_flow"."User"."quarantineBalance", "teamwork_reviewer_flow"."User"."totalSpent", "teamwork_reviewer_flow"."User"."personalDiscount", "teamwork_reviewer_flow"."User"."discountEndsAt", "teamwork_reviewer_flow"."User"."supportLimitCents", "teamwork_reviewer_flow"."User"."supportSpentTodayCents", "teamwork_reviewer_flow"."User"."supportLastResetAt", "teamwork_reviewer_flow"."User"."apiKeyHash", "teamwork_reviewer_flow"."User"."referralCode", "teamwork_reviewer_flow"."User"."referredById", "teamwork_reviewer_flow"."User"."referralBalance", "teamwork_reviewer_flow"."User"."telegramId", "teamwork_reviewer_flow"."User"."phoneHash", "teamwork_reviewer_flow"."User"."isKycVerified", "teamwork_reviewer_flow"."User"."isEmailVerified", "teamwork_reviewer_flow"."User"."isActive", "teamwork_reviewer_flow"."User"."isDeleted", "teamwork_reviewer_flow"."User"."adminNote", "teamwork_reviewer_flow"."User"."adminNoteUpdatedAt", "teamwork_reviewer_flow"."User"."adminNoteUpdatedBy", "teamwork_reviewer_flow"."User"."createdAt", "teamwork_reviewer_flow"."User"."updatedAt", "teamwork_reviewer_flow"."User"."companyName", "teamwork_reviewer_flow"."User"."inn", "teamwork_reviewer_flow"."User"."kpp", "teamwork_reviewer_flow"."User"."legalAddress", "teamwork_reviewer_flow"."User"."staffRoleId"

[90mstdout[2m | test/integration/escrow-flow.test.ts[2m > [22m[2mEscrowService — Integration Tests (Real DB)[2m > [22m[2mRole-based access (Trust Budget bypass)[2m > [22m[2mSUPPORT exceeds daily limit → QUARANTINE
[22m[39mprisma:query INSERT INTO "teamwork_reviewer_flow"."User" ("id","email","role","balance","quarantineBalance","totalSpent","personalDiscount","supportLimitCents","supportSpentTodayCents","supportLastResetAt","referralBalance","isKycVerified","isEmailVerified","isActive","isDeleted","createdAt","updatedAt") VALUES ($1,$2,$3,$4,$5,$6,$7,$8,$9,$10,$11,$12,$13,$14,$15,$16,$17) RETURNING "teamwork_reviewer_flow"."User"."id", "teamwork_reviewer_flow"."User"."email", "teamwork_reviewer_flow"."User"."passwordHash", "teamwork_reviewer_flow"."User"."role", "teamwork_reviewer_flow"."User"."balance", "teamwork_reviewer_flow"."User"."quarantineBalance", "teamwork_reviewer_flow"."User"."totalSpent", "teamwork_reviewer_flow"."User"."personalDiscount", "teamwork_reviewer_flow"."User"."discountEndsAt", "teamwork_reviewer_flow"."User"."supportLimitCents", "teamwork_reviewer_flow"."User"."supportSpentTodayCents", "teamwork_reviewer_flow"."User"."supportLastResetAt", "teamwork_reviewer_flow"."User"."apiKeyHash", "teamwork_reviewer_flow"."User"."referralCode", "teamwork_reviewer_flow"."User"."referredById", "teamwork_reviewer_flow"."User"."referralBalance", "teamwork_reviewer_flow"."User"."telegramId", "teamwork_reviewer_flow"."User"."phoneHash", "teamwork_reviewer_flow"."User"."isKycVerified", "teamwork_reviewer_flow"."User"."isEmailVerified", "teamwork_reviewer_flow"."User"."isActive", "teamwork_reviewer_flow"."User"."isDeleted", "teamwork_reviewer_flow"."User"."adminNote", "teamwork_reviewer_flow"."User"."adminNoteUpdatedAt", "teamwork_reviewer_flow"."User"."adminNoteUpdatedBy", "teamwork_reviewer_flow"."User"."createdAt", "teamwork_reviewer_flow"."User"."updatedAt", "teamwork_reviewer_flow"."User"."companyName", "teamwork_reviewer_flow"."User"."inn", "teamwork_reviewer_flow"."User"."kpp", "teamwork_reviewer_flow"."User"."legalAddress", "teamwork_reviewer_flow"."User"."staffRoleId"

[90mstdout[2m | test/integration/escrow-flow.test.ts[2m > [22m[2mEscrowService — Integration Tests (Real DB)[2m > [22m[2mRole-based access (Trust Budget bypass)[2m > [22m[2mSUPPORT exceeds daily limit → QUARANTINE
[22m[39mprisma:query BEGIN

[90mstdout[2m | test/integration/escrow-flow.test.ts[2m > [22m[2mEscrowService — Integration Tests (Real DB)[2m > [22m[2mRole-based access (Trust Budget bypass)[2m > [22m[2mSUPPORT exceeds daily limit → QUARANTINE
[22m[39mprisma:query SET TRANSACTION ISOLATION LEVEL SERIALIZABLE

[90mstdout[2m | test/integration/escrow-flow.test.ts[2m > [22m[2mEscrowService — Integration Tests (Real DB)[2m > [22m[2mRole-based access (Trust Budget bypass)[2m > [22m[2mSUPPORT exceeds daily limit → QUARANTINE
[22m[39mprisma:query SELECT SUM("amount") FROM (SELECT "teamwork_reviewer_flow"."LedgerEntry"."amount" FROM "teamwork_reviewer_flow"."LedgerEntry" WHERE ("teamwork_reviewer_flow"."LedgerEntry"."adminId" = $1 AND "teamwork_reviewer_flow"."LedgerEntry"."createdAt" >= $2 AND "teamwork_reviewer_flow"."LedgerEntry"."amount" > $3) OFFSET $4) AS "sub"

[90mstdout[2m | test/integration/escrow-flow.test.ts[2m > [22m[2mEscrowService — Integration Tests (Real DB)[2m > [22m[2mRole-based access (Trust Budget bypass)[2m > [22m[2mSUPPORT exceeds daily limit → QUARANTINE
[22m[39mprisma:query SELECT "teamwork_reviewer_flow"."User"."id", "teamwork_reviewer_flow"."User"."email", "teamwork_reviewer_flow"."User"."passwordHash", "teamwork_reviewer_flow"."User"."role", "teamwork_reviewer_flow"."User"."balance", "teamwork_reviewer_flow"."User"."quarantineBalance", "teamwork_reviewer_flow"."User"."totalSpent", "teamwork_reviewer_flow"."User"."personalDiscount", "teamwork_reviewer_flow"."User"."discountEndsAt", "teamwork_reviewer_flow"."User"."supportLimitCents", "teamwork_reviewer_flow"."User"."supportSpentTodayCents", "teamwork_reviewer_flow"."User"."supportLastResetAt", "teamwork_reviewer_flow"."User"."apiKeyHash", "teamwork_reviewer_flow"."User"."referralCode", "teamwork_reviewer_flow"."User"."referredById", "teamwork_reviewer_flow"."User"."referralBalance", "teamwork_reviewer_flow"."User"."telegramId", "teamwork_reviewer_flow"."User"."phoneHash", "teamwork_reviewer_flow"."User"."isKycVerified", "teamwork_reviewer_flow"."User"."isEmailVerified", "teamwork_reviewer_flow"."User"."isActive", "teamwork_reviewer_flow"."User"."isDeleted", "teamwork_reviewer_flow"."User"."adminNote", "teamwork_reviewer_flow"."User"."adminNoteUpdatedAt", "teamwork_reviewer_flow"."User"."adminNoteUpdatedBy", "teamwork_reviewer_flow"."User"."createdAt", "teamwork_reviewer_flow"."User"."updatedAt", "teamwork_reviewer_flow"."User"."companyName", "teamwork_reviewer_flow"."User"."inn", "teamwork_reviewer_flow"."User"."kpp", "teamwork_reviewer_flow"."User"."legalAddress", "teamwork_reviewer_flow"."User"."staffRoleId" FROM "teamwork_reviewer_flow"."User" WHERE ("teamwork_reviewer_flow"."User"."id" = $1 AND 1=1) LIMIT $2 OFFSET $3

[90mstdout[2m | test/integration/escrow-flow.test.ts[2m > [22m[2mEscrowService — Integration Tests (Real DB)[2m > [22m[2mRole-based access (Trust Budget bypass)[2m > [22m[2mSUPPORT exceeds daily limit → QUARANTINE
[22m[39mprisma:query UPDATE "teamwork_reviewer_flow"."User" SET "quarantineBalance" = ("teamwork_reviewer_flow"."User"."quarantineBalance" + $1), "updatedAt" = $2 WHERE ("teamwork_reviewer_flow"."User"."id" = $3 AND 1=1) RETURNING "teamwork_reviewer_flow"."User"."id", "teamwork_reviewer_flow"."User"."email", "teamwork_reviewer_flow"."User"."passwordHash", "teamwork_reviewer_flow"."User"."role", "teamwork_reviewer_flow"."User"."balance", "teamwork_reviewer_flow"."User"."quarantineBalance", "teamwork_reviewer_flow"."User"."totalSpent", "teamwork_reviewer_flow"."User"."personalDiscount", "teamwork_reviewer_flow"."User"."discountEndsAt", "teamwork_reviewer_flow"."User"."supportLimitCents", "teamwork_reviewer_flow"."User"."supportSpentTodayCents", "teamwork_reviewer_flow"."User"."supportLastResetAt", "teamwork_reviewer_flow"."User"."apiKeyHash", "teamwork_reviewer_flow"."User"."referralCode", "teamwork_reviewer_flow"."User"."referredById", "teamwork_reviewer_flow"."User"."referralBalance", "teamwork_reviewer_flow"."User"."telegramId", "teamwork_reviewer_flow"."User"."phoneHash", "teamwork_reviewer_flow"."User"."isKycVerified", "teamwork_reviewer_flow"."User"."isEmailVerified", "teamwork_reviewer_flow"."User"."isActive", "teamwork_reviewer_flow"."User"."isDeleted", "teamwork_reviewer_flow"."User"."adminNote", "teamwork_reviewer_flow"."User"."adminNoteUpdatedAt", "teamwork_reviewer_flow"."User"."adminNoteUpdatedBy", "teamwork_reviewer_flow"."User"."createdAt", "teamwork_reviewer_flow"."User"."updatedAt", "teamwork_reviewer_flow"."User"."companyName", "teamwork_reviewer_flow"."User"."inn", "teamwork_reviewer_flow"."User"."kpp", "teamwork_reviewer_flow"."User"."legalAddress", "teamwork_reviewer_flow"."User"."staffRoleId"

[90mstdout[2m | test/integration/escrow-flow.test.ts[2m > [22m[2mEscrowService — Integration Tests (Real DB)[2m > [22m[2mRole-based access (Trust Budget bypass)[2m > [22m[2mSUPPORT exceeds daily limit → QUARANTINE
[22m[39mprisma:query INSERT INTO "teamwork_reviewer_flow"."LedgerEntry" ("id","userId","adminId","amount","reason","status","transactionType","createdAt","updatedAt") VALUES ($1,$2,$3,$4,$5,$6,$7,$8,$9) RETURNING "teamwork_reviewer_flow"."LedgerEntry"."id", "teamwork_reviewer_flow"."LedgerEntry"."userId", "teamwork_reviewer_flow"."LedgerEntry"."adminId", "teamwork_reviewer_flow"."LedgerEntry"."amount", "teamwork_reviewer_flow"."LedgerEntry"."reason", "teamwork_reviewer_flow"."LedgerEntry"."status", "teamwork_reviewer_flow"."LedgerEntry"."idempotencyKey", "teamwork_reviewer_flow"."LedgerEntry"."transactionType", "teamwork_reviewer_flow"."LedgerEntry"."createdAt", "teamwork_reviewer_flow"."LedgerEntry"."updatedAt"

[90mstdout[2m | test/integration/escrow-flow.test.ts[2m > [22m[2mEscrowService — Integration Tests (Real DB)[2m > [22m[2mRole-based access (Trust Budget bypass)[2m > [22m[2mSUPPORT exceeds daily limit → QUARANTINE
[22m[39mprisma:query COMMIT

[90mstdout[2m | test/integration/escrow-flow.test.ts[2m > [22m[2mEscrowService — Integration Tests (Real DB)[2m > [22m[2mRole-based access (Trust Budget bypass)[2m > [22m[2mSUPPORT exceeds daily limit → QUARANTINE
[22m[39mprisma:query SELECT "teamwork_reviewer_flow"."User"."id", "teamwork_reviewer_flow"."User"."email", "teamwork_reviewer_flow"."User"."passwordHash", "teamwork_reviewer_flow"."User"."role", "teamwork_reviewer_flow"."User"."balance", "teamwork_reviewer_flow"."User"."quarantineBalance", "teamwork_reviewer_flow"."User"."totalSpent", "teamwork_reviewer_flow"."User"."personalDiscount", "teamwork_reviewer_flow"."User"."discountEndsAt", "teamwork_reviewer_flow"."User"."supportLimitCents", "teamwork_reviewer_flow"."User"."supportSpentTodayCents", "teamwork_reviewer_flow"."User"."supportLastResetAt", "teamwork_reviewer_flow"."User"."apiKeyHash", "teamwork_reviewer_flow"."User"."referralCode", "teamwork_reviewer_flow"."User"."referredById", "teamwork_reviewer_flow"."User"."referralBalance", "teamwork_reviewer_flow"."User"."telegramId", "teamwork_reviewer_flow"."User"."phoneHash", "teamwork_reviewer_flow"."User"."isKycVerified", "teamwork_reviewer_flow"."User"."isEmailVerified", "teamwork_reviewer_flow"."User"."isActive", "teamwork_reviewer_flow"."User"."isDeleted", "teamwork_reviewer_flow"."User"."adminNote", "teamwork_reviewer_flow"."User"."adminNoteUpdatedAt", "teamwork_reviewer_flow"."User"."adminNoteUpdatedBy", "teamwork_reviewer_flow"."User"."createdAt", "teamwork_reviewer_flow"."User"."updatedAt", "teamwork_reviewer_flow"."User"."companyName", "teamwork_reviewer_flow"."User"."inn", "teamwork_reviewer_flow"."User"."kpp", "teamwork_reviewer_flow"."User"."legalAddress", "teamwork_reviewer_flow"."User"."staffRoleId" FROM "teamwork_reviewer_flow"."User" WHERE ("teamwork_reviewer_flow"."User"."id" = $1 AND 1=1) LIMIT $2 OFFSET $3

[90mstdout[2m | test/integration/escrow-flow.test.ts[2m > [22m[2mEscrowService — Integration Tests (Real DB)[2m > [22m[2mRole-based access (Trust Budget bypass)[2m > [22m[2mSUPPORT exceeds daily limit → QUARANTINE
[22m[39mprisma:query INSERT INTO "teamwork_reviewer_flow"."AdminAuditLog" ("id","adminId","adminEmail","action","target","targetType","oldValue","newValue","ipAddress","createdAt") VALUES ($1,$2,$3,$4,$5,$6,$7,$8,$9,$10) RETURNING "teamwork_reviewer_flow"."AdminAuditLog"."id", "teamwork_reviewer_flow"."AdminAuditLog"."adminId", "teamwork_reviewer_flow"."AdminAuditLog"."adminEmail", "teamwork_reviewer_flow"."AdminAuditLog"."action", "teamwork_reviewer_flow"."AdminAuditLog"."target", "teamwork_reviewer_flow"."AdminAuditLog"."targetType", "teamwork_reviewer_flow"."AdminAuditLog"."oldValue", "teamwork_reviewer_flow"."AdminAuditLog"."newValue", "teamwork_reviewer_flow"."AdminAuditLog"."ipAddress", "teamwork_reviewer_flow"."AdminAuditLog"."createdAt"

[90mstdout[2m | test/integration/escrow-flow.test.ts[2m > [22m[2mEscrowService — Integration Tests (Real DB)[2m > [22m[2mRole-based access (Trust Budget bypass)[2m > [22m[2mSUPPORT exceeds daily limit → QUARANTINE
[22m[39mprisma:query SELECT "teamwork_reviewer_flow"."LedgerEntry"."id", "teamwork_reviewer_flow"."LedgerEntry"."userId", "teamwork_reviewer_flow"."LedgerEntry"."adminId", "teamwork_reviewer_flow"."LedgerEntry"."amount", "teamwork_reviewer_flow"."LedgerEntry"."reason", "teamwork_reviewer_flow"."LedgerEntry"."status", "teamwork_reviewer_flow"."LedgerEntry"."idempotencyKey", "teamwork_reviewer_flow"."LedgerEntry"."transactionType", "teamwork_reviewer_flow"."LedgerEntry"."createdAt", "teamwork_reviewer_flow"."LedgerEntry"."updatedAt" FROM "teamwork_reviewer_flow"."LedgerEntry" WHERE "teamwork_reviewer_flow"."LedgerEntry"."userId" = $1 LIMIT $2 OFFSET $3

[90mstdout[2m | test/integration/escrow-flow.test.ts[2m > [22m[2mEscrowService — Integration Tests (Real DB)[2m > [22m[2mCumulative daily trust budget[2m > [22m[2mThird transaction triggers QUARANTINE when cumulative > limit
[22m[39mprisma:query 
        SELECT tablename FROM pg_tables WHERE schemaname='public' AND tablename != '_prisma_migrations';
      

[90mstdout[2m | test/integration/escrow-flow.test.ts[2m > [22m[2mEscrowService — Integration Tests (Real DB)[2m > [22m[2mCumulative daily trust budget[2m > [22m[2mThird transaction triggers QUARANTINE when cumulative > limit
[22m[39mprisma:query TRUNCATE TABLE "ServiceSmartConfig", "StaffPermission", "SmartSnapshot", "LedgerEntry", "Payment", "SmartCampaign", "LoginLog", "AnalyticsEvent", "PromoCodeUsage", "AuthToken", "SupportTemplate", "User", "AdminAuditLog", "FeatureFlag", "MessageAttachment", "Order", "Refill", "TicketMessage", "SecurityEvent", "Ticket", "ServiceRoute", "Service", "SystemSetting", "SmartDetectedUser", "SmartChannelMetric", "PromoCode", "SystemSettings", "UrlPattern", "RateLimit", "Provider", "Article", "B2bConfig", "SmartExecution", "Commission", "ContentItem", "Network", "Page", "Invoice", "RoutingAuditLog", "ContentCategory", "StaffRole", "Category", "AuditLog", "SmartTask", "Session" RESTART IDENTITY CASCADE;

[90mstdout[2m | test/integration/escrow-flow.test.ts[2m > [22m[2mEscrowService — Integration Tests (Real DB)[2m > [22m[2mCumulative daily trust budget[2m > [22m[2mThird transaction triggers QUARANTINE when cumulative > limit
[22m[39mprisma:query INSERT INTO "teamwork_reviewer_flow"."SystemSettings" ("id","isTestMode","taxRate","usnScheme","opexMonthly","maintenanceMode","siteName","siteDescription","welcomeMessage","quarantineThreshold","globalMarkup","safetyFloor","exchangeRateUSD","emailProvider","smtpPort","updatedAt") VALUES ($1,$2,$3,CAST($4::text AS "teamwork_reviewer_flow"."UsnScheme"),$5,$6,$7,$8,$9,$10,$11,$12,$13,$14,$15,$16) ON CONFLICT ("id") DO UPDATE SET "taxRate" = $17, "opexMonthly" = $18, "maintenanceMode" = $19, "isTestMode" = $20, "siteName" = $21, "siteDescription" = $22, "exchangeRateUSD" = $23, "updatedAt" = $24 WHERE ("teamwork_reviewer_flow"."SystemSettings"."id" = $25 AND 1=1) RETURNING "teamwork_reviewer_flow"."SystemSettings"."id", "teamwork_reviewer_flow"."SystemSettings"."isTestMode", "teamwork_reviewer_flow"."SystemSettings"."taxRate", "teamwork_reviewer_flow"."SystemSettings"."usnScheme"::text, "teamwork_reviewer_flow"."SystemSettings"."opexMonthly", "teamwork_reviewer_flow"."SystemSettings"."maintenanceMode", "teamwork_reviewer_flow"."SystemSettings"."siteName", "teamwork_reviewer_flow"."SystemSettings"."siteDescription", "teamwork_reviewer_flow"."SystemSettings"."welcomeMessage", "teamwork_reviewer_flow"."SystemSettings"."yookassaShopId", "teamwork_reviewer_flow"."SystemSettings"."yookassaSecretKey", "teamwork_reviewer_flow"."SystemSettings"."yookassaTestShopId", "teamwork_reviewer_flow"."SystemSettings"."yookassaTestSecretKey", "teamwork_reviewer_flow"."SystemSettings"."cryptoBotToken", "teamwork_reviewer_flow"."SystemSettings"."quarantineThreshold", "teamwork_reviewer_flow"."SystemSettings"."globalMarkup", "teamwork_reviewer_flow"."SystemSettings"."safetyFloor", "teamwork_reviewer_flow"."SystemSettings"."exchangeRateUSD", "teamwork_reviewer_flow"."SystemSettings"."exchangeRateUpdatedAt", "teamwork_reviewer_flow"."SystemSettings"."siteLogoUrl", "teamwork_reviewer_flow"."SystemSettings"."siteFaviconUrl", "teamwork_reviewer_flow"."SystemSettings"."emailProvider", "teamwork_reviewer_flow"."SystemSettings"."resendApiKey", "teamwork_reviewer_flow"."SystemSettings"."smtpHost", "teamwork_reviewer_flow"."SystemSettings"."smtpPort", "teamwork_reviewer_flow"."SystemSettings"."smtpUser", "teamwork_reviewer_flow"."SystemSettings"."smtpPassword", "teamwork_reviewer_flow"."SystemSettings"."supportEmailDomain", "teamwork_reviewer_flow"."SystemSettings"."inboundEmailWebhookSecret", "teamwork_reviewer_flow"."SystemSettings"."robokassaLogin", "teamwork_reviewer_flow"."SystemSettings"."robokassaPassword", "teamwork_reviewer_flow"."SystemSettings"."updatedAt", "teamwork_reviewer_flow"."SystemSettings"."contactSupportEmail", "teamwork_reviewer_flow"."SystemSettings"."contactPrivacyEmail", "teamwork_reviewer_flow"."SystemSettings"."contactTelegramBot", "teamwork_reviewer_flow"."SystemSettings"."contactTelegramChannel", "teamwork_reviewer_flow"."SystemSettings"."contactWhatsApp", "teamwork_reviewer_flow"."SystemSettings"."contactVk", "teamwork_reviewer_flow"."SystemSettings"."legalCompanyName", "teamwork_reviewer_flow"."SystemSettings"."legalCompanyInn", "teamwork_reviewer_flow"."SystemSettings"."legalCompanyOgrnip", "teamwork_reviewer_flow"."SystemSettings"."legalCompanyAddress"

[90mstdout[2m | test/integration/escrow-flow.test.ts[2m > [22m[2mEscrowService — Integration Tests (Real DB)[2m > [22m[2mCumulative daily trust budget[2m > [22m[2mThird transaction triggers QUARANTINE when cumulative > limit
[22m[39mprisma:query INSERT INTO "teamwork_reviewer_flow"."User" ("id","email","role","balance","quarantineBalance","totalSpent","personalDiscount","supportLimitCents","supportSpentTodayCents","supportLastResetAt","referralBalance","isKycVerified","isEmailVerified","isActive","isDeleted","createdAt","updatedAt") VALUES ($1,$2,$3,$4,$5,$6,$7,$8,$9,$10,$11,$12,$13,$14,$15,$16,$17) RETURNING "teamwork_reviewer_flow"."User"."id", "teamwork_reviewer_flow"."User"."email", "teamwork_reviewer_flow"."User"."passwordHash", "teamwork_reviewer_flow"."User"."role", "teamwork_reviewer_flow"."User"."balance", "teamwork_reviewer_flow"."User"."quarantineBalance", "teamwork_reviewer_flow"."User"."totalSpent", "teamwork_reviewer_flow"."User"."personalDiscount", "teamwork_reviewer_flow"."User"."discountEndsAt", "teamwork_reviewer_flow"."User"."supportLimitCents", "teamwork_reviewer_flow"."User"."supportSpentTodayCents", "teamwork_reviewer_flow"."User"."supportLastResetAt", "teamwork_reviewer_flow"."User"."apiKeyHash", "teamwork_reviewer_flow"."User"."referralCode", "teamwork_reviewer_flow"."User"."referredById", "teamwork_reviewer_flow"."User"."referralBalance", "teamwork_reviewer_flow"."User"."telegramId", "teamwork_reviewer_flow"."User"."phoneHash", "teamwork_reviewer_flow"."User"."isKycVerified", "teamwork_reviewer_flow"."User"."isEmailVerified", "teamwork_reviewer_flow"."User"."isActive", "teamwork_reviewer_flow"."User"."isDeleted", "teamwork_reviewer_flow"."User"."adminNote", "teamwork_reviewer_flow"."User"."adminNoteUpdatedAt", "teamwork_reviewer_flow"."User"."adminNoteUpdatedBy", "teamwork_reviewer_flow"."User"."createdAt", "teamwork_reviewer_flow"."User"."updatedAt", "teamwork_reviewer_flow"."User"."companyName", "teamwork_reviewer_flow"."User"."inn", "teamwork_reviewer_flow"."User"."kpp", "teamwork_reviewer_flow"."User"."legalAddress", "teamwork_reviewer_flow"."User"."staffRoleId"

[90mstdout[2m | test/integration/escrow-flow.test.ts[2m > [22m[2mEscrowService — Integration Tests (Real DB)[2m > [22m[2mCumulative daily trust budget[2m > [22m[2mThird transaction triggers QUARANTINE when cumulative > limit
[22m[39mprisma:query INSERT INTO "teamwork_reviewer_flow"."User" ("id","email","role","balance","quarantineBalance","totalSpent","personalDiscount","supportLimitCents","supportSpentTodayCents","supportLastResetAt","referralBalance","isKycVerified","isEmailVerified","isActive","isDeleted","createdAt","updatedAt") VALUES ($1,$2,$3,$4,$5,$6,$7,$8,$9,$10,$11,$12,$13,$14,$15,$16,$17) RETURNING "teamwork_reviewer_flow"."User"."id", "teamwork_reviewer_flow"."User"."email", "teamwork_reviewer_flow"."User"."passwordHash", "teamwork_reviewer_flow"."User"."role", "teamwork_reviewer_flow"."User"."balance", "teamwork_reviewer_flow"."User"."quarantineBalance", "teamwork_reviewer_flow"."User"."totalSpent", "teamwork_reviewer_flow"."User"."personalDiscount", "teamwork_reviewer_flow"."User"."discountEndsAt", "teamwork_reviewer_flow"."User"."supportLimitCents", "teamwork_reviewer_flow"."User"."supportSpentTodayCents", "teamwork_reviewer_flow"."User"."supportLastResetAt", "teamwork_reviewer_flow"."User"."apiKeyHash", "teamwork_reviewer_flow"."User"."referralCode", "teamwork_reviewer_flow"."User"."referredById", "teamwork_reviewer_flow"."User"."referralBalance", "teamwork_reviewer_flow"."User"."telegramId", "teamwork_reviewer_flow"."User"."phoneHash", "teamwork_reviewer_flow"."User"."isKycVerified", "teamwork_reviewer_flow"."User"."isEmailVerified", "teamwork_reviewer_flow"."User"."isActive", "teamwork_reviewer_flow"."User"."isDeleted", "teamwork_reviewer_flow"."User"."adminNote", "teamwork_reviewer_flow"."User"."adminNoteUpdatedAt", "teamwork_reviewer_flow"."User"."adminNoteUpdatedBy", "teamwork_reviewer_flow"."User"."createdAt", "teamwork_reviewer_flow"."User"."updatedAt", "teamwork_reviewer_flow"."User"."companyName", "teamwork_reviewer_flow"."User"."inn", "teamwork_reviewer_flow"."User"."kpp", "teamwork_reviewer_flow"."User"."legalAddress", "teamwork_reviewer_flow"."User"."staffRoleId"

[90mstdout[2m | test/integration/escrow-flow.test.ts[2m > [22m[2mEscrowService — Integration Tests (Real DB)[2m > [22m[2mCumulative daily trust budget[2m > [22m[2mThird transaction triggers QUARANTINE when cumulative > limit
[22m[39mprisma:query BEGIN

[90mstdout[2m | test/integration/escrow-flow.test.ts[2m > [22m[2mEscrowService — Integration Tests (Real DB)[2m > [22m[2mCumulative daily trust budget[2m > [22m[2mThird transaction triggers QUARANTINE when cumulative > limit
[22m[39mprisma:query SET TRANSACTION ISOLATION LEVEL SERIALIZABLE

[90mstdout[2m | test/integration/escrow-flow.test.ts[2m > [22m[2mEscrowService — Integration Tests (Real DB)[2m > [22m[2mCumulative daily trust budget[2m > [22m[2mThird transaction triggers QUARANTINE when cumulative > limit
[22m[39mprisma:query SELECT SUM("amount") FROM (SELECT "teamwork_reviewer_flow"."LedgerEntry"."amount" FROM "teamwork_reviewer_flow"."LedgerEntry" WHERE ("teamwork_reviewer_flow"."LedgerEntry"."adminId" = $1 AND "teamwork_reviewer_flow"."LedgerEntry"."createdAt" >= $2 AND "teamwork_reviewer_flow"."LedgerEntry"."amount" > $3) OFFSET $4) AS "sub"

[90mstdout[2m | test/integration/escrow-flow.test.ts[2m > [22m[2mEscrowService — Integration Tests (Real DB)[2m > [22m[2mCumulative daily trust budget[2m > [22m[2mThird transaction triggers QUARANTINE when cumulative > limit
[22m[39mprisma:query SELECT "teamwork_reviewer_flow"."User"."id", "teamwork_reviewer_flow"."User"."email", "teamwork_reviewer_flow"."User"."passwordHash", "teamwork_reviewer_flow"."User"."role", "teamwork_reviewer_flow"."User"."balance", "teamwork_reviewer_flow"."User"."quarantineBalance", "teamwork_reviewer_flow"."User"."totalSpent", "teamwork_reviewer_flow"."User"."personalDiscount", "teamwork_reviewer_flow"."User"."discountEndsAt", "teamwork_reviewer_flow"."User"."supportLimitCents", "teamwork_reviewer_flow"."User"."supportSpentTodayCents", "teamwork_reviewer_flow"."User"."supportLastResetAt", "teamwork_reviewer_flow"."User"."apiKeyHash", "teamwork_reviewer_flow"."User"."referralCode", "teamwork_reviewer_flow"."User"."referredById", "teamwork_reviewer_flow"."User"."referralBalance", "teamwork_reviewer_flow"."User"."telegramId", "teamwork_reviewer_flow"."User"."phoneHash", "teamwork_reviewer_flow"."User"."isKycVerified", "teamwork_reviewer_flow"."User"."isEmailVerified", "teamwork_reviewer_flow"."User"."isActive", "teamwork_reviewer_flow"."User"."isDeleted", "teamwork_reviewer_flow"."User"."adminNote", "teamwork_reviewer_flow"."User"."adminNoteUpdatedAt", "teamwork_reviewer_flow"."User"."adminNoteUpdatedBy", "teamwork_reviewer_flow"."User"."createdAt", "teamwork_reviewer_flow"."User"."updatedAt", "teamwork_reviewer_flow"."User"."companyName", "teamwork_reviewer_flow"."User"."inn", "teamwork_reviewer_flow"."User"."kpp", "teamwork_reviewer_flow"."User"."legalAddress", "teamwork_reviewer_flow"."User"."staffRoleId" FROM "teamwork_reviewer_flow"."User" WHERE ("teamwork_reviewer_flow"."User"."id" = $1 AND 1=1) LIMIT $2 OFFSET $3

[90mstdout[2m | test/integration/escrow-flow.test.ts[2m > [22m[2mEscrowService — Integration Tests (Real DB)[2m > [22m[2mCumulative daily trust budget[2m > [22m[2mThird transaction triggers QUARANTINE when cumulative > limit
[22m[39mprisma:query UPDATE "teamwork_reviewer_flow"."User" SET "balance" = ("teamwork_reviewer_flow"."User"."balance" + $1), "updatedAt" = $2 WHERE ("teamwork_reviewer_flow"."User"."id" = $3 AND 1=1) RETURNING "teamwork_reviewer_flow"."User"."id", "teamwork_reviewer_flow"."User"."balance"

[90mstdout[2m | test/integration/escrow-flow.test.ts[2m > [22m[2mEscrowService — Integration Tests (Real DB)[2m > [22m[2mCumulative daily trust budget[2m > [22m[2mThird transaction triggers QUARANTINE when cumulative > limit
[22m[39mprisma:query INSERT INTO "teamwork_reviewer_flow"."LedgerEntry" ("id","userId","adminId","amount","reason","status","transactionType","createdAt","updatedAt") VALUES ($1,$2,$3,$4,$5,$6,$7,$8,$9) RETURNING "teamwork_reviewer_flow"."LedgerEntry"."id", "teamwork_reviewer_flow"."LedgerEntry"."userId", "teamwork_reviewer_flow"."LedgerEntry"."adminId", "teamwork_reviewer_flow"."LedgerEntry"."amount", "teamwork_reviewer_flow"."LedgerEntry"."reason", "teamwork_reviewer_flow"."LedgerEntry"."status", "teamwork_reviewer_flow"."LedgerEntry"."idempotencyKey", "teamwork_reviewer_flow"."LedgerEntry"."transactionType", "teamwork_reviewer_flow"."LedgerEntry"."createdAt", "teamwork_reviewer_flow"."LedgerEntry"."updatedAt"

[90mstdout[2m | test/integration/escrow-flow.test.ts[2m > [22m[2mEscrowService — Integration Tests (Real DB)[2m > [22m[2mCumulative daily trust budget[2m > [22m[2mThird transaction triggers QUARANTINE when cumulative > limit
[22m[39mprisma:query SELECT 1

[90mstdout[2m | test/integration/escrow-flow.test.ts[2m > [22m[2mEscrowService — Integration Tests (Real DB)[2m > [22m[2mCumulative daily trust budget[2m > [22m[2mThird transaction triggers QUARANTINE when cumulative > limit
[22m[39mprisma:query COMMIT

[90mstdout[2m | test/integration/escrow-flow.test.ts[2m > [22m[2mEscrowService — Integration Tests (Real DB)[2m > [22m[2mCumulative daily trust budget[2m > [22m[2mThird transaction triggers QUARANTINE when cumulative > limit
[22m[39mprisma:query INSERT INTO "teamwork_reviewer_flow"."AdminAuditLog" ("id","adminId","adminEmail","action","target","targetType","oldValue","newValue","ipAddress","createdAt") VALUES ($1,$2,$3,$4,$5,$6,$7,$8,$9,$10) RETURNING "teamwork_reviewer_flow"."AdminAuditLog"."id", "teamwork_reviewer_flow"."AdminAuditLog"."adminId", "teamwork_reviewer_flow"."AdminAuditLog"."adminEmail", "teamwork_reviewer_flow"."AdminAuditLog"."action", "teamwork_reviewer_flow"."AdminAuditLog"."target", "teamwork_reviewer_flow"."AdminAuditLog"."targetType", "teamwork_reviewer_flow"."AdminAuditLog"."oldValue", "teamwork_reviewer_flow"."AdminAuditLog"."newValue", "teamwork_reviewer_flow"."AdminAuditLog"."ipAddress", "teamwork_reviewer_flow"."AdminAuditLog"."createdAt"

[90mstdout[2m | test/integration/escrow-flow.test.ts[2m > [22m[2mEscrowService — Integration Tests (Real DB)[2m > [22m[2mCumulative daily trust budget[2m > [22m[2mThird transaction triggers QUARANTINE when cumulative > limit
[22m[39mprisma:query BEGIN

[90mstdout[2m | test/integration/escrow-flow.test.ts[2m > [22m[2mEscrowService — Integration Tests (Real DB)[2m > [22m[2mCumulative daily trust budget[2m > [22m[2mThird transaction triggers QUARANTINE when cumulative > limit
[22m[39mprisma:query SET TRANSACTION ISOLATION LEVEL SERIALIZABLE

[90mstdout[2m | test/integration/escrow-flow.test.ts[2m > [22m[2mEscrowService — Integration Tests (Real DB)[2m > [22m[2mCumulative daily trust budget[2m > [22m[2mThird transaction triggers QUARANTINE when cumulative > limit
[22m[39mprisma:query SELECT SUM("amount") FROM (SELECT "teamwork_reviewer_flow"."LedgerEntry"."amount" FROM "teamwork_reviewer_flow"."LedgerEntry" WHERE ("teamwork_reviewer_flow"."LedgerEntry"."adminId" = $1 AND "teamwork_reviewer_flow"."LedgerEntry"."createdAt" >= $2 AND "teamwork_reviewer_flow"."LedgerEntry"."amount" > $3) OFFSET $4) AS "sub"

[90mstdout[2m | test/integration/escrow-flow.test.ts[2m > [22m[2mEscrowService — Integration Tests (Real DB)[2m > [22m[2mCumulative daily trust budget[2m > [22m[2mThird transaction triggers QUARANTINE when cumulative > limit
[22m[39mprisma:query SELECT "teamwork_reviewer_flow"."User"."id", "teamwork_reviewer_flow"."User"."email", "teamwork_reviewer_flow"."User"."passwordHash", "teamwork_reviewer_flow"."User"."role", "teamwork_reviewer_flow"."User"."balance", "teamwork_reviewer_flow"."User"."quarantineBalance", "teamwork_reviewer_flow"."User"."totalSpent", "teamwork_reviewer_flow"."User"."personalDiscount", "teamwork_reviewer_flow"."User"."discountEndsAt", "teamwork_reviewer_flow"."User"."supportLimitCents", "teamwork_reviewer_flow"."User"."supportSpentTodayCents", "teamwork_reviewer_flow"."User"."supportLastResetAt", "teamwork_reviewer_flow"."User"."apiKeyHash", "teamwork_reviewer_flow"."User"."referralCode", "teamwork_reviewer_flow"."User"."referredById", "teamwork_reviewer_flow"."User"."referralBalance", "teamwork_reviewer_flow"."User"."telegramId", "teamwork_reviewer_flow"."User"."phoneHash", "teamwork_reviewer_flow"."User"."isKycVerified", "teamwork_reviewer_flow"."User"."isEmailVerified", "teamwork_reviewer_flow"."User"."isActive", "teamwork_reviewer_flow"."User"."isDeleted", "teamwork_reviewer_flow"."User"."adminNote", "teamwork_reviewer_flow"."User"."adminNoteUpdatedAt", "teamwork_reviewer_flow"."User"."adminNoteUpdatedBy", "teamwork_reviewer_flow"."User"."createdAt", "teamwork_reviewer_flow"."User"."updatedAt", "teamwork_reviewer_flow"."User"."companyName", "teamwork_reviewer_flow"."User"."inn", "teamwork_reviewer_flow"."User"."kpp", "teamwork_reviewer_flow"."User"."legalAddress", "teamwork_reviewer_flow"."User"."staffRoleId" FROM "teamwork_reviewer_flow"."User" WHERE ("teamwork_reviewer_flow"."User"."id" = $1 AND 1=1) LIMIT $2 OFFSET $3

[90mstdout[2m | test/integration/escrow-flow.test.ts[2m > [22m[2mEscrowService — Integration Tests (Real DB)[2m > [22m[2mCumulative daily trust budget[2m > [22m[2mThird transaction triggers QUARANTINE when cumulative > limit
[22m[39mprisma:query UPDATE "teamwork_reviewer_flow"."User" SET "balance" = ("teamwork_reviewer_flow"."User"."balance" + $1), "updatedAt" = $2 WHERE ("teamwork_reviewer_flow"."User"."id" = $3 AND 1=1) RETURNING "teamwork_reviewer_flow"."User"."id", "teamwork_reviewer_flow"."User"."balance"

[90mstdout[2m | test/integration/escrow-flow.test.ts[2m > [22m[2mEscrowService — Integration Tests (Real DB)[2m > [22m[2mCumulative daily trust budget[2m > [22m[2mThird transaction triggers QUARANTINE when cumulative > limit
[22m[39mprisma:query INSERT INTO "teamwork_reviewer_flow"."LedgerEntry" ("id","userId","adminId","amount","reason","status","transactionType","createdAt","updatedAt") VALUES ($1,$2,$3,$4,$5,$6,$7,$8,$9) RETURNING "teamwork_reviewer_flow"."LedgerEntry"."id", "teamwork_reviewer_flow"."LedgerEntry"."userId", "teamwork_reviewer_flow"."LedgerEntry"."adminId", "teamwork_reviewer_flow"."LedgerEntry"."amount", "teamwork_reviewer_flow"."LedgerEntry"."reason", "teamwork_reviewer_flow"."LedgerEntry"."status", "teamwork_reviewer_flow"."LedgerEntry"."idempotencyKey", "teamwork_reviewer_flow"."LedgerEntry"."transactionType", "teamwork_reviewer_flow"."LedgerEntry"."createdAt", "teamwork_reviewer_flow"."LedgerEntry"."updatedAt"

[90mstdout[2m | test/integration/escrow-flow.test.ts[2m > [22m[2mEscrowService — Integration Tests (Real DB)[2m > [22m[2mCumulative daily trust budget[2m > [22m[2mThird transaction triggers QUARANTINE when cumulative > limit
[22m[39mprisma:query COMMIT

[90mstdout[2m | test/integration/escrow-flow.test.ts[2m > [22m[2mEscrowService — Integration Tests (Real DB)[2m > [22m[2mCumulative daily trust budget[2m > [22m[2mThird transaction triggers QUARANTINE when cumulative > limit
[22m[39mprisma:query INSERT INTO "teamwork_reviewer_flow"."AdminAuditLog" ("id","adminId","adminEmail","action","target","targetType","oldValue","newValue","ipAddress","createdAt") VALUES ($1,$2,$3,$4,$5,$6,$7,$8,$9,$10) RETURNING "teamwork_reviewer_flow"."AdminAuditLog"."id", "teamwork_reviewer_flow"."AdminAuditLog"."adminId", "teamwork_reviewer_flow"."AdminAuditLog"."adminEmail", "teamwork_reviewer_flow"."AdminAuditLog"."action", "teamwork_reviewer_flow"."AdminAuditLog"."target", "teamwork_reviewer_flow"."AdminAuditLog"."targetType", "teamwork_reviewer_flow"."AdminAuditLog"."oldValue", "teamwork_reviewer_flow"."AdminAuditLog"."newValue", "teamwork_reviewer_flow"."AdminAuditLog"."ipAddress", "teamwork_reviewer_flow"."AdminAuditLog"."createdAt"

[90mstdout[2m | test/integration/escrow-flow.test.ts[2m > [22m[2mEscrowService — Integration Tests (Real DB)[2m > [22m[2mCumulative daily trust budget[2m > [22m[2mThird transaction triggers QUARANTINE when cumulative > limit
[22m[39mprisma:query BEGIN

[90mstdout[2m | test/integration/escrow-flow.test.ts[2m > [22m[2mEscrowService — Integration Tests (Real DB)[2m > [22m[2mCumulative daily trust budget[2m > [22m[2mThird transaction triggers QUARANTINE when cumulative > limit
[22m[39mprisma:query SET TRANSACTION ISOLATION LEVEL SERIALIZABLE

[90mstdout[2m | test/integration/escrow-flow.test.ts[2m > [22m[2mEscrowService — Integration Tests (Real DB)[2m > [22m[2mCumulative daily trust budget[2m > [22m[2mThird transaction triggers QUARANTINE when cumulative > limit
[22m[39mprisma:query SELECT SUM("amount") FROM (SELECT "teamwork_reviewer_flow"."LedgerEntry"."amount" FROM "teamwork_reviewer_flow"."LedgerEntry" WHERE ("teamwork_reviewer_flow"."LedgerEntry"."adminId" = $1 AND "teamwork_reviewer_flow"."LedgerEntry"."createdAt" >= $2 AND "teamwork_reviewer_flow"."LedgerEntry"."amount" > $3) OFFSET $4) AS "sub"

[90mstdout[2m | test/integration/escrow-flow.test.ts[2m > [22m[2mEscrowService — Integration Tests (Real DB)[2m > [22m[2mCumulative daily trust budget[2m > [22m[2mThird transaction triggers QUARANTINE when cumulative > limit
[22m[39mprisma:query SELECT "teamwork_reviewer_flow"."User"."id", "teamwork_reviewer_flow"."User"."email", "teamwork_reviewer_flow"."User"."passwordHash", "teamwork_reviewer_flow"."User"."role", "teamwork_reviewer_flow"."User"."balance", "teamwork_reviewer_flow"."User"."quarantineBalance", "teamwork_reviewer_flow"."User"."totalSpent", "teamwork_reviewer_flow"."User"."personalDiscount", "teamwork_reviewer_flow"."User"."discountEndsAt", "teamwork_reviewer_flow"."User"."supportLimitCents", "teamwork_reviewer_flow"."User"."supportSpentTodayCents", "teamwork_reviewer_flow"."User"."supportLastResetAt", "teamwork_reviewer_flow"."User"."apiKeyHash", "teamwork_reviewer_flow"."User"."referralCode", "teamwork_reviewer_flow"."User"."referredById", "teamwork_reviewer_flow"."User"."referralBalance", "teamwork_reviewer_flow"."User"."telegramId", "teamwork_reviewer_flow"."User"."phoneHash", "teamwork_reviewer_flow"."User"."isKycVerified", "teamwork_reviewer_flow"."User"."isEmailVerified", "teamwork_reviewer_flow"."User"."isActive", "teamwork_reviewer_flow"."User"."isDeleted", "teamwork_reviewer_flow"."User"."adminNote", "teamwork_reviewer_flow"."User"."adminNoteUpdatedAt", "teamwork_reviewer_flow"."User"."adminNoteUpdatedBy", "teamwork_reviewer_flow"."User"."createdAt", "teamwork_reviewer_flow"."User"."updatedAt", "teamwork_reviewer_flow"."User"."companyName", "teamwork_reviewer_flow"."User"."inn", "teamwork_reviewer_flow"."User"."kpp", "teamwork_reviewer_flow"."User"."legalAddress", "teamwork_reviewer_flow"."User"."staffRoleId" FROM "teamwork_reviewer_flow"."User" WHERE ("teamwork_reviewer_flow"."User"."id" = $1 AND 1=1) LIMIT $2 OFFSET $3

[90mstdout[2m | test/integration/escrow-flow.test.ts[2m > [22m[2mEscrowService — Integration Tests (Real DB)[2m > [22m[2mCumulative daily trust budget[2m > [22m[2mThird transaction triggers QUARANTINE when cumulative > limit
[22m[39mprisma:query UPDATE "teamwork_reviewer_flow"."User" SET "quarantineBalance" = ("teamwork_reviewer_flow"."User"."quarantineBalance" + $1), "updatedAt" = $2 WHERE ("teamwork_reviewer_flow"."User"."id" = $3 AND 1=1) RETURNING "teamwork_reviewer_flow"."User"."id", "teamwork_reviewer_flow"."User"."email", "teamwork_reviewer_flow"."User"."passwordHash", "teamwork_reviewer_flow"."User"."role", "teamwork_reviewer_flow"."User"."balance", "teamwork_reviewer_flow"."User"."quarantineBalance", "teamwork_reviewer_flow"."User"."totalSpent", "teamwork_reviewer_flow"."User"."personalDiscount", "teamwork_reviewer_flow"."User"."discountEndsAt", "teamwork_reviewer_flow"."User"."supportLimitCents", "teamwork_reviewer_flow"."User"."supportSpentTodayCents", "teamwork_reviewer_flow"."User"."supportLastResetAt", "teamwork_reviewer_flow"."User"."apiKeyHash", "teamwork_reviewer_flow"."User"."referralCode", "teamwork_reviewer_flow"."User"."referredById", "teamwork_reviewer_flow"."User"."referralBalance", "teamwork_reviewer_flow"."User"."telegramId", "teamwork_reviewer_flow"."User"."phoneHash", "teamwork_reviewer_flow"."User"."isKycVerified", "teamwork_reviewer_flow"."User"."isEmailVerified", "teamwork_reviewer_flow"."User"."isActive", "teamwork_reviewer_flow"."User"."isDeleted", "teamwork_reviewer_flow"."User"."adminNote", "teamwork_reviewer_flow"."User"."adminNoteUpdatedAt", "teamwork_reviewer_flow"."User"."adminNoteUpdatedBy", "teamwork_reviewer_flow"."User"."createdAt", "teamwork_reviewer_flow"."User"."updatedAt", "teamwork_reviewer_flow"."User"."companyName", "teamwork_reviewer_flow"."User"."inn", "teamwork_reviewer_flow"."User"."kpp", "teamwork_reviewer_flow"."User"."legalAddress", "teamwork_reviewer_flow"."User"."staffRoleId"

[90mstdout[2m | test/integration/escrow-flow.test.ts[2m > [22m[2mEscrowService — Integration Tests (Real DB)[2m > [22m[2mCumulative daily trust budget[2m > [22m[2mThird transaction triggers QUARANTINE when cumulative > limit
[22m[39mprisma:query INSERT INTO "teamwork_reviewer_flow"."LedgerEntry" ("id","userId","adminId","amount","reason","status","transactionType","createdAt","updatedAt") VALUES ($1,$2,$3,$4,$5,$6,$7,$8,$9) RETURNING "teamwork_reviewer_flow"."LedgerEntry"."id", "teamwork_reviewer_flow"."LedgerEntry"."userId", "teamwork_reviewer_flow"."LedgerEntry"."adminId", "teamwork_reviewer_flow"."LedgerEntry"."amount", "teamwork_reviewer_flow"."LedgerEntry"."reason", "teamwork_reviewer_flow"."LedgerEntry"."status", "teamwork_reviewer_flow"."LedgerEntry"."idempotencyKey", "teamwork_reviewer_flow"."LedgerEntry"."transactionType", "teamwork_reviewer_flow"."LedgerEntry"."createdAt", "teamwork_reviewer_flow"."LedgerEntry"."updatedAt"

[90mstdout[2m | test/integration/escrow-flow.test.ts[2m > [22m[2mEscrowService — Integration Tests (Real DB)[2m > [22m[2mCumulative daily trust budget[2m > [22m[2mThird transaction triggers QUARANTINE when cumulative > limit
[22m[39mprisma:query INSERT INTO "teamwork_reviewer_flow"."AdminAuditLog" ("id","adminId","adminEmail","action","target","targetType","oldValue","newValue","ipAddress","createdAt") VALUES ($1,$2,$3,$4,$5,$6,$7,$8,$9,$10) RETURNING "teamwork_reviewer_flow"."AdminAuditLog"."id", "teamwork_reviewer_flow"."AdminAuditLog"."adminId", "teamwork_reviewer_flow"."AdminAuditLog"."adminEmail", "teamwork_reviewer_flow"."AdminAuditLog"."action", "teamwork_reviewer_flow"."AdminAuditLog"."target", "teamwork_reviewer_flow"."AdminAuditLog"."targetType", "teamwork_reviewer_flow"."AdminAuditLog"."oldValue", "teamwork_reviewer_flow"."AdminAuditLog"."newValue", "teamwork_reviewer_flow"."AdminAuditLog"."ipAddress", "teamwork_reviewer_flow"."AdminAuditLog"."createdAt"

[90mstdout[2m | test/integration/escrow-flow.test.ts[2m > [22m[2mEscrowService — Integration Tests (Real DB)[2m > [22m[2mCumulative daily trust budget[2m > [22m[2mThird transaction triggers QUARANTINE when cumulative > limit
[22m[39mprisma:query COMMIT

[90mstdout[2m | test/integration/escrow-flow.test.ts[2m > [22m[2mEscrowService — Integration Tests (Real DB)[2m > [22m[2mCumulative daily trust budget[2m > [22m[2mThird transaction triggers QUARANTINE when cumulative > limit
[22m[39mprisma:query SELECT "teamwork_reviewer_flow"."User"."id", "teamwork_reviewer_flow"."User"."email", "teamwork_reviewer_flow"."User"."passwordHash", "teamwork_reviewer_flow"."User"."role", "teamwork_reviewer_flow"."User"."balance", "teamwork_reviewer_flow"."User"."quarantineBalance", "teamwork_reviewer_flow"."User"."totalSpent", "teamwork_reviewer_flow"."User"."personalDiscount", "teamwork_reviewer_flow"."User"."discountEndsAt", "teamwork_reviewer_flow"."User"."supportLimitCents", "teamwork_reviewer_flow"."User"."supportSpentTodayCents", "teamwork_reviewer_flow"."User"."supportLastResetAt", "teamwork_reviewer_flow"."User"."apiKeyHash", "teamwork_reviewer_flow"."User"."referralCode", "teamwork_reviewer_flow"."User"."referredById", "teamwork_reviewer_flow"."User"."referralBalance", "teamwork_reviewer_flow"."User"."telegramId", "teamwork_reviewer_flow"."User"."phoneHash", "teamwork_reviewer_flow"."User"."isKycVerified", "teamwork_reviewer_flow"."User"."isEmailVerified", "teamwork_reviewer_flow"."User"."isActive", "teamwork_reviewer_flow"."User"."isDeleted", "teamwork_reviewer_flow"."User"."adminNote", "teamwork_reviewer_flow"."User"."adminNoteUpdatedAt", "teamwork_reviewer_flow"."User"."adminNoteUpdatedBy", "teamwork_reviewer_flow"."User"."createdAt", "teamwork_reviewer_flow"."User"."updatedAt", "teamwork_reviewer_flow"."User"."companyName", "teamwork_reviewer_flow"."User"."inn", "teamwork_reviewer_flow"."User"."kpp", "teamwork_reviewer_flow"."User"."legalAddress", "teamwork_reviewer_flow"."User"."staffRoleId" FROM "teamwork_reviewer_flow"."User" WHERE ("teamwork_reviewer_flow"."User"."id" = $1 AND 1=1) LIMIT $2 OFFSET $3

[90mstdout[2m | test/integration/escrow-flow.test.ts[2m > [22m[2mEscrowService — Integration Tests (Real DB)[2m > [22m[2mCumulative daily trust budget[2m > [22m[2mThird transaction triggers QUARANTINE when cumulative > limit
[22m[39mprisma:query SELECT "teamwork_reviewer_flow"."LedgerEntry"."id", "teamwork_reviewer_flow"."LedgerEntry"."userId", "teamwork_reviewer_flow"."LedgerEntry"."adminId", "teamwork_reviewer_flow"."LedgerEntry"."amount", "teamwork_reviewer_flow"."LedgerEntry"."reason", "teamwork_reviewer_flow"."LedgerEntry"."status", "teamwork_reviewer_flow"."LedgerEntry"."idempotencyKey", "teamwork_reviewer_flow"."LedgerEntry"."transactionType", "teamwork_reviewer_flow"."LedgerEntry"."createdAt", "teamwork_reviewer_flow"."LedgerEntry"."updatedAt" FROM "teamwork_reviewer_flow"."LedgerEntry" WHERE "teamwork_reviewer_flow"."LedgerEntry"."userId" = $1 ORDER BY "teamwork_reviewer_flow"."LedgerEntry"."createdAt" ASC OFFSET $2

[90mstdout[2m | test/integration/escrow-flow.test.ts[2m > [22m[2mEscrowService — Integration Tests (Real DB)[2m > [22m[2mCumulative daily trust budget[2m > [22m[2mExact boundary: amount === remaining budget → APPROVED (not strict >)
[22m[39mprisma:query 
        SELECT tablename FROM pg_tables WHERE schemaname='public' AND tablename != '_prisma_migrations';
      

[90mstdout[2m | test/integration/escrow-flow.test.ts[2m > [22m[2mEscrowService — Integration Tests (Real DB)[2m > [22m[2mCumulative daily trust budget[2m > [22m[2mExact boundary: amount === remaining budget → APPROVED (not strict >)
[22m[39mprisma:query TRUNCATE TABLE "ServiceSmartConfig", "StaffPermission", "SmartSnapshot", "LedgerEntry", "Payment", "SmartCampaign", "LoginLog", "AnalyticsEvent", "PromoCodeUsage", "AuthToken", "SupportTemplate", "User", "AdminAuditLog", "FeatureFlag", "MessageAttachment", "Order", "Refill", "TicketMessage", "SecurityEvent", "Ticket", "ServiceRoute", "Service", "SystemSetting", "SmartDetectedUser", "SmartChannelMetric", "PromoCode", "SystemSettings", "UrlPattern", "RateLimit", "Provider", "Article", "B2bConfig", "SmartExecution", "Commission", "ContentItem", "Network", "Page", "Invoice", "RoutingAuditLog", "ContentCategory", "StaffRole", "Category", "AuditLog", "SmartTask", "Session" RESTART IDENTITY CASCADE;

[90mstdout[2m | test/integration/escrow-flow.test.ts[2m > [22m[2mEscrowService — Integration Tests (Real DB)[2m > [22m[2mCumulative daily trust budget[2m > [22m[2mExact boundary: amount === remaining budget → APPROVED (not strict >)
[22m[39mprisma:query INSERT INTO "teamwork_reviewer_flow"."SystemSettings" ("id","isTestMode","taxRate","usnScheme","opexMonthly","maintenanceMode","siteName","siteDescription","welcomeMessage","quarantineThreshold","globalMarkup","safetyFloor","exchangeRateUSD","emailProvider","smtpPort","updatedAt") VALUES ($1,$2,$3,CAST($4::text AS "teamwork_reviewer_flow"."UsnScheme"),$5,$6,$7,$8,$9,$10,$11,$12,$13,$14,$15,$16) ON CONFLICT ("id") DO UPDATE SET "taxRate" = $17, "opexMonthly" = $18, "maintenanceMode" = $19, "isTestMode" = $20, "siteName" = $21, "siteDescription" = $22, "exchangeRateUSD" = $23, "updatedAt" = $24 WHERE ("teamwork_reviewer_flow"."SystemSettings"."id" = $25 AND 1=1) RETURNING "teamwork_reviewer_flow"."SystemSettings"."id", "teamwork_reviewer_flow"."SystemSettings"."isTestMode", "teamwork_reviewer_flow"."SystemSettings"."taxRate", "teamwork_reviewer_flow"."SystemSettings"."usnScheme"::text, "teamwork_reviewer_flow"."SystemSettings"."opexMonthly", "teamwork_reviewer_flow"."SystemSettings"."maintenanceMode", "teamwork_reviewer_flow"."SystemSettings"."siteName", "teamwork_reviewer_flow"."SystemSettings"."siteDescription", "teamwork_reviewer_flow"."SystemSettings"."welcomeMessage", "teamwork_reviewer_flow"."SystemSettings"."yookassaShopId", "teamwork_reviewer_flow"."SystemSettings"."yookassaSecretKey", "teamwork_reviewer_flow"."SystemSettings"."yookassaTestShopId", "teamwork_reviewer_flow"."SystemSettings"."yookassaTestSecretKey", "teamwork_reviewer_flow"."SystemSettings"."cryptoBotToken", "teamwork_reviewer_flow"."SystemSettings"."quarantineThreshold", "teamwork_reviewer_flow"."SystemSettings"."globalMarkup", "teamwork_reviewer_flow"."SystemSettings"."safetyFloor", "teamwork_reviewer_flow"."SystemSettings"."exchangeRateUSD", "teamwork_reviewer_flow"."SystemSettings"."exchangeRateUpdatedAt", "teamwork_reviewer_flow"."SystemSettings"."siteLogoUrl", "teamwork_reviewer_flow"."SystemSettings"."siteFaviconUrl", "teamwork_reviewer_flow"."SystemSettings"."emailProvider", "teamwork_reviewer_flow"."SystemSettings"."resendApiKey", "teamwork_reviewer_flow"."SystemSettings"."smtpHost", "teamwork_reviewer_flow"."SystemSettings"."smtpPort", "teamwork_reviewer_flow"."SystemSettings"."smtpUser", "teamwork_reviewer_flow"."SystemSettings"."smtpPassword", "teamwork_reviewer_flow"."SystemSettings"."supportEmailDomain", "teamwork_reviewer_flow"."SystemSettings"."inboundEmailWebhookSecret", "teamwork_reviewer_flow"."SystemSettings"."robokassaLogin", "teamwork_reviewer_flow"."SystemSettings"."robokassaPassword", "teamwork_reviewer_flow"."SystemSettings"."updatedAt", "teamwork_reviewer_flow"."SystemSettings"."contactSupportEmail", "teamwork_reviewer_flow"."SystemSettings"."contactPrivacyEmail", "teamwork_reviewer_flow"."SystemSettings"."contactTelegramBot", "teamwork_reviewer_flow"."SystemSettings"."contactTelegramChannel", "teamwork_reviewer_flow"."SystemSettings"."contactWhatsApp", "teamwork_reviewer_flow"."SystemSettings"."contactVk", "teamwork_reviewer_flow"."SystemSettings"."legalCompanyName", "teamwork_reviewer_flow"."SystemSettings"."legalCompanyInn", "teamwork_reviewer_flow"."SystemSettings"."legalCompanyOgrnip", "teamwork_reviewer_flow"."SystemSettings"."legalCompanyAddress"

[90mstdout[2m | test/integration/escrow-flow.test.ts[2m > [22m[2mEscrowService — Integration Tests (Real DB)[2m > [22m[2mCumulative daily trust budget[2m > [22m[2mExact boundary: amount === remaining budget → APPROVED (not strict >)
[22m[39mprisma:query INSERT INTO "teamwork_reviewer_flow"."User" ("id","email","role","balance","quarantineBalance","totalSpent","personalDiscount","supportLimitCents","supportSpentTodayCents","supportLastResetAt","referralBalance","isKycVerified","isEmailVerified","isActive","isDeleted","createdAt","updatedAt") VALUES ($1,$2,$3,$4,$5,$6,$7,$8,$9,$10,$11,$12,$13,$14,$15,$16,$17) RETURNING "teamwork_reviewer_flow"."User"."id", "teamwork_reviewer_flow"."User"."email", "teamwork_reviewer_flow"."User"."passwordHash", "teamwork_reviewer_flow"."User"."role", "teamwork_reviewer_flow"."User"."balance", "teamwork_reviewer_flow"."User"."quarantineBalance", "teamwork_reviewer_flow"."User"."totalSpent", "teamwork_reviewer_flow"."User"."personalDiscount", "teamwork_reviewer_flow"."User"."discountEndsAt", "teamwork_reviewer_flow"."User"."supportLimitCents", "teamwork_reviewer_flow"."User"."supportSpentTodayCents", "teamwork_reviewer_flow"."User"."supportLastResetAt", "teamwork_reviewer_flow"."User"."apiKeyHash", "teamwork_reviewer_flow"."User"."referralCode", "teamwork_reviewer_flow"."User"."referredById", "teamwork_reviewer_flow"."User"."referralBalance", "teamwork_reviewer_flow"."User"."telegramId", "teamwork_reviewer_flow"."User"."phoneHash", "teamwork_reviewer_flow"."User"."isKycVerified", "teamwork_reviewer_flow"."User"."isEmailVerified", "teamwork_reviewer_flow"."User"."isActive", "teamwork_reviewer_flow"."User"."isDeleted", "teamwork_reviewer_flow"."User"."adminNote", "teamwork_reviewer_flow"."User"."adminNoteUpdatedAt", "teamwork_reviewer_flow"."User"."adminNoteUpdatedBy", "teamwork_reviewer_flow"."User"."createdAt", "teamwork_reviewer_flow"."User"."updatedAt", "teamwork_reviewer_flow"."User"."companyName", "teamwork_reviewer_flow"."User"."inn", "teamwork_reviewer_flow"."User"."kpp", "teamwork_reviewer_flow"."User"."legalAddress", "teamwork_reviewer_flow"."User"."staffRoleId"

[90mstdout[2m | test/integration/escrow-flow.test.ts[2m > [22m[2mEscrowService — Integration Tests (Real DB)[2m > [22m[2mCumulative daily trust budget[2m > [22m[2mExact boundary: amount === remaining budget → APPROVED (not strict >)
[22m[39mprisma:query INSERT INTO "teamwork_reviewer_flow"."User" ("id","email","role","balance","quarantineBalance","totalSpent","personalDiscount","supportLimitCents","supportSpentTodayCents","supportLastResetAt","referralBalance","isKycVerified","isEmailVerified","isActive","isDeleted","createdAt","updatedAt") VALUES ($1,$2,$3,$4,$5,$6,$7,$8,$9,$10,$11,$12,$13,$14,$15,$16,$17) RETURNING "teamwork_reviewer_flow"."User"."id", "teamwork_reviewer_flow"."User"."email", "teamwork_reviewer_flow"."User"."passwordHash", "teamwork_reviewer_flow"."User"."role", "teamwork_reviewer_flow"."User"."balance", "teamwork_reviewer_flow"."User"."quarantineBalance", "teamwork_reviewer_flow"."User"."totalSpent", "teamwork_reviewer_flow"."User"."personalDiscount", "teamwork_reviewer_flow"."User"."discountEndsAt", "teamwork_reviewer_flow"."User"."supportLimitCents", "teamwork_reviewer_flow"."User"."supportSpentTodayCents", "teamwork_reviewer_flow"."User"."supportLastResetAt", "teamwork_reviewer_flow"."User"."apiKeyHash", "teamwork_reviewer_flow"."User"."referralCode", "teamwork_reviewer_flow"."User"."referredById", "teamwork_reviewer_flow"."User"."referralBalance", "teamwork_reviewer_flow"."User"."telegramId", "teamwork_reviewer_flow"."User"."phoneHash", "teamwork_reviewer_flow"."User"."isKycVerified", "teamwork_reviewer_flow"."User"."isEmailVerified", "teamwork_reviewer_flow"."User"."isActive", "teamwork_reviewer_flow"."User"."isDeleted", "teamwork_reviewer_flow"."User"."adminNote", "teamwork_reviewer_flow"."User"."adminNoteUpdatedAt", "teamwork_reviewer_flow"."User"."adminNoteUpdatedBy", "teamwork_reviewer_flow"."User"."createdAt", "teamwork_reviewer_flow"."User"."updatedAt", "teamwork_reviewer_flow"."User"."companyName", "teamwork_reviewer_flow"."User"."inn", "teamwork_reviewer_flow"."User"."kpp", "teamwork_reviewer_flow"."User"."legalAddress", "teamwork_reviewer_flow"."User"."staffRoleId"

[90mstdout[2m | test/integration/escrow-flow.test.ts[2m > [22m[2mEscrowService — Integration Tests (Real DB)[2m > [22m[2mCumulative daily trust budget[2m > [22m[2mExact boundary: amount === remaining budget → APPROVED (not strict >)
[22m[39mprisma:query SELECT 1

[90mstdout[2m | test/integration/escrow-flow.test.ts[2m > [22m[2mEscrowService — Integration Tests (Real DB)[2m > [22m[2mCumulative daily trust budget[2m > [22m[2mExact boundary: amount === remaining budget → APPROVED (not strict >)
[22m[39mprisma:query BEGIN

[90mstdout[2m | test/integration/escrow-flow.test.ts[2m > [22m[2mEscrowService — Integration Tests (Real DB)[2m > [22m[2mCumulative daily trust budget[2m > [22m[2mExact boundary: amount === remaining budget → APPROVED (not strict >)
[22m[39mprisma:query SET TRANSACTION ISOLATION LEVEL SERIALIZABLE

[90mstdout[2m | test/integration/escrow-flow.test.ts[2m > [22m[2mEscrowService — Integration Tests (Real DB)[2m > [22m[2mCumulative daily trust budget[2m > [22m[2mExact boundary: amount === remaining budget → APPROVED (not strict >)
[22m[39mprisma:query SELECT SUM("amount") FROM (SELECT "teamwork_reviewer_flow"."LedgerEntry"."amount" FROM "teamwork_reviewer_flow"."LedgerEntry" WHERE ("teamwork_reviewer_flow"."LedgerEntry"."adminId" = $1 AND "teamwork_reviewer_flow"."LedgerEntry"."createdAt" >= $2 AND "teamwork_reviewer_flow"."LedgerEntry"."amount" > $3) OFFSET $4) AS "sub"

[90mstdout[2m | test/integration/escrow-flow.test.ts[2m > [22m[2mEscrowService — Integration Tests (Real DB)[2m > [22m[2mCumulative daily trust budget[2m > [22m[2mExact boundary: amount === remaining budget → APPROVED (not strict >)
[22m[39mprisma:query SELECT "teamwork_reviewer_flow"."User"."id", "teamwork_reviewer_flow"."User"."email", "teamwork_reviewer_flow"."User"."passwordHash", "teamwork_reviewer_flow"."User"."role", "teamwork_reviewer_flow"."User"."balance", "teamwork_reviewer_flow"."User"."quarantineBalance", "teamwork_reviewer_flow"."User"."totalSpent", "teamwork_reviewer_flow"."User"."personalDiscount", "teamwork_reviewer_flow"."User"."discountEndsAt", "teamwork_reviewer_flow"."User"."supportLimitCents", "teamwork_reviewer_flow"."User"."supportSpentTodayCents", "teamwork_reviewer_flow"."User"."supportLastResetAt", "teamwork_reviewer_flow"."User"."apiKeyHash", "teamwork_reviewer_flow"."User"."referralCode", "teamwork_reviewer_flow"."User"."referredById", "teamwork_reviewer_flow"."User"."referralBalance", "teamwork_reviewer_flow"."User"."telegramId", "teamwork_reviewer_flow"."User"."phoneHash", "teamwork_reviewer_flow"."User"."isKycVerified", "teamwork_reviewer_flow"."User"."isEmailVerified", "teamwork_reviewer_flow"."User"."isActive", "teamwork_reviewer_flow"."User"."isDeleted", "teamwork_reviewer_flow"."User"."adminNote", "teamwork_reviewer_flow"."User"."adminNoteUpdatedAt", "teamwork_reviewer_flow"."User"."adminNoteUpdatedBy", "teamwork_reviewer_flow"."User"."createdAt", "teamwork_reviewer_flow"."User"."updatedAt", "teamwork_reviewer_flow"."User"."companyName", "teamwork_reviewer_flow"."User"."inn", "teamwork_reviewer_flow"."User"."kpp", "teamwork_reviewer_flow"."User"."legalAddress", "teamwork_reviewer_flow"."User"."staffRoleId" FROM "teamwork_reviewer_flow"."User" WHERE ("teamwork_reviewer_flow"."User"."id" = $1 AND 1=1) LIMIT $2 OFFSET $3

[90mstdout[2m | test/integration/escrow-flow.test.ts[2m > [22m[2mEscrowService — Integration Tests (Real DB)[2m > [22m[2mCumulative daily trust budget[2m > [22m[2mExact boundary: amount === remaining budget → APPROVED (not strict >)
[22m[39mprisma:query UPDATE "teamwork_reviewer_flow"."User" SET "balance" = ("teamwork_reviewer_flow"."User"."balance" + $1), "updatedAt" = $2 WHERE ("teamwork_reviewer_flow"."User"."id" = $3 AND 1=1) RETURNING "teamwork_reviewer_flow"."User"."id", "teamwork_reviewer_flow"."User"."balance"

[90mstdout[2m | test/integration/escrow-flow.test.ts[2m > [22m[2mEscrowService — Integration Tests (Real DB)[2m > [22m[2mCumulative daily trust budget[2m > [22m[2mExact boundary: amount === remaining budget → APPROVED (not strict >)
[22m[39mprisma:query INSERT INTO "teamwork_reviewer_flow"."LedgerEntry" ("id","userId","adminId","amount","reason","status","transactionType","createdAt","updatedAt") VALUES ($1,$2,$3,$4,$5,$6,$7,$8,$9) RETURNING "teamwork_reviewer_flow"."LedgerEntry"."id", "teamwork_reviewer_flow"."LedgerEntry"."userId", "teamwork_reviewer_flow"."LedgerEntry"."adminId", "teamwork_reviewer_flow"."LedgerEntry"."amount", "teamwork_reviewer_flow"."LedgerEntry"."reason", "teamwork_reviewer_flow"."LedgerEntry"."status", "teamwork_reviewer_flow"."LedgerEntry"."idempotencyKey", "teamwork_reviewer_flow"."LedgerEntry"."transactionType", "teamwork_reviewer_flow"."LedgerEntry"."createdAt", "teamwork_reviewer_flow"."LedgerEntry"."updatedAt"

[90mstdout[2m | test/integration/escrow-flow.test.ts[2m > [22m[2mEscrowService — Integration Tests (Real DB)[2m > [22m[2mCumulative daily trust budget[2m > [22m[2mExact boundary: amount === remaining budget → APPROVED (not strict >)
[22m[39mprisma:query COMMIT

[90mstdout[2m | test/integration/escrow-flow.test.ts[2m > [22m[2mEscrowService — Integration Tests (Real DB)[2m > [22m[2mCumulative daily trust budget[2m > [22m[2mExact boundary: amount === remaining budget → APPROVED (not strict >)
[22m[39mprisma:query SELECT "teamwork_reviewer_flow"."User"."id", "teamwork_reviewer_flow"."User"."email", "teamwork_reviewer_flow"."User"."passwordHash", "teamwork_reviewer_flow"."User"."role", "teamwork_reviewer_flow"."User"."balance", "teamwork_reviewer_flow"."User"."quarantineBalance", "teamwork_reviewer_flow"."User"."totalSpent", "teamwork_reviewer_flow"."User"."personalDiscount", "teamwork_reviewer_flow"."User"."discountEndsAt", "teamwork_reviewer_flow"."User"."supportLimitCents", "teamwork_reviewer_flow"."User"."supportSpentTodayCents", "teamwork_reviewer_flow"."User"."supportLastResetAt", "teamwork_reviewer_flow"."User"."apiKeyHash", "teamwork_reviewer_flow"."User"."referralCode", "teamwork_reviewer_flow"."User"."referredById", "teamwork_reviewer_flow"."User"."referralBalance", "teamwork_reviewer_flow"."User"."telegramId", "teamwork_reviewer_flow"."User"."phoneHash", "teamwork_reviewer_flow"."User"."isKycVerified", "teamwork_reviewer_flow"."User"."isEmailVerified", "teamwork_reviewer_flow"."User"."isActive", "teamwork_reviewer_flow"."User"."isDeleted", "teamwork_reviewer_flow"."User"."adminNote", "teamwork_reviewer_flow"."User"."adminNoteUpdatedAt", "teamwork_reviewer_flow"."User"."adminNoteUpdatedBy", "teamwork_reviewer_flow"."User"."createdAt", "teamwork_reviewer_flow"."User"."updatedAt", "teamwork_reviewer_flow"."User"."companyName", "teamwork_reviewer_flow"."User"."inn", "teamwork_reviewer_flow"."User"."kpp", "teamwork_reviewer_flow"."User"."legalAddress", "teamwork_reviewer_flow"."User"."staffRoleId" FROM "teamwork_reviewer_flow"."User" WHERE ("teamwork_reviewer_flow"."User"."id" = $1 AND 1=1) LIMIT $2 OFFSET $3

[90mstdout[2m | test/integration/escrow-flow.test.ts[2m > [22m[2mEscrowService — Integration Tests (Real DB)[2m > [22m[2mCumulative daily trust budget[2m > [22m[2mExact boundary: amount === remaining budget → APPROVED (not strict >)
[22m[39mprisma:query INSERT INTO "teamwork_reviewer_flow"."AdminAuditLog" ("id","adminId","adminEmail","action","target","targetType","oldValue","newValue","ipAddress","createdAt") VALUES ($1,$2,$3,$4,$5,$6,$7,$8,$9,$10) RETURNING "teamwork_reviewer_flow"."AdminAuditLog"."id", "teamwork_reviewer_flow"."AdminAuditLog"."adminId", "teamwork_reviewer_flow"."AdminAuditLog"."adminEmail", "teamwork_reviewer_flow"."AdminAuditLog"."action", "teamwork_reviewer_flow"."AdminAuditLog"."target", "teamwork_reviewer_flow"."AdminAuditLog"."targetType", "teamwork_reviewer_flow"."AdminAuditLog"."oldValue", "teamwork_reviewer_flow"."AdminAuditLog"."newValue", "teamwork_reviewer_flow"."AdminAuditLog"."ipAddress", "teamwork_reviewer_flow"."AdminAuditLog"."createdAt"

[90mstdout[2m | test/integration/escrow-flow.test.ts[2m > [22m[2mEscrowService — Integration Tests (Real DB)[2m > [22m[2mNegative amounts (refunds) bypass Trust Budget[2m > [22m[2mRefund does NOT consume trust budget — SUPPORT can refund freely
[22m[39mprisma:query 
        SELECT tablename FROM pg_tables WHERE schemaname='public' AND tablename != '_prisma_migrations';
      

[90mstdout[2m | test/integration/escrow-flow.test.ts[2m > [22m[2mEscrowService — Integration Tests (Real DB)[2m > [22m[2mNegative amounts (refunds) bypass Trust Budget[2m > [22m[2mRefund does NOT consume trust budget — SUPPORT can refund freely
[22m[39mprisma:query TRUNCATE TABLE "ServiceSmartConfig", "StaffPermission", "SmartSnapshot", "LedgerEntry", "Payment", "SmartCampaign", "LoginLog", "AnalyticsEvent", "PromoCodeUsage", "AuthToken", "SupportTemplate", "User", "AdminAuditLog", "FeatureFlag", "MessageAttachment", "Order", "Refill", "TicketMessage", "SecurityEvent", "Ticket", "ServiceRoute", "Service", "SystemSetting", "SmartDetectedUser", "SmartChannelMetric", "PromoCode", "SystemSettings", "UrlPattern", "RateLimit", "Provider", "Article", "B2bConfig", "SmartExecution", "Commission", "ContentItem", "Network", "Page", "Invoice", "RoutingAuditLog", "ContentCategory", "StaffRole", "Category", "AuditLog", "SmartTask", "Session" RESTART IDENTITY CASCADE;

[90mstdout[2m | test/integration/escrow-flow.test.ts[2m > [22m[2mEscrowService — Integration Tests (Real DB)[2m > [22m[2mNegative amounts (refunds) bypass Trust Budget[2m > [22m[2mRefund does NOT consume trust budget — SUPPORT can refund freely
[22m[39mprisma:query INSERT INTO "teamwork_reviewer_flow"."SystemSettings" ("id","isTestMode","taxRate","usnScheme","opexMonthly","maintenanceMode","siteName","siteDescription","welcomeMessage","quarantineThreshold","globalMarkup","safetyFloor","exchangeRateUSD","emailProvider","smtpPort","updatedAt") VALUES ($1,$2,$3,CAST($4::text AS "teamwork_reviewer_flow"."UsnScheme"),$5,$6,$7,$8,$9,$10,$11,$12,$13,$14,$15,$16) ON CONFLICT ("id") DO UPDATE SET "taxRate" = $17, "opexMonthly" = $18, "maintenanceMode" = $19, "isTestMode" = $20, "siteName" = $21, "siteDescription" = $22, "exchangeRateUSD" = $23, "updatedAt" = $24 WHERE ("teamwork_reviewer_flow"."SystemSettings"."id" = $25 AND 1=1) RETURNING "teamwork_reviewer_flow"."SystemSettings"."id", "teamwork_reviewer_flow"."SystemSettings"."isTestMode", "teamwork_reviewer_flow"."SystemSettings"."taxRate", "teamwork_reviewer_flow"."SystemSettings"."usnScheme"::text, "teamwork_reviewer_flow"."SystemSettings"."opexMonthly", "teamwork_reviewer_flow"."SystemSettings"."maintenanceMode", "teamwork_reviewer_flow"."SystemSettings"."siteName", "teamwork_reviewer_flow"."SystemSettings"."siteDescription", "teamwork_reviewer_flow"."SystemSettings"."welcomeMessage", "teamwork_reviewer_flow"."SystemSettings"."yookassaShopId", "teamwork_reviewer_flow"."SystemSettings"."yookassaSecretKey", "teamwork_reviewer_flow"."SystemSettings"."yookassaTestShopId", "teamwork_reviewer_flow"."SystemSettings"."yookassaTestSecretKey", "teamwork_reviewer_flow"."SystemSettings"."cryptoBotToken", "teamwork_reviewer_flow"."SystemSettings"."quarantineThreshold", "teamwork_reviewer_flow"."SystemSettings"."globalMarkup", "teamwork_reviewer_flow"."SystemSettings"."safetyFloor", "teamwork_reviewer_flow"."SystemSettings"."exchangeRateUSD", "teamwork_reviewer_flow"."SystemSettings"."exchangeRateUpdatedAt", "teamwork_reviewer_flow"."SystemSettings"."siteLogoUrl", "teamwork_reviewer_flow"."SystemSettings"."siteFaviconUrl", "teamwork_reviewer_flow"."SystemSettings"."emailProvider", "teamwork_reviewer_flow"."SystemSettings"."resendApiKey", "teamwork_reviewer_flow"."SystemSettings"."smtpHost", "teamwork_reviewer_flow"."SystemSettings"."smtpPort", "teamwork_reviewer_flow"."SystemSettings"."smtpUser", "teamwork_reviewer_flow"."SystemSettings"."smtpPassword", "teamwork_reviewer_flow"."SystemSettings"."supportEmailDomain", "teamwork_reviewer_flow"."SystemSettings"."inboundEmailWebhookSecret", "teamwork_reviewer_flow"."SystemSettings"."robokassaLogin", "teamwork_reviewer_flow"."SystemSettings"."robokassaPassword", "teamwork_reviewer_flow"."SystemSettings"."updatedAt", "teamwork_reviewer_flow"."SystemSettings"."contactSupportEmail", "teamwork_reviewer_flow"."SystemSettings"."contactPrivacyEmail", "teamwork_reviewer_flow"."SystemSettings"."contactTelegramBot", "teamwork_reviewer_flow"."SystemSettings"."contactTelegramChannel", "teamwork_reviewer_flow"."SystemSettings"."contactWhatsApp", "teamwork_reviewer_flow"."SystemSettings"."contactVk", "teamwork_reviewer_flow"."SystemSettings"."legalCompanyName", "teamwork_reviewer_flow"."SystemSettings"."legalCompanyInn", "teamwork_reviewer_flow"."SystemSettings"."legalCompanyOgrnip", "teamwork_reviewer_flow"."SystemSettings"."legalCompanyAddress"

[90mstdout[2m | test/integration/escrow-flow.test.ts[2m > [22m[2mEscrowService — Integration Tests (Real DB)[2m > [22m[2mNegative amounts (refunds) bypass Trust Budget[2m > [22m[2mRefund does NOT consume trust budget — SUPPORT can refund freely
[22m[39mprisma:query INSERT INTO "teamwork_reviewer_flow"."User" ("id","email","role","balance","quarantineBalance","totalSpent","personalDiscount","supportLimitCents","supportSpentTodayCents","supportLastResetAt","referralBalance","isKycVerified","isEmailVerified","isActive","isDeleted","createdAt","updatedAt") VALUES ($1,$2,$3,$4,$5,$6,$7,$8,$9,$10,$11,$12,$13,$14,$15,$16,$17) RETURNING "teamwork_reviewer_flow"."User"."id", "teamwork_reviewer_flow"."User"."email", "teamwork_reviewer_flow"."User"."passwordHash", "teamwork_reviewer_flow"."User"."role", "teamwork_reviewer_flow"."User"."balance", "teamwork_reviewer_flow"."User"."quarantineBalance", "teamwork_reviewer_flow"."User"."totalSpent", "teamwork_reviewer_flow"."User"."personalDiscount", "teamwork_reviewer_flow"."User"."discountEndsAt", "teamwork_reviewer_flow"."User"."supportLimitCents", "teamwork_reviewer_flow"."User"."supportSpentTodayCents", "teamwork_reviewer_flow"."User"."supportLastResetAt", "teamwork_reviewer_flow"."User"."apiKeyHash", "teamwork_reviewer_flow"."User"."referralCode", "teamwork_reviewer_flow"."User"."referredById", "teamwork_reviewer_flow"."User"."referralBalance", "teamwork_reviewer_flow"."User"."telegramId", "teamwork_reviewer_flow"."User"."phoneHash", "teamwork_reviewer_flow"."User"."isKycVerified", "teamwork_reviewer_flow"."User"."isEmailVerified", "teamwork_reviewer_flow"."User"."isActive", "teamwork_reviewer_flow"."User"."isDeleted", "teamwork_reviewer_flow"."User"."adminNote", "teamwork_reviewer_flow"."User"."adminNoteUpdatedAt", "teamwork_reviewer_flow"."User"."adminNoteUpdatedBy", "teamwork_reviewer_flow"."User"."createdAt", "teamwork_reviewer_flow"."User"."updatedAt", "teamwork_reviewer_flow"."User"."companyName", "teamwork_reviewer_flow"."User"."inn", "teamwork_reviewer_flow"."User"."kpp", "teamwork_reviewer_flow"."User"."legalAddress", "teamwork_reviewer_flow"."User"."staffRoleId"

[90mstdout[2m | test/integration/escrow-flow.test.ts[2m > [22m[2mEscrowService — Integration Tests (Real DB)[2m > [22m[2mNegative amounts (refunds) bypass Trust Budget[2m > [22m[2mRefund does NOT consume trust budget — SUPPORT can refund freely
[22m[39mprisma:query INSERT INTO "teamwork_reviewer_flow"."User" ("id","email","role","balance","quarantineBalance","totalSpent","personalDiscount","supportLimitCents","supportSpentTodayCents","supportLastResetAt","referralBalance","isKycVerified","isEmailVerified","isActive","isDeleted","createdAt","updatedAt") VALUES ($1,$2,$3,$4,$5,$6,$7,$8,$9,$10,$11,$12,$13,$14,$15,$16,$17) RETURNING "teamwork_reviewer_flow"."User"."id", "teamwork_reviewer_flow"."User"."email", "teamwork_reviewer_flow"."User"."passwordHash", "teamwork_reviewer_flow"."User"."role", "teamwork_reviewer_flow"."User"."balance", "teamwork_reviewer_flow"."User"."quarantineBalance", "teamwork_reviewer_flow"."User"."totalSpent", "teamwork_reviewer_flow"."User"."personalDiscount", "teamwork_reviewer_flow"."User"."discountEndsAt", "teamwork_reviewer_flow"."User"."supportLimitCents", "teamwork_reviewer_flow"."User"."supportSpentTodayCents", "teamwork_reviewer_flow"."User"."supportLastResetAt", "teamwork_reviewer_flow"."User"."apiKeyHash", "teamwork_reviewer_flow"."User"."referralCode", "teamwork_reviewer_flow"."User"."referredById", "teamwork_reviewer_flow"."User"."referralBalance", "teamwork_reviewer_flow"."User"."telegramId", "teamwork_reviewer_flow"."User"."phoneHash", "teamwork_reviewer_flow"."User"."isKycVerified", "teamwork_reviewer_flow"."User"."isEmailVerified", "teamwork_reviewer_flow"."User"."isActive", "teamwork_reviewer_flow"."User"."isDeleted", "teamwork_reviewer_flow"."User"."adminNote", "teamwork_reviewer_flow"."User"."adminNoteUpdatedAt", "teamwork_reviewer_flow"."User"."adminNoteUpdatedBy", "teamwork_reviewer_flow"."User"."createdAt", "teamwork_reviewer_flow"."User"."updatedAt", "teamwork_reviewer_flow"."User"."companyName", "teamwork_reviewer_flow"."User"."inn", "teamwork_reviewer_flow"."User"."kpp", "teamwork_reviewer_flow"."User"."legalAddress", "teamwork_reviewer_flow"."User"."staffRoleId"

[90mstdout[2m | test/integration/escrow-flow.test.ts[2m > [22m[2mEscrowService — Integration Tests (Real DB)[2m > [22m[2mNegative amounts (refunds) bypass Trust Budget[2m > [22m[2mRefund does NOT consume trust budget — SUPPORT can refund freely
[22m[39mprisma:query BEGIN

[90mstdout[2m | test/integration/escrow-flow.test.ts[2m > [22m[2mEscrowService — Integration Tests (Real DB)[2m > [22m[2mNegative amounts (refunds) bypass Trust Budget[2m > [22m[2mRefund does NOT consume trust budget — SUPPORT can refund freely
[22m[39mprisma:query SET TRANSACTION ISOLATION LEVEL SERIALIZABLE

[90mstdout[2m | test/integration/escrow-flow.test.ts[2m > [22m[2mEscrowService — Integration Tests (Real DB)[2m > [22m[2mNegative amounts (refunds) bypass Trust Budget[2m > [22m[2mRefund does NOT consume trust budget — SUPPORT can refund freely
[22m[39mprisma:query SELECT SUM("amount") FROM (SELECT "teamwork_reviewer_flow"."LedgerEntry"."amount" FROM "teamwork_reviewer_flow"."LedgerEntry" WHERE ("teamwork_reviewer_flow"."LedgerEntry"."adminId" = $1 AND "teamwork_reviewer_flow"."LedgerEntry"."createdAt" >= $2 AND "teamwork_reviewer_flow"."LedgerEntry"."amount" > $3) OFFSET $4) AS "sub"

[90mstdout[2m | test/integration/escrow-flow.test.ts[2m > [22m[2mEscrowService — Integration Tests (Real DB)[2m > [22m[2mNegative amounts (refunds) bypass Trust Budget[2m > [22m[2mRefund does NOT consume trust budget — SUPPORT can refund freely
[22m[39mprisma:query SELECT "teamwork_reviewer_flow"."User"."id", "teamwork_reviewer_flow"."User"."email", "teamwork_reviewer_flow"."User"."passwordHash", "teamwork_reviewer_flow"."User"."role", "teamwork_reviewer_flow"."User"."balance", "teamwork_reviewer_flow"."User"."quarantineBalance", "teamwork_reviewer_flow"."User"."totalSpent", "teamwork_reviewer_flow"."User"."personalDiscount", "teamwork_reviewer_flow"."User"."discountEndsAt", "teamwork_reviewer_flow"."User"."supportLimitCents", "teamwork_reviewer_flow"."User"."supportSpentTodayCents", "teamwork_reviewer_flow"."User"."supportLastResetAt", "teamwork_reviewer_flow"."User"."apiKeyHash", "teamwork_reviewer_flow"."User"."referralCode", "teamwork_reviewer_flow"."User"."referredById", "teamwork_reviewer_flow"."User"."referralBalance", "teamwork_reviewer_flow"."User"."telegramId", "teamwork_reviewer_flow"."User"."phoneHash", "teamwork_reviewer_flow"."User"."isKycVerified", "teamwork_reviewer_flow"."User"."isEmailVerified", "teamwork_reviewer_flow"."User"."isActive", "teamwork_reviewer_flow"."User"."isDeleted", "teamwork_reviewer_flow"."User"."adminNote", "teamwork_reviewer_flow"."User"."adminNoteUpdatedAt", "teamwork_reviewer_flow"."User"."adminNoteUpdatedBy", "teamwork_reviewer_flow"."User"."createdAt", "teamwork_reviewer_flow"."User"."updatedAt", "teamwork_reviewer_flow"."User"."companyName", "teamwork_reviewer_flow"."User"."inn", "teamwork_reviewer_flow"."User"."kpp", "teamwork_reviewer_flow"."User"."legalAddress", "teamwork_reviewer_flow"."User"."staffRoleId" FROM "teamwork_reviewer_flow"."User" WHERE ("teamwork_reviewer_flow"."User"."id" = $1 AND 1=1) LIMIT $2 OFFSET $3

[90mstdout[2m | test/integration/escrow-flow.test.ts[2m > [22m[2mEscrowService — Integration Tests (Real DB)[2m > [22m[2mNegative amounts (refunds) bypass Trust Budget[2m > [22m[2mRefund does NOT consume trust budget — SUPPORT can refund freely
[22m[39mprisma:query UPDATE "teamwork_reviewer_flow"."User" SET "balance" = ("teamwork_reviewer_flow"."User"."balance" + $1), "updatedAt" = $2 WHERE ("teamwork_reviewer_flow"."User"."id" = $3 AND 1=1) RETURNING "teamwork_reviewer_flow"."User"."id", "teamwork_reviewer_flow"."User"."balance"

[90mstdout[2m | test/integration/escrow-flow.test.ts[2m > [22m[2mEscrowService — Integration Tests (Real DB)[2m > [22m[2mNegative amounts (refunds) bypass Trust Budget[2m > [22m[2mRefund does NOT consume trust budget — SUPPORT can refund freely
[22m[39mprisma:query INSERT INTO "teamwork_reviewer_flow"."LedgerEntry" ("id","userId","adminId","amount","reason","status","transactionType","createdAt","updatedAt") VALUES ($1,$2,$3,$4,$5,$6,$7,$8,$9) RETURNING "teamwork_reviewer_flow"."LedgerEntry"."id", "teamwork_reviewer_flow"."LedgerEntry"."userId", "teamwork_reviewer_flow"."LedgerEntry"."adminId", "teamwork_reviewer_flow"."LedgerEntry"."amount", "teamwork_reviewer_flow"."LedgerEntry"."reason", "teamwork_reviewer_flow"."LedgerEntry"."status", "teamwork_reviewer_flow"."LedgerEntry"."idempotencyKey", "teamwork_reviewer_flow"."LedgerEntry"."transactionType", "teamwork_reviewer_flow"."LedgerEntry"."createdAt", "teamwork_reviewer_flow"."LedgerEntry"."updatedAt"

[90mstdout[2m | test/integration/escrow-flow.test.ts[2m > [22m[2mEscrowService — Integration Tests (Real DB)[2m > [22m[2mNegative amounts (refunds) bypass Trust Budget[2m > [22m[2mRefund does NOT consume trust budget — SUPPORT can refund freely
[22m[39mprisma:query COMMIT

[90mstdout[2m | test/integration/escrow-flow.test.ts[2m > [22m[2mEscrowService — Integration Tests (Real DB)[2m > [22m[2mNegative amounts (refunds) bypass Trust Budget[2m > [22m[2mRefund does NOT consume trust budget — SUPPORT can refund freely
[22m[39mprisma:query INSERT INTO "teamwork_reviewer_flow"."AdminAuditLog" ("id","adminId","adminEmail","action","target","targetType","oldValue","newValue","ipAddress","createdAt") VALUES ($1,$2,$3,$4,$5,$6,$7,$8,$9,$10) RETURNING "teamwork_reviewer_flow"."AdminAuditLog"."id", "teamwork_reviewer_flow"."AdminAuditLog"."adminId", "teamwork_reviewer_flow"."AdminAuditLog"."adminEmail", "teamwork_reviewer_flow"."AdminAuditLog"."action", "teamwork_reviewer_flow"."AdminAuditLog"."target", "teamwork_reviewer_flow"."AdminAuditLog"."targetType", "teamwork_reviewer_flow"."AdminAuditLog"."oldValue", "teamwork_reviewer_flow"."AdminAuditLog"."newValue", "teamwork_reviewer_flow"."AdminAuditLog"."ipAddress", "teamwork_reviewer_flow"."AdminAuditLog"."createdAt"

[90mstdout[2m | test/integration/escrow-flow.test.ts[2m > [22m[2mEscrowService — Integration Tests (Real DB)[2m > [22m[2mNegative amounts (refunds) bypass Trust Budget[2m > [22m[2mRefund does NOT consume trust budget — SUPPORT can refund freely
[22m[39mprisma:query BEGIN

[90mstdout[2m | test/integration/escrow-flow.test.ts[2m > [22m[2mEscrowService — Integration Tests (Real DB)[2m > [22m[2mNegative amounts (refunds) bypass Trust Budget[2m > [22m[2mRefund does NOT consume trust budget — SUPPORT can refund freely
[22m[39mprisma:query SET TRANSACTION ISOLATION LEVEL SERIALIZABLE

[90mstdout[2m | test/integration/escrow-flow.test.ts[2m > [22m[2mEscrowService — Integration Tests (Real DB)[2m > [22m[2mNegative amounts (refunds) bypass Trust Budget[2m > [22m[2mRefund does NOT consume trust budget — SUPPORT can refund freely
[22m[39mprisma:query SELECT "teamwork_reviewer_flow"."User"."id", "teamwork_reviewer_flow"."User"."email", "teamwork_reviewer_flow"."User"."passwordHash", "teamwork_reviewer_flow"."User"."role", "teamwork_reviewer_flow"."User"."balance", "teamwork_reviewer_flow"."User"."quarantineBalance", "teamwork_reviewer_flow"."User"."totalSpent", "teamwork_reviewer_flow"."User"."personalDiscount", "teamwork_reviewer_flow"."User"."discountEndsAt", "teamwork_reviewer_flow"."User"."supportLimitCents", "teamwork_reviewer_flow"."User"."supportSpentTodayCents", "teamwork_reviewer_flow"."User"."supportLastResetAt", "teamwork_reviewer_flow"."User"."apiKeyHash", "teamwork_reviewer_flow"."User"."referralCode", "teamwork_reviewer_flow"."User"."referredById", "teamwork_reviewer_flow"."User"."referralBalance", "teamwork_reviewer_flow"."User"."telegramId", "teamwork_reviewer_flow"."User"."phoneHash", "teamwork_reviewer_flow"."User"."isKycVerified", "teamwork_reviewer_flow"."User"."isEmailVerified", "teamwork_reviewer_flow"."User"."isActive", "teamwork_reviewer_flow"."User"."isDeleted", "teamwork_reviewer_flow"."User"."adminNote", "teamwork_reviewer_flow"."User"."adminNoteUpdatedAt", "teamwork_reviewer_flow"."User"."adminNoteUpdatedBy", "teamwork_reviewer_flow"."User"."createdAt", "teamwork_reviewer_flow"."User"."updatedAt", "teamwork_reviewer_flow"."User"."companyName", "teamwork_reviewer_flow"."User"."inn", "teamwork_reviewer_flow"."User"."kpp", "teamwork_reviewer_flow"."User"."legalAddress", "teamwork_reviewer_flow"."User"."staffRoleId" FROM "teamwork_reviewer_flow"."User" WHERE ("teamwork_reviewer_flow"."User"."id" = $1 AND 1=1) LIMIT $2 OFFSET $3

[90mstdout[2m | test/integration/escrow-flow.test.ts[2m > [22m[2mEscrowService — Integration Tests (Real DB)[2m > [22m[2mNegative amounts (refunds) bypass Trust Budget[2m > [22m[2mRefund does NOT consume trust budget — SUPPORT can refund freely
[22m[39mprisma:query UPDATE "teamwork_reviewer_flow"."User" SET "balance" = ("teamwork_reviewer_flow"."User"."balance" + $1), "updatedAt" = $2 WHERE ("teamwork_reviewer_flow"."User"."id" = $3 AND 1=1) RETURNING "teamwork_reviewer_flow"."User"."id", "teamwork_reviewer_flow"."User"."balance"

[90mstdout[2m | test/integration/escrow-flow.test.ts[2m > [22m[2mEscrowService — Integration Tests (Real DB)[2m > [22m[2mNegative amounts (refunds) bypass Trust Budget[2m > [22m[2mRefund does NOT consume trust budget — SUPPORT can refund freely
[22m[39mprisma:query INSERT INTO "teamwork_reviewer_flow"."LedgerEntry" ("id","userId","adminId","amount","reason","status","transactionType","createdAt","updatedAt") VALUES ($1,$2,$3,$4,$5,$6,$7,$8,$9) RETURNING "teamwork_reviewer_flow"."LedgerEntry"."id", "teamwork_reviewer_flow"."LedgerEntry"."userId", "teamwork_reviewer_flow"."LedgerEntry"."adminId", "teamwork_reviewer_flow"."LedgerEntry"."amount", "teamwork_reviewer_flow"."LedgerEntry"."reason", "teamwork_reviewer_flow"."LedgerEntry"."status", "teamwork_reviewer_flow"."LedgerEntry"."idempotencyKey", "teamwork_reviewer_flow"."LedgerEntry"."transactionType", "teamwork_reviewer_flow"."LedgerEntry"."createdAt", "teamwork_reviewer_flow"."LedgerEntry"."updatedAt"

[90mstdout[2m | test/integration/escrow-flow.test.ts[2m > [22m[2mEscrowService — Integration Tests (Real DB)[2m > [22m[2mNegative amounts (refunds) bypass Trust Budget[2m > [22m[2mRefund does NOT consume trust budget — SUPPORT can refund freely
[22m[39mprisma:query COMMIT

[90mstdout[2m | test/integration/escrow-flow.test.ts[2m > [22m[2mEscrowService — Integration Tests (Real DB)[2m > [22m[2mNegative amounts (refunds) bypass Trust Budget[2m > [22m[2mRefund does NOT consume trust budget — SUPPORT can refund freely
[22m[39mprisma:query INSERT INTO "teamwork_reviewer_flow"."AdminAuditLog" ("id","adminId","adminEmail","action","target","targetType","oldValue","newValue","ipAddress","createdAt") VALUES ($1,$2,$3,$4,$5,$6,$7,$8,$9,$10) RETURNING "teamwork_reviewer_flow"."AdminAuditLog"."id", "teamwork_reviewer_flow"."AdminAuditLog"."adminId", "teamwork_reviewer_flow"."AdminAuditLog"."adminEmail", "teamwork_reviewer_flow"."AdminAuditLog"."action", "teamwork_reviewer_flow"."AdminAuditLog"."target", "teamwork_reviewer_flow"."AdminAuditLog"."targetType", "teamwork_reviewer_flow"."AdminAuditLog"."oldValue", "teamwork_reviewer_flow"."AdminAuditLog"."newValue", "teamwork_reviewer_flow"."AdminAuditLog"."ipAddress", "teamwork_reviewer_flow"."AdminAuditLog"."createdAt"

[90mstdout[2m | test/integration/escrow-flow.test.ts[2m > [22m[2mEscrowService — Integration Tests (Real DB)[2m > [22m[2mNegative amounts (refunds) bypass Trust Budget[2m > [22m[2mRefund does NOT consume trust budget — SUPPORT can refund freely
[22m[39mprisma:query SELECT "teamwork_reviewer_flow"."User"."id", "teamwork_reviewer_flow"."User"."email", "teamwork_reviewer_flow"."User"."passwordHash", "teamwork_reviewer_flow"."User"."role", "teamwork_reviewer_flow"."User"."balance", "teamwork_reviewer_flow"."User"."quarantineBalance", "teamwork_reviewer_flow"."User"."totalSpent", "teamwork_reviewer_flow"."User"."personalDiscount", "teamwork_reviewer_flow"."User"."discountEndsAt", "teamwork_reviewer_flow"."User"."supportLimitCents", "teamwork_reviewer_flow"."User"."supportSpentTodayCents", "teamwork_reviewer_flow"."User"."supportLastResetAt", "teamwork_reviewer_flow"."User"."apiKeyHash", "teamwork_reviewer_flow"."User"."referralCode", "teamwork_reviewer_flow"."User"."referredById", "teamwork_reviewer_flow"."User"."referralBalance", "teamwork_reviewer_flow"."User"."telegramId", "teamwork_reviewer_flow"."User"."phoneHash", "teamwork_reviewer_flow"."User"."isKycVerified", "teamwork_reviewer_flow"."User"."isEmailVerified", "teamwork_reviewer_flow"."User"."isActive", "teamwork_reviewer_flow"."User"."isDeleted", "teamwork_reviewer_flow"."User"."adminNote", "teamwork_reviewer_flow"."User"."adminNoteUpdatedAt", "teamwork_reviewer_flow"."User"."adminNoteUpdatedBy", "teamwork_reviewer_flow"."User"."createdAt", "teamwork_reviewer_flow"."User"."updatedAt", "teamwork_reviewer_flow"."User"."companyName", "teamwork_reviewer_flow"."User"."inn", "teamwork_reviewer_flow"."User"."kpp", "teamwork_reviewer_flow"."User"."legalAddress", "teamwork_reviewer_flow"."User"."staffRoleId" FROM "teamwork_reviewer_flow"."User" WHERE ("teamwork_reviewer_flow"."User"."id" = $1 AND 1=1) LIMIT $2 OFFSET $3

[90mstdout[2m | test/integration/escrow-flow.test.ts[2m > [22m[2mEscrowService — Integration Tests (Real DB)[2m > [22m[2mNegative amounts (refunds) bypass Trust Budget[2m > [22m[2mRefund does NOT consume trust budget — SUPPORT can refund freely
[22m[39mprisma:query SELECT "teamwork_reviewer_flow"."LedgerEntry"."id", "teamwork_reviewer_flow"."LedgerEntry"."userId", "teamwork_reviewer_flow"."LedgerEntry"."adminId", "teamwork_reviewer_flow"."LedgerEntry"."amount", "teamwork_reviewer_flow"."LedgerEntry"."reason", "teamwork_reviewer_flow"."LedgerEntry"."status", "teamwork_reviewer_flow"."LedgerEntry"."idempotencyKey", "teamwork_reviewer_flow"."LedgerEntry"."transactionType", "teamwork_reviewer_flow"."LedgerEntry"."createdAt", "teamwork_reviewer_flow"."LedgerEntry"."updatedAt" FROM "teamwork_reviewer_flow"."LedgerEntry" WHERE "teamwork_reviewer_flow"."LedgerEntry"."userId" = $1 ORDER BY "teamwork_reviewer_flow"."LedgerEntry"."createdAt" ASC OFFSET $2

[90mstdout[2m | test/integration/escrow-flow.test.ts[2m > [22m[2mEscrowService — Integration Tests (Real DB)[2m > [22m[2mNegative amounts (refunds) bypass Trust Budget[2m > [22m[2mRefund does NOT count toward next day budget calculation
[22m[39mprisma:query 
        SELECT tablename FROM pg_tables WHERE schemaname='public' AND tablename != '_prisma_migrations';
      

[90mstdout[2m | test/integration/escrow-flow.test.ts[2m > [22m[2mEscrowService — Integration Tests (Real DB)[2m > [22m[2mNegative amounts (refunds) bypass Trust Budget[2m > [22m[2mRefund does NOT count toward next day budget calculation
[22m[39mprisma:query TRUNCATE TABLE "ServiceSmartConfig", "StaffPermission", "SmartSnapshot", "LedgerEntry", "Payment", "SmartCampaign", "LoginLog", "AnalyticsEvent", "PromoCodeUsage", "AuthToken", "SupportTemplate", "User", "AdminAuditLog", "FeatureFlag", "MessageAttachment", "Order", "Refill", "TicketMessage", "SecurityEvent", "Ticket", "ServiceRoute", "Service", "SystemSetting", "SmartDetectedUser", "SmartChannelMetric", "PromoCode", "SystemSettings", "UrlPattern", "RateLimit", "Provider", "Article", "B2bConfig", "SmartExecution", "Commission", "ContentItem", "Network", "Page", "Invoice", "RoutingAuditLog", "ContentCategory", "StaffRole", "Category", "AuditLog", "SmartTask", "Session" RESTART IDENTITY CASCADE;

[90mstdout[2m | test/integration/escrow-flow.test.ts[2m > [22m[2mEscrowService — Integration Tests (Real DB)[2m > [22m[2mNegative amounts (refunds) bypass Trust Budget[2m > [22m[2mRefund does NOT count toward next day budget calculation
[22m[39mprisma:query INSERT INTO "teamwork_reviewer_flow"."SystemSettings" ("id","isTestMode","taxRate","usnScheme","opexMonthly","maintenanceMode","siteName","siteDescription","welcomeMessage","quarantineThreshold","globalMarkup","safetyFloor","exchangeRateUSD","emailProvider","smtpPort","updatedAt") VALUES ($1,$2,$3,CAST($4::text AS "teamwork_reviewer_flow"."UsnScheme"),$5,$6,$7,$8,$9,$10,$11,$12,$13,$14,$15,$16) ON CONFLICT ("id") DO UPDATE SET "taxRate" = $17, "opexMonthly" = $18, "maintenanceMode" = $19, "isTestMode" = $20, "siteName" = $21, "siteDescription" = $22, "exchangeRateUSD" = $23, "updatedAt" = $24 WHERE ("teamwork_reviewer_flow"."SystemSettings"."id" = $25 AND 1=1) RETURNING "teamwork_reviewer_flow"."SystemSettings"."id", "teamwork_reviewer_flow"."SystemSettings"."isTestMode", "teamwork_reviewer_flow"."SystemSettings"."taxRate", "teamwork_reviewer_flow"."SystemSettings"."usnScheme"::text, "teamwork_reviewer_flow"."SystemSettings"."opexMonthly", "teamwork_reviewer_flow"."SystemSettings"."maintenanceMode", "teamwork_reviewer_flow"."SystemSettings"."siteName", "teamwork_reviewer_flow"."SystemSettings"."siteDescription", "teamwork_reviewer_flow"."SystemSettings"."welcomeMessage", "teamwork_reviewer_flow"."SystemSettings"."yookassaShopId", "teamwork_reviewer_flow"."SystemSettings"."yookassaSecretKey", "teamwork_reviewer_flow"."SystemSettings"."yookassaTestShopId", "teamwork_reviewer_flow"."SystemSettings"."yookassaTestSecretKey", "teamwork_reviewer_flow"."SystemSettings"."cryptoBotToken", "teamwork_reviewer_flow"."SystemSettings"."quarantineThreshold", "teamwork_reviewer_flow"."SystemSettings"."globalMarkup", "teamwork_reviewer_flow"."SystemSettings"."safetyFloor", "teamwork_reviewer_flow"."SystemSettings"."exchangeRateUSD", "teamwork_reviewer_flow"."SystemSettings"."exchangeRateUpdatedAt", "teamwork_reviewer_flow"."SystemSettings"."siteLogoUrl", "teamwork_reviewer_flow"."SystemSettings"."siteFaviconUrl", "teamwork_reviewer_flow"."SystemSettings"."emailProvider", "teamwork_reviewer_flow"."SystemSettings"."resendApiKey", "teamwork_reviewer_flow"."SystemSettings"."smtpHost", "teamwork_reviewer_flow"."SystemSettings"."smtpPort", "teamwork_reviewer_flow"."SystemSettings"."smtpUser", "teamwork_reviewer_flow"."SystemSettings"."smtpPassword", "teamwork_reviewer_flow"."SystemSettings"."supportEmailDomain", "teamwork_reviewer_flow"."SystemSettings"."inboundEmailWebhookSecret", "teamwork_reviewer_flow"."SystemSettings"."robokassaLogin", "teamwork_reviewer_flow"."SystemSettings"."robokassaPassword", "teamwork_reviewer_flow"."SystemSettings"."updatedAt", "teamwork_reviewer_flow"."SystemSettings"."contactSupportEmail", "teamwork_reviewer_flow"."SystemSettings"."contactPrivacyEmail", "teamwork_reviewer_flow"."SystemSettings"."contactTelegramBot", "teamwork_reviewer_flow"."SystemSettings"."contactTelegramChannel", "teamwork_reviewer_flow"."SystemSettings"."contactWhatsApp", "teamwork_reviewer_flow"."SystemSettings"."contactVk", "teamwork_reviewer_flow"."SystemSettings"."legalCompanyName", "teamwork_reviewer_flow"."SystemSettings"."legalCompanyInn", "teamwork_reviewer_flow"."SystemSettings"."legalCompanyOgrnip", "teamwork_reviewer_flow"."SystemSettings"."legalCompanyAddress"

[90mstdout[2m | test/integration/escrow-flow.test.ts[2m > [22m[2mEscrowService — Integration Tests (Real DB)[2m > [22m[2mNegative amounts (refunds) bypass Trust Budget[2m > [22m[2mRefund does NOT count toward next day budget calculation
[22m[39mprisma:query INSERT INTO "teamwork_reviewer_flow"."User" ("id","email","role","balance","quarantineBalance","totalSpent","personalDiscount","supportLimitCents","supportSpentTodayCents","supportLastResetAt","referralBalance","isKycVerified","isEmailVerified","isActive","isDeleted","createdAt","updatedAt") VALUES ($1,$2,$3,$4,$5,$6,$7,$8,$9,$10,$11,$12,$13,$14,$15,$16,$17) RETURNING "teamwork_reviewer_flow"."User"."id", "teamwork_reviewer_flow"."User"."email", "teamwork_reviewer_flow"."User"."passwordHash", "teamwork_reviewer_flow"."User"."role", "teamwork_reviewer_flow"."User"."balance", "teamwork_reviewer_flow"."User"."quarantineBalance", "teamwork_reviewer_flow"."User"."totalSpent", "teamwork_reviewer_flow"."User"."personalDiscount", "teamwork_reviewer_flow"."User"."discountEndsAt", "teamwork_reviewer_flow"."User"."supportLimitCents", "teamwork_reviewer_flow"."User"."supportSpentTodayCents", "teamwork_reviewer_flow"."User"."supportLastResetAt", "teamwork_reviewer_flow"."User"."apiKeyHash", "teamwork_reviewer_flow"."User"."referralCode", "teamwork_reviewer_flow"."User"."referredById", "teamwork_reviewer_flow"."User"."referralBalance", "teamwork_reviewer_flow"."User"."telegramId", "teamwork_reviewer_flow"."User"."phoneHash", "teamwork_reviewer_flow"."User"."isKycVerified", "teamwork_reviewer_flow"."User"."isEmailVerified", "teamwork_reviewer_flow"."User"."isActive", "teamwork_reviewer_flow"."User"."isDeleted", "teamwork_reviewer_flow"."User"."adminNote", "teamwork_reviewer_flow"."User"."adminNoteUpdatedAt", "teamwork_reviewer_flow"."User"."adminNoteUpdatedBy", "teamwork_reviewer_flow"."User"."createdAt", "teamwork_reviewer_flow"."User"."updatedAt", "teamwork_reviewer_flow"."User"."companyName", "teamwork_reviewer_flow"."User"."inn", "teamwork_reviewer_flow"."User"."kpp", "teamwork_reviewer_flow"."User"."legalAddress", "teamwork_reviewer_flow"."User"."staffRoleId"

[90mstdout[2m | test/integration/escrow-flow.test.ts[2m > [22m[2mEscrowService — Integration Tests (Real DB)[2m > [22m[2mNegative amounts (refunds) bypass Trust Budget[2m > [22m[2mRefund does NOT count toward next day budget calculation
[22m[39mprisma:query INSERT INTO "teamwork_reviewer_flow"."User" ("id","email","role","balance","quarantineBalance","totalSpent","personalDiscount","supportLimitCents","supportSpentTodayCents","supportLastResetAt","referralBalance","isKycVerified","isEmailVerified","isActive","isDeleted","createdAt","updatedAt") VALUES ($1,$2,$3,$4,$5,$6,$7,$8,$9,$10,$11,$12,$13,$14,$15,$16,$17) RETURNING "teamwork_reviewer_flow"."User"."id", "teamwork_reviewer_flow"."User"."email", "teamwork_reviewer_flow"."User"."passwordHash", "teamwork_reviewer_flow"."User"."role", "teamwork_reviewer_flow"."User"."balance", "teamwork_reviewer_flow"."User"."quarantineBalance", "teamwork_reviewer_flow"."User"."totalSpent", "teamwork_reviewer_flow"."User"."personalDiscount", "teamwork_reviewer_flow"."User"."discountEndsAt", "teamwork_reviewer_flow"."User"."supportLimitCents", "teamwork_reviewer_flow"."User"."supportSpentTodayCents", "teamwork_reviewer_flow"."User"."supportLastResetAt", "teamwork_reviewer_flow"."User"."apiKeyHash", "teamwork_reviewer_flow"."User"."referralCode", "teamwork_reviewer_flow"."User"."referredById", "teamwork_reviewer_flow"."User"."referralBalance", "teamwork_reviewer_flow"."User"."telegramId", "teamwork_reviewer_flow"."User"."phoneHash", "teamwork_reviewer_flow"."User"."isKycVerified", "teamwork_reviewer_flow"."User"."isEmailVerified", "teamwork_reviewer_flow"."User"."isActive", "teamwork_reviewer_flow"."User"."isDeleted", "teamwork_reviewer_flow"."User"."adminNote", "teamwork_reviewer_flow"."User"."adminNoteUpdatedAt", "teamwork_reviewer_flow"."User"."adminNoteUpdatedBy", "teamwork_reviewer_flow"."User"."createdAt", "teamwork_reviewer_flow"."User"."updatedAt", "teamwork_reviewer_flow"."User"."companyName", "teamwork_reviewer_flow"."User"."inn", "teamwork_reviewer_flow"."User"."kpp", "teamwork_reviewer_flow"."User"."legalAddress", "teamwork_reviewer_flow"."User"."staffRoleId"

[90mstdout[2m | test/integration/escrow-flow.test.ts[2m > [22m[2mEscrowService — Integration Tests (Real DB)[2m > [22m[2mNegative amounts (refunds) bypass Trust Budget[2m > [22m[2mRefund does NOT count toward next day budget calculation
[22m[39mprisma:query BEGIN

[90mstdout[2m | test/integration/escrow-flow.test.ts[2m > [22m[2mEscrowService — Integration Tests (Real DB)[2m > [22m[2mNegative amounts (refunds) bypass Trust Budget[2m > [22m[2mRefund does NOT count toward next day budget calculation
[22m[39mprisma:query SET TRANSACTION ISOLATION LEVEL SERIALIZABLE

[90mstdout[2m | test/integration/escrow-flow.test.ts[2m > [22m[2mEscrowService — Integration Tests (Real DB)[2m > [22m[2mNegative amounts (refunds) bypass Trust Budget[2m > [22m[2mRefund does NOT count toward next day budget calculation
[22m[39mprisma:query SELECT "teamwork_reviewer_flow"."User"."id", "teamwork_reviewer_flow"."User"."email", "teamwork_reviewer_flow"."User"."passwordHash", "teamwork_reviewer_flow"."User"."role", "teamwork_reviewer_flow"."User"."balance", "teamwork_reviewer_flow"."User"."quarantineBalance", "teamwork_reviewer_flow"."User"."totalSpent", "teamwork_reviewer_flow"."User"."personalDiscount", "teamwork_reviewer_flow"."User"."discountEndsAt", "teamwork_reviewer_flow"."User"."supportLimitCents", "teamwork_reviewer_flow"."User"."supportSpentTodayCents", "teamwork_reviewer_flow"."User"."supportLastResetAt", "teamwork_reviewer_flow"."User"."apiKeyHash", "teamwork_reviewer_flow"."User"."referralCode", "teamwork_reviewer_flow"."User"."referredById", "teamwork_reviewer_flow"."User"."referralBalance", "teamwork_reviewer_flow"."User"."telegramId", "teamwork_reviewer_flow"."User"."phoneHash", "teamwork_reviewer_flow"."User"."isKycVerified", "teamwork_reviewer_flow"."User"."isEmailVerified", "teamwork_reviewer_flow"."User"."isActive", "teamwork_reviewer_flow"."User"."isDeleted", "teamwork_reviewer_flow"."User"."adminNote", "teamwork_reviewer_flow"."User"."adminNoteUpdatedAt", "teamwork_reviewer_flow"."User"."adminNoteUpdatedBy", "teamwork_reviewer_flow"."User"."createdAt", "teamwork_reviewer_flow"."User"."updatedAt", "teamwork_reviewer_flow"."User"."companyName", "teamwork_reviewer_flow"."User"."inn", "teamwork_reviewer_flow"."User"."kpp", "teamwork_reviewer_flow"."User"."legalAddress", "teamwork_reviewer_flow"."User"."staffRoleId" FROM "teamwork_reviewer_flow"."User" WHERE ("teamwork_reviewer_flow"."User"."id" = $1 AND 1=1) LIMIT $2 OFFSET $3

[90mstdout[2m | test/integration/escrow-flow.test.ts[2m > [22m[2mEscrowService — Integration Tests (Real DB)[2m > [22m[2mNegative amounts (refunds) bypass Trust Budget[2m > [22m[2mRefund does NOT count toward next day budget calculation
[22m[39mprisma:query UPDATE "teamwork_reviewer_flow"."User" SET "balance" = ("teamwork_reviewer_flow"."User"."balance" + $1), "updatedAt" = $2 WHERE ("teamwork_reviewer_flow"."User"."id" = $3 AND 1=1) RETURNING "teamwork_reviewer_flow"."User"."id", "teamwork_reviewer_flow"."User"."balance"

[90mstdout[2m | test/integration/escrow-flow.test.ts[2m > [22m[2mEscrowService — Integration Tests (Real DB)[2m > [22m[2mNegative amounts (refunds) bypass Trust Budget[2m > [22m[2mRefund does NOT count toward next day budget calculation
[22m[39mprisma:query INSERT INTO "teamwork_reviewer_flow"."LedgerEntry" ("id","userId","adminId","amount","reason","status","transactionType","createdAt","updatedAt") VALUES ($1,$2,$3,$4,$5,$6,$7,$8,$9) RETURNING "teamwork_reviewer_flow"."LedgerEntry"."id", "teamwork_reviewer_flow"."LedgerEntry"."userId", "teamwork_reviewer_flow"."LedgerEntry"."adminId", "teamwork_reviewer_flow"."LedgerEntry"."amount", "teamwork_reviewer_flow"."LedgerEntry"."reason", "teamwork_reviewer_flow"."LedgerEntry"."status", "teamwork_reviewer_flow"."LedgerEntry"."idempotencyKey", "teamwork_reviewer_flow"."LedgerEntry"."transactionType", "teamwork_reviewer_flow"."LedgerEntry"."createdAt", "teamwork_reviewer_flow"."LedgerEntry"."updatedAt"

[90mstdout[2m | test/integration/escrow-flow.test.ts[2m > [22m[2mEscrowService — Integration Tests (Real DB)[2m > [22m[2mNegative amounts (refunds) bypass Trust Budget[2m > [22m[2mRefund does NOT count toward next day budget calculation
[22m[39mprisma:query COMMIT

[90mstdout[2m | test/integration/escrow-flow.test.ts[2m > [22m[2mEscrowService — Integration Tests (Real DB)[2m > [22m[2mNegative amounts (refunds) bypass Trust Budget[2m > [22m[2mRefund does NOT count toward next day budget calculation
[22m[39mprisma:query BEGIN

[90mstdout[2m | test/integration/escrow-flow.test.ts[2m > [22m[2mEscrowService — Integration Tests (Real DB)[2m > [22m[2mNegative amounts (refunds) bypass Trust Budget[2m > [22m[2mRefund does NOT count toward next day budget calculation
[22m[39mprisma:query SET TRANSACTION ISOLATION LEVEL SERIALIZABLE

[90mstdout[2m | test/integration/escrow-flow.test.ts[2m > [22m[2mEscrowService — Integration Tests (Real DB)[2m > [22m[2mNegative amounts (refunds) bypass Trust Budget[2m > [22m[2mRefund does NOT count toward next day budget calculation
[22m[39mprisma:query INSERT INTO "teamwork_reviewer_flow"."AdminAuditLog" ("id","adminId","adminEmail","action","target","targetType","oldValue","newValue","ipAddress","createdAt") VALUES ($1,$2,$3,$4,$5,$6,$7,$8,$9,$10) RETURNING "teamwork_reviewer_flow"."AdminAuditLog"."id", "teamwork_reviewer_flow"."AdminAuditLog"."adminId", "teamwork_reviewer_flow"."AdminAuditLog"."adminEmail", "teamwork_reviewer_flow"."AdminAuditLog"."action", "teamwork_reviewer_flow"."AdminAuditLog"."target", "teamwork_reviewer_flow"."AdminAuditLog"."targetType", "teamwork_reviewer_flow"."AdminAuditLog"."oldValue", "teamwork_reviewer_flow"."AdminAuditLog"."newValue", "teamwork_reviewer_flow"."AdminAuditLog"."ipAddress", "teamwork_reviewer_flow"."AdminAuditLog"."createdAt"

[90mstdout[2m | test/integration/escrow-flow.test.ts[2m > [22m[2mEscrowService — Integration Tests (Real DB)[2m > [22m[2mNegative amounts (refunds) bypass Trust Budget[2m > [22m[2mRefund does NOT count toward next day budget calculation
[22m[39mprisma:query SELECT SUM("amount") FROM (SELECT "teamwork_reviewer_flow"."LedgerEntry"."amount" FROM "teamwork_reviewer_flow"."LedgerEntry" WHERE ("teamwork_reviewer_flow"."LedgerEntry"."adminId" = $1 AND "teamwork_reviewer_flow"."LedgerEntry"."createdAt" >= $2 AND "teamwork_reviewer_flow"."LedgerEntry"."amount" > $3) OFFSET $4) AS "sub"

[90mstdout[2m | test/integration/escrow-flow.test.ts[2m > [22m[2mEscrowService — Integration Tests (Real DB)[2m > [22m[2mNegative amounts (refunds) bypass Trust Budget[2m > [22m[2mRefund does NOT count toward next day budget calculation
[22m[39mprisma:query SELECT "teamwork_reviewer_flow"."User"."id", "teamwork_reviewer_flow"."User"."email", "teamwork_reviewer_flow"."User"."passwordHash", "teamwork_reviewer_flow"."User"."role", "teamwork_reviewer_flow"."User"."balance", "teamwork_reviewer_flow"."User"."quarantineBalance", "teamwork_reviewer_flow"."User"."totalSpent", "teamwork_reviewer_flow"."User"."personalDiscount", "teamwork_reviewer_flow"."User"."discountEndsAt", "teamwork_reviewer_flow"."User"."supportLimitCents", "teamwork_reviewer_flow"."User"."supportSpentTodayCents", "teamwork_reviewer_flow"."User"."supportLastResetAt", "teamwork_reviewer_flow"."User"."apiKeyHash", "teamwork_reviewer_flow"."User"."referralCode", "teamwork_reviewer_flow"."User"."referredById", "teamwork_reviewer_flow"."User"."referralBalance", "teamwork_reviewer_flow"."User"."telegramId", "teamwork_reviewer_flow"."User"."phoneHash", "teamwork_reviewer_flow"."User"."isKycVerified", "teamwork_reviewer_flow"."User"."isEmailVerified", "teamwork_reviewer_flow"."User"."isActive", "teamwork_reviewer_flow"."User"."isDeleted", "teamwork_reviewer_flow"."User"."adminNote", "teamwork_reviewer_flow"."User"."adminNoteUpdatedAt", "teamwork_reviewer_flow"."User"."adminNoteUpdatedBy", "teamwork_reviewer_flow"."User"."createdAt", "teamwork_reviewer_flow"."User"."updatedAt", "teamwork_reviewer_flow"."User"."companyName", "teamwork_reviewer_flow"."User"."inn", "teamwork_reviewer_flow"."User"."kpp", "teamwork_reviewer_flow"."User"."legalAddress", "teamwork_reviewer_flow"."User"."staffRoleId" FROM "teamwork_reviewer_flow"."User" WHERE ("teamwork_reviewer_flow"."User"."id" = $1 AND 1=1) LIMIT $2 OFFSET $3

[90mstdout[2m | test/integration/escrow-flow.test.ts[2m > [22m[2mEscrowService — Integration Tests (Real DB)[2m > [22m[2mNegative amounts (refunds) bypass Trust Budget[2m > [22m[2mRefund does NOT count toward next day budget calculation
[22m[39mprisma:query UPDATE "teamwork_reviewer_flow"."User" SET "balance" = ("teamwork_reviewer_flow"."User"."balance" + $1), "updatedAt" = $2 WHERE ("teamwork_reviewer_flow"."User"."id" = $3 AND 1=1) RETURNING "teamwork_reviewer_flow"."User"."id", "teamwork_reviewer_flow"."User"."balance"

[90mstdout[2m | test/integration/escrow-flow.test.ts[2m > [22m[2mEscrowService — Integration Tests (Real DB)[2m > [22m[2mNegative amounts (refunds) bypass Trust Budget[2m > [22m[2mRefund does NOT count toward next day budget calculation
[22m[39mprisma:query INSERT INTO "teamwork_reviewer_flow"."LedgerEntry" ("id","userId","adminId","amount","reason","status","transactionType","createdAt","updatedAt") VALUES ($1,$2,$3,$4,$5,$6,$7,$8,$9) RETURNING "teamwork_reviewer_flow"."LedgerEntry"."id", "teamwork_reviewer_flow"."LedgerEntry"."userId", "teamwork_reviewer_flow"."LedgerEntry"."adminId", "teamwork_reviewer_flow"."LedgerEntry"."amount", "teamwork_reviewer_flow"."LedgerEntry"."reason", "teamwork_reviewer_flow"."LedgerEntry"."status", "teamwork_reviewer_flow"."LedgerEntry"."idempotencyKey", "teamwork_reviewer_flow"."LedgerEntry"."transactionType", "teamwork_reviewer_flow"."LedgerEntry"."createdAt", "teamwork_reviewer_flow"."LedgerEntry"."updatedAt"

[90mstdout[2m | test/integration/escrow-flow.test.ts[2m > [22m[2mEscrowService — Integration Tests (Real DB)[2m > [22m[2mNegative amounts (refunds) bypass Trust Budget[2m > [22m[2mRefund does NOT count toward next day budget calculation
[22m[39mprisma:query COMMIT

[90mstdout[2m | test/integration/escrow-flow.test.ts[2m > [22m[2mEscrowService — Integration Tests (Real DB)[2m > [22m[2mNegative amounts (refunds) bypass Trust Budget[2m > [22m[2mRefund does NOT count toward next day budget calculation
[22m[39mprisma:query INSERT INTO "teamwork_reviewer_flow"."AdminAuditLog" ("id","adminId","adminEmail","action","target","targetType","oldValue","newValue","ipAddress","createdAt") VALUES ($1,$2,$3,$4,$5,$6,$7,$8,$9,$10) RETURNING "teamwork_reviewer_flow"."AdminAuditLog"."id", "teamwork_reviewer_flow"."AdminAuditLog"."adminId", "teamwork_reviewer_flow"."AdminAuditLog"."adminEmail", "teamwork_reviewer_flow"."AdminAuditLog"."action", "teamwork_reviewer_flow"."AdminAuditLog"."target", "teamwork_reviewer_flow"."AdminAuditLog"."targetType", "teamwork_reviewer_flow"."AdminAuditLog"."oldValue", "teamwork_reviewer_flow"."AdminAuditLog"."newValue", "teamwork_reviewer_flow"."AdminAuditLog"."ipAddress", "teamwork_reviewer_flow"."AdminAuditLog"."createdAt"

[90mstdout[2m | test/integration/escrow-flow.test.ts[2m > [22m[2mEscrowService — Integration Tests (Real DB)[2m > [22m[2mNegative amounts (refunds) bypass Trust Budget[2m > [22m[2mRefund does NOT count toward next day budget calculation
[22m[39mprisma:query SELECT "teamwork_reviewer_flow"."User"."id", "teamwork_reviewer_flow"."User"."email", "teamwork_reviewer_flow"."User"."passwordHash", "teamwork_reviewer_flow"."User"."role", "teamwork_reviewer_flow"."User"."balance", "teamwork_reviewer_flow"."User"."quarantineBalance", "teamwork_reviewer_flow"."User"."totalSpent", "teamwork_reviewer_flow"."User"."personalDiscount", "teamwork_reviewer_flow"."User"."discountEndsAt", "teamwork_reviewer_flow"."User"."supportLimitCents", "teamwork_reviewer_flow"."User"."supportSpentTodayCents", "teamwork_reviewer_flow"."User"."supportLastResetAt", "teamwork_reviewer_flow"."User"."apiKeyHash", "teamwork_reviewer_flow"."User"."referralCode", "teamwork_reviewer_flow"."User"."referredById", "teamwork_reviewer_flow"."User"."referralBalance", "teamwork_reviewer_flow"."User"."telegramId", "teamwork_reviewer_flow"."User"."phoneHash", "teamwork_reviewer_flow"."User"."isKycVerified", "teamwork_reviewer_flow"."User"."isEmailVerified", "teamwork_reviewer_flow"."User"."isActive", "teamwork_reviewer_flow"."User"."isDeleted", "teamwork_reviewer_flow"."User"."adminNote", "teamwork_reviewer_flow"."User"."adminNoteUpdatedAt", "teamwork_reviewer_flow"."User"."adminNoteUpdatedBy", "teamwork_reviewer_flow"."User"."createdAt", "teamwork_reviewer_flow"."User"."updatedAt", "teamwork_reviewer_flow"."User"."companyName", "teamwork_reviewer_flow"."User"."inn", "teamwork_reviewer_flow"."User"."kpp", "teamwork_reviewer_flow"."User"."legalAddress", "teamwork_reviewer_flow"."User"."staffRoleId" FROM "teamwork_reviewer_flow"."User" WHERE ("teamwork_reviewer_flow"."User"."id" = $1 AND 1=1) LIMIT $2 OFFSET $3

[90mstdout[2m | test/integration/escrow-flow.test.ts[2m > [22m[2mEscrowService — Integration Tests (Real DB)[2m > [22m[2mNegative balance warning[2m > [22m[2mSends WARNING alert when balance goes negative
[22m[39mprisma:query 
        SELECT tablename FROM pg_tables WHERE schemaname='public' AND tablename != '_prisma_migrations';
      

[90mstdout[2m | test/integration/escrow-flow.test.ts[2m > [22m[2mEscrowService — Integration Tests (Real DB)[2m > [22m[2mNegative balance warning[2m > [22m[2mSends WARNING alert when balance goes negative
[22m[39mprisma:query TRUNCATE TABLE "ServiceSmartConfig", "StaffPermission", "SmartSnapshot", "LedgerEntry", "Payment", "SmartCampaign", "LoginLog", "AnalyticsEvent", "PromoCodeUsage", "AuthToken", "SupportTemplate", "User", "AdminAuditLog", "FeatureFlag", "MessageAttachment", "Order", "Refill", "TicketMessage", "SecurityEvent", "Ticket", "ServiceRoute", "Service", "SystemSetting", "SmartDetectedUser", "SmartChannelMetric", "PromoCode", "SystemSettings", "UrlPattern", "RateLimit", "Provider", "Article", "B2bConfig", "SmartExecution", "Commission", "ContentItem", "Network", "Page", "Invoice", "RoutingAuditLog", "ContentCategory", "StaffRole", "Category", "AuditLog", "SmartTask", "Session" RESTART IDENTITY CASCADE;

[90mstdout[2m | test/integration/escrow-flow.test.ts[2m > [22m[2mEscrowService — Integration Tests (Real DB)[2m > [22m[2mNegative balance warning[2m > [22m[2mSends WARNING alert when balance goes negative
[22m[39mprisma:query INSERT INTO "teamwork_reviewer_flow"."SystemSettings" ("id","isTestMode","taxRate","usnScheme","opexMonthly","maintenanceMode","siteName","siteDescription","welcomeMessage","quarantineThreshold","globalMarkup","safetyFloor","exchangeRateUSD","emailProvider","smtpPort","updatedAt") VALUES ($1,$2,$3,CAST($4::text AS "teamwork_reviewer_flow"."UsnScheme"),$5,$6,$7,$8,$9,$10,$11,$12,$13,$14,$15,$16) ON CONFLICT ("id") DO UPDATE SET "taxRate" = $17, "opexMonthly" = $18, "maintenanceMode" = $19, "isTestMode" = $20, "siteName" = $21, "siteDescription" = $22, "exchangeRateUSD" = $23, "updatedAt" = $24 WHERE ("teamwork_reviewer_flow"."SystemSettings"."id" = $25 AND 1=1) RETURNING "teamwork_reviewer_flow"."SystemSettings"."id", "teamwork_reviewer_flow"."SystemSettings"."isTestMode", "teamwork_reviewer_flow"."SystemSettings"."taxRate", "teamwork_reviewer_flow"."SystemSettings"."usnScheme"::text, "teamwork_reviewer_flow"."SystemSettings"."opexMonthly", "teamwork_reviewer_flow"."SystemSettings"."maintenanceMode", "teamwork_reviewer_flow"."SystemSettings"."siteName", "teamwork_reviewer_flow"."SystemSettings"."siteDescription", "teamwork_reviewer_flow"."SystemSettings"."welcomeMessage", "teamwork_reviewer_flow"."SystemSettings"."yookassaShopId", "teamwork_reviewer_flow"."SystemSettings"."yookassaSecretKey", "teamwork_reviewer_flow"."SystemSettings"."yookassaTestShopId", "teamwork_reviewer_flow"."SystemSettings"."yookassaTestSecretKey", "teamwork_reviewer_flow"."SystemSettings"."cryptoBotToken", "teamwork_reviewer_flow"."SystemSettings"."quarantineThreshold", "teamwork_reviewer_flow"."SystemSettings"."globalMarkup", "teamwork_reviewer_flow"."SystemSettings"."safetyFloor", "teamwork_reviewer_flow"."SystemSettings"."exchangeRateUSD", "teamwork_reviewer_flow"."SystemSettings"."exchangeRateUpdatedAt", "teamwork_reviewer_flow"."SystemSettings"."siteLogoUrl", "teamwork_reviewer_flow"."SystemSettings"."siteFaviconUrl", "teamwork_reviewer_flow"."SystemSettings"."emailProvider", "teamwork_reviewer_flow"."SystemSettings"."resendApiKey", "teamwork_reviewer_flow"."SystemSettings"."smtpHost", "teamwork_reviewer_flow"."SystemSettings"."smtpPort", "teamwork_reviewer_flow"."SystemSettings"."smtpUser", "teamwork_reviewer_flow"."SystemSettings"."smtpPassword", "teamwork_reviewer_flow"."SystemSettings"."supportEmailDomain", "teamwork_reviewer_flow"."SystemSettings"."inboundEmailWebhookSecret", "teamwork_reviewer_flow"."SystemSettings"."robokassaLogin", "teamwork_reviewer_flow"."SystemSettings"."robokassaPassword", "teamwork_reviewer_flow"."SystemSettings"."updatedAt", "teamwork_reviewer_flow"."SystemSettings"."contactSupportEmail", "teamwork_reviewer_flow"."SystemSettings"."contactPrivacyEmail", "teamwork_reviewer_flow"."SystemSettings"."contactTelegramBot", "teamwork_reviewer_flow"."SystemSettings"."contactTelegramChannel", "teamwork_reviewer_flow"."SystemSettings"."contactWhatsApp", "teamwork_reviewer_flow"."SystemSettings"."contactVk", "teamwork_reviewer_flow"."SystemSettings"."legalCompanyName", "teamwork_reviewer_flow"."SystemSettings"."legalCompanyInn", "teamwork_reviewer_flow"."SystemSettings"."legalCompanyOgrnip", "teamwork_reviewer_flow"."SystemSettings"."legalCompanyAddress"

[90mstdout[2m | test/integration/escrow-flow.test.ts[2m > [22m[2mEscrowService — Integration Tests (Real DB)[2m > [22m[2mNegative balance warning[2m > [22m[2mSends WARNING alert when balance goes negative
[22m[39mprisma:query INSERT INTO "teamwork_reviewer_flow"."User" ("id","email","role","balance","quarantineBalance","totalSpent","personalDiscount","supportLimitCents","supportSpentTodayCents","supportLastResetAt","referralBalance","isKycVerified","isEmailVerified","isActive","isDeleted","createdAt","updatedAt") VALUES ($1,$2,$3,$4,$5,$6,$7,$8,$9,$10,$11,$12,$13,$14,$15,$16,$17) RETURNING "teamwork_reviewer_flow"."User"."id", "teamwork_reviewer_flow"."User"."email", "teamwork_reviewer_flow"."User"."passwordHash", "teamwork_reviewer_flow"."User"."role", "teamwork_reviewer_flow"."User"."balance", "teamwork_reviewer_flow"."User"."quarantineBalance", "teamwork_reviewer_flow"."User"."totalSpent", "teamwork_reviewer_flow"."User"."personalDiscount", "teamwork_reviewer_flow"."User"."discountEndsAt", "teamwork_reviewer_flow"."User"."supportLimitCents", "teamwork_reviewer_flow"."User"."supportSpentTodayCents", "teamwork_reviewer_flow"."User"."supportLastResetAt", "teamwork_reviewer_flow"."User"."apiKeyHash", "teamwork_reviewer_flow"."User"."referralCode", "teamwork_reviewer_flow"."User"."referredById", "teamwork_reviewer_flow"."User"."referralBalance", "teamwork_reviewer_flow"."User"."telegramId", "teamwork_reviewer_flow"."User"."phoneHash", "teamwork_reviewer_flow"."User"."isKycVerified", "teamwork_reviewer_flow"."User"."isEmailVerified", "teamwork_reviewer_flow"."User"."isActive", "teamwork_reviewer_flow"."User"."isDeleted", "teamwork_reviewer_flow"."User"."adminNote", "teamwork_reviewer_flow"."User"."adminNoteUpdatedAt", "teamwork_reviewer_flow"."User"."adminNoteUpdatedBy", "teamwork_reviewer_flow"."User"."createdAt", "teamwork_reviewer_flow"."User"."updatedAt", "teamwork_reviewer_flow"."User"."companyName", "teamwork_reviewer_flow"."User"."inn", "teamwork_reviewer_flow"."User"."kpp", "teamwork_reviewer_flow"."User"."legalAddress", "teamwork_reviewer_flow"."User"."staffRoleId"

[90mstdout[2m | test/integration/escrow-flow.test.ts[2m > [22m[2mEscrowService — Integration Tests (Real DB)[2m > [22m[2mNegative balance warning[2m > [22m[2mSends WARNING alert when balance goes negative
[22m[39mprisma:query INSERT INTO "teamwork_reviewer_flow"."User" ("id","email","role","balance","quarantineBalance","totalSpent","personalDiscount","supportLimitCents","supportSpentTodayCents","supportLastResetAt","referralBalance","isKycVerified","isEmailVerified","isActive","isDeleted","createdAt","updatedAt") VALUES ($1,$2,$3,$4,$5,$6,$7,$8,$9,$10,$11,$12,$13,$14,$15,$16,$17) RETURNING "teamwork_reviewer_flow"."User"."id", "teamwork_reviewer_flow"."User"."email", "teamwork_reviewer_flow"."User"."passwordHash", "teamwork_reviewer_flow"."User"."role", "teamwork_reviewer_flow"."User"."balance", "teamwork_reviewer_flow"."User"."quarantineBalance", "teamwork_reviewer_flow"."User"."totalSpent", "teamwork_reviewer_flow"."User"."personalDiscount", "teamwork_reviewer_flow"."User"."discountEndsAt", "teamwork_reviewer_flow"."User"."supportLimitCents", "teamwork_reviewer_flow"."User"."supportSpentTodayCents", "teamwork_reviewer_flow"."User"."supportLastResetAt", "teamwork_reviewer_flow"."User"."apiKeyHash", "teamwork_reviewer_flow"."User"."referralCode", "teamwork_reviewer_flow"."User"."referredById", "teamwork_reviewer_flow"."User"."referralBalance", "teamwork_reviewer_flow"."User"."telegramId", "teamwork_reviewer_flow"."User"."phoneHash", "teamwork_reviewer_flow"."User"."isKycVerified", "teamwork_reviewer_flow"."User"."isEmailVerified", "teamwork_reviewer_flow"."User"."isActive", "teamwork_reviewer_flow"."User"."isDeleted", "teamwork_reviewer_flow"."User"."adminNote", "teamwork_reviewer_flow"."User"."adminNoteUpdatedAt", "teamwork_reviewer_flow"."User"."adminNoteUpdatedBy", "teamwork_reviewer_flow"."User"."createdAt", "teamwork_reviewer_flow"."User"."updatedAt", "teamwork_reviewer_flow"."User"."companyName", "teamwork_reviewer_flow"."User"."inn", "teamwork_reviewer_flow"."User"."kpp", "teamwork_reviewer_flow"."User"."legalAddress", "teamwork_reviewer_flow"."User"."staffRoleId"

[90mstdout[2m | test/integration/escrow-flow.test.ts[2m > [22m[2mEscrowService — Integration Tests (Real DB)[2m > [22m[2mNegative balance warning[2m > [22m[2mSends WARNING alert when balance goes negative
[22m[39mprisma:query INSERT INTO "teamwork_reviewer_flow"."User" ("id","email","role","balance","quarantineBalance","totalSpent","personalDiscount","supportLimitCents","supportSpentTodayCents","supportLastResetAt","referralBalance","isKycVerified","isEmailVerified","isActive","isDeleted","createdAt","updatedAt") VALUES ($1,$2,$3,$4,$5,$6,$7,$8,$9,$10,$11,$12,$13,$14,$15,$16,$17) RETURNING "teamwork_reviewer_flow"."User"."id", "teamwork_reviewer_flow"."User"."email", "teamwork_reviewer_flow"."User"."passwordHash", "teamwork_reviewer_flow"."User"."role", "teamwork_reviewer_flow"."User"."balance", "teamwork_reviewer_flow"."User"."quarantineBalance", "teamwork_reviewer_flow"."User"."totalSpent", "teamwork_reviewer_flow"."User"."personalDiscount", "teamwork_reviewer_flow"."User"."discountEndsAt", "teamwork_reviewer_flow"."User"."supportLimitCents", "teamwork_reviewer_flow"."User"."supportSpentTodayCents", "teamwork_reviewer_flow"."User"."supportLastResetAt", "teamwork_reviewer_flow"."User"."apiKeyHash", "teamwork_reviewer_flow"."User"."referralCode", "teamwork_reviewer_flow"."User"."referredById", "teamwork_reviewer_flow"."User"."referralBalance", "teamwork_reviewer_flow"."User"."telegramId", "teamwork_reviewer_flow"."User"."phoneHash", "teamwork_reviewer_flow"."User"."isKycVerified", "teamwork_reviewer_flow"."User"."isEmailVerified", "teamwork_reviewer_flow"."User"."isActive", "teamwork_reviewer_flow"."User"."isDeleted", "teamwork_reviewer_flow"."User"."adminNote", "teamwork_reviewer_flow"."User"."adminNoteUpdatedAt", "teamwork_reviewer_flow"."User"."adminNoteUpdatedBy", "teamwork_reviewer_flow"."User"."createdAt", "teamwork_reviewer_flow"."User"."updatedAt", "teamwork_reviewer_flow"."User"."companyName", "teamwork_reviewer_flow"."User"."inn", "teamwork_reviewer_flow"."User"."kpp", "teamwork_reviewer_flow"."User"."legalAddress", "teamwork_reviewer_flow"."User"."staffRoleId"

[90mstdout[2m | test/integration/escrow-flow.test.ts[2m > [22m[2mEscrowService — Integration Tests (Real DB)[2m > [22m[2mNegative balance warning[2m > [22m[2mSends WARNING alert when balance goes negative
[22m[39mprisma:query BEGIN

[90mstdout[2m | test/integration/escrow-flow.test.ts[2m > [22m[2mEscrowService — Integration Tests (Real DB)[2m > [22m[2mNegative balance warning[2m > [22m[2mSends WARNING alert when balance goes negative
[22m[39mprisma:query SET TRANSACTION ISOLATION LEVEL SERIALIZABLE

[90mstdout[2m | test/integration/escrow-flow.test.ts[2m > [22m[2mEscrowService — Integration Tests (Real DB)[2m > [22m[2mNegative balance warning[2m > [22m[2mSends WARNING alert when balance goes negative
[22m[39mprisma:query SELECT "teamwork_reviewer_flow"."User"."id", "teamwork_reviewer_flow"."User"."email", "teamwork_reviewer_flow"."User"."passwordHash", "teamwork_reviewer_flow"."User"."role", "teamwork_reviewer_flow"."User"."balance", "teamwork_reviewer_flow"."User"."quarantineBalance", "teamwork_reviewer_flow"."User"."totalSpent", "teamwork_reviewer_flow"."User"."personalDiscount", "teamwork_reviewer_flow"."User"."discountEndsAt", "teamwork_reviewer_flow"."User"."supportLimitCents", "teamwork_reviewer_flow"."User"."supportSpentTodayCents", "teamwork_reviewer_flow"."User"."supportLastResetAt", "teamwork_reviewer_flow"."User"."apiKeyHash", "teamwork_reviewer_flow"."User"."referralCode", "teamwork_reviewer_flow"."User"."referredById", "teamwork_reviewer_flow"."User"."referralBalance", "teamwork_reviewer_flow"."User"."telegramId", "teamwork_reviewer_flow"."User"."phoneHash", "teamwork_reviewer_flow"."User"."isKycVerified", "teamwork_reviewer_flow"."User"."isEmailVerified", "teamwork_reviewer_flow"."User"."isActive", "teamwork_reviewer_flow"."User"."isDeleted", "teamwork_reviewer_flow"."User"."adminNote", "teamwork_reviewer_flow"."User"."adminNoteUpdatedAt", "teamwork_reviewer_flow"."User"."adminNoteUpdatedBy", "teamwork_reviewer_flow"."User"."createdAt", "teamwork_reviewer_flow"."User"."updatedAt", "teamwork_reviewer_flow"."User"."companyName", "teamwork_reviewer_flow"."User"."inn", "teamwork_reviewer_flow"."User"."kpp", "teamwork_reviewer_flow"."User"."legalAddress", "teamwork_reviewer_flow"."User"."staffRoleId" FROM "teamwork_reviewer_flow"."User" WHERE ("teamwork_reviewer_flow"."User"."id" = $1 AND 1=1) LIMIT $2 OFFSET $3

[90mstdout[2m | test/integration/escrow-flow.test.ts[2m > [22m[2mEscrowService — Integration Tests (Real DB)[2m > [22m[2mNegative balance warning[2m > [22m[2mSends WARNING alert when balance goes negative
[22m[39mprisma:query UPDATE "teamwork_reviewer_flow"."User" SET "balance" = ("teamwork_reviewer_flow"."User"."balance" + $1), "updatedAt" = $2 WHERE ("teamwork_reviewer_flow"."User"."id" = $3 AND 1=1) RETURNING "teamwork_reviewer_flow"."User"."id", "teamwork_reviewer_flow"."User"."balance"

[90mstdout[2m | test/integration/escrow-flow.test.ts[2m > [22m[2mEscrowService — Integration Tests (Real DB)[2m > [22m[2mNegative balance warning[2m > [22m[2mSends WARNING alert when balance goes negative
[22m[39mprisma:query INSERT INTO "teamwork_reviewer_flow"."LedgerEntry" ("id","userId","adminId","amount","reason","status","transactionType","createdAt","updatedAt") VALUES ($1,$2,$3,$4,$5,$6,$7,$8,$9) RETURNING "teamwork_reviewer_flow"."LedgerEntry"."id", "teamwork_reviewer_flow"."LedgerEntry"."userId", "teamwork_reviewer_flow"."LedgerEntry"."adminId", "teamwork_reviewer_flow"."LedgerEntry"."amount", "teamwork_reviewer_flow"."LedgerEntry"."reason", "teamwork_reviewer_flow"."LedgerEntry"."status", "teamwork_reviewer_flow"."LedgerEntry"."idempotencyKey", "teamwork_reviewer_flow"."LedgerEntry"."transactionType", "teamwork_reviewer_flow"."LedgerEntry"."createdAt", "teamwork_reviewer_flow"."LedgerEntry"."updatedAt"

[90mstdout[2m | test/integration/escrow-flow.test.ts[2m > [22m[2mEscrowService — Integration Tests (Real DB)[2m > [22m[2mNegative balance warning[2m > [22m[2mSends WARNING alert when balance goes negative
[22m[39mprisma:query COMMIT

[90mstdout[2m | test/integration/escrow-flow.test.ts[2m > [22m[2mEscrowService — Integration Tests (Real DB)[2m > [22m[2mNegative balance warning[2m > [22m[2mSends WARNING alert when balance goes negative
[22m[39mprisma:query INSERT INTO "teamwork_reviewer_flow"."AdminAuditLog" ("id","adminId","adminEmail","action","target","targetType","oldValue","newValue","ipAddress","createdAt") VALUES ($1,$2,$3,$4,$5,$6,$7,$8,$9,$10) RETURNING "teamwork_reviewer_flow"."AdminAuditLog"."id", "teamwork_reviewer_flow"."AdminAuditLog"."adminId", "teamwork_reviewer_flow"."AdminAuditLog"."adminEmail", "teamwork_reviewer_flow"."AdminAuditLog"."action", "teamwork_reviewer_flow"."AdminAuditLog"."target", "teamwork_reviewer_flow"."AdminAuditLog"."targetType", "teamwork_reviewer_flow"."AdminAuditLog"."oldValue", "teamwork_reviewer_flow"."AdminAuditLog"."newValue", "teamwork_reviewer_flow"."AdminAuditLog"."ipAddress", "teamwork_reviewer_flow"."AdminAuditLog"."createdAt"

[90mstdout[2m | test/integration/escrow-flow.test.ts[2m > [22m[2mEscrowService — Integration Tests (Real DB)[2m > [22m[2mNegative balance warning[2m > [22m[2mSends WARNING alert when balance goes negative
[22m[39mprisma:query SELECT "teamwork_reviewer_flow"."User"."id", "teamwork_reviewer_flow"."User"."email", "teamwork_reviewer_flow"."User"."passwordHash", "teamwork_reviewer_flow"."User"."role", "teamwork_reviewer_flow"."User"."balance", "teamwork_reviewer_flow"."User"."quarantineBalance", "teamwork_reviewer_flow"."User"."totalSpent", "teamwork_reviewer_flow"."User"."personalDiscount", "teamwork_reviewer_flow"."User"."discountEndsAt", "teamwork_reviewer_flow"."User"."supportLimitCents", "teamwork_reviewer_flow"."User"."supportSpentTodayCents", "teamwork_reviewer_flow"."User"."supportLastResetAt", "teamwork_reviewer_flow"."User"."apiKeyHash", "teamwork_reviewer_flow"."User"."referralCode", "teamwork_reviewer_flow"."User"."referredById", "teamwork_reviewer_flow"."User"."referralBalance", "teamwork_reviewer_flow"."User"."telegramId", "teamwork_reviewer_flow"."User"."phoneHash", "teamwork_reviewer_flow"."User"."isKycVerified", "teamwork_reviewer_flow"."User"."isEmailVerified", "teamwork_reviewer_flow"."User"."isActive", "teamwork_reviewer_flow"."User"."isDeleted", "teamwork_reviewer_flow"."User"."adminNote", "teamwork_reviewer_flow"."User"."adminNoteUpdatedAt", "teamwork_reviewer_flow"."User"."adminNoteUpdatedBy", "teamwork_reviewer_flow"."User"."createdAt", "teamwork_reviewer_flow"."User"."updatedAt", "teamwork_reviewer_flow"."User"."companyName", "teamwork_reviewer_flow"."User"."inn", "teamwork_reviewer_flow"."User"."kpp", "teamwork_reviewer_flow"."User"."legalAddress", "teamwork_reviewer_flow"."User"."staffRoleId" FROM "teamwork_reviewer_flow"."User" WHERE ("teamwork_reviewer_flow"."User"."id" = $1 AND 1=1) LIMIT $2 OFFSET $3

[90mstdout[2m | test/integration/escrow-flow.test.ts[2m > [22m[2mEscrowService — Integration Tests (Real DB)[2m > [22m[2mresolveQuarantine[2m > [22m[2mAPPROVE transfers funds from quarantine to balance
[22m[39mprisma:query 
        SELECT tablename FROM pg_tables WHERE schemaname='public' AND tablename != '_prisma_migrations';
      

[90mstdout[2m | test/integration/escrow-flow.test.ts[2m > [22m[2mEscrowService — Integration Tests (Real DB)[2m > [22m[2mresolveQuarantine[2m > [22m[2mAPPROVE transfers funds from quarantine to balance
[22m[39mprisma:query TRUNCATE TABLE "ServiceSmartConfig", "StaffPermission", "SmartSnapshot", "LedgerEntry", "Payment", "SmartCampaign", "LoginLog", "AnalyticsEvent", "PromoCodeUsage", "AuthToken", "SupportTemplate", "User", "AdminAuditLog", "FeatureFlag", "MessageAttachment", "Order", "Refill", "TicketMessage", "SecurityEvent", "Ticket", "ServiceRoute", "Service", "SystemSetting", "SmartDetectedUser", "SmartChannelMetric", "PromoCode", "SystemSettings", "UrlPattern", "RateLimit", "Provider", "Article", "B2bConfig", "SmartExecution", "Commission", "ContentItem", "Network", "Page", "Invoice", "RoutingAuditLog", "ContentCategory", "StaffRole", "Category", "AuditLog", "SmartTask", "Session" RESTART IDENTITY CASCADE;

[90mstdout[2m | test/integration/escrow-flow.test.ts[2m > [22m[2mEscrowService — Integration Tests (Real DB)[2m > [22m[2mresolveQuarantine[2m > [22m[2mAPPROVE transfers funds from quarantine to balance
[22m[39mprisma:query INSERT INTO "teamwork_reviewer_flow"."SystemSettings" ("id","isTestMode","taxRate","usnScheme","opexMonthly","maintenanceMode","siteName","siteDescription","welcomeMessage","quarantineThreshold","globalMarkup","safetyFloor","exchangeRateUSD","emailProvider","smtpPort","updatedAt") VALUES ($1,$2,$3,CAST($4::text AS "teamwork_reviewer_flow"."UsnScheme"),$5,$6,$7,$8,$9,$10,$11,$12,$13,$14,$15,$16) ON CONFLICT ("id") DO UPDATE SET "taxRate" = $17, "opexMonthly" = $18, "maintenanceMode" = $19, "isTestMode" = $20, "siteName" = $21, "siteDescription" = $22, "exchangeRateUSD" = $23, "updatedAt" = $24 WHERE ("teamwork_reviewer_flow"."SystemSettings"."id" = $25 AND 1=1) RETURNING "teamwork_reviewer_flow"."SystemSettings"."id", "teamwork_reviewer_flow"."SystemSettings"."isTestMode", "teamwork_reviewer_flow"."SystemSettings"."taxRate", "teamwork_reviewer_flow"."SystemSettings"."usnScheme"::text, "teamwork_reviewer_flow"."SystemSettings"."opexMonthly", "teamwork_reviewer_flow"."SystemSettings"."maintenanceMode", "teamwork_reviewer_flow"."SystemSettings"."siteName", "teamwork_reviewer_flow"."SystemSettings"."siteDescription", "teamwork_reviewer_flow"."SystemSettings"."welcomeMessage", "teamwork_reviewer_flow"."SystemSettings"."yookassaShopId", "teamwork_reviewer_flow"."SystemSettings"."yookassaSecretKey", "teamwork_reviewer_flow"."SystemSettings"."yookassaTestShopId", "teamwork_reviewer_flow"."SystemSettings"."yookassaTestSecretKey", "teamwork_reviewer_flow"."SystemSettings"."cryptoBotToken", "teamwork_reviewer_flow"."SystemSettings"."quarantineThreshold", "teamwork_reviewer_flow"."SystemSettings"."globalMarkup", "teamwork_reviewer_flow"."SystemSettings"."safetyFloor", "teamwork_reviewer_flow"."SystemSettings"."exchangeRateUSD", "teamwork_reviewer_flow"."SystemSettings"."exchangeRateUpdatedAt", "teamwork_reviewer_flow"."SystemSettings"."siteLogoUrl", "teamwork_reviewer_flow"."SystemSettings"."siteFaviconUrl", "teamwork_reviewer_flow"."SystemSettings"."emailProvider", "teamwork_reviewer_flow"."SystemSettings"."resendApiKey", "teamwork_reviewer_flow"."SystemSettings"."smtpHost", "teamwork_reviewer_flow"."SystemSettings"."smtpPort", "teamwork_reviewer_flow"."SystemSettings"."smtpUser", "teamwork_reviewer_flow"."SystemSettings"."smtpPassword", "teamwork_reviewer_flow"."SystemSettings"."supportEmailDomain", "teamwork_reviewer_flow"."SystemSettings"."inboundEmailWebhookSecret", "teamwork_reviewer_flow"."SystemSettings"."robokassaLogin", "teamwork_reviewer_flow"."SystemSettings"."robokassaPassword", "teamwork_reviewer_flow"."SystemSettings"."updatedAt", "teamwork_reviewer_flow"."SystemSettings"."contactSupportEmail", "teamwork_reviewer_flow"."SystemSettings"."contactPrivacyEmail", "teamwork_reviewer_flow"."SystemSettings"."contactTelegramBot", "teamwork_reviewer_flow"."SystemSettings"."contactTelegramChannel", "teamwork_reviewer_flow"."SystemSettings"."contactWhatsApp", "teamwork_reviewer_flow"."SystemSettings"."contactVk", "teamwork_reviewer_flow"."SystemSettings"."legalCompanyName", "teamwork_reviewer_flow"."SystemSettings"."legalCompanyInn", "teamwork_reviewer_flow"."SystemSettings"."legalCompanyOgrnip", "teamwork_reviewer_flow"."SystemSettings"."legalCompanyAddress"

[90mstdout[2m | test/integration/escrow-flow.test.ts[2m > [22m[2mEscrowService — Integration Tests (Real DB)[2m > [22m[2mresolveQuarantine[2m > [22m[2mAPPROVE transfers funds from quarantine to balance
[22m[39mprisma:query INSERT INTO "teamwork_reviewer_flow"."User" ("id","email","role","balance","quarantineBalance","totalSpent","personalDiscount","supportLimitCents","supportSpentTodayCents","supportLastResetAt","referralBalance","isKycVerified","isEmailVerified","isActive","isDeleted","createdAt","updatedAt") VALUES ($1,$2,$3,$4,$5,$6,$7,$8,$9,$10,$11,$12,$13,$14,$15,$16,$17) RETURNING "teamwork_reviewer_flow"."User"."id", "teamwork_reviewer_flow"."User"."email", "teamwork_reviewer_flow"."User"."passwordHash", "teamwork_reviewer_flow"."User"."role", "teamwork_reviewer_flow"."User"."balance", "teamwork_reviewer_flow"."User"."quarantineBalance", "teamwork_reviewer_flow"."User"."totalSpent", "teamwork_reviewer_flow"."User"."personalDiscount", "teamwork_reviewer_flow"."User"."discountEndsAt", "teamwork_reviewer_flow"."User"."supportLimitCents", "teamwork_reviewer_flow"."User"."supportSpentTodayCents", "teamwork_reviewer_flow"."User"."supportLastResetAt", "teamwork_reviewer_flow"."User"."apiKeyHash", "teamwork_reviewer_flow"."User"."referralCode", "teamwork_reviewer_flow"."User"."referredById", "teamwork_reviewer_flow"."User"."referralBalance", "teamwork_reviewer_flow"."User"."telegramId", "teamwork_reviewer_flow"."User"."phoneHash", "teamwork_reviewer_flow"."User"."isKycVerified", "teamwork_reviewer_flow"."User"."isEmailVerified", "teamwork_reviewer_flow"."User"."isActive", "teamwork_reviewer_flow"."User"."isDeleted", "teamwork_reviewer_flow"."User"."adminNote", "teamwork_reviewer_flow"."User"."adminNoteUpdatedAt", "teamwork_reviewer_flow"."User"."adminNoteUpdatedBy", "teamwork_reviewer_flow"."User"."createdAt", "teamwork_reviewer_flow"."User"."updatedAt", "teamwork_reviewer_flow"."User"."companyName", "teamwork_reviewer_flow"."User"."inn", "teamwork_reviewer_flow"."User"."kpp", "teamwork_reviewer_flow"."User"."legalAddress", "teamwork_reviewer_flow"."User"."staffRoleId"

[90mstdout[2m | test/integration/escrow-flow.test.ts[2m > [22m[2mEscrowService — Integration Tests (Real DB)[2m > [22m[2mresolveQuarantine[2m > [22m[2mAPPROVE transfers funds from quarantine to balance
[22m[39mprisma:query INSERT INTO "teamwork_reviewer_flow"."User" ("id","email","role","balance","quarantineBalance","totalSpent","personalDiscount","supportLimitCents","supportSpentTodayCents","supportLastResetAt","referralBalance","isKycVerified","isEmailVerified","isActive","isDeleted","createdAt","updatedAt") VALUES ($1,$2,$3,$4,$5,$6,$7,$8,$9,$10,$11,$12,$13,$14,$15,$16,$17) RETURNING "teamwork_reviewer_flow"."User"."id", "teamwork_reviewer_flow"."User"."email", "teamwork_reviewer_flow"."User"."passwordHash", "teamwork_reviewer_flow"."User"."role", "teamwork_reviewer_flow"."User"."balance", "teamwork_reviewer_flow"."User"."quarantineBalance", "teamwork_reviewer_flow"."User"."totalSpent", "teamwork_reviewer_flow"."User"."personalDiscount", "teamwork_reviewer_flow"."User"."discountEndsAt", "teamwork_reviewer_flow"."User"."supportLimitCents", "teamwork_reviewer_flow"."User"."supportSpentTodayCents", "teamwork_reviewer_flow"."User"."supportLastResetAt", "teamwork_reviewer_flow"."User"."apiKeyHash", "teamwork_reviewer_flow"."User"."referralCode", "teamwork_reviewer_flow"."User"."referredById", "teamwork_reviewer_flow"."User"."referralBalance", "teamwork_reviewer_flow"."User"."telegramId", "teamwork_reviewer_flow"."User"."phoneHash", "teamwork_reviewer_flow"."User"."isKycVerified", "teamwork_reviewer_flow"."User"."isEmailVerified", "teamwork_reviewer_flow"."User"."isActive", "teamwork_reviewer_flow"."User"."isDeleted", "teamwork_reviewer_flow"."User"."adminNote", "teamwork_reviewer_flow"."User"."adminNoteUpdatedAt", "teamwork_reviewer_flow"."User"."adminNoteUpdatedBy", "teamwork_reviewer_flow"."User"."createdAt", "teamwork_reviewer_flow"."User"."updatedAt", "teamwork_reviewer_flow"."User"."companyName", "teamwork_reviewer_flow"."User"."inn", "teamwork_reviewer_flow"."User"."kpp", "teamwork_reviewer_flow"."User"."legalAddress", "teamwork_reviewer_flow"."User"."staffRoleId"

[90mstdout[2m | test/integration/escrow-flow.test.ts[2m > [22m[2mEscrowService — Integration Tests (Real DB)[2m > [22m[2mresolveQuarantine[2m > [22m[2mAPPROVE transfers funds from quarantine to balance
[22m[39mprisma:query BEGIN

[90mstdout[2m | test/integration/escrow-flow.test.ts[2m > [22m[2mEscrowService — Integration Tests (Real DB)[2m > [22m[2mresolveQuarantine[2m > [22m[2mAPPROVE transfers funds from quarantine to balance
[22m[39mprisma:query SET TRANSACTION ISOLATION LEVEL SERIALIZABLE

[90mstdout[2m | test/integration/escrow-flow.test.ts[2m > [22m[2mEscrowService — Integration Tests (Real DB)[2m > [22m[2mresolveQuarantine[2m > [22m[2mAPPROVE transfers funds from quarantine to balance
[22m[39mprisma:query SELECT SUM("amount") FROM (SELECT "teamwork_reviewer_flow"."LedgerEntry"."amount" FROM "teamwork_reviewer_flow"."LedgerEntry" WHERE ("teamwork_reviewer_flow"."LedgerEntry"."adminId" = $1 AND "teamwork_reviewer_flow"."LedgerEntry"."createdAt" >= $2 AND "teamwork_reviewer_flow"."LedgerEntry"."amount" > $3) OFFSET $4) AS "sub"

[90mstdout[2m | test/integration/escrow-flow.test.ts[2m > [22m[2mEscrowService — Integration Tests (Real DB)[2m > [22m[2mresolveQuarantine[2m > [22m[2mAPPROVE transfers funds from quarantine to balance
[22m[39mprisma:query SELECT "teamwork_reviewer_flow"."User"."id", "teamwork_reviewer_flow"."User"."email", "teamwork_reviewer_flow"."User"."passwordHash", "teamwork_reviewer_flow"."User"."role", "teamwork_reviewer_flow"."User"."balance", "teamwork_reviewer_flow"."User"."quarantineBalance", "teamwork_reviewer_flow"."User"."totalSpent", "teamwork_reviewer_flow"."User"."personalDiscount", "teamwork_reviewer_flow"."User"."discountEndsAt", "teamwork_reviewer_flow"."User"."supportLimitCents", "teamwork_reviewer_flow"."User"."supportSpentTodayCents", "teamwork_reviewer_flow"."User"."supportLastResetAt", "teamwork_reviewer_flow"."User"."apiKeyHash", "teamwork_reviewer_flow"."User"."referralCode", "teamwork_reviewer_flow"."User"."referredById", "teamwork_reviewer_flow"."User"."referralBalance", "teamwork_reviewer_flow"."User"."telegramId", "teamwork_reviewer_flow"."User"."phoneHash", "teamwork_reviewer_flow"."User"."isKycVerified", "teamwork_reviewer_flow"."User"."isEmailVerified", "teamwork_reviewer_flow"."User"."isActive", "teamwork_reviewer_flow"."User"."isDeleted", "teamwork_reviewer_flow"."User"."adminNote", "teamwork_reviewer_flow"."User"."adminNoteUpdatedAt", "teamwork_reviewer_flow"."User"."adminNoteUpdatedBy", "teamwork_reviewer_flow"."User"."createdAt", "teamwork_reviewer_flow"."User"."updatedAt", "teamwork_reviewer_flow"."User"."companyName", "teamwork_reviewer_flow"."User"."inn", "teamwork_reviewer_flow"."User"."kpp", "teamwork_reviewer_flow"."User"."legalAddress", "teamwork_reviewer_flow"."User"."staffRoleId" FROM "teamwork_reviewer_flow"."User" WHERE ("teamwork_reviewer_flow"."User"."id" = $1 AND 1=1) LIMIT $2 OFFSET $3

[90mstdout[2m | test/integration/escrow-flow.test.ts[2m > [22m[2mEscrowService — Integration Tests (Real DB)[2m > [22m[2mresolveQuarantine[2m > [22m[2mAPPROVE transfers funds from quarantine to balance
[22m[39mprisma:query UPDATE "teamwork_reviewer_flow"."User" SET "quarantineBalance" = ("teamwork_reviewer_flow"."User"."quarantineBalance" + $1), "updatedAt" = $2 WHERE ("teamwork_reviewer_flow"."User"."id" = $3 AND 1=1) RETURNING "teamwork_reviewer_flow"."User"."id", "teamwork_reviewer_flow"."User"."email", "teamwork_reviewer_flow"."User"."passwordHash", "teamwork_reviewer_flow"."User"."role", "teamwork_reviewer_flow"."User"."balance", "teamwork_reviewer_flow"."User"."quarantineBalance", "teamwork_reviewer_flow"."User"."totalSpent", "teamwork_reviewer_flow"."User"."personalDiscount", "teamwork_reviewer_flow"."User"."discountEndsAt", "teamwork_reviewer_flow"."User"."supportLimitCents", "teamwork_reviewer_flow"."User"."supportSpentTodayCents", "teamwork_reviewer_flow"."User"."supportLastResetAt", "teamwork_reviewer_flow"."User"."apiKeyHash", "teamwork_reviewer_flow"."User"."referralCode", "teamwork_reviewer_flow"."User"."referredById", "teamwork_reviewer_flow"."User"."referralBalance", "teamwork_reviewer_flow"."User"."telegramId", "teamwork_reviewer_flow"."User"."phoneHash", "teamwork_reviewer_flow"."User"."isKycVerified", "teamwork_reviewer_flow"."User"."isEmailVerified", "teamwork_reviewer_flow"."User"."isActive", "teamwork_reviewer_flow"."User"."isDeleted", "teamwork_reviewer_flow"."User"."adminNote", "teamwork_reviewer_flow"."User"."adminNoteUpdatedAt", "teamwork_reviewer_flow"."User"."adminNoteUpdatedBy", "teamwork_reviewer_flow"."User"."createdAt", "teamwork_reviewer_flow"."User"."updatedAt", "teamwork_reviewer_flow"."User"."companyName", "teamwork_reviewer_flow"."User"."inn", "teamwork_reviewer_flow"."User"."kpp", "teamwork_reviewer_flow"."User"."legalAddress", "teamwork_reviewer_flow"."User"."staffRoleId"

[90mstdout[2m | test/integration/escrow-flow.test.ts[2m > [22m[2mEscrowService — Integration Tests (Real DB)[2m > [22m[2mresolveQuarantine[2m > [22m[2mAPPROVE transfers funds from quarantine to balance
[22m[39mprisma:query INSERT INTO "teamwork_reviewer_flow"."LedgerEntry" ("id","userId","adminId","amount","reason","status","transactionType","createdAt","updatedAt") VALUES ($1,$2,$3,$4,$5,$6,$7,$8,$9) RETURNING "teamwork_reviewer_flow"."LedgerEntry"."id", "teamwork_reviewer_flow"."LedgerEntry"."userId", "teamwork_reviewer_flow"."LedgerEntry"."adminId", "teamwork_reviewer_flow"."LedgerEntry"."amount", "teamwork_reviewer_flow"."LedgerEntry"."reason", "teamwork_reviewer_flow"."LedgerEntry"."status", "teamwork_reviewer_flow"."LedgerEntry"."idempotencyKey", "teamwork_reviewer_flow"."LedgerEntry"."transactionType", "teamwork_reviewer_flow"."LedgerEntry"."createdAt", "teamwork_reviewer_flow"."LedgerEntry"."updatedAt"

[90mstdout[2m | test/integration/escrow-flow.test.ts[2m > [22m[2mEscrowService — Integration Tests (Real DB)[2m > [22m[2mresolveQuarantine[2m > [22m[2mAPPROVE transfers funds from quarantine to balance
[22m[39mprisma:query COMMIT

[90mstdout[2m | test/integration/escrow-flow.test.ts[2m > [22m[2mEscrowService — Integration Tests (Real DB)[2m > [22m[2mresolveQuarantine[2m > [22m[2mAPPROVE transfers funds from quarantine to balance
[22m[39mprisma:query INSERT INTO "teamwork_reviewer_flow"."AdminAuditLog" ("id","adminId","adminEmail","action","target","targetType","oldValue","newValue","ipAddress","createdAt") VALUES ($1,$2,$3,$4,$5,$6,$7,$8,$9,$10) RETURNING "teamwork_reviewer_flow"."AdminAuditLog"."id", "teamwork_reviewer_flow"."AdminAuditLog"."adminId", "teamwork_reviewer_flow"."AdminAuditLog"."adminEmail", "teamwork_reviewer_flow"."AdminAuditLog"."action", "teamwork_reviewer_flow"."AdminAuditLog"."target", "teamwork_reviewer_flow"."AdminAuditLog"."targetType", "teamwork_reviewer_flow"."AdminAuditLog"."oldValue", "teamwork_reviewer_flow"."AdminAuditLog"."newValue", "teamwork_reviewer_flow"."AdminAuditLog"."ipAddress", "teamwork_reviewer_flow"."AdminAuditLog"."createdAt"

[90mstdout[2m | test/integration/escrow-flow.test.ts[2m > [22m[2mEscrowService — Integration Tests (Real DB)[2m > [22m[2mresolveQuarantine[2m > [22m[2mAPPROVE transfers funds from quarantine to balance
[22m[39mprisma:query SELECT "teamwork_reviewer_flow"."LedgerEntry"."id", "teamwork_reviewer_flow"."LedgerEntry"."userId", "teamwork_reviewer_flow"."LedgerEntry"."adminId", "teamwork_reviewer_flow"."LedgerEntry"."amount", "teamwork_reviewer_flow"."LedgerEntry"."reason", "teamwork_reviewer_flow"."LedgerEntry"."status", "teamwork_reviewer_flow"."LedgerEntry"."idempotencyKey", "teamwork_reviewer_flow"."LedgerEntry"."transactionType", "teamwork_reviewer_flow"."LedgerEntry"."createdAt", "teamwork_reviewer_flow"."LedgerEntry"."updatedAt" FROM "teamwork_reviewer_flow"."LedgerEntry" WHERE ("teamwork_reviewer_flow"."LedgerEntry"."userId" = $1 AND "teamwork_reviewer_flow"."LedgerEntry"."status" = $2) LIMIT $3 OFFSET $4

[90mstdout[2m | test/integration/escrow-flow.test.ts[2m > [22m[2mEscrowService — Integration Tests (Real DB)[2m > [22m[2mresolveQuarantine[2m > [22m[2mAPPROVE transfers funds from quarantine to balance
[22m[39mprisma:query BEGIN

[90mstdout[2m | test/integration/escrow-flow.test.ts[2m > [22m[2mEscrowService — Integration Tests (Real DB)[2m > [22m[2mresolveQuarantine[2m > [22m[2mAPPROVE transfers funds from quarantine to balance
[22m[39mprisma:query UPDATE "teamwork_reviewer_flow"."LedgerEntry" SET "status" = $1, "updatedAt" = $2 WHERE ("teamwork_reviewer_flow"."LedgerEntry"."id" = $3 AND "teamwork_reviewer_flow"."LedgerEntry"."status" = $4)

[90mstdout[2m | test/integration/escrow-flow.test.ts[2m > [22m[2mEscrowService — Integration Tests (Real DB)[2m > [22m[2mresolveQuarantine[2m > [22m[2mAPPROVE transfers funds from quarantine to balance
[22m[39mprisma:query SELECT "teamwork_reviewer_flow"."LedgerEntry"."id", "teamwork_reviewer_flow"."LedgerEntry"."userId", "teamwork_reviewer_flow"."LedgerEntry"."adminId", "teamwork_reviewer_flow"."LedgerEntry"."amount", "teamwork_reviewer_flow"."LedgerEntry"."reason", "teamwork_reviewer_flow"."LedgerEntry"."status", "teamwork_reviewer_flow"."LedgerEntry"."idempotencyKey", "teamwork_reviewer_flow"."LedgerEntry"."transactionType", "teamwork_reviewer_flow"."LedgerEntry"."createdAt", "teamwork_reviewer_flow"."LedgerEntry"."updatedAt" FROM "teamwork_reviewer_flow"."LedgerEntry" WHERE ("teamwork_reviewer_flow"."LedgerEntry"."id" = $1 AND 1=1) LIMIT $2 OFFSET $3

[90mstdout[2m | test/integration/escrow-flow.test.ts[2m > [22m[2mEscrowService — Integration Tests (Real DB)[2m > [22m[2mresolveQuarantine[2m > [22m[2mAPPROVE transfers funds from quarantine to balance
[22m[39mprisma:query SELECT "teamwork_reviewer_flow"."User"."id", "teamwork_reviewer_flow"."User"."email", "teamwork_reviewer_flow"."User"."passwordHash", "teamwork_reviewer_flow"."User"."role", "teamwork_reviewer_flow"."User"."balance", "teamwork_reviewer_flow"."User"."quarantineBalance", "teamwork_reviewer_flow"."User"."totalSpent", "teamwork_reviewer_flow"."User"."personalDiscount", "teamwork_reviewer_flow"."User"."discountEndsAt", "teamwork_reviewer_flow"."User"."supportLimitCents", "teamwork_reviewer_flow"."User"."supportSpentTodayCents", "teamwork_reviewer_flow"."User"."supportLastResetAt", "teamwork_reviewer_flow"."User"."apiKeyHash", "teamwork_reviewer_flow"."User"."referralCode", "teamwork_reviewer_flow"."User"."referredById", "teamwork_reviewer_flow"."User"."referralBalance", "teamwork_reviewer_flow"."User"."telegramId", "teamwork_reviewer_flow"."User"."phoneHash", "teamwork_reviewer_flow"."User"."isKycVerified", "teamwork_reviewer_flow"."User"."isEmailVerified", "teamwork_reviewer_flow"."User"."isActive", "teamwork_reviewer_flow"."User"."isDeleted", "teamwork_reviewer_flow"."User"."adminNote", "teamwork_reviewer_flow"."User"."adminNoteUpdatedAt", "teamwork_reviewer_flow"."User"."adminNoteUpdatedBy", "teamwork_reviewer_flow"."User"."createdAt", "teamwork_reviewer_flow"."User"."updatedAt", "teamwork_reviewer_flow"."User"."companyName", "teamwork_reviewer_flow"."User"."inn", "teamwork_reviewer_flow"."User"."kpp", "teamwork_reviewer_flow"."User"."legalAddress", "teamwork_reviewer_flow"."User"."staffRoleId" FROM "teamwork_reviewer_flow"."User" WHERE ("teamwork_reviewer_flow"."User"."id" = $1 AND 1=1) LIMIT $2 OFFSET $3

[90mstdout[2m | test/integration/escrow-flow.test.ts[2m > [22m[2mEscrowService — Integration Tests (Real DB)[2m > [22m[2mresolveQuarantine[2m > [22m[2mAPPROVE transfers funds from quarantine to balance
[22m[39mprisma:query UPDATE "teamwork_reviewer_flow"."User" SET "quarantineBalance" = ("teamwork_reviewer_flow"."User"."quarantineBalance" - $1), "updatedAt" = $2 WHERE ("teamwork_reviewer_flow"."User"."id" = $3 AND 1=1) RETURNING "teamwork_reviewer_flow"."User"."id", "teamwork_reviewer_flow"."User"."email", "teamwork_reviewer_flow"."User"."passwordHash", "teamwork_reviewer_flow"."User"."role", "teamwork_reviewer_flow"."User"."balance", "teamwork_reviewer_flow"."User"."quarantineBalance", "teamwork_reviewer_flow"."User"."totalSpent", "teamwork_reviewer_flow"."User"."personalDiscount", "teamwork_reviewer_flow"."User"."discountEndsAt", "teamwork_reviewer_flow"."User"."supportLimitCents", "teamwork_reviewer_flow"."User"."supportSpentTodayCents", "teamwork_reviewer_flow"."User"."supportLastResetAt", "teamwork_reviewer_flow"."User"."apiKeyHash", "teamwork_reviewer_flow"."User"."referralCode", "teamwork_reviewer_flow"."User"."referredById", "teamwork_reviewer_flow"."User"."referralBalance", "teamwork_reviewer_flow"."User"."telegramId", "teamwork_reviewer_flow"."User"."phoneHash", "teamwork_reviewer_flow"."User"."isKycVerified", "teamwork_reviewer_flow"."User"."isEmailVerified", "teamwork_reviewer_flow"."User"."isActive", "teamwork_reviewer_flow"."User"."isDeleted", "teamwork_reviewer_flow"."User"."adminNote", "teamwork_reviewer_flow"."User"."adminNoteUpdatedAt", "teamwork_reviewer_flow"."User"."adminNoteUpdatedBy", "teamwork_reviewer_flow"."User"."createdAt", "teamwork_reviewer_flow"."User"."updatedAt", "teamwork_reviewer_flow"."User"."companyName", "teamwork_reviewer_flow"."User"."inn", "teamwork_reviewer_flow"."User"."kpp", "teamwork_reviewer_flow"."User"."legalAddress", "teamwork_reviewer_flow"."User"."staffRoleId"

[90mstdout[2m | test/integration/escrow-flow.test.ts[2m > [22m[2mEscrowService — Integration Tests (Real DB)[2m > [22m[2mresolveQuarantine[2m > [22m[2mAPPROVE transfers funds from quarantine to balance
[22m[39mprisma:query SELECT "teamwork_reviewer_flow"."LedgerEntry"."id", "teamwork_reviewer_flow"."LedgerEntry"."userId", "teamwork_reviewer_flow"."LedgerEntry"."adminId", "teamwork_reviewer_flow"."LedgerEntry"."amount", "teamwork_reviewer_flow"."LedgerEntry"."reason", "teamwork_reviewer_flow"."LedgerEntry"."status", "teamwork_reviewer_flow"."LedgerEntry"."idempotencyKey", "teamwork_reviewer_flow"."LedgerEntry"."transactionType", "teamwork_reviewer_flow"."LedgerEntry"."createdAt", "teamwork_reviewer_flow"."LedgerEntry"."updatedAt" FROM "teamwork_reviewer_flow"."LedgerEntry" WHERE "teamwork_reviewer_flow"."LedgerEntry"."idempotencyKey" = $1 LIMIT $2 OFFSET $3

[90mstdout[2m | test/integration/escrow-flow.test.ts[2m > [22m[2mEscrowService — Integration Tests (Real DB)[2m > [22m[2mresolveQuarantine[2m > [22m[2mAPPROVE transfers funds from quarantine to balance
[22m[39mprisma:query INSERT INTO "teamwork_reviewer_flow"."LedgerEntry" ("id","userId","adminId","amount","reason","status","idempotencyKey","transactionType","createdAt","updatedAt") VALUES ($1,$2,$3,$4,$5,$6,$7,$8,$9,$10) RETURNING "teamwork_reviewer_flow"."LedgerEntry"."id", "teamwork_reviewer_flow"."LedgerEntry"."userId", "teamwork_reviewer_flow"."LedgerEntry"."adminId", "teamwork_reviewer_flow"."LedgerEntry"."amount", "teamwork_reviewer_flow"."LedgerEntry"."reason", "teamwork_reviewer_flow"."LedgerEntry"."status", "teamwork_reviewer_flow"."LedgerEntry"."idempotencyKey", "teamwork_reviewer_flow"."LedgerEntry"."transactionType", "teamwork_reviewer_flow"."LedgerEntry"."createdAt", "teamwork_reviewer_flow"."LedgerEntry"."updatedAt"

[90mstdout[2m | test/integration/escrow-flow.test.ts[2m > [22m[2mEscrowService — Integration Tests (Real DB)[2m > [22m[2mresolveQuarantine[2m > [22m[2mAPPROVE transfers funds from quarantine to balance
[22m[39mprisma:query UPDATE "teamwork_reviewer_flow"."User" SET "balance" = ("teamwork_reviewer_flow"."User"."balance" + $1), "updatedAt" = $2 WHERE ("teamwork_reviewer_flow"."User"."id" = $3 AND 1=1) RETURNING "teamwork_reviewer_flow"."User"."id", "teamwork_reviewer_flow"."User"."balance"

[90mstdout[2m | test/integration/escrow-flow.test.ts[2m > [22m[2mEscrowService — Integration Tests (Real DB)[2m > [22m[2mresolveQuarantine[2m > [22m[2mAPPROVE transfers funds from quarantine to balance
[22m[39mprisma:query INSERT INTO "teamwork_reviewer_flow"."AdminAuditLog" ("id","adminId","adminEmail","action","target","targetType","oldValue","newValue","ipAddress","createdAt") VALUES ($1,$2,$3,$4,$5,$6,$7,$8,$9,$10) RETURNING "teamwork_reviewer_flow"."AdminAuditLog"."id", "teamwork_reviewer_flow"."AdminAuditLog"."adminId", "teamwork_reviewer_flow"."AdminAuditLog"."adminEmail", "teamwork_reviewer_flow"."AdminAuditLog"."action", "teamwork_reviewer_flow"."AdminAuditLog"."target", "teamwork_reviewer_flow"."AdminAuditLog"."targetType", "teamwork_reviewer_flow"."AdminAuditLog"."oldValue", "teamwork_reviewer_flow"."AdminAuditLog"."newValue", "teamwork_reviewer_flow"."AdminAuditLog"."ipAddress", "teamwork_reviewer_flow"."AdminAuditLog"."createdAt"

[90mstdout[2m | test/integration/escrow-flow.test.ts[2m > [22m[2mEscrowService — Integration Tests (Real DB)[2m > [22m[2mresolveQuarantine[2m > [22m[2mAPPROVE transfers funds from quarantine to balance
[22m[39mprisma:query COMMIT

[90mstdout[2m | test/integration/escrow-flow.test.ts[2m > [22m[2mEscrowService — Integration Tests (Real DB)[2m > [22m[2mresolveQuarantine[2m > [22m[2mAPPROVE transfers funds from quarantine to balance
[22m[39mprisma:query SELECT "teamwork_reviewer_flow"."User"."id", "teamwork_reviewer_flow"."User"."email", "teamwork_reviewer_flow"."User"."passwordHash", "teamwork_reviewer_flow"."User"."role", "teamwork_reviewer_flow"."User"."balance", "teamwork_reviewer_flow"."User"."quarantineBalance", "teamwork_reviewer_flow"."User"."totalSpent", "teamwork_reviewer_flow"."User"."personalDiscount", "teamwork_reviewer_flow"."User"."discountEndsAt", "teamwork_reviewer_flow"."User"."supportLimitCents", "teamwork_reviewer_flow"."User"."supportSpentTodayCents", "teamwork_reviewer_flow"."User"."supportLastResetAt", "teamwork_reviewer_flow"."User"."apiKeyHash", "teamwork_reviewer_flow"."User"."referralCode", "teamwork_reviewer_flow"."User"."referredById", "teamwork_reviewer_flow"."User"."referralBalance", "teamwork_reviewer_flow"."User"."telegramId", "teamwork_reviewer_flow"."User"."phoneHash", "teamwork_reviewer_flow"."User"."isKycVerified", "teamwork_reviewer_flow"."User"."isEmailVerified", "teamwork_reviewer_flow"."User"."isActive", "teamwork_reviewer_flow"."User"."isDeleted", "teamwork_reviewer_flow"."User"."adminNote", "teamwork_reviewer_flow"."User"."adminNoteUpdatedAt", "teamwork_reviewer_flow"."User"."adminNoteUpdatedBy", "teamwork_reviewer_flow"."User"."createdAt", "teamwork_reviewer_flow"."User"."updatedAt", "teamwork_reviewer_flow"."User"."companyName", "teamwork_reviewer_flow"."User"."inn", "teamwork_reviewer_flow"."User"."kpp", "teamwork_reviewer_flow"."User"."legalAddress", "teamwork_reviewer_flow"."User"."staffRoleId" FROM "teamwork_reviewer_flow"."User" WHERE ("teamwork_reviewer_flow"."User"."id" = $1 AND 1=1) LIMIT $2 OFFSET $3

[90mstdout[2m | test/integration/escrow-flow.test.ts[2m > [22m[2mEscrowService — Integration Tests (Real DB)[2m > [22m[2mresolveQuarantine[2m > [22m[2mAPPROVE transfers funds from quarantine to balance
[22m[39mprisma:query SELECT "teamwork_reviewer_flow"."LedgerEntry"."id", "teamwork_reviewer_flow"."LedgerEntry"."userId", "teamwork_reviewer_flow"."LedgerEntry"."adminId", "teamwork_reviewer_flow"."LedgerEntry"."amount", "teamwork_reviewer_flow"."LedgerEntry"."reason", "teamwork_reviewer_flow"."LedgerEntry"."status", "teamwork_reviewer_flow"."LedgerEntry"."idempotencyKey", "teamwork_reviewer_flow"."LedgerEntry"."transactionType", "teamwork_reviewer_flow"."LedgerEntry"."createdAt", "teamwork_reviewer_flow"."LedgerEntry"."updatedAt" FROM "teamwork_reviewer_flow"."LedgerEntry" WHERE ("teamwork_reviewer_flow"."LedgerEntry"."id" = $1 AND 1=1) LIMIT $2 OFFSET $3

[90mstdout[2m | test/integration/escrow-flow.test.ts[2m > [22m[2mEscrowService — Integration Tests (Real DB)[2m > [22m[2mresolveQuarantine[2m > [22m[2mREJECT removes funds from quarantine WITHOUT crediting balance
[22m[39mprisma:query 
        SELECT tablename FROM pg_tables WHERE schemaname='public' AND tablename != '_prisma_migrations';
      

[90mstdout[2m | test/integration/escrow-flow.test.ts[2m > [22m[2mEscrowService — Integration Tests (Real DB)[2m > [22m[2mresolveQuarantine[2m > [22m[2mREJECT removes funds from quarantine WITHOUT crediting balance
[22m[39mprisma:query TRUNCATE TABLE "ServiceSmartConfig", "StaffPermission", "SmartSnapshot", "LedgerEntry", "Payment", "SmartCampaign", "LoginLog", "AnalyticsEvent", "PromoCodeUsage", "AuthToken", "SupportTemplate", "User", "AdminAuditLog", "FeatureFlag", "MessageAttachment", "Order", "Refill", "TicketMessage", "SecurityEvent", "Ticket", "ServiceRoute", "Service", "SystemSetting", "SmartDetectedUser", "SmartChannelMetric", "PromoCode", "SystemSettings", "UrlPattern", "RateLimit", "Provider", "Article", "B2bConfig", "SmartExecution", "Commission", "ContentItem", "Network", "Page", "Invoice", "RoutingAuditLog", "ContentCategory", "StaffRole", "Category", "AuditLog", "SmartTask", "Session" RESTART IDENTITY CASCADE;

[90mstdout[2m | test/integration/escrow-flow.test.ts[2m > [22m[2mEscrowService — Integration Tests (Real DB)[2m > [22m[2mresolveQuarantine[2m > [22m[2mREJECT removes funds from quarantine WITHOUT crediting balance
[22m[39mprisma:query INSERT INTO "teamwork_reviewer_flow"."SystemSettings" ("id","isTestMode","taxRate","usnScheme","opexMonthly","maintenanceMode","siteName","siteDescription","welcomeMessage","quarantineThreshold","globalMarkup","safetyFloor","exchangeRateUSD","emailProvider","smtpPort","updatedAt") VALUES ($1,$2,$3,CAST($4::text AS "teamwork_reviewer_flow"."UsnScheme"),$5,$6,$7,$8,$9,$10,$11,$12,$13,$14,$15,$16) ON CONFLICT ("id") DO UPDATE SET "taxRate" = $17, "opexMonthly" = $18, "maintenanceMode" = $19, "isTestMode" = $20, "siteName" = $21, "siteDescription" = $22, "exchangeRateUSD" = $23, "updatedAt" = $24 WHERE ("teamwork_reviewer_flow"."SystemSettings"."id" = $25 AND 1=1) RETURNING "teamwork_reviewer_flow"."SystemSettings"."id", "teamwork_reviewer_flow"."SystemSettings"."isTestMode", "teamwork_reviewer_flow"."SystemSettings"."taxRate", "teamwork_reviewer_flow"."SystemSettings"."usnScheme"::text, "teamwork_reviewer_flow"."SystemSettings"."opexMonthly", "teamwork_reviewer_flow"."SystemSettings"."maintenanceMode", "teamwork_reviewer_flow"."SystemSettings"."siteName", "teamwork_reviewer_flow"."SystemSettings"."siteDescription", "teamwork_reviewer_flow"."SystemSettings"."welcomeMessage", "teamwork_reviewer_flow"."SystemSettings"."yookassaShopId", "teamwork_reviewer_flow"."SystemSettings"."yookassaSecretKey", "teamwork_reviewer_flow"."SystemSettings"."yookassaTestShopId", "teamwork_reviewer_flow"."SystemSettings"."yookassaTestSecretKey", "teamwork_reviewer_flow"."SystemSettings"."cryptoBotToken", "teamwork_reviewer_flow"."SystemSettings"."quarantineThreshold", "teamwork_reviewer_flow"."SystemSettings"."globalMarkup", "teamwork_reviewer_flow"."SystemSettings"."safetyFloor", "teamwork_reviewer_flow"."SystemSettings"."exchangeRateUSD", "teamwork_reviewer_flow"."SystemSettings"."exchangeRateUpdatedAt", "teamwork_reviewer_flow"."SystemSettings"."siteLogoUrl", "teamwork_reviewer_flow"."SystemSettings"."siteFaviconUrl", "teamwork_reviewer_flow"."SystemSettings"."emailProvider", "teamwork_reviewer_flow"."SystemSettings"."resendApiKey", "teamwork_reviewer_flow"."SystemSettings"."smtpHost", "teamwork_reviewer_flow"."SystemSettings"."smtpPort", "teamwork_reviewer_flow"."SystemSettings"."smtpUser", "teamwork_reviewer_flow"."SystemSettings"."smtpPassword", "teamwork_reviewer_flow"."SystemSettings"."supportEmailDomain", "teamwork_reviewer_flow"."SystemSettings"."inboundEmailWebhookSecret", "teamwork_reviewer_flow"."SystemSettings"."robokassaLogin", "teamwork_reviewer_flow"."SystemSettings"."robokassaPassword", "teamwork_reviewer_flow"."SystemSettings"."updatedAt", "teamwork_reviewer_flow"."SystemSettings"."contactSupportEmail", "teamwork_reviewer_flow"."SystemSettings"."contactPrivacyEmail", "teamwork_reviewer_flow"."SystemSettings"."contactTelegramBot", "teamwork_reviewer_flow"."SystemSettings"."contactTelegramChannel", "teamwork_reviewer_flow"."SystemSettings"."contactWhatsApp", "teamwork_reviewer_flow"."SystemSettings"."contactVk", "teamwork_reviewer_flow"."SystemSettings"."legalCompanyName", "teamwork_reviewer_flow"."SystemSettings"."legalCompanyInn", "teamwork_reviewer_flow"."SystemSettings"."legalCompanyOgrnip", "teamwork_reviewer_flow"."SystemSettings"."legalCompanyAddress"

[90mstdout[2m | test/integration/escrow-flow.test.ts[2m > [22m[2mEscrowService — Integration Tests (Real DB)[2m > [22m[2mresolveQuarantine[2m > [22m[2mREJECT removes funds from quarantine WITHOUT crediting balance
[22m[39mprisma:query INSERT INTO "teamwork_reviewer_flow"."User" ("id","email","role","balance","quarantineBalance","totalSpent","personalDiscount","supportLimitCents","supportSpentTodayCents","supportLastResetAt","referralBalance","isKycVerified","isEmailVerified","isActive","isDeleted","createdAt","updatedAt") VALUES ($1,$2,$3,$4,$5,$6,$7,$8,$9,$10,$11,$12,$13,$14,$15,$16,$17) RETURNING "teamwork_reviewer_flow"."User"."id", "teamwork_reviewer_flow"."User"."email", "teamwork_reviewer_flow"."User"."passwordHash", "teamwork_reviewer_flow"."User"."role", "teamwork_reviewer_flow"."User"."balance", "teamwork_reviewer_flow"."User"."quarantineBalance", "teamwork_reviewer_flow"."User"."totalSpent", "teamwork_reviewer_flow"."User"."personalDiscount", "teamwork_reviewer_flow"."User"."discountEndsAt", "teamwork_reviewer_flow"."User"."supportLimitCents", "teamwork_reviewer_flow"."User"."supportSpentTodayCents", "teamwork_reviewer_flow"."User"."supportLastResetAt", "teamwork_reviewer_flow"."User"."apiKeyHash", "teamwork_reviewer_flow"."User"."referralCode", "teamwork_reviewer_flow"."User"."referredById", "teamwork_reviewer_flow"."User"."referralBalance", "teamwork_reviewer_flow"."User"."telegramId", "teamwork_reviewer_flow"."User"."phoneHash", "teamwork_reviewer_flow"."User"."isKycVerified", "teamwork_reviewer_flow"."User"."isEmailVerified", "teamwork_reviewer_flow"."User"."isActive", "teamwork_reviewer_flow"."User"."isDeleted", "teamwork_reviewer_flow"."User"."adminNote", "teamwork_reviewer_flow"."User"."adminNoteUpdatedAt", "teamwork_reviewer_flow"."User"."adminNoteUpdatedBy", "teamwork_reviewer_flow"."User"."createdAt", "teamwork_reviewer_flow"."User"."updatedAt", "teamwork_reviewer_flow"."User"."companyName", "teamwork_reviewer_flow"."User"."inn", "teamwork_reviewer_flow"."User"."kpp", "teamwork_reviewer_flow"."User"."legalAddress", "teamwork_reviewer_flow"."User"."staffRoleId"

[90mstdout[2m | test/integration/escrow-flow.test.ts[2m > [22m[2mEscrowService — Integration Tests (Real DB)[2m > [22m[2mresolveQuarantine[2m > [22m[2mREJECT removes funds from quarantine WITHOUT crediting balance
[22m[39mprisma:query INSERT INTO "teamwork_reviewer_flow"."User" ("id","email","role","balance","quarantineBalance","totalSpent","personalDiscount","supportLimitCents","supportSpentTodayCents","supportLastResetAt","referralBalance","isKycVerified","isEmailVerified","isActive","isDeleted","createdAt","updatedAt") VALUES ($1,$2,$3,$4,$5,$6,$7,$8,$9,$10,$11,$12,$13,$14,$15,$16,$17) RETURNING "teamwork_reviewer_flow"."User"."id", "teamwork_reviewer_flow"."User"."email", "teamwork_reviewer_flow"."User"."passwordHash", "teamwork_reviewer_flow"."User"."role", "teamwork_reviewer_flow"."User"."balance", "teamwork_reviewer_flow"."User"."quarantineBalance", "teamwork_reviewer_flow"."User"."totalSpent", "teamwork_reviewer_flow"."User"."personalDiscount", "teamwork_reviewer_flow"."User"."discountEndsAt", "teamwork_reviewer_flow"."User"."supportLimitCents", "teamwork_reviewer_flow"."User"."supportSpentTodayCents", "teamwork_reviewer_flow"."User"."supportLastResetAt", "teamwork_reviewer_flow"."User"."apiKeyHash", "teamwork_reviewer_flow"."User"."referralCode", "teamwork_reviewer_flow"."User"."referredById", "teamwork_reviewer_flow"."User"."referralBalance", "teamwork_reviewer_flow"."User"."telegramId", "teamwork_reviewer_flow"."User"."phoneHash", "teamwork_reviewer_flow"."User"."isKycVerified", "teamwork_reviewer_flow"."User"."isEmailVerified", "teamwork_reviewer_flow"."User"."isActive", "teamwork_reviewer_flow"."User"."isDeleted", "teamwork_reviewer_flow"."User"."adminNote", "teamwork_reviewer_flow"."User"."adminNoteUpdatedAt", "teamwork_reviewer_flow"."User"."adminNoteUpdatedBy", "teamwork_reviewer_flow"."User"."createdAt", "teamwork_reviewer_flow"."User"."updatedAt", "teamwork_reviewer_flow"."User"."companyName", "teamwork_reviewer_flow"."User"."inn", "teamwork_reviewer_flow"."User"."kpp", "teamwork_reviewer_flow"."User"."legalAddress", "teamwork_reviewer_flow"."User"."staffRoleId"

[90mstdout[2m | test/integration/escrow-flow.test.ts[2m > [22m[2mEscrowService — Integration Tests (Real DB)[2m > [22m[2mresolveQuarantine[2m > [22m[2mREJECT removes funds from quarantine WITHOUT crediting balance
[22m[39mprisma:query BEGIN

[90mstdout[2m | test/integration/escrow-flow.test.ts[2m > [22m[2mEscrowService — Integration Tests (Real DB)[2m > [22m[2mresolveQuarantine[2m > [22m[2mREJECT removes funds from quarantine WITHOUT crediting balance
[22m[39mprisma:query SET TRANSACTION ISOLATION LEVEL SERIALIZABLE

[90mstdout[2m | test/integration/escrow-flow.test.ts[2m > [22m[2mEscrowService — Integration Tests (Real DB)[2m > [22m[2mresolveQuarantine[2m > [22m[2mREJECT removes funds from quarantine WITHOUT crediting balance
[22m[39mprisma:query SELECT SUM("amount") FROM (SELECT "teamwork_reviewer_flow"."LedgerEntry"."amount" FROM "teamwork_reviewer_flow"."LedgerEntry" WHERE ("teamwork_reviewer_flow"."LedgerEntry"."adminId" = $1 AND "teamwork_reviewer_flow"."LedgerEntry"."createdAt" >= $2 AND "teamwork_reviewer_flow"."LedgerEntry"."amount" > $3) OFFSET $4) AS "sub"

[90mstdout[2m | test/integration/escrow-flow.test.ts[2m > [22m[2mEscrowService — Integration Tests (Real DB)[2m > [22m[2mresolveQuarantine[2m > [22m[2mREJECT removes funds from quarantine WITHOUT crediting balance
[22m[39mprisma:query SELECT "teamwork_reviewer_flow"."User"."id", "teamwork_reviewer_flow"."User"."email", "teamwork_reviewer_flow"."User"."passwordHash", "teamwork_reviewer_flow"."User"."role", "teamwork_reviewer_flow"."User"."balance", "teamwork_reviewer_flow"."User"."quarantineBalance", "teamwork_reviewer_flow"."User"."totalSpent", "teamwork_reviewer_flow"."User"."personalDiscount", "teamwork_reviewer_flow"."User"."discountEndsAt", "teamwork_reviewer_flow"."User"."supportLimitCents", "teamwork_reviewer_flow"."User"."supportSpentTodayCents", "teamwork_reviewer_flow"."User"."supportLastResetAt", "teamwork_reviewer_flow"."User"."apiKeyHash", "teamwork_reviewer_flow"."User"."referralCode", "teamwork_reviewer_flow"."User"."referredById", "teamwork_reviewer_flow"."User"."referralBalance", "teamwork_reviewer_flow"."User"."telegramId", "teamwork_reviewer_flow"."User"."phoneHash", "teamwork_reviewer_flow"."User"."isKycVerified", "teamwork_reviewer_flow"."User"."isEmailVerified", "teamwork_reviewer_flow"."User"."isActive", "teamwork_reviewer_flow"."User"."isDeleted", "teamwork_reviewer_flow"."User"."adminNote", "teamwork_reviewer_flow"."User"."adminNoteUpdatedAt", "teamwork_reviewer_flow"."User"."adminNoteUpdatedBy", "teamwork_reviewer_flow"."User"."createdAt", "teamwork_reviewer_flow"."User"."updatedAt", "teamwork_reviewer_flow"."User"."companyName", "teamwork_reviewer_flow"."User"."inn", "teamwork_reviewer_flow"."User"."kpp", "teamwork_reviewer_flow"."User"."legalAddress", "teamwork_reviewer_flow"."User"."staffRoleId" FROM "teamwork_reviewer_flow"."User" WHERE ("teamwork_reviewer_flow"."User"."id" = $1 AND 1=1) LIMIT $2 OFFSET $3

[90mstdout[2m | test/integration/escrow-flow.test.ts[2m > [22m[2mEscrowService — Integration Tests (Real DB)[2m > [22m[2mresolveQuarantine[2m > [22m[2mREJECT removes funds from quarantine WITHOUT crediting balance
[22m[39mprisma:query UPDATE "teamwork_reviewer_flow"."User" SET "quarantineBalance" = ("teamwork_reviewer_flow"."User"."quarantineBalance" + $1), "updatedAt" = $2 WHERE ("teamwork_reviewer_flow"."User"."id" = $3 AND 1=1) RETURNING "teamwork_reviewer_flow"."User"."id", "teamwork_reviewer_flow"."User"."email", "teamwork_reviewer_flow"."User"."passwordHash", "teamwork_reviewer_flow"."User"."role", "teamwork_reviewer_flow"."User"."balance", "teamwork_reviewer_flow"."User"."quarantineBalance", "teamwork_reviewer_flow"."User"."totalSpent", "teamwork_reviewer_flow"."User"."personalDiscount", "teamwork_reviewer_flow"."User"."discountEndsAt", "teamwork_reviewer_flow"."User"."supportLimitCents", "teamwork_reviewer_flow"."User"."supportSpentTodayCents", "teamwork_reviewer_flow"."User"."supportLastResetAt", "teamwork_reviewer_flow"."User"."apiKeyHash", "teamwork_reviewer_flow"."User"."referralCode", "teamwork_reviewer_flow"."User"."referredById", "teamwork_reviewer_flow"."User"."referralBalance", "teamwork_reviewer_flow"."User"."telegramId", "teamwork_reviewer_flow"."User"."phoneHash", "teamwork_reviewer_flow"."User"."isKycVerified", "teamwork_reviewer_flow"."User"."isEmailVerified", "teamwork_reviewer_flow"."User"."isActive", "teamwork_reviewer_flow"."User"."isDeleted", "teamwork_reviewer_flow"."User"."adminNote", "teamwork_reviewer_flow"."User"."adminNoteUpdatedAt", "teamwork_reviewer_flow"."User"."adminNoteUpdatedBy", "teamwork_reviewer_flow"."User"."createdAt", "teamwork_reviewer_flow"."User"."updatedAt", "teamwork_reviewer_flow"."User"."companyName", "teamwork_reviewer_flow"."User"."inn", "teamwork_reviewer_flow"."User"."kpp", "teamwork_reviewer_flow"."User"."legalAddress", "teamwork_reviewer_flow"."User"."staffRoleId"

[90mstdout[2m | test/integration/escrow-flow.test.ts[2m > [22m[2mEscrowService — Integration Tests (Real DB)[2m > [22m[2mresolveQuarantine[2m > [22m[2mREJECT removes funds from quarantine WITHOUT crediting balance
[22m[39mprisma:query INSERT INTO "teamwork_reviewer_flow"."LedgerEntry" ("id","userId","adminId","amount","reason","status","transactionType","createdAt","updatedAt") VALUES ($1,$2,$3,$4,$5,$6,$7,$8,$9) RETURNING "teamwork_reviewer_flow"."LedgerEntry"."id", "teamwork_reviewer_flow"."LedgerEntry"."userId", "teamwork_reviewer_flow"."LedgerEntry"."adminId", "teamwork_reviewer_flow"."LedgerEntry"."amount", "teamwork_reviewer_flow"."LedgerEntry"."reason", "teamwork_reviewer_flow"."LedgerEntry"."status", "teamwork_reviewer_flow"."LedgerEntry"."idempotencyKey", "teamwork_reviewer_flow"."LedgerEntry"."transactionType", "teamwork_reviewer_flow"."LedgerEntry"."createdAt", "teamwork_reviewer_flow"."LedgerEntry"."updatedAt"

[90mstdout[2m | test/integration/escrow-flow.test.ts[2m > [22m[2mEscrowService — Integration Tests (Real DB)[2m > [22m[2mresolveQuarantine[2m > [22m[2mREJECT removes funds from quarantine WITHOUT crediting balance
[22m[39mprisma:query COMMIT

[90mstdout[2m | test/integration/escrow-flow.test.ts[2m > [22m[2mEscrowService — Integration Tests (Real DB)[2m > [22m[2mresolveQuarantine[2m > [22m[2mREJECT removes funds from quarantine WITHOUT crediting balance
[22m[39mprisma:query INSERT INTO "teamwork_reviewer_flow"."AdminAuditLog" ("id","adminId","adminEmail","action","target","targetType","oldValue","newValue","ipAddress","createdAt") VALUES ($1,$2,$3,$4,$5,$6,$7,$8,$9,$10) RETURNING "teamwork_reviewer_flow"."AdminAuditLog"."id", "teamwork_reviewer_flow"."AdminAuditLog"."adminId", "teamwork_reviewer_flow"."AdminAuditLog"."adminEmail", "teamwork_reviewer_flow"."AdminAuditLog"."action", "teamwork_reviewer_flow"."AdminAuditLog"."target", "teamwork_reviewer_flow"."AdminAuditLog"."targetType", "teamwork_reviewer_flow"."AdminAuditLog"."oldValue", "teamwork_reviewer_flow"."AdminAuditLog"."newValue", "teamwork_reviewer_flow"."AdminAuditLog"."ipAddress", "teamwork_reviewer_flow"."AdminAuditLog"."createdAt"

[90mstdout[2m | test/integration/escrow-flow.test.ts[2m > [22m[2mEscrowService — Integration Tests (Real DB)[2m > [22m[2mresolveQuarantine[2m > [22m[2mREJECT removes funds from quarantine WITHOUT crediting balance
[22m[39mprisma:query SELECT "teamwork_reviewer_flow"."LedgerEntry"."id", "teamwork_reviewer_flow"."LedgerEntry"."userId", "teamwork_reviewer_flow"."LedgerEntry"."adminId", "teamwork_reviewer_flow"."LedgerEntry"."amount", "teamwork_reviewer_flow"."LedgerEntry"."reason", "teamwork_reviewer_flow"."LedgerEntry"."status", "teamwork_reviewer_flow"."LedgerEntry"."idempotencyKey", "teamwork_reviewer_flow"."LedgerEntry"."transactionType", "teamwork_reviewer_flow"."LedgerEntry"."createdAt", "teamwork_reviewer_flow"."LedgerEntry"."updatedAt" FROM "teamwork_reviewer_flow"."LedgerEntry" WHERE ("teamwork_reviewer_flow"."LedgerEntry"."userId" = $1 AND "teamwork_reviewer_flow"."LedgerEntry"."status" = $2) LIMIT $3 OFFSET $4

[90mstdout[2m | test/integration/escrow-flow.test.ts[2m > [22m[2mEscrowService — Integration Tests (Real DB)[2m > [22m[2mresolveQuarantine[2m > [22m[2mREJECT removes funds from quarantine WITHOUT crediting balance
[22m[39mprisma:query BEGIN

[90mstdout[2m | test/integration/escrow-flow.test.ts[2m > [22m[2mEscrowService — Integration Tests (Real DB)[2m > [22m[2mresolveQuarantine[2m > [22m[2mREJECT removes funds from quarantine WITHOUT crediting balance
[22m[39mprisma:query UPDATE "teamwork_reviewer_flow"."LedgerEntry" SET "status" = $1, "updatedAt" = $2 WHERE ("teamwork_reviewer_flow"."LedgerEntry"."id" = $3 AND "teamwork_reviewer_flow"."LedgerEntry"."status" = $4)

[90mstdout[2m | test/integration/escrow-flow.test.ts[2m > [22m[2mEscrowService — Integration Tests (Real DB)[2m > [22m[2mresolveQuarantine[2m > [22m[2mREJECT removes funds from quarantine WITHOUT crediting balance
[22m[39mprisma:query SELECT "teamwork_reviewer_flow"."LedgerEntry"."id", "teamwork_reviewer_flow"."LedgerEntry"."userId", "teamwork_reviewer_flow"."LedgerEntry"."adminId", "teamwork_reviewer_flow"."LedgerEntry"."amount", "teamwork_reviewer_flow"."LedgerEntry"."reason", "teamwork_reviewer_flow"."LedgerEntry"."status", "teamwork_reviewer_flow"."LedgerEntry"."idempotencyKey", "teamwork_reviewer_flow"."LedgerEntry"."transactionType", "teamwork_reviewer_flow"."LedgerEntry"."createdAt", "teamwork_reviewer_flow"."LedgerEntry"."updatedAt" FROM "teamwork_reviewer_flow"."LedgerEntry" WHERE ("teamwork_reviewer_flow"."LedgerEntry"."id" = $1 AND 1=1) LIMIT $2 OFFSET $3

[90mstdout[2m | test/integration/escrow-flow.test.ts[2m > [22m[2mEscrowService — Integration Tests (Real DB)[2m > [22m[2mresolveQuarantine[2m > [22m[2mREJECT removes funds from quarantine WITHOUT crediting balance
[22m[39mprisma:query SELECT "teamwork_reviewer_flow"."User"."id", "teamwork_reviewer_flow"."User"."email", "teamwork_reviewer_flow"."User"."passwordHash", "teamwork_reviewer_flow"."User"."role", "teamwork_reviewer_flow"."User"."balance", "teamwork_reviewer_flow"."User"."quarantineBalance", "teamwork_reviewer_flow"."User"."totalSpent", "teamwork_reviewer_flow"."User"."personalDiscount", "teamwork_reviewer_flow"."User"."discountEndsAt", "teamwork_reviewer_flow"."User"."supportLimitCents", "teamwork_reviewer_flow"."User"."supportSpentTodayCents", "teamwork_reviewer_flow"."User"."supportLastResetAt", "teamwork_reviewer_flow"."User"."apiKeyHash", "teamwork_reviewer_flow"."User"."referralCode", "teamwork_reviewer_flow"."User"."referredById", "teamwork_reviewer_flow"."User"."referralBalance", "teamwork_reviewer_flow"."User"."telegramId", "teamwork_reviewer_flow"."User"."phoneHash", "teamwork_reviewer_flow"."User"."isKycVerified", "teamwork_reviewer_flow"."User"."isEmailVerified", "teamwork_reviewer_flow"."User"."isActive", "teamwork_reviewer_flow"."User"."isDeleted", "teamwork_reviewer_flow"."User"."adminNote", "teamwork_reviewer_flow"."User"."adminNoteUpdatedAt", "teamwork_reviewer_flow"."User"."adminNoteUpdatedBy", "teamwork_reviewer_flow"."User"."createdAt", "teamwork_reviewer_flow"."User"."updatedAt", "teamwork_reviewer_flow"."User"."companyName", "teamwork_reviewer_flow"."User"."inn", "teamwork_reviewer_flow"."User"."kpp", "teamwork_reviewer_flow"."User"."legalAddress", "teamwork_reviewer_flow"."User"."staffRoleId" FROM "teamwork_reviewer_flow"."User" WHERE ("teamwork_reviewer_flow"."User"."id" = $1 AND 1=1) LIMIT $2 OFFSET $3

[90mstdout[2m | test/integration/escrow-flow.test.ts[2m > [22m[2mEscrowService — Integration Tests (Real DB)[2m > [22m[2mresolveQuarantine[2m > [22m[2mREJECT removes funds from quarantine WITHOUT crediting balance
[22m[39mprisma:query UPDATE "teamwork_reviewer_flow"."User" SET "quarantineBalance" = ("teamwork_reviewer_flow"."User"."quarantineBalance" - $1), "updatedAt" = $2 WHERE ("teamwork_reviewer_flow"."User"."id" = $3 AND 1=1) RETURNING "teamwork_reviewer_flow"."User"."id", "teamwork_reviewer_flow"."User"."email", "teamwork_reviewer_flow"."User"."passwordHash", "teamwork_reviewer_flow"."User"."role", "teamwork_reviewer_flow"."User"."balance", "teamwork_reviewer_flow"."User"."quarantineBalance", "teamwork_reviewer_flow"."User"."totalSpent", "teamwork_reviewer_flow"."User"."personalDiscount", "teamwork_reviewer_flow"."User"."discountEndsAt", "teamwork_reviewer_flow"."User"."supportLimitCents", "teamwork_reviewer_flow"."User"."supportSpentTodayCents", "teamwork_reviewer_flow"."User"."supportLastResetAt", "teamwork_reviewer_flow"."User"."apiKeyHash", "teamwork_reviewer_flow"."User"."referralCode", "teamwork_reviewer_flow"."User"."referredById", "teamwork_reviewer_flow"."User"."referralBalance", "teamwork_reviewer_flow"."User"."telegramId", "teamwork_reviewer_flow"."User"."phoneHash", "teamwork_reviewer_flow"."User"."isKycVerified", "teamwork_reviewer_flow"."User"."isEmailVerified", "teamwork_reviewer_flow"."User"."isActive", "teamwork_reviewer_flow"."User"."isDeleted", "teamwork_reviewer_flow"."User"."adminNote", "teamwork_reviewer_flow"."User"."adminNoteUpdatedAt", "teamwork_reviewer_flow"."User"."adminNoteUpdatedBy", "teamwork_reviewer_flow"."User"."createdAt", "teamwork_reviewer_flow"."User"."updatedAt", "teamwork_reviewer_flow"."User"."companyName", "teamwork_reviewer_flow"."User"."inn", "teamwork_reviewer_flow"."User"."kpp", "teamwork_reviewer_flow"."User"."legalAddress", "teamwork_reviewer_flow"."User"."staffRoleId"

[90mstdout[2m | test/integration/escrow-flow.test.ts[2m > [22m[2mEscrowService — Integration Tests (Real DB)[2m > [22m[2mresolveQuarantine[2m > [22m[2mREJECT removes funds from quarantine WITHOUT crediting balance
[22m[39mprisma:query INSERT INTO "teamwork_reviewer_flow"."AdminAuditLog" ("id","adminId","adminEmail","action","target","targetType","oldValue","newValue","ipAddress","createdAt") VALUES ($1,$2,$3,$4,$5,$6,$7,$8,$9,$10) RETURNING "teamwork_reviewer_flow"."AdminAuditLog"."id", "teamwork_reviewer_flow"."AdminAuditLog"."adminId", "teamwork_reviewer_flow"."AdminAuditLog"."adminEmail", "teamwork_reviewer_flow"."AdminAuditLog"."action", "teamwork_reviewer_flow"."AdminAuditLog"."target", "teamwork_reviewer_flow"."AdminAuditLog"."targetType", "teamwork_reviewer_flow"."AdminAuditLog"."oldValue", "teamwork_reviewer_flow"."AdminAuditLog"."newValue", "teamwork_reviewer_flow"."AdminAuditLog"."ipAddress", "teamwork_reviewer_flow"."AdminAuditLog"."createdAt"

[90mstdout[2m | test/integration/escrow-flow.test.ts[2m > [22m[2mEscrowService — Integration Tests (Real DB)[2m > [22m[2mresolveQuarantine[2m > [22m[2mREJECT removes funds from quarantine WITHOUT crediting balance
[22m[39mprisma:query COMMIT

[90mstdout[2m | test/integration/escrow-flow.test.ts[2m > [22m[2mEscrowService — Integration Tests (Real DB)[2m > [22m[2mresolveQuarantine[2m > [22m[2mREJECT removes funds from quarantine WITHOUT crediting balance
[22m[39mprisma:query SELECT "teamwork_reviewer_flow"."User"."id", "teamwork_reviewer_flow"."User"."email", "teamwork_reviewer_flow"."User"."passwordHash", "teamwork_reviewer_flow"."User"."role", "teamwork_reviewer_flow"."User"."balance", "teamwork_reviewer_flow"."User"."quarantineBalance", "teamwork_reviewer_flow"."User"."totalSpent", "teamwork_reviewer_flow"."User"."personalDiscount", "teamwork_reviewer_flow"."User"."discountEndsAt", "teamwork_reviewer_flow"."User"."supportLimitCents", "teamwork_reviewer_flow"."User"."supportSpentTodayCents", "teamwork_reviewer_flow"."User"."supportLastResetAt", "teamwork_reviewer_flow"."User"."apiKeyHash", "teamwork_reviewer_flow"."User"."referralCode", "teamwork_reviewer_flow"."User"."referredById", "teamwork_reviewer_flow"."User"."referralBalance", "teamwork_reviewer_flow"."User"."telegramId", "teamwork_reviewer_flow"."User"."phoneHash", "teamwork_reviewer_flow"."User"."isKycVerified", "teamwork_reviewer_flow"."User"."isEmailVerified", "teamwork_reviewer_flow"."User"."isActive", "teamwork_reviewer_flow"."User"."isDeleted", "teamwork_reviewer_flow"."User"."adminNote", "teamwork_reviewer_flow"."User"."adminNoteUpdatedAt", "teamwork_reviewer_flow"."User"."adminNoteUpdatedBy", "teamwork_reviewer_flow"."User"."createdAt", "teamwork_reviewer_flow"."User"."updatedAt", "teamwork_reviewer_flow"."User"."companyName", "teamwork_reviewer_flow"."User"."inn", "teamwork_reviewer_flow"."User"."kpp", "teamwork_reviewer_flow"."User"."legalAddress", "teamwork_reviewer_flow"."User"."staffRoleId" FROM "teamwork_reviewer_flow"."User" WHERE ("teamwork_reviewer_flow"."User"."id" = $1 AND 1=1) LIMIT $2 OFFSET $3

[90mstdout[2m | test/integration/escrow-flow.test.ts[2m > [22m[2mEscrowService — Integration Tests (Real DB)[2m > [22m[2mresolveQuarantine[2m > [22m[2mREJECT removes funds from quarantine WITHOUT crediting balance
[22m[39mprisma:query SELECT "teamwork_reviewer_flow"."LedgerEntry"."id", "teamwork_reviewer_flow"."LedgerEntry"."userId", "teamwork_reviewer_flow"."LedgerEntry"."adminId", "teamwork_reviewer_flow"."LedgerEntry"."amount", "teamwork_reviewer_flow"."LedgerEntry"."reason", "teamwork_reviewer_flow"."LedgerEntry"."status", "teamwork_reviewer_flow"."LedgerEntry"."idempotencyKey", "teamwork_reviewer_flow"."LedgerEntry"."transactionType", "teamwork_reviewer_flow"."LedgerEntry"."createdAt", "teamwork_reviewer_flow"."LedgerEntry"."updatedAt" FROM "teamwork_reviewer_flow"."LedgerEntry" WHERE ("teamwork_reviewer_flow"."LedgerEntry"."id" = $1 AND 1=1) LIMIT $2 OFFSET $3

[90mstdout[2m | test/integration/escrow-flow.test.ts[2m > [22m[2mEscrowService — Integration Tests (Real DB)[2m > [22m[2mresolveQuarantine[2m > [22m[2mDouble-resolve throws error (race condition prevented)
[22m[39mprisma:query 
        SELECT tablename FROM pg_tables WHERE schemaname='public' AND tablename != '_prisma_migrations';
      

[90mstdout[2m | test/integration/escrow-flow.test.ts[2m > [22m[2mEscrowService — Integration Tests (Real DB)[2m > [22m[2mresolveQuarantine[2m > [22m[2mDouble-resolve throws error (race condition prevented)
[22m[39mprisma:query TRUNCATE TABLE "ServiceSmartConfig", "StaffPermission", "SmartSnapshot", "LedgerEntry", "Payment", "SmartCampaign", "LoginLog", "AnalyticsEvent", "PromoCodeUsage", "AuthToken", "SupportTemplate", "User", "AdminAuditLog", "FeatureFlag", "MessageAttachment", "Order", "Refill", "TicketMessage", "SecurityEvent", "Ticket", "ServiceRoute", "Service", "SystemSetting", "SmartDetectedUser", "SmartChannelMetric", "PromoCode", "SystemSettings", "UrlPattern", "RateLimit", "Provider", "Article", "B2bConfig", "SmartExecution", "Commission", "ContentItem", "Network", "Page", "Invoice", "RoutingAuditLog", "ContentCategory", "StaffRole", "Category", "AuditLog", "SmartTask", "Session" RESTART IDENTITY CASCADE;

[90mstdout[2m | test/integration/escrow-flow.test.ts[2m > [22m[2mEscrowService — Integration Tests (Real DB)[2m > [22m[2mresolveQuarantine[2m > [22m[2mDouble-resolve throws error (race condition prevented)
[22m[39mprisma:query SELECT 1

[90mstdout[2m | test/integration/escrow-flow.test.ts[2m > [22m[2mEscrowService — Integration Tests (Real DB)[2m > [22m[2mresolveQuarantine[2m > [22m[2mDouble-resolve throws error (race condition prevented)
[22m[39mprisma:query INSERT INTO "teamwork_reviewer_flow"."SystemSettings" ("id","isTestMode","taxRate","usnScheme","opexMonthly","maintenanceMode","siteName","siteDescription","welcomeMessage","quarantineThreshold","globalMarkup","safetyFloor","exchangeRateUSD","emailProvider","smtpPort","updatedAt") VALUES ($1,$2,$3,CAST($4::text AS "teamwork_reviewer_flow"."UsnScheme"),$5,$6,$7,$8,$9,$10,$11,$12,$13,$14,$15,$16) ON CONFLICT ("id") DO UPDATE SET "taxRate" = $17, "opexMonthly" = $18, "maintenanceMode" = $19, "isTestMode" = $20, "siteName" = $21, "siteDescription" = $22, "exchangeRateUSD" = $23, "updatedAt" = $24 WHERE ("teamwork_reviewer_flow"."SystemSettings"."id" = $25 AND 1=1) RETURNING "teamwork_reviewer_flow"."SystemSettings"."id", "teamwork_reviewer_flow"."SystemSettings"."isTestMode", "teamwork_reviewer_flow"."SystemSettings"."taxRate", "teamwork_reviewer_flow"."SystemSettings"."usnScheme"::text, "teamwork_reviewer_flow"."SystemSettings"."opexMonthly", "teamwork_reviewer_flow"."SystemSettings"."maintenanceMode", "teamwork_reviewer_flow"."SystemSettings"."siteName", "teamwork_reviewer_flow"."SystemSettings"."siteDescription", "teamwork_reviewer_flow"."SystemSettings"."welcomeMessage", "teamwork_reviewer_flow"."SystemSettings"."yookassaShopId", "teamwork_reviewer_flow"."SystemSettings"."yookassaSecretKey", "teamwork_reviewer_flow"."SystemSettings"."yookassaTestShopId", "teamwork_reviewer_flow"."SystemSettings"."yookassaTestSecretKey", "teamwork_reviewer_flow"."SystemSettings"."cryptoBotToken", "teamwork_reviewer_flow"."SystemSettings"."quarantineThreshold", "teamwork_reviewer_flow"."SystemSettings"."globalMarkup", "teamwork_reviewer_flow"."SystemSettings"."safetyFloor", "teamwork_reviewer_flow"."SystemSettings"."exchangeRateUSD", "teamwork_reviewer_flow"."SystemSettings"."exchangeRateUpdatedAt", "teamwork_reviewer_flow"."SystemSettings"."siteLogoUrl", "teamwork_reviewer_flow"."SystemSettings"."siteFaviconUrl", "teamwork_reviewer_flow"."SystemSettings"."emailProvider", "teamwork_reviewer_flow"."SystemSettings"."resendApiKey", "teamwork_reviewer_flow"."SystemSettings"."smtpHost", "teamwork_reviewer_flow"."SystemSettings"."smtpPort", "teamwork_reviewer_flow"."SystemSettings"."smtpUser", "teamwork_reviewer_flow"."SystemSettings"."smtpPassword", "teamwork_reviewer_flow"."SystemSettings"."supportEmailDomain", "teamwork_reviewer_flow"."SystemSettings"."inboundEmailWebhookSecret", "teamwork_reviewer_flow"."SystemSettings"."robokassaLogin", "teamwork_reviewer_flow"."SystemSettings"."robokassaPassword", "teamwork_reviewer_flow"."SystemSettings"."updatedAt", "teamwork_reviewer_flow"."SystemSettings"."contactSupportEmail", "teamwork_reviewer_flow"."SystemSettings"."contactPrivacyEmail", "teamwork_reviewer_flow"."SystemSettings"."contactTelegramBot", "teamwork_reviewer_flow"."SystemSettings"."contactTelegramChannel", "teamwork_reviewer_flow"."SystemSettings"."contactWhatsApp", "teamwork_reviewer_flow"."SystemSettings"."contactVk", "teamwork_reviewer_flow"."SystemSettings"."legalCompanyName", "teamwork_reviewer_flow"."SystemSettings"."legalCompanyInn", "teamwork_reviewer_flow"."SystemSettings"."legalCompanyOgrnip", "teamwork_reviewer_flow"."SystemSettings"."legalCompanyAddress"

[90mstdout[2m | test/integration/escrow-flow.test.ts[2m > [22m[2mEscrowService — Integration Tests (Real DB)[2m > [22m[2mresolveQuarantine[2m > [22m[2mDouble-resolve throws error (race condition prevented)
[22m[39mprisma:query INSERT INTO "teamwork_reviewer_flow"."User" ("id","email","role","balance","quarantineBalance","totalSpent","personalDiscount","supportLimitCents","supportSpentTodayCents","supportLastResetAt","referralBalance","isKycVerified","isEmailVerified","isActive","isDeleted","createdAt","updatedAt") VALUES ($1,$2,$3,$4,$5,$6,$7,$8,$9,$10,$11,$12,$13,$14,$15,$16,$17) RETURNING "teamwork_reviewer_flow"."User"."id", "teamwork_reviewer_flow"."User"."email", "teamwork_reviewer_flow"."User"."passwordHash", "teamwork_reviewer_flow"."User"."role", "teamwork_reviewer_flow"."User"."balance", "teamwork_reviewer_flow"."User"."quarantineBalance", "teamwork_reviewer_flow"."User"."totalSpent", "teamwork_reviewer_flow"."User"."personalDiscount", "teamwork_reviewer_flow"."User"."discountEndsAt", "teamwork_reviewer_flow"."User"."supportLimitCents", "teamwork_reviewer_flow"."User"."supportSpentTodayCents", "teamwork_reviewer_flow"."User"."supportLastResetAt", "teamwork_reviewer_flow"."User"."apiKeyHash", "teamwork_reviewer_flow"."User"."referralCode", "teamwork_reviewer_flow"."User"."referredById", "teamwork_reviewer_flow"."User"."referralBalance", "teamwork_reviewer_flow"."User"."telegramId", "teamwork_reviewer_flow"."User"."phoneHash", "teamwork_reviewer_flow"."User"."isKycVerified", "teamwork_reviewer_flow"."User"."isEmailVerified", "teamwork_reviewer_flow"."User"."isActive", "teamwork_reviewer_flow"."User"."isDeleted", "teamwork_reviewer_flow"."User"."adminNote", "teamwork_reviewer_flow"."User"."adminNoteUpdatedAt", "teamwork_reviewer_flow"."User"."adminNoteUpdatedBy", "teamwork_reviewer_flow"."User"."createdAt", "teamwork_reviewer_flow"."User"."updatedAt", "teamwork_reviewer_flow"."User"."companyName", "teamwork_reviewer_flow"."User"."inn", "teamwork_reviewer_flow"."User"."kpp", "teamwork_reviewer_flow"."User"."legalAddress", "teamwork_reviewer_flow"."User"."staffRoleId"

[90mstdout[2m | test/integration/escrow-flow.test.ts[2m > [22m[2mEscrowService — Integration Tests (Real DB)[2m > [22m[2mresolveQuarantine[2m > [22m[2mDouble-resolve throws error (race condition prevented)
[22m[39mprisma:query INSERT INTO "teamwork_reviewer_flow"."User" ("id","email","role","balance","quarantineBalance","totalSpent","personalDiscount","supportLimitCents","supportSpentTodayCents","supportLastResetAt","referralBalance","isKycVerified","isEmailVerified","isActive","isDeleted","createdAt","updatedAt") VALUES ($1,$2,$3,$4,$5,$6,$7,$8,$9,$10,$11,$12,$13,$14,$15,$16,$17) RETURNING "teamwork_reviewer_flow"."User"."id", "teamwork_reviewer_flow"."User"."email", "teamwork_reviewer_flow"."User"."passwordHash", "teamwork_reviewer_flow"."User"."role", "teamwork_reviewer_flow"."User"."balance", "teamwork_reviewer_flow"."User"."quarantineBalance", "teamwork_reviewer_flow"."User"."totalSpent", "teamwork_reviewer_flow"."User"."personalDiscount", "teamwork_reviewer_flow"."User"."discountEndsAt", "teamwork_reviewer_flow"."User"."supportLimitCents", "teamwork_reviewer_flow"."User"."supportSpentTodayCents", "teamwork_reviewer_flow"."User"."supportLastResetAt", "teamwork_reviewer_flow"."User"."apiKeyHash", "teamwork_reviewer_flow"."User"."referralCode", "teamwork_reviewer_flow"."User"."referredById", "teamwork_reviewer_flow"."User"."referralBalance", "teamwork_reviewer_flow"."User"."telegramId", "teamwork_reviewer_flow"."User"."phoneHash", "teamwork_reviewer_flow"."User"."isKycVerified", "teamwork_reviewer_flow"."User"."isEmailVerified", "teamwork_reviewer_flow"."User"."isActive", "teamwork_reviewer_flow"."User"."isDeleted", "teamwork_reviewer_flow"."User"."adminNote", "teamwork_reviewer_flow"."User"."adminNoteUpdatedAt", "teamwork_reviewer_flow"."User"."adminNoteUpdatedBy", "teamwork_reviewer_flow"."User"."createdAt", "teamwork_reviewer_flow"."User"."updatedAt", "teamwork_reviewer_flow"."User"."companyName", "teamwork_reviewer_flow"."User"."inn", "teamwork_reviewer_flow"."User"."kpp", "teamwork_reviewer_flow"."User"."legalAddress", "teamwork_reviewer_flow"."User"."staffRoleId"

[90mstdout[2m | test/integration/escrow-flow.test.ts[2m > [22m[2mEscrowService — Integration Tests (Real DB)[2m > [22m[2mresolveQuarantine[2m > [22m[2mDouble-resolve throws error (race condition prevented)
[22m[39mprisma:query BEGIN

[90mstdout[2m | test/integration/escrow-flow.test.ts[2m > [22m[2mEscrowService — Integration Tests (Real DB)[2m > [22m[2mresolveQuarantine[2m > [22m[2mDouble-resolve throws error (race condition prevented)
[22m[39mprisma:query SET TRANSACTION ISOLATION LEVEL SERIALIZABLE

[90mstdout[2m | test/integration/escrow-flow.test.ts[2m > [22m[2mEscrowService — Integration Tests (Real DB)[2m > [22m[2mresolveQuarantine[2m > [22m[2mDouble-resolve throws error (race condition prevented)
[22m[39mprisma:query SELECT SUM("amount") FROM (SELECT "teamwork_reviewer_flow"."LedgerEntry"."amount" FROM "teamwork_reviewer_flow"."LedgerEntry" WHERE ("teamwork_reviewer_flow"."LedgerEntry"."adminId" = $1 AND "teamwork_reviewer_flow"."LedgerEntry"."createdAt" >= $2 AND "teamwork_reviewer_flow"."LedgerEntry"."amount" > $3) OFFSET $4) AS "sub"

[90mstdout[2m | test/integration/escrow-flow.test.ts[2m > [22m[2mEscrowService — Integration Tests (Real DB)[2m > [22m[2mresolveQuarantine[2m > [22m[2mDouble-resolve throws error (race condition prevented)
[22m[39mprisma:query SELECT "teamwork_reviewer_flow"."User"."id", "teamwork_reviewer_flow"."User"."email", "teamwork_reviewer_flow"."User"."passwordHash", "teamwork_reviewer_flow"."User"."role", "teamwork_reviewer_flow"."User"."balance", "teamwork_reviewer_flow"."User"."quarantineBalance", "teamwork_reviewer_flow"."User"."totalSpent", "teamwork_reviewer_flow"."User"."personalDiscount", "teamwork_reviewer_flow"."User"."discountEndsAt", "teamwork_reviewer_flow"."User"."supportLimitCents", "teamwork_reviewer_flow"."User"."supportSpentTodayCents", "teamwork_reviewer_flow"."User"."supportLastResetAt", "teamwork_reviewer_flow"."User"."apiKeyHash", "teamwork_reviewer_flow"."User"."referralCode", "teamwork_reviewer_flow"."User"."referredById", "teamwork_reviewer_flow"."User"."referralBalance", "teamwork_reviewer_flow"."User"."telegramId", "teamwork_reviewer_flow"."User"."phoneHash", "teamwork_reviewer_flow"."User"."isKycVerified", "teamwork_reviewer_flow"."User"."isEmailVerified", "teamwork_reviewer_flow"."User"."isActive", "teamwork_reviewer_flow"."User"."isDeleted", "teamwork_reviewer_flow"."User"."adminNote", "teamwork_reviewer_flow"."User"."adminNoteUpdatedAt", "teamwork_reviewer_flow"."User"."adminNoteUpdatedBy", "teamwork_reviewer_flow"."User"."createdAt", "teamwork_reviewer_flow"."User"."updatedAt", "teamwork_reviewer_flow"."User"."companyName", "teamwork_reviewer_flow"."User"."inn", "teamwork_reviewer_flow"."User"."kpp", "teamwork_reviewer_flow"."User"."legalAddress", "teamwork_reviewer_flow"."User"."staffRoleId" FROM "teamwork_reviewer_flow"."User" WHERE ("teamwork_reviewer_flow"."User"."id" = $1 AND 1=1) LIMIT $2 OFFSET $3

[90mstdout[2m | test/integration/escrow-flow.test.ts[2m > [22m[2mEscrowService — Integration Tests (Real DB)[2m > [22m[2mresolveQuarantine[2m > [22m[2mDouble-resolve throws error (race condition prevented)
[22m[39mprisma:query UPDATE "teamwork_reviewer_flow"."User" SET "quarantineBalance" = ("teamwork_reviewer_flow"."User"."quarantineBalance" + $1), "updatedAt" = $2 WHERE ("teamwork_reviewer_flow"."User"."id" = $3 AND 1=1) RETURNING "teamwork_reviewer_flow"."User"."id", "teamwork_reviewer_flow"."User"."email", "teamwork_reviewer_flow"."User"."passwordHash", "teamwork_reviewer_flow"."User"."role", "teamwork_reviewer_flow"."User"."balance", "teamwork_reviewer_flow"."User"."quarantineBalance", "teamwork_reviewer_flow"."User"."totalSpent", "teamwork_reviewer_flow"."User"."personalDiscount", "teamwork_reviewer_flow"."User"."discountEndsAt", "teamwork_reviewer_flow"."User"."supportLimitCents", "teamwork_reviewer_flow"."User"."supportSpentTodayCents", "teamwork_reviewer_flow"."User"."supportLastResetAt", "teamwork_reviewer_flow"."User"."apiKeyHash", "teamwork_reviewer_flow"."User"."referralCode", "teamwork_reviewer_flow"."User"."referredById", "teamwork_reviewer_flow"."User"."referralBalance", "teamwork_reviewer_flow"."User"."telegramId", "teamwork_reviewer_flow"."User"."phoneHash", "teamwork_reviewer_flow"."User"."isKycVerified", "teamwork_reviewer_flow"."User"."isEmailVerified", "teamwork_reviewer_flow"."User"."isActive", "teamwork_reviewer_flow"."User"."isDeleted", "teamwork_reviewer_flow"."User"."adminNote", "teamwork_reviewer_flow"."User"."adminNoteUpdatedAt", "teamwork_reviewer_flow"."User"."adminNoteUpdatedBy", "teamwork_reviewer_flow"."User"."createdAt", "teamwork_reviewer_flow"."User"."updatedAt", "teamwork_reviewer_flow"."User"."companyName", "teamwork_reviewer_flow"."User"."inn", "teamwork_reviewer_flow"."User"."kpp", "teamwork_reviewer_flow"."User"."legalAddress", "teamwork_reviewer_flow"."User"."staffRoleId"

[90mstdout[2m | test/integration/escrow-flow.test.ts[2m > [22m[2mEscrowService — Integration Tests (Real DB)[2m > [22m[2mresolveQuarantine[2m > [22m[2mDouble-resolve throws error (race condition prevented)
[22m[39mprisma:query INSERT INTO "teamwork_reviewer_flow"."LedgerEntry" ("id","userId","adminId","amount","reason","status","transactionType","createdAt","updatedAt") VALUES ($1,$2,$3,$4,$5,$6,$7,$8,$9) RETURNING "teamwork_reviewer_flow"."LedgerEntry"."id", "teamwork_reviewer_flow"."LedgerEntry"."userId", "teamwork_reviewer_flow"."LedgerEntry"."adminId", "teamwork_reviewer_flow"."LedgerEntry"."amount", "teamwork_reviewer_flow"."LedgerEntry"."reason", "teamwork_reviewer_flow"."LedgerEntry"."status", "teamwork_reviewer_flow"."LedgerEntry"."idempotencyKey", "teamwork_reviewer_flow"."LedgerEntry"."transactionType", "teamwork_reviewer_flow"."LedgerEntry"."createdAt", "teamwork_reviewer_flow"."LedgerEntry"."updatedAt"

[90mstdout[2m | test/integration/escrow-flow.test.ts[2m > [22m[2mEscrowService — Integration Tests (Real DB)[2m > [22m[2mresolveQuarantine[2m > [22m[2mDouble-resolve throws error (race condition prevented)
[22m[39mprisma:query SELECT 1

[90mstdout[2m | test/integration/escrow-flow.test.ts[2m > [22m[2mEscrowService — Integration Tests (Real DB)[2m > [22m[2mresolveQuarantine[2m > [22m[2mDouble-resolve throws error (race condition prevented)
[22m[39mprisma:query COMMIT

[90mstdout[2m | test/integration/escrow-flow.test.ts[2m > [22m[2mEscrowService — Integration Tests (Real DB)[2m > [22m[2mresolveQuarantine[2m > [22m[2mDouble-resolve throws error (race condition prevented)
[22m[39mprisma:query SELECT "teamwork_reviewer_flow"."LedgerEntry"."id", "teamwork_reviewer_flow"."LedgerEntry"."userId", "teamwork_reviewer_flow"."LedgerEntry"."adminId", "teamwork_reviewer_flow"."LedgerEntry"."amount", "teamwork_reviewer_flow"."LedgerEntry"."reason", "teamwork_reviewer_flow"."LedgerEntry"."status", "teamwork_reviewer_flow"."LedgerEntry"."idempotencyKey", "teamwork_reviewer_flow"."LedgerEntry"."transactionType", "teamwork_reviewer_flow"."LedgerEntry"."createdAt", "teamwork_reviewer_flow"."LedgerEntry"."updatedAt" FROM "teamwork_reviewer_flow"."LedgerEntry" WHERE ("teamwork_reviewer_flow"."LedgerEntry"."userId" = $1 AND "teamwork_reviewer_flow"."LedgerEntry"."status" = $2) LIMIT $3 OFFSET $4

[90mstdout[2m | test/integration/escrow-flow.test.ts[2m > [22m[2mEscrowService — Integration Tests (Real DB)[2m > [22m[2mresolveQuarantine[2m > [22m[2mDouble-resolve throws error (race condition prevented)
[22m[39mprisma:query BEGIN

[90mstdout[2m | test/integration/escrow-flow.test.ts[2m > [22m[2mEscrowService — Integration Tests (Real DB)[2m > [22m[2mresolveQuarantine[2m > [22m[2mDouble-resolve throws error (race condition prevented)
[22m[39mprisma:query INSERT INTO "teamwork_reviewer_flow"."AdminAuditLog" ("id","adminId","adminEmail","action","target","targetType","oldValue","newValue","ipAddress","createdAt") VALUES ($1,$2,$3,$4,$5,$6,$7,$8,$9,$10) RETURNING "teamwork_reviewer_flow"."AdminAuditLog"."id", "teamwork_reviewer_flow"."AdminAuditLog"."adminId", "teamwork_reviewer_flow"."AdminAuditLog"."adminEmail", "teamwork_reviewer_flow"."AdminAuditLog"."action", "teamwork_reviewer_flow"."AdminAuditLog"."target", "teamwork_reviewer_flow"."AdminAuditLog"."targetType", "teamwork_reviewer_flow"."AdminAuditLog"."oldValue", "teamwork_reviewer_flow"."AdminAuditLog"."newValue", "teamwork_reviewer_flow"."AdminAuditLog"."ipAddress", "teamwork_reviewer_flow"."AdminAuditLog"."createdAt"

[90mstdout[2m | test/integration/escrow-flow.test.ts[2m > [22m[2mEscrowService — Integration Tests (Real DB)[2m > [22m[2mresolveQuarantine[2m > [22m[2mDouble-resolve throws error (race condition prevented)
[22m[39mprisma:query UPDATE "teamwork_reviewer_flow"."LedgerEntry" SET "status" = $1, "updatedAt" = $2 WHERE ("teamwork_reviewer_flow"."LedgerEntry"."id" = $3 AND "teamwork_reviewer_flow"."LedgerEntry"."status" = $4)

[90mstdout[2m | test/integration/escrow-flow.test.ts[2m > [22m[2mEscrowService — Integration Tests (Real DB)[2m > [22m[2mresolveQuarantine[2m > [22m[2mDouble-resolve throws error (race condition prevented)
[22m[39mprisma:query SELECT "teamwork_reviewer_flow"."LedgerEntry"."id", "teamwork_reviewer_flow"."LedgerEntry"."userId", "teamwork_reviewer_flow"."LedgerEntry"."adminId", "teamwork_reviewer_flow"."LedgerEntry"."amount", "teamwork_reviewer_flow"."LedgerEntry"."reason", "teamwork_reviewer_flow"."LedgerEntry"."status", "teamwork_reviewer_flow"."LedgerEntry"."idempotencyKey", "teamwork_reviewer_flow"."LedgerEntry"."transactionType", "teamwork_reviewer_flow"."LedgerEntry"."createdAt", "teamwork_reviewer_flow"."LedgerEntry"."updatedAt" FROM "teamwork_reviewer_flow"."LedgerEntry" WHERE ("teamwork_reviewer_flow"."LedgerEntry"."id" = $1 AND 1=1) LIMIT $2 OFFSET $3

[90mstdout[2m | test/integration/escrow-flow.test.ts[2m > [22m[2mEscrowService — Integration Tests (Real DB)[2m > [22m[2mresolveQuarantine[2m > [22m[2mDouble-resolve throws error (race condition prevented)
[22m[39mprisma:query SELECT "teamwork_reviewer_flow"."User"."id", "teamwork_reviewer_flow"."User"."email", "teamwork_reviewer_flow"."User"."passwordHash", "teamwork_reviewer_flow"."User"."role", "teamwork_reviewer_flow"."User"."balance", "teamwork_reviewer_flow"."User"."quarantineBalance", "teamwork_reviewer_flow"."User"."totalSpent", "teamwork_reviewer_flow"."User"."personalDiscount", "teamwork_reviewer_flow"."User"."discountEndsAt", "teamwork_reviewer_flow"."User"."supportLimitCents", "teamwork_reviewer_flow"."User"."supportSpentTodayCents", "teamwork_reviewer_flow"."User"."supportLastResetAt", "teamwork_reviewer_flow"."User"."apiKeyHash", "teamwork_reviewer_flow"."User"."referralCode", "teamwork_reviewer_flow"."User"."referredById", "teamwork_reviewer_flow"."User"."referralBalance", "teamwork_reviewer_flow"."User"."telegramId", "teamwork_reviewer_flow"."User"."phoneHash", "teamwork_reviewer_flow"."User"."isKycVerified", "teamwork_reviewer_flow"."User"."isEmailVerified", "teamwork_reviewer_flow"."User"."isActive", "teamwork_reviewer_flow"."User"."isDeleted", "teamwork_reviewer_flow"."User"."adminNote", "teamwork_reviewer_flow"."User"."adminNoteUpdatedAt", "teamwork_reviewer_flow"."User"."adminNoteUpdatedBy", "teamwork_reviewer_flow"."User"."createdAt", "teamwork_reviewer_flow"."User"."updatedAt", "teamwork_reviewer_flow"."User"."companyName", "teamwork_reviewer_flow"."User"."inn", "teamwork_reviewer_flow"."User"."kpp", "teamwork_reviewer_flow"."User"."legalAddress", "teamwork_reviewer_flow"."User"."staffRoleId" FROM "teamwork_reviewer_flow"."User" WHERE ("teamwork_reviewer_flow"."User"."id" = $1 AND 1=1) LIMIT $2 OFFSET $3

[90mstdout[2m | test/integration/escrow-flow.test.ts[2m > [22m[2mEscrowService — Integration Tests (Real DB)[2m > [22m[2mresolveQuarantine[2m > [22m[2mDouble-resolve throws error (race condition prevented)
[22m[39mprisma:query UPDATE "teamwork_reviewer_flow"."User" SET "quarantineBalance" = ("teamwork_reviewer_flow"."User"."quarantineBalance" - $1), "updatedAt" = $2 WHERE ("teamwork_reviewer_flow"."User"."id" = $3 AND 1=1) RETURNING "teamwork_reviewer_flow"."User"."id", "teamwork_reviewer_flow"."User"."email", "teamwork_reviewer_flow"."User"."passwordHash", "teamwork_reviewer_flow"."User"."role", "teamwork_reviewer_flow"."User"."balance", "teamwork_reviewer_flow"."User"."quarantineBalance", "teamwork_reviewer_flow"."User"."totalSpent", "teamwork_reviewer_flow"."User"."personalDiscount", "teamwork_reviewer_flow"."User"."discountEndsAt", "teamwork_reviewer_flow"."User"."supportLimitCents", "teamwork_reviewer_flow"."User"."supportSpentTodayCents", "teamwork_reviewer_flow"."User"."supportLastResetAt", "teamwork_reviewer_flow"."User"."apiKeyHash", "teamwork_reviewer_flow"."User"."referralCode", "teamwork_reviewer_flow"."User"."referredById", "teamwork_reviewer_flow"."User"."referralBalance", "teamwork_reviewer_flow"."User"."telegramId", "teamwork_reviewer_flow"."User"."phoneHash", "teamwork_reviewer_flow"."User"."isKycVerified", "teamwork_reviewer_flow"."User"."isEmailVerified", "teamwork_reviewer_flow"."User"."isActive", "teamwork_reviewer_flow"."User"."isDeleted", "teamwork_reviewer_flow"."User"."adminNote", "teamwork_reviewer_flow"."User"."adminNoteUpdatedAt", "teamwork_reviewer_flow"."User"."adminNoteUpdatedBy", "teamwork_reviewer_flow"."User"."createdAt", "teamwork_reviewer_flow"."User"."updatedAt", "teamwork_reviewer_flow"."User"."companyName", "teamwork_reviewer_flow"."User"."inn", "teamwork_reviewer_flow"."User"."kpp", "teamwork_reviewer_flow"."User"."legalAddress", "teamwork_reviewer_flow"."User"."staffRoleId"

[90mstdout[2m | test/integration/escrow-flow.test.ts[2m > [22m[2mEscrowService — Integration Tests (Real DB)[2m > [22m[2mresolveQuarantine[2m > [22m[2mDouble-resolve throws error (race condition prevented)
[22m[39mprisma:query SELECT "teamwork_reviewer_flow"."LedgerEntry"."id", "teamwork_reviewer_flow"."LedgerEntry"."userId", "teamwork_reviewer_flow"."LedgerEntry"."adminId", "teamwork_reviewer_flow"."LedgerEntry"."amount", "teamwork_reviewer_flow"."LedgerEntry"."reason", "teamwork_reviewer_flow"."LedgerEntry"."status", "teamwork_reviewer_flow"."LedgerEntry"."idempotencyKey", "teamwork_reviewer_flow"."LedgerEntry"."transactionType", "teamwork_reviewer_flow"."LedgerEntry"."createdAt", "teamwork_reviewer_flow"."LedgerEntry"."updatedAt" FROM "teamwork_reviewer_flow"."LedgerEntry" WHERE "teamwork_reviewer_flow"."LedgerEntry"."idempotencyKey" = $1 LIMIT $2 OFFSET $3

[90mstdout[2m | test/integration/escrow-flow.test.ts[2m > [22m[2mEscrowService — Integration Tests (Real DB)[2m > [22m[2mresolveQuarantine[2m > [22m[2mDouble-resolve throws error (race condition prevented)
[22m[39mprisma:query INSERT INTO "teamwork_reviewer_flow"."LedgerEntry" ("id","userId","adminId","amount","reason","status","idempotencyKey","transactionType","createdAt","updatedAt") VALUES ($1,$2,$3,$4,$5,$6,$7,$8,$9,$10) RETURNING "teamwork_reviewer_flow"."LedgerEntry"."id", "teamwork_reviewer_flow"."LedgerEntry"."userId", "teamwork_reviewer_flow"."LedgerEntry"."adminId", "teamwork_reviewer_flow"."LedgerEntry"."amount", "teamwork_reviewer_flow"."LedgerEntry"."reason", "teamwork_reviewer_flow"."LedgerEntry"."status", "teamwork_reviewer_flow"."LedgerEntry"."idempotencyKey", "teamwork_reviewer_flow"."LedgerEntry"."transactionType", "teamwork_reviewer_flow"."LedgerEntry"."createdAt", "teamwork_reviewer_flow"."LedgerEntry"."updatedAt"

[90mstdout[2m | test/integration/escrow-flow.test.ts[2m > [22m[2mEscrowService — Integration Tests (Real DB)[2m > [22m[2mresolveQuarantine[2m > [22m[2mDouble-resolve throws error (race condition prevented)
[22m[39mprisma:query UPDATE "teamwork_reviewer_flow"."User" SET "balance" = ("teamwork_reviewer_flow"."User"."balance" + $1), "updatedAt" = $2 WHERE ("teamwork_reviewer_flow"."User"."id" = $3 AND 1=1) RETURNING "teamwork_reviewer_flow"."User"."id", "teamwork_reviewer_flow"."User"."balance"

[90mstdout[2m | test/integration/escrow-flow.test.ts[2m > [22m[2mEscrowService — Integration Tests (Real DB)[2m > [22m[2mresolveQuarantine[2m > [22m[2mDouble-resolve throws error (race condition prevented)
[22m[39mprisma:query INSERT INTO "teamwork_reviewer_flow"."AdminAuditLog" ("id","adminId","adminEmail","action","target","targetType","oldValue","newValue","ipAddress","createdAt") VALUES ($1,$2,$3,$4,$5,$6,$7,$8,$9,$10) RETURNING "teamwork_reviewer_flow"."AdminAuditLog"."id", "teamwork_reviewer_flow"."AdminAuditLog"."adminId", "teamwork_reviewer_flow"."AdminAuditLog"."adminEmail", "teamwork_reviewer_flow"."AdminAuditLog"."action", "teamwork_reviewer_flow"."AdminAuditLog"."target", "teamwork_reviewer_flow"."AdminAuditLog"."targetType", "teamwork_reviewer_flow"."AdminAuditLog"."oldValue", "teamwork_reviewer_flow"."AdminAuditLog"."newValue", "teamwork_reviewer_flow"."AdminAuditLog"."ipAddress", "teamwork_reviewer_flow"."AdminAuditLog"."createdAt"

[90mstdout[2m | test/integration/escrow-flow.test.ts[2m > [22m[2mEscrowService — Integration Tests (Real DB)[2m > [22m[2mresolveQuarantine[2m > [22m[2mDouble-resolve throws error (race condition prevented)
[22m[39mprisma:query COMMIT

[90mstdout[2m | test/integration/escrow-flow.test.ts[2m > [22m[2mEscrowService — Integration Tests (Real DB)[2m > [22m[2mresolveQuarantine[2m > [22m[2mDouble-resolve throws error (race condition prevented)
[22m[39mprisma:query BEGIN

[90mstdout[2m | test/integration/escrow-flow.test.ts[2m > [22m[2mEscrowService — Integration Tests (Real DB)[2m > [22m[2mresolveQuarantine[2m > [22m[2mDouble-resolve throws error (race condition prevented)
[22m[39mprisma:query UPDATE "teamwork_reviewer_flow"."LedgerEntry" SET "status" = $1, "updatedAt" = $2 WHERE ("teamwork_reviewer_flow"."LedgerEntry"."id" = $3 AND "teamwork_reviewer_flow"."LedgerEntry"."status" = $4)

[90mstdout[2m | test/integration/escrow-flow.test.ts[2m > [22m[2mEscrowService — Integration Tests (Real DB)[2m > [22m[2mresolveQuarantine[2m > [22m[2mDouble-resolve throws error (race condition prevented)
[22m[39mprisma:query ROLLBACK

[90mstdout[2m | test/integration/escrow-flow.test.ts[2m > [22m[2mEscrowService — Integration Tests (Real DB)[2m > [22m[2mresolveQuarantine[2m > [22m[2mResolve non-existent entry throws
[22m[39mprisma:query 
        SELECT tablename FROM pg_tables WHERE schemaname='public' AND tablename != '_prisma_migrations';
      

[90mstdout[2m | test/integration/escrow-flow.test.ts[2m > [22m[2mEscrowService — Integration Tests (Real DB)[2m > [22m[2mresolveQuarantine[2m > [22m[2mResolve non-existent entry throws
[22m[39mprisma:query TRUNCATE TABLE "ServiceSmartConfig", "StaffPermission", "SmartSnapshot", "LedgerEntry", "Payment", "SmartCampaign", "LoginLog", "AnalyticsEvent", "PromoCodeUsage", "AuthToken", "SupportTemplate", "User", "AdminAuditLog", "FeatureFlag", "MessageAttachment", "Order", "Refill", "TicketMessage", "SecurityEvent", "Ticket", "ServiceRoute", "Service", "SystemSetting", "SmartDetectedUser", "SmartChannelMetric", "PromoCode", "SystemSettings", "UrlPattern", "RateLimit", "Provider", "Article", "B2bConfig", "SmartExecution", "Commission", "ContentItem", "Network", "Page", "Invoice", "RoutingAuditLog", "ContentCategory", "StaffRole", "Category", "AuditLog", "SmartTask", "Session" RESTART IDENTITY CASCADE;

[90mstdout[2m | test/integration/escrow-flow.test.ts[2m > [22m[2mEscrowService — Integration Tests (Real DB)[2m > [22m[2mresolveQuarantine[2m > [22m[2mResolve non-existent entry throws
[22m[39mprisma:query INSERT INTO "teamwork_reviewer_flow"."SystemSettings" ("id","isTestMode","taxRate","usnScheme","opexMonthly","maintenanceMode","siteName","siteDescription","welcomeMessage","quarantineThreshold","globalMarkup","safetyFloor","exchangeRateUSD","emailProvider","smtpPort","updatedAt") VALUES ($1,$2,$3,CAST($4::text AS "teamwork_reviewer_flow"."UsnScheme"),$5,$6,$7,$8,$9,$10,$11,$12,$13,$14,$15,$16) ON CONFLICT ("id") DO UPDATE SET "taxRate" = $17, "opexMonthly" = $18, "maintenanceMode" = $19, "isTestMode" = $20, "siteName" = $21, "siteDescription" = $22, "exchangeRateUSD" = $23, "updatedAt" = $24 WHERE ("teamwork_reviewer_flow"."SystemSettings"."id" = $25 AND 1=1) RETURNING "teamwork_reviewer_flow"."SystemSettings"."id", "teamwork_reviewer_flow"."SystemSettings"."isTestMode", "teamwork_reviewer_flow"."SystemSettings"."taxRate", "teamwork_reviewer_flow"."SystemSettings"."usnScheme"::text, "teamwork_reviewer_flow"."SystemSettings"."opexMonthly", "teamwork_reviewer_flow"."SystemSettings"."maintenanceMode", "teamwork_reviewer_flow"."SystemSettings"."siteName", "teamwork_reviewer_flow"."SystemSettings"."siteDescription", "teamwork_reviewer_flow"."SystemSettings"."welcomeMessage", "teamwork_reviewer_flow"."SystemSettings"."yookassaShopId", "teamwork_reviewer_flow"."SystemSettings"."yookassaSecretKey", "teamwork_reviewer_flow"."SystemSettings"."yookassaTestShopId", "teamwork_reviewer_flow"."SystemSettings"."yookassaTestSecretKey", "teamwork_reviewer_flow"."SystemSettings"."cryptoBotToken", "teamwork_reviewer_flow"."SystemSettings"."quarantineThreshold", "teamwork_reviewer_flow"."SystemSettings"."globalMarkup", "teamwork_reviewer_flow"."SystemSettings"."safetyFloor", "teamwork_reviewer_flow"."SystemSettings"."exchangeRateUSD", "teamwork_reviewer_flow"."SystemSettings"."exchangeRateUpdatedAt", "teamwork_reviewer_flow"."SystemSettings"."siteLogoUrl", "teamwork_reviewer_flow"."SystemSettings"."siteFaviconUrl", "teamwork_reviewer_flow"."SystemSettings"."emailProvider", "teamwork_reviewer_flow"."SystemSettings"."resendApiKey", "teamwork_reviewer_flow"."SystemSettings"."smtpHost", "teamwork_reviewer_flow"."SystemSettings"."smtpPort", "teamwork_reviewer_flow"."SystemSettings"."smtpUser", "teamwork_reviewer_flow"."SystemSettings"."smtpPassword", "teamwork_reviewer_flow"."SystemSettings"."supportEmailDomain", "teamwork_reviewer_flow"."SystemSettings"."inboundEmailWebhookSecret", "teamwork_reviewer_flow"."SystemSettings"."robokassaLogin", "teamwork_reviewer_flow"."SystemSettings"."robokassaPassword", "teamwork_reviewer_flow"."SystemSettings"."updatedAt", "teamwork_reviewer_flow"."SystemSettings"."contactSupportEmail", "teamwork_reviewer_flow"."SystemSettings"."contactPrivacyEmail", "teamwork_reviewer_flow"."SystemSettings"."contactTelegramBot", "teamwork_reviewer_flow"."SystemSettings"."contactTelegramChannel", "teamwork_reviewer_flow"."SystemSettings"."contactWhatsApp", "teamwork_reviewer_flow"."SystemSettings"."contactVk", "teamwork_reviewer_flow"."SystemSettings"."legalCompanyName", "teamwork_reviewer_flow"."SystemSettings"."legalCompanyInn", "teamwork_reviewer_flow"."SystemSettings"."legalCompanyOgrnip", "teamwork_reviewer_flow"."SystemSettings"."legalCompanyAddress"

[90mstdout[2m | test/integration/escrow-flow.test.ts[2m > [22m[2mEscrowService — Integration Tests (Real DB)[2m > [22m[2mresolveQuarantine[2m > [22m[2mResolve non-existent entry throws
[22m[39mprisma:query INSERT INTO "teamwork_reviewer_flow"."User" ("id","email","role","balance","quarantineBalance","totalSpent","personalDiscount","supportLimitCents","supportSpentTodayCents","supportLastResetAt","referralBalance","isKycVerified","isEmailVerified","isActive","isDeleted","createdAt","updatedAt") VALUES ($1,$2,$3,$4,$5,$6,$7,$8,$9,$10,$11,$12,$13,$14,$15,$16,$17) RETURNING "teamwork_reviewer_flow"."User"."id", "teamwork_reviewer_flow"."User"."email", "teamwork_reviewer_flow"."User"."passwordHash", "teamwork_reviewer_flow"."User"."role", "teamwork_reviewer_flow"."User"."balance", "teamwork_reviewer_flow"."User"."quarantineBalance", "teamwork_reviewer_flow"."User"."totalSpent", "teamwork_reviewer_flow"."User"."personalDiscount", "teamwork_reviewer_flow"."User"."discountEndsAt", "teamwork_reviewer_flow"."User"."supportLimitCents", "teamwork_reviewer_flow"."User"."supportSpentTodayCents", "teamwork_reviewer_flow"."User"."supportLastResetAt", "teamwork_reviewer_flow"."User"."apiKeyHash", "teamwork_reviewer_flow"."User"."referralCode", "teamwork_reviewer_flow"."User"."referredById", "teamwork_reviewer_flow"."User"."referralBalance", "teamwork_reviewer_flow"."User"."telegramId", "teamwork_reviewer_flow"."User"."phoneHash", "teamwork_reviewer_flow"."User"."isKycVerified", "teamwork_reviewer_flow"."User"."isEmailVerified", "teamwork_reviewer_flow"."User"."isActive", "teamwork_reviewer_flow"."User"."isDeleted", "teamwork_reviewer_flow"."User"."adminNote", "teamwork_reviewer_flow"."User"."adminNoteUpdatedAt", "teamwork_reviewer_flow"."User"."adminNoteUpdatedBy", "teamwork_reviewer_flow"."User"."createdAt", "teamwork_reviewer_flow"."User"."updatedAt", "teamwork_reviewer_flow"."User"."companyName", "teamwork_reviewer_flow"."User"."inn", "teamwork_reviewer_flow"."User"."kpp", "teamwork_reviewer_flow"."User"."legalAddress", "teamwork_reviewer_flow"."User"."staffRoleId"

[90mstdout[2m | test/integration/escrow-flow.test.ts[2m > [22m[2mEscrowService — Integration Tests (Real DB)[2m > [22m[2mresolveQuarantine[2m > [22m[2mResolve non-existent entry throws
[22m[39mprisma:query INSERT INTO "teamwork_reviewer_flow"."User" ("id","email","role","balance","quarantineBalance","totalSpent","personalDiscount","supportLimitCents","supportSpentTodayCents","supportLastResetAt","referralBalance","isKycVerified","isEmailVerified","isActive","isDeleted","createdAt","updatedAt") VALUES ($1,$2,$3,$4,$5,$6,$7,$8,$9,$10,$11,$12,$13,$14,$15,$16,$17) RETURNING "teamwork_reviewer_flow"."User"."id", "teamwork_reviewer_flow"."User"."email", "teamwork_reviewer_flow"."User"."passwordHash", "teamwork_reviewer_flow"."User"."role", "teamwork_reviewer_flow"."User"."balance", "teamwork_reviewer_flow"."User"."quarantineBalance", "teamwork_reviewer_flow"."User"."totalSpent", "teamwork_reviewer_flow"."User"."personalDiscount", "teamwork_reviewer_flow"."User"."discountEndsAt", "teamwork_reviewer_flow"."User"."supportLimitCents", "teamwork_reviewer_flow"."User"."supportSpentTodayCents", "teamwork_reviewer_flow"."User"."supportLastResetAt", "teamwork_reviewer_flow"."User"."apiKeyHash", "teamwork_reviewer_flow"."User"."referralCode", "teamwork_reviewer_flow"."User"."referredById", "teamwork_reviewer_flow"."User"."referralBalance", "teamwork_reviewer_flow"."User"."telegramId", "teamwork_reviewer_flow"."User"."phoneHash", "teamwork_reviewer_flow"."User"."isKycVerified", "teamwork_reviewer_flow"."User"."isEmailVerified", "teamwork_reviewer_flow"."User"."isActive", "teamwork_reviewer_flow"."User"."isDeleted", "teamwork_reviewer_flow"."User"."adminNote", "teamwork_reviewer_flow"."User"."adminNoteUpdatedAt", "teamwork_reviewer_flow"."User"."adminNoteUpdatedBy", "teamwork_reviewer_flow"."User"."createdAt", "teamwork_reviewer_flow"."User"."updatedAt", "teamwork_reviewer_flow"."User"."companyName", "teamwork_reviewer_flow"."User"."inn", "teamwork_reviewer_flow"."User"."kpp", "teamwork_reviewer_flow"."User"."legalAddress", "teamwork_reviewer_flow"."User"."staffRoleId"

[90mstdout[2m | test/integration/escrow-flow.test.ts[2m > [22m[2mEscrowService — Integration Tests (Real DB)[2m > [22m[2mresolveQuarantine[2m > [22m[2mResolve non-existent entry throws
[22m[39mprisma:query BEGIN

[90mstdout[2m | test/integration/escrow-flow.test.ts[2m > [22m[2mEscrowService — Integration Tests (Real DB)[2m > [22m[2mresolveQuarantine[2m > [22m[2mResolve non-existent entry throws
[22m[39mprisma:query SET TRANSACTION ISOLATION LEVEL SERIALIZABLE

[90mstdout[2m | test/integration/escrow-flow.test.ts[2m > [22m[2mEscrowService — Integration Tests (Real DB)[2m > [22m[2mresolveQuarantine[2m > [22m[2mResolve non-existent entry throws
[22m[39mprisma:query SELECT SUM("amount") FROM (SELECT "teamwork_reviewer_flow"."LedgerEntry"."amount" FROM "teamwork_reviewer_flow"."LedgerEntry" WHERE ("teamwork_reviewer_flow"."LedgerEntry"."adminId" = $1 AND "teamwork_reviewer_flow"."LedgerEntry"."createdAt" >= $2 AND "teamwork_reviewer_flow"."LedgerEntry"."amount" > $3) OFFSET $4) AS "sub"

[90mstdout[2m | test/integration/escrow-flow.test.ts[2m > [22m[2mEscrowService — Integration Tests (Real DB)[2m > [22m[2mresolveQuarantine[2m > [22m[2mResolve non-existent entry throws
[22m[39mprisma:query SELECT "teamwork_reviewer_flow"."User"."id", "teamwork_reviewer_flow"."User"."email", "teamwork_reviewer_flow"."User"."passwordHash", "teamwork_reviewer_flow"."User"."role", "teamwork_reviewer_flow"."User"."balance", "teamwork_reviewer_flow"."User"."quarantineBalance", "teamwork_reviewer_flow"."User"."totalSpent", "teamwork_reviewer_flow"."User"."personalDiscount", "teamwork_reviewer_flow"."User"."discountEndsAt", "teamwork_reviewer_flow"."User"."supportLimitCents", "teamwork_reviewer_flow"."User"."supportSpentTodayCents", "teamwork_reviewer_flow"."User"."supportLastResetAt", "teamwork_reviewer_flow"."User"."apiKeyHash", "teamwork_reviewer_flow"."User"."referralCode", "teamwork_reviewer_flow"."User"."referredById", "teamwork_reviewer_flow"."User"."referralBalance", "teamwork_reviewer_flow"."User"."telegramId", "teamwork_reviewer_flow"."User"."phoneHash", "teamwork_reviewer_flow"."User"."isKycVerified", "teamwork_reviewer_flow"."User"."isEmailVerified", "teamwork_reviewer_flow"."User"."isActive", "teamwork_reviewer_flow"."User"."isDeleted", "teamwork_reviewer_flow"."User"."adminNote", "teamwork_reviewer_flow"."User"."adminNoteUpdatedAt", "teamwork_reviewer_flow"."User"."adminNoteUpdatedBy", "teamwork_reviewer_flow"."User"."createdAt", "teamwork_reviewer_flow"."User"."updatedAt", "teamwork_reviewer_flow"."User"."companyName", "teamwork_reviewer_flow"."User"."inn", "teamwork_reviewer_flow"."User"."kpp", "teamwork_reviewer_flow"."User"."legalAddress", "teamwork_reviewer_flow"."User"."staffRoleId" FROM "teamwork_reviewer_flow"."User" WHERE ("teamwork_reviewer_flow"."User"."id" = $1 AND 1=1) LIMIT $2 OFFSET $3

[90mstdout[2m | test/integration/escrow-flow.test.ts[2m > [22m[2mEscrowService — Integration Tests (Real DB)[2m > [22m[2mresolveQuarantine[2m > [22m[2mResolve non-existent entry throws
[22m[39mprisma:query UPDATE "teamwork_reviewer_flow"."User" SET "quarantineBalance" = ("teamwork_reviewer_flow"."User"."quarantineBalance" + $1), "updatedAt" = $2 WHERE ("teamwork_reviewer_flow"."User"."id" = $3 AND 1=1) RETURNING "teamwork_reviewer_flow"."User"."id", "teamwork_reviewer_flow"."User"."email", "teamwork_reviewer_flow"."User"."passwordHash", "teamwork_reviewer_flow"."User"."role", "teamwork_reviewer_flow"."User"."balance", "teamwork_reviewer_flow"."User"."quarantineBalance", "teamwork_reviewer_flow"."User"."totalSpent", "teamwork_reviewer_flow"."User"."personalDiscount", "teamwork_reviewer_flow"."User"."discountEndsAt", "teamwork_reviewer_flow"."User"."supportLimitCents", "teamwork_reviewer_flow"."User"."supportSpentTodayCents", "teamwork_reviewer_flow"."User"."supportLastResetAt", "teamwork_reviewer_flow"."User"."apiKeyHash", "teamwork_reviewer_flow"."User"."referralCode", "teamwork_reviewer_flow"."User"."referredById", "teamwork_reviewer_flow"."User"."referralBalance", "teamwork_reviewer_flow"."User"."telegramId", "teamwork_reviewer_flow"."User"."phoneHash", "teamwork_reviewer_flow"."User"."isKycVerified", "teamwork_reviewer_flow"."User"."isEmailVerified", "teamwork_reviewer_flow"."User"."isActive", "teamwork_reviewer_flow"."User"."isDeleted", "teamwork_reviewer_flow"."User"."adminNote", "teamwork_reviewer_flow"."User"."adminNoteUpdatedAt", "teamwork_reviewer_flow"."User"."adminNoteUpdatedBy", "teamwork_reviewer_flow"."User"."createdAt", "teamwork_reviewer_flow"."User"."updatedAt", "teamwork_reviewer_flow"."User"."companyName", "teamwork_reviewer_flow"."User"."inn", "teamwork_reviewer_flow"."User"."kpp", "teamwork_reviewer_flow"."User"."legalAddress", "teamwork_reviewer_flow"."User"."staffRoleId"

[90mstdout[2m | test/integration/escrow-flow.test.ts[2m > [22m[2mEscrowService — Integration Tests (Real DB)[2m > [22m[2mresolveQuarantine[2m > [22m[2mResolve non-existent entry throws
[22m[39mprisma:query INSERT INTO "teamwork_reviewer_flow"."LedgerEntry" ("id","userId","adminId","amount","reason","status","transactionType","createdAt","updatedAt") VALUES ($1,$2,$3,$4,$5,$6,$7,$8,$9) RETURNING "teamwork_reviewer_flow"."LedgerEntry"."id", "teamwork_reviewer_flow"."LedgerEntry"."userId", "teamwork_reviewer_flow"."LedgerEntry"."adminId", "teamwork_reviewer_flow"."LedgerEntry"."amount", "teamwork_reviewer_flow"."LedgerEntry"."reason", "teamwork_reviewer_flow"."LedgerEntry"."status", "teamwork_reviewer_flow"."LedgerEntry"."idempotencyKey", "teamwork_reviewer_flow"."LedgerEntry"."transactionType", "teamwork_reviewer_flow"."LedgerEntry"."createdAt", "teamwork_reviewer_flow"."LedgerEntry"."updatedAt"

[90mstdout[2m | test/integration/escrow-flow.test.ts[2m > [22m[2mEscrowService — Integration Tests (Real DB)[2m > [22m[2mresolveQuarantine[2m > [22m[2mResolve non-existent entry throws
[22m[39mprisma:query COMMIT

[90mstdout[2m | test/integration/escrow-flow.test.ts[2m > [22m[2mEscrowService — Integration Tests (Real DB)[2m > [22m[2mresolveQuarantine[2m > [22m[2mResolve non-existent entry throws
[22m[39mprisma:query SELECT "teamwork_reviewer_flow"."LedgerEntry"."id", "teamwork_reviewer_flow"."LedgerEntry"."userId", "teamwork_reviewer_flow"."LedgerEntry"."adminId", "teamwork_reviewer_flow"."LedgerEntry"."amount", "teamwork_reviewer_flow"."LedgerEntry"."reason", "teamwork_reviewer_flow"."LedgerEntry"."status", "teamwork_reviewer_flow"."LedgerEntry"."idempotencyKey", "teamwork_reviewer_flow"."LedgerEntry"."transactionType", "teamwork_reviewer_flow"."LedgerEntry"."createdAt", "teamwork_reviewer_flow"."LedgerEntry"."updatedAt" FROM "teamwork_reviewer_flow"."LedgerEntry" WHERE ("teamwork_reviewer_flow"."LedgerEntry"."userId" = $1 AND "teamwork_reviewer_flow"."LedgerEntry"."status" = $2) LIMIT $3 OFFSET $4

[90mstdout[2m | test/integration/escrow-flow.test.ts[2m > [22m[2mEscrowService — Integration Tests (Real DB)[2m > [22m[2mresolveQuarantine[2m > [22m[2mResolve non-existent entry throws
[22m[39mprisma:query BEGIN

[90mstdout[2m | test/integration/escrow-flow.test.ts[2m > [22m[2mEscrowService — Integration Tests (Real DB)[2m > [22m[2mresolveQuarantine[2m > [22m[2mResolve non-existent entry throws
[22m[39mprisma:query UPDATE "teamwork_reviewer_flow"."LedgerEntry" SET "status" = $1, "updatedAt" = $2 WHERE ("teamwork_reviewer_flow"."LedgerEntry"."id" = $3 AND "teamwork_reviewer_flow"."LedgerEntry"."status" = $4)

[90mstdout[2m | test/integration/escrow-flow.test.ts[2m > [22m[2mEscrowService — Integration Tests (Real DB)[2m > [22m[2mresolveQuarantine[2m > [22m[2mResolve non-existent entry throws
[22m[39mprisma:query ROLLBACK

[90mstdout[2m | test/integration/escrow-flow.test.ts[2m > [22m[2mEscrowService — Integration Tests (Real DB)[2m > [22m[2mresolveQuarantine[2m > [22m[2mResolve non-existent entry throws
[22m[39mprisma:query INSERT INTO "teamwork_reviewer_flow"."AdminAuditLog" ("id","adminId","adminEmail","action","target","targetType","oldValue","newValue","ipAddress","createdAt") VALUES ($1,$2,$3,$4,$5,$6,$7,$8,$9,$10) RETURNING "teamwork_reviewer_flow"."AdminAuditLog"."id", "teamwork_reviewer_flow"."AdminAuditLog"."adminId", "teamwork_reviewer_flow"."AdminAuditLog"."adminEmail", "teamwork_reviewer_flow"."AdminAuditLog"."action", "teamwork_reviewer_flow"."AdminAuditLog"."target", "teamwork_reviewer_flow"."AdminAuditLog"."targetType", "teamwork_reviewer_flow"."AdminAuditLog"."oldValue", "teamwork_reviewer_flow"."AdminAuditLog"."newValue", "teamwork_reviewer_flow"."AdminAuditLog"."ipAddress", "teamwork_reviewer_flow"."AdminAuditLog"."createdAt"

[90mstdout[2m | test/integration/escrow-flow.test.ts[2m > [22m[2mEscrowService — Integration Tests (Real DB)[2m > [22m[2mNotifications[2m > [22m[2mQUARANTINE triggers CRITICAL Telegram alert
[22m[39mprisma:query 
        SELECT tablename FROM pg_tables WHERE schemaname='public' AND tablename != '_prisma_migrations';
      

[90mstdout[2m | test/integration/escrow-flow.test.ts[2m > [22m[2mEscrowService — Integration Tests (Real DB)[2m > [22m[2mNotifications[2m > [22m[2mQUARANTINE triggers CRITICAL Telegram alert
[22m[39mprisma:query TRUNCATE TABLE "ServiceSmartConfig", "StaffPermission", "SmartSnapshot", "LedgerEntry", "Payment", "SmartCampaign", "LoginLog", "AnalyticsEvent", "PromoCodeUsage", "AuthToken", "SupportTemplate", "User", "AdminAuditLog", "FeatureFlag", "MessageAttachment", "Order", "Refill", "TicketMessage", "SecurityEvent", "Ticket", "ServiceRoute", "Service", "SystemSetting", "SmartDetectedUser", "SmartChannelMetric", "PromoCode", "SystemSettings", "UrlPattern", "RateLimit", "Provider", "Article", "B2bConfig", "SmartExecution", "Commission", "ContentItem", "Network", "Page", "Invoice", "RoutingAuditLog", "ContentCategory", "StaffRole", "Category", "AuditLog", "SmartTask", "Session" RESTART IDENTITY CASCADE;

[90mstdout[2m | test/integration/escrow-flow.test.ts[2m > [22m[2mEscrowService — Integration Tests (Real DB)[2m > [22m[2mNotifications[2m > [22m[2mQUARANTINE triggers CRITICAL Telegram alert
[22m[39mprisma:query INSERT INTO "teamwork_reviewer_flow"."SystemSettings" ("id","isTestMode","taxRate","usnScheme","opexMonthly","maintenanceMode","siteName","siteDescription","welcomeMessage","quarantineThreshold","globalMarkup","safetyFloor","exchangeRateUSD","emailProvider","smtpPort","updatedAt") VALUES ($1,$2,$3,CAST($4::text AS "teamwork_reviewer_flow"."UsnScheme"),$5,$6,$7,$8,$9,$10,$11,$12,$13,$14,$15,$16) ON CONFLICT ("id") DO UPDATE SET "taxRate" = $17, "opexMonthly" = $18, "maintenanceMode" = $19, "isTestMode" = $20, "siteName" = $21, "siteDescription" = $22, "exchangeRateUSD" = $23, "updatedAt" = $24 WHERE ("teamwork_reviewer_flow"."SystemSettings"."id" = $25 AND 1=1) RETURNING "teamwork_reviewer_flow"."SystemSettings"."id", "teamwork_reviewer_flow"."SystemSettings"."isTestMode", "teamwork_reviewer_flow"."SystemSettings"."taxRate", "teamwork_reviewer_flow"."SystemSettings"."usnScheme"::text, "teamwork_reviewer_flow"."SystemSettings"."opexMonthly", "teamwork_reviewer_flow"."SystemSettings"."maintenanceMode", "teamwork_reviewer_flow"."SystemSettings"."siteName", "teamwork_reviewer_flow"."SystemSettings"."siteDescription", "teamwork_reviewer_flow"."SystemSettings"."welcomeMessage", "teamwork_reviewer_flow"."SystemSettings"."yookassaShopId", "teamwork_reviewer_flow"."SystemSettings"."yookassaSecretKey", "teamwork_reviewer_flow"."SystemSettings"."yookassaTestShopId", "teamwork_reviewer_flow"."SystemSettings"."yookassaTestSecretKey", "teamwork_reviewer_flow"."SystemSettings"."cryptoBotToken", "teamwork_reviewer_flow"."SystemSettings"."quarantineThreshold", "teamwork_reviewer_flow"."SystemSettings"."globalMarkup", "teamwork_reviewer_flow"."SystemSettings"."safetyFloor", "teamwork_reviewer_flow"."SystemSettings"."exchangeRateUSD", "teamwork_reviewer_flow"."SystemSettings"."exchangeRateUpdatedAt", "teamwork_reviewer_flow"."SystemSettings"."siteLogoUrl", "teamwork_reviewer_flow"."SystemSettings"."siteFaviconUrl", "teamwork_reviewer_flow"."SystemSettings"."emailProvider", "teamwork_reviewer_flow"."SystemSettings"."resendApiKey", "teamwork_reviewer_flow"."SystemSettings"."smtpHost", "teamwork_reviewer_flow"."SystemSettings"."smtpPort", "teamwork_reviewer_flow"."SystemSettings"."smtpUser", "teamwork_reviewer_flow"."SystemSettings"."smtpPassword", "teamwork_reviewer_flow"."SystemSettings"."supportEmailDomain", "teamwork_reviewer_flow"."SystemSettings"."inboundEmailWebhookSecret", "teamwork_reviewer_flow"."SystemSettings"."robokassaLogin", "teamwork_reviewer_flow"."SystemSettings"."robokassaPassword", "teamwork_reviewer_flow"."SystemSettings"."updatedAt", "teamwork_reviewer_flow"."SystemSettings"."contactSupportEmail", "teamwork_reviewer_flow"."SystemSettings"."contactPrivacyEmail", "teamwork_reviewer_flow"."SystemSettings"."contactTelegramBot", "teamwork_reviewer_flow"."SystemSettings"."contactTelegramChannel", "teamwork_reviewer_flow"."SystemSettings"."contactWhatsApp", "teamwork_reviewer_flow"."SystemSettings"."contactVk", "teamwork_reviewer_flow"."SystemSettings"."legalCompanyName", "teamwork_reviewer_flow"."SystemSettings"."legalCompanyInn", "teamwork_reviewer_flow"."SystemSettings"."legalCompanyOgrnip", "teamwork_reviewer_flow"."SystemSettings"."legalCompanyAddress"

[90mstdout[2m | test/integration/escrow-flow.test.ts[2m > [22m[2mEscrowService — Integration Tests (Real DB)[2m > [22m[2mNotifications[2m > [22m[2mQUARANTINE triggers CRITICAL Telegram alert
[22m[39mprisma:query INSERT INTO "teamwork_reviewer_flow"."User" ("id","email","role","balance","quarantineBalance","totalSpent","personalDiscount","supportLimitCents","supportSpentTodayCents","supportLastResetAt","referralBalance","isKycVerified","isEmailVerified","isActive","isDeleted","createdAt","updatedAt") VALUES ($1,$2,$3,$4,$5,$6,$7,$8,$9,$10,$11,$12,$13,$14,$15,$16,$17) RETURNING "teamwork_reviewer_flow"."User"."id", "teamwork_reviewer_flow"."User"."email", "teamwork_reviewer_flow"."User"."passwordHash", "teamwork_reviewer_flow"."User"."role", "teamwork_reviewer_flow"."User"."balance", "teamwork_reviewer_flow"."User"."quarantineBalance", "teamwork_reviewer_flow"."User"."totalSpent", "teamwork_reviewer_flow"."User"."personalDiscount", "teamwork_reviewer_flow"."User"."discountEndsAt", "teamwork_reviewer_flow"."User"."supportLimitCents", "teamwork_reviewer_flow"."User"."supportSpentTodayCents", "teamwork_reviewer_flow"."User"."supportLastResetAt", "teamwork_reviewer_flow"."User"."apiKeyHash", "teamwork_reviewer_flow"."User"."referralCode", "teamwork_reviewer_flow"."User"."referredById", "teamwork_reviewer_flow"."User"."referralBalance", "teamwork_reviewer_flow"."User"."telegramId", "teamwork_reviewer_flow"."User"."phoneHash", "teamwork_reviewer_flow"."User"."isKycVerified", "teamwork_reviewer_flow"."User"."isEmailVerified", "teamwork_reviewer_flow"."User"."isActive", "teamwork_reviewer_flow"."User"."isDeleted", "teamwork_reviewer_flow"."User"."adminNote", "teamwork_reviewer_flow"."User"."adminNoteUpdatedAt", "teamwork_reviewer_flow"."User"."adminNoteUpdatedBy", "teamwork_reviewer_flow"."User"."createdAt", "teamwork_reviewer_flow"."User"."updatedAt", "teamwork_reviewer_flow"."User"."companyName", "teamwork_reviewer_flow"."User"."inn", "teamwork_reviewer_flow"."User"."kpp", "teamwork_reviewer_flow"."User"."legalAddress", "teamwork_reviewer_flow"."User"."staffRoleId"

[90mstdout[2m | test/integration/escrow-flow.test.ts[2m > [22m[2mEscrowService — Integration Tests (Real DB)[2m > [22m[2mNotifications[2m > [22m[2mQUARANTINE triggers CRITICAL Telegram alert
[22m[39mprisma:query INSERT INTO "teamwork_reviewer_flow"."User" ("id","email","role","balance","quarantineBalance","totalSpent","personalDiscount","supportLimitCents","supportSpentTodayCents","supportLastResetAt","referralBalance","isKycVerified","isEmailVerified","isActive","isDeleted","createdAt","updatedAt") VALUES ($1,$2,$3,$4,$5,$6,$7,$8,$9,$10,$11,$12,$13,$14,$15,$16,$17) RETURNING "teamwork_reviewer_flow"."User"."id", "teamwork_reviewer_flow"."User"."email", "teamwork_reviewer_flow"."User"."passwordHash", "teamwork_reviewer_flow"."User"."role", "teamwork_reviewer_flow"."User"."balance", "teamwork_reviewer_flow"."User"."quarantineBalance", "teamwork_reviewer_flow"."User"."totalSpent", "teamwork_reviewer_flow"."User"."personalDiscount", "teamwork_reviewer_flow"."User"."discountEndsAt", "teamwork_reviewer_flow"."User"."supportLimitCents", "teamwork_reviewer_flow"."User"."supportSpentTodayCents", "teamwork_reviewer_flow"."User"."supportLastResetAt", "teamwork_reviewer_flow"."User"."apiKeyHash", "teamwork_reviewer_flow"."User"."referralCode", "teamwork_reviewer_flow"."User"."referredById", "teamwork_reviewer_flow"."User"."referralBalance", "teamwork_reviewer_flow"."User"."telegramId", "teamwork_reviewer_flow"."User"."phoneHash", "teamwork_reviewer_flow"."User"."isKycVerified", "teamwork_reviewer_flow"."User"."isEmailVerified", "teamwork_reviewer_flow"."User"."isActive", "teamwork_reviewer_flow"."User"."isDeleted", "teamwork_reviewer_flow"."User"."adminNote", "teamwork_reviewer_flow"."User"."adminNoteUpdatedAt", "teamwork_reviewer_flow"."User"."adminNoteUpdatedBy", "teamwork_reviewer_flow"."User"."createdAt", "teamwork_reviewer_flow"."User"."updatedAt", "teamwork_reviewer_flow"."User"."companyName", "teamwork_reviewer_flow"."User"."inn", "teamwork_reviewer_flow"."User"."kpp", "teamwork_reviewer_flow"."User"."legalAddress", "teamwork_reviewer_flow"."User"."staffRoleId"

[90mstdout[2m | test/integration/escrow-flow.test.ts[2m > [22m[2mEscrowService — Integration Tests (Real DB)[2m > [22m[2mNotifications[2m > [22m[2mQUARANTINE triggers CRITICAL Telegram alert
[22m[39mprisma:query BEGIN

[90mstdout[2m | test/integration/escrow-flow.test.ts[2m > [22m[2mEscrowService — Integration Tests (Real DB)[2m > [22m[2mNotifications[2m > [22m[2mQUARANTINE triggers CRITICAL Telegram alert
[22m[39mprisma:query SET TRANSACTION ISOLATION LEVEL SERIALIZABLE

[90mstdout[2m | test/integration/escrow-flow.test.ts[2m > [22m[2mEscrowService — Integration Tests (Real DB)[2m > [22m[2mNotifications[2m > [22m[2mQUARANTINE triggers CRITICAL Telegram alert
[22m[39mprisma:query SELECT SUM("amount") FROM (SELECT "teamwork_reviewer_flow"."LedgerEntry"."amount" FROM "teamwork_reviewer_flow"."LedgerEntry" WHERE ("teamwork_reviewer_flow"."LedgerEntry"."adminId" = $1 AND "teamwork_reviewer_flow"."LedgerEntry"."createdAt" >= $2 AND "teamwork_reviewer_flow"."LedgerEntry"."amount" > $3) OFFSET $4) AS "sub"

[90mstdout[2m | test/integration/escrow-flow.test.ts[2m > [22m[2mEscrowService — Integration Tests (Real DB)[2m > [22m[2mNotifications[2m > [22m[2mQUARANTINE triggers CRITICAL Telegram alert
[22m[39mprisma:query SELECT "teamwork_reviewer_flow"."User"."id", "teamwork_reviewer_flow"."User"."email", "teamwork_reviewer_flow"."User"."passwordHash", "teamwork_reviewer_flow"."User"."role", "teamwork_reviewer_flow"."User"."balance", "teamwork_reviewer_flow"."User"."quarantineBalance", "teamwork_reviewer_flow"."User"."totalSpent", "teamwork_reviewer_flow"."User"."personalDiscount", "teamwork_reviewer_flow"."User"."discountEndsAt", "teamwork_reviewer_flow"."User"."supportLimitCents", "teamwork_reviewer_flow"."User"."supportSpentTodayCents", "teamwork_reviewer_flow"."User"."supportLastResetAt", "teamwork_reviewer_flow"."User"."apiKeyHash", "teamwork_reviewer_flow"."User"."referralCode", "teamwork_reviewer_flow"."User"."referredById", "teamwork_reviewer_flow"."User"."referralBalance", "teamwork_reviewer_flow"."User"."telegramId", "teamwork_reviewer_flow"."User"."phoneHash", "teamwork_reviewer_flow"."User"."isKycVerified", "teamwork_reviewer_flow"."User"."isEmailVerified", "teamwork_reviewer_flow"."User"."isActive", "teamwork_reviewer_flow"."User"."isDeleted", "teamwork_reviewer_flow"."User"."adminNote", "teamwork_reviewer_flow"."User"."adminNoteUpdatedAt", "teamwork_reviewer_flow"."User"."adminNoteUpdatedBy", "teamwork_reviewer_flow"."User"."createdAt", "teamwork_reviewer_flow"."User"."updatedAt", "teamwork_reviewer_flow"."User"."companyName", "teamwork_reviewer_flow"."User"."inn", "teamwork_reviewer_flow"."User"."kpp", "teamwork_reviewer_flow"."User"."legalAddress", "teamwork_reviewer_flow"."User"."staffRoleId" FROM "teamwork_reviewer_flow"."User" WHERE ("teamwork_reviewer_flow"."User"."id" = $1 AND 1=1) LIMIT $2 OFFSET $3

[90mstdout[2m | test/integration/escrow-flow.test.ts[2m > [22m[2mEscrowService — Integration Tests (Real DB)[2m > [22m[2mNotifications[2m > [22m[2mQUARANTINE triggers CRITICAL Telegram alert
[22m[39mprisma:query UPDATE "teamwork_reviewer_flow"."User" SET "quarantineBalance" = ("teamwork_reviewer_flow"."User"."quarantineBalance" + $1), "updatedAt" = $2 WHERE ("teamwork_reviewer_flow"."User"."id" = $3 AND 1=1) RETURNING "teamwork_reviewer_flow"."User"."id", "teamwork_reviewer_flow"."User"."email", "teamwork_reviewer_flow"."User"."passwordHash", "teamwork_reviewer_flow"."User"."role", "teamwork_reviewer_flow"."User"."balance", "teamwork_reviewer_flow"."User"."quarantineBalance", "teamwork_reviewer_flow"."User"."totalSpent", "teamwork_reviewer_flow"."User"."personalDiscount", "teamwork_reviewer_flow"."User"."discountEndsAt", "teamwork_reviewer_flow"."User"."supportLimitCents", "teamwork_reviewer_flow"."User"."supportSpentTodayCents", "teamwork_reviewer_flow"."User"."supportLastResetAt", "teamwork_reviewer_flow"."User"."apiKeyHash", "teamwork_reviewer_flow"."User"."referralCode", "teamwork_reviewer_flow"."User"."referredById", "teamwork_reviewer_flow"."User"."referralBalance", "teamwork_reviewer_flow"."User"."telegramId", "teamwork_reviewer_flow"."User"."phoneHash", "teamwork_reviewer_flow"."User"."isKycVerified", "teamwork_reviewer_flow"."User"."isEmailVerified", "teamwork_reviewer_flow"."User"."isActive", "teamwork_reviewer_flow"."User"."isDeleted", "teamwork_reviewer_flow"."User"."adminNote", "teamwork_reviewer_flow"."User"."adminNoteUpdatedAt", "teamwork_reviewer_flow"."User"."adminNoteUpdatedBy", "teamwork_reviewer_flow"."User"."createdAt", "teamwork_reviewer_flow"."User"."updatedAt", "teamwork_reviewer_flow"."User"."companyName", "teamwork_reviewer_flow"."User"."inn", "teamwork_reviewer_flow"."User"."kpp", "teamwork_reviewer_flow"."User"."legalAddress", "teamwork_reviewer_flow"."User"."staffRoleId"

[90mstdout[2m | test/integration/escrow-flow.test.ts[2m > [22m[2mEscrowService — Integration Tests (Real DB)[2m > [22m[2mNotifications[2m > [22m[2mQUARANTINE triggers CRITICAL Telegram alert
[22m[39mprisma:query INSERT INTO "teamwork_reviewer_flow"."LedgerEntry" ("id","userId","adminId","amount","reason","status","transactionType","createdAt","updatedAt") VALUES ($1,$2,$3,$4,$5,$6,$7,$8,$9) RETURNING "teamwork_reviewer_flow"."LedgerEntry"."id", "teamwork_reviewer_flow"."LedgerEntry"."userId", "teamwork_reviewer_flow"."LedgerEntry"."adminId", "teamwork_reviewer_flow"."LedgerEntry"."amount", "teamwork_reviewer_flow"."LedgerEntry"."reason", "teamwork_reviewer_flow"."LedgerEntry"."status", "teamwork_reviewer_flow"."LedgerEntry"."idempotencyKey", "teamwork_reviewer_flow"."LedgerEntry"."transactionType", "teamwork_reviewer_flow"."LedgerEntry"."createdAt", "teamwork_reviewer_flow"."LedgerEntry"."updatedAt"

[90mstdout[2m | test/integration/escrow-flow.test.ts[2m > [22m[2mEscrowService — Integration Tests (Real DB)[2m > [22m[2mNotifications[2m > [22m[2mQUARANTINE triggers CRITICAL Telegram alert
[22m[39mprisma:query COMMIT

[90mstdout[2m | test/integration/escrow-flow.test.ts[2m > [22m[2mEscrowService — Integration Tests (Real DB)[2m > [22m[2mNotifications[2m > [22m[2mQUARANTINE triggers CRITICAL Telegram alert
[22m[39mprisma:query INSERT INTO "teamwork_reviewer_flow"."AdminAuditLog" ("id","adminId","adminEmail","action","target","targetType","oldValue","newValue","ipAddress","createdAt") VALUES ($1,$2,$3,$4,$5,$6,$7,$8,$9,$10) RETURNING "teamwork_reviewer_flow"."AdminAuditLog"."id", "teamwork_reviewer_flow"."AdminAuditLog"."adminId", "teamwork_reviewer_flow"."AdminAuditLog"."adminEmail", "teamwork_reviewer_flow"."AdminAuditLog"."action", "teamwork_reviewer_flow"."AdminAuditLog"."target", "teamwork_reviewer_flow"."AdminAuditLog"."targetType", "teamwork_reviewer_flow"."AdminAuditLog"."oldValue", "teamwork_reviewer_flow"."AdminAuditLog"."newValue", "teamwork_reviewer_flow"."AdminAuditLog"."ipAddress", "teamwork_reviewer_flow"."AdminAuditLog"."createdAt"

[90mstdout[2m | test/integration/escrow-flow.test.ts[2m > [22m[2mEscrowService — Integration Tests (Real DB)[2m > [22m[2mNotifications[2m > [22m[2mAPPROVED within limit does NOT trigger alert
[22m[39mprisma:query 
        SELECT tablename FROM pg_tables WHERE schemaname='public' AND tablename != '_prisma_migrations';
      

[90mstdout[2m | test/integration/escrow-flow.test.ts[2m > [22m[2mEscrowService — Integration Tests (Real DB)[2m > [22m[2mNotifications[2m > [22m[2mAPPROVED within limit does NOT trigger alert
[22m[39mprisma:query TRUNCATE TABLE "ServiceSmartConfig", "StaffPermission", "SmartSnapshot", "LedgerEntry", "Payment", "SmartCampaign", "LoginLog", "AnalyticsEvent", "PromoCodeUsage", "AuthToken", "SupportTemplate", "User", "AdminAuditLog", "FeatureFlag", "MessageAttachment", "Order", "Refill", "TicketMessage", "SecurityEvent", "Ticket", "ServiceRoute", "Service", "SystemSetting", "SmartDetectedUser", "SmartChannelMetric", "PromoCode", "SystemSettings", "UrlPattern", "RateLimit", "Provider", "Article", "B2bConfig", "SmartExecution", "Commission", "ContentItem", "Network", "Page", "Invoice", "RoutingAuditLog", "ContentCategory", "StaffRole", "Category", "AuditLog", "SmartTask", "Session" RESTART IDENTITY CASCADE;

[90mstdout[2m | test/integration/escrow-flow.test.ts[2m > [22m[2mEscrowService — Integration Tests (Real DB)[2m > [22m[2mNotifications[2m > [22m[2mAPPROVED within limit does NOT trigger alert
[22m[39mprisma:query SELECT 1

[90mstdout[2m | test/integration/escrow-flow.test.ts[2m > [22m[2mEscrowService — Integration Tests (Real DB)[2m > [22m[2mNotifications[2m > [22m[2mAPPROVED within limit does NOT trigger alert
[22m[39mprisma:query INSERT INTO "teamwork_reviewer_flow"."SystemSettings" ("id","isTestMode","taxRate","usnScheme","opexMonthly","maintenanceMode","siteName","siteDescription","welcomeMessage","quarantineThreshold","globalMarkup","safetyFloor","exchangeRateUSD","emailProvider","smtpPort","updatedAt") VALUES ($1,$2,$3,CAST($4::text AS "teamwork_reviewer_flow"."UsnScheme"),$5,$6,$7,$8,$9,$10,$11,$12,$13,$14,$15,$16) ON CONFLICT ("id") DO UPDATE SET "taxRate" = $17, "opexMonthly" = $18, "maintenanceMode" = $19, "isTestMode" = $20, "siteName" = $21, "siteDescription" = $22, "exchangeRateUSD" = $23, "updatedAt" = $24 WHERE ("teamwork_reviewer_flow"."SystemSettings"."id" = $25 AND 1=1) RETURNING "teamwork_reviewer_flow"."SystemSettings"."id", "teamwork_reviewer_flow"."SystemSettings"."isTestMode", "teamwork_reviewer_flow"."SystemSettings"."taxRate", "teamwork_reviewer_flow"."SystemSettings"."usnScheme"::text, "teamwork_reviewer_flow"."SystemSettings"."opexMonthly", "teamwork_reviewer_flow"."SystemSettings"."maintenanceMode", "teamwork_reviewer_flow"."SystemSettings"."siteName", "teamwork_reviewer_flow"."SystemSettings"."siteDescription", "teamwork_reviewer_flow"."SystemSettings"."welcomeMessage", "teamwork_reviewer_flow"."SystemSettings"."yookassaShopId", "teamwork_reviewer_flow"."SystemSettings"."yookassaSecretKey", "teamwork_reviewer_flow"."SystemSettings"."yookassaTestShopId", "teamwork_reviewer_flow"."SystemSettings"."yookassaTestSecretKey", "teamwork_reviewer_flow"."SystemSettings"."cryptoBotToken", "teamwork_reviewer_flow"."SystemSettings"."quarantineThreshold", "teamwork_reviewer_flow"."SystemSettings"."globalMarkup", "teamwork_reviewer_flow"."SystemSettings"."safetyFloor", "teamwork_reviewer_flow"."SystemSettings"."exchangeRateUSD", "teamwork_reviewer_flow"."SystemSettings"."exchangeRateUpdatedAt", "teamwork_reviewer_flow"."SystemSettings"."siteLogoUrl", "teamwork_reviewer_flow"."SystemSettings"."siteFaviconUrl", "teamwork_reviewer_flow"."SystemSettings"."emailProvider", "teamwork_reviewer_flow"."SystemSettings"."resendApiKey", "teamwork_reviewer_flow"."SystemSettings"."smtpHost", "teamwork_reviewer_flow"."SystemSettings"."smtpPort", "teamwork_reviewer_flow"."SystemSettings"."smtpUser", "teamwork_reviewer_flow"."SystemSettings"."smtpPassword", "teamwork_reviewer_flow"."SystemSettings"."supportEmailDomain", "teamwork_reviewer_flow"."SystemSettings"."inboundEmailWebhookSecret", "teamwork_reviewer_flow"."SystemSettings"."robokassaLogin", "teamwork_reviewer_flow"."SystemSettings"."robokassaPassword", "teamwork_reviewer_flow"."SystemSettings"."updatedAt", "teamwork_reviewer_flow"."SystemSettings"."contactSupportEmail", "teamwork_reviewer_flow"."SystemSettings"."contactPrivacyEmail", "teamwork_reviewer_flow"."SystemSettings"."contactTelegramBot", "teamwork_reviewer_flow"."SystemSettings"."contactTelegramChannel", "teamwork_reviewer_flow"."SystemSettings"."contactWhatsApp", "teamwork_reviewer_flow"."SystemSettings"."contactVk", "teamwork_reviewer_flow"."SystemSettings"."legalCompanyName", "teamwork_reviewer_flow"."SystemSettings"."legalCompanyInn", "teamwork_reviewer_flow"."SystemSettings"."legalCompanyOgrnip", "teamwork_reviewer_flow"."SystemSettings"."legalCompanyAddress"

[90mstdout[2m | test/integration/escrow-flow.test.ts[2m > [22m[2mEscrowService — Integration Tests (Real DB)[2m > [22m[2mNotifications[2m > [22m[2mAPPROVED within limit does NOT trigger alert
[22m[39mprisma:query INSERT INTO "teamwork_reviewer_flow"."User" ("id","email","role","balance","quarantineBalance","totalSpent","personalDiscount","supportLimitCents","supportSpentTodayCents","supportLastResetAt","referralBalance","isKycVerified","isEmailVerified","isActive","isDeleted","createdAt","updatedAt") VALUES ($1,$2,$3,$4,$5,$6,$7,$8,$9,$10,$11,$12,$13,$14,$15,$16,$17) RETURNING "teamwork_reviewer_flow"."User"."id", "teamwork_reviewer_flow"."User"."email", "teamwork_reviewer_flow"."User"."passwordHash", "teamwork_reviewer_flow"."User"."role", "teamwork_reviewer_flow"."User"."balance", "teamwork_reviewer_flow"."User"."quarantineBalance", "teamwork_reviewer_flow"."User"."totalSpent", "teamwork_reviewer_flow"."User"."personalDiscount", "teamwork_reviewer_flow"."User"."discountEndsAt", "teamwork_reviewer_flow"."User"."supportLimitCents", "teamwork_reviewer_flow"."User"."supportSpentTodayCents", "teamwork_reviewer_flow"."User"."supportLastResetAt", "teamwork_reviewer_flow"."User"."apiKeyHash", "teamwork_reviewer_flow"."User"."referralCode", "teamwork_reviewer_flow"."User"."referredById", "teamwork_reviewer_flow"."User"."referralBalance", "teamwork_reviewer_flow"."User"."telegramId", "teamwork_reviewer_flow"."User"."phoneHash", "teamwork_reviewer_flow"."User"."isKycVerified", "teamwork_reviewer_flow"."User"."isEmailVerified", "teamwork_reviewer_flow"."User"."isActive", "teamwork_reviewer_flow"."User"."isDeleted", "teamwork_reviewer_flow"."User"."adminNote", "teamwork_reviewer_flow"."User"."adminNoteUpdatedAt", "teamwork_reviewer_flow"."User"."adminNoteUpdatedBy", "teamwork_reviewer_flow"."User"."createdAt", "teamwork_reviewer_flow"."User"."updatedAt", "teamwork_reviewer_flow"."User"."companyName", "teamwork_reviewer_flow"."User"."inn", "teamwork_reviewer_flow"."User"."kpp", "teamwork_reviewer_flow"."User"."legalAddress", "teamwork_reviewer_flow"."User"."staffRoleId"

[90mstdout[2m | test/integration/escrow-flow.test.ts[2m > [22m[2mEscrowService — Integration Tests (Real DB)[2m > [22m[2mNotifications[2m > [22m[2mAPPROVED within limit does NOT trigger alert
[22m[39mprisma:query INSERT INTO "teamwork_reviewer_flow"."User" ("id","email","role","balance","quarantineBalance","totalSpent","personalDiscount","supportLimitCents","supportSpentTodayCents","supportLastResetAt","referralBalance","isKycVerified","isEmailVerified","isActive","isDeleted","createdAt","updatedAt") VALUES ($1,$2,$3,$4,$5,$6,$7,$8,$9,$10,$11,$12,$13,$14,$15,$16,$17) RETURNING "teamwork_reviewer_flow"."User"."id", "teamwork_reviewer_flow"."User"."email", "teamwork_reviewer_flow"."User"."passwordHash", "teamwork_reviewer_flow"."User"."role", "teamwork_reviewer_flow"."User"."balance", "teamwork_reviewer_flow"."User"."quarantineBalance", "teamwork_reviewer_flow"."User"."totalSpent", "teamwork_reviewer_flow"."User"."personalDiscount", "teamwork_reviewer_flow"."User"."discountEndsAt", "teamwork_reviewer_flow"."User"."supportLimitCents", "teamwork_reviewer_flow"."User"."supportSpentTodayCents", "teamwork_reviewer_flow"."User"."supportLastResetAt", "teamwork_reviewer_flow"."User"."apiKeyHash", "teamwork_reviewer_flow"."User"."referralCode", "teamwork_reviewer_flow"."User"."referredById", "teamwork_reviewer_flow"."User"."referralBalance", "teamwork_reviewer_flow"."User"."telegramId", "teamwork_reviewer_flow"."User"."phoneHash", "teamwork_reviewer_flow"."User"."isKycVerified", "teamwork_reviewer_flow"."User"."isEmailVerified", "teamwork_reviewer_flow"."User"."isActive", "teamwork_reviewer_flow"."User"."isDeleted", "teamwork_reviewer_flow"."User"."adminNote", "teamwork_reviewer_flow"."User"."adminNoteUpdatedAt", "teamwork_reviewer_flow"."User"."adminNoteUpdatedBy", "teamwork_reviewer_flow"."User"."createdAt", "teamwork_reviewer_flow"."User"."updatedAt", "teamwork_reviewer_flow"."User"."companyName", "teamwork_reviewer_flow"."User"."inn", "teamwork_reviewer_flow"."User"."kpp", "teamwork_reviewer_flow"."User"."legalAddress", "teamwork_reviewer_flow"."User"."staffRoleId"

[90mstdout[2m | test/integration/escrow-flow.test.ts[2m > [22m[2mEscrowService — Integration Tests (Real DB)[2m > [22m[2mNotifications[2m > [22m[2mAPPROVED within limit does NOT trigger alert
[22m[39mprisma:query BEGIN

[90mstdout[2m | test/integration/escrow-flow.test.ts[2m > [22m[2mEscrowService — Integration Tests (Real DB)[2m > [22m[2mNotifications[2m > [22m[2mAPPROVED within limit does NOT trigger alert
[22m[39mprisma:query SET TRANSACTION ISOLATION LEVEL SERIALIZABLE

[90mstdout[2m | test/integration/escrow-flow.test.ts[2m > [22m[2mEscrowService — Integration Tests (Real DB)[2m > [22m[2mNotifications[2m > [22m[2mAPPROVED within limit does NOT trigger alert
[22m[39mprisma:query SELECT SUM("amount") FROM (SELECT "teamwork_reviewer_flow"."LedgerEntry"."amount" FROM "teamwork_reviewer_flow"."LedgerEntry" WHERE ("teamwork_reviewer_flow"."LedgerEntry"."adminId" = $1 AND "teamwork_reviewer_flow"."LedgerEntry"."createdAt" >= $2 AND "teamwork_reviewer_flow"."LedgerEntry"."amount" > $3) OFFSET $4) AS "sub"

[90mstdout[2m | test/integration/escrow-flow.test.ts[2m > [22m[2mEscrowService — Integration Tests (Real DB)[2m > [22m[2mNotifications[2m > [22m[2mAPPROVED within limit does NOT trigger alert
[22m[39mprisma:query SELECT "teamwork_reviewer_flow"."User"."id", "teamwork_reviewer_flow"."User"."email", "teamwork_reviewer_flow"."User"."passwordHash", "teamwork_reviewer_flow"."User"."role", "teamwork_reviewer_flow"."User"."balance", "teamwork_reviewer_flow"."User"."quarantineBalance", "teamwork_reviewer_flow"."User"."totalSpent", "teamwork_reviewer_flow"."User"."personalDiscount", "teamwork_reviewer_flow"."User"."discountEndsAt", "teamwork_reviewer_flow"."User"."supportLimitCents", "teamwork_reviewer_flow"."User"."supportSpentTodayCents", "teamwork_reviewer_flow"."User"."supportLastResetAt", "teamwork_reviewer_flow"."User"."apiKeyHash", "teamwork_reviewer_flow"."User"."referralCode", "teamwork_reviewer_flow"."User"."referredById", "teamwork_reviewer_flow"."User"."referralBalance", "teamwork_reviewer_flow"."User"."telegramId", "teamwork_reviewer_flow"."User"."phoneHash", "teamwork_reviewer_flow"."User"."isKycVerified", "teamwork_reviewer_flow"."User"."isEmailVerified", "teamwork_reviewer_flow"."User"."isActive", "teamwork_reviewer_flow"."User"."isDeleted", "teamwork_reviewer_flow"."User"."adminNote", "teamwork_reviewer_flow"."User"."adminNoteUpdatedAt", "teamwork_reviewer_flow"."User"."adminNoteUpdatedBy", "teamwork_reviewer_flow"."User"."createdAt", "teamwork_reviewer_flow"."User"."updatedAt", "teamwork_reviewer_flow"."User"."companyName", "teamwork_reviewer_flow"."User"."inn", "teamwork_reviewer_flow"."User"."kpp", "teamwork_reviewer_flow"."User"."legalAddress", "teamwork_reviewer_flow"."User"."staffRoleId" FROM "teamwork_reviewer_flow"."User" WHERE ("teamwork_reviewer_flow"."User"."id" = $1 AND 1=1) LIMIT $2 OFFSET $3

[90mstdout[2m | test/integration/escrow-flow.test.ts[2m > [22m[2mEscrowService — Integration Tests (Real DB)[2m > [22m[2mNotifications[2m > [22m[2mAPPROVED within limit does NOT trigger alert
[22m[39mprisma:query UPDATE "teamwork_reviewer_flow"."User" SET "balance" = ("teamwork_reviewer_flow"."User"."balance" + $1), "updatedAt" = $2 WHERE ("teamwork_reviewer_flow"."User"."id" = $3 AND 1=1) RETURNING "teamwork_reviewer_flow"."User"."id", "teamwork_reviewer_flow"."User"."balance"

[90mstdout[2m | test/integration/escrow-flow.test.ts[2m > [22m[2mEscrowService — Integration Tests (Real DB)[2m > [22m[2mNotifications[2m > [22m[2mAPPROVED within limit does NOT trigger alert
[22m[39mprisma:query INSERT INTO "teamwork_reviewer_flow"."LedgerEntry" ("id","userId","adminId","amount","reason","status","transactionType","createdAt","updatedAt") VALUES ($1,$2,$3,$4,$5,$6,$7,$8,$9) RETURNING "teamwork_reviewer_flow"."LedgerEntry"."id", "teamwork_reviewer_flow"."LedgerEntry"."userId", "teamwork_reviewer_flow"."LedgerEntry"."adminId", "teamwork_reviewer_flow"."LedgerEntry"."amount", "teamwork_reviewer_flow"."LedgerEntry"."reason", "teamwork_reviewer_flow"."LedgerEntry"."status", "teamwork_reviewer_flow"."LedgerEntry"."idempotencyKey", "teamwork_reviewer_flow"."LedgerEntry"."transactionType", "teamwork_reviewer_flow"."LedgerEntry"."createdAt", "teamwork_reviewer_flow"."LedgerEntry"."updatedAt"

[90mstdout[2m | test/integration/escrow-flow.test.ts[2m > [22m[2mEscrowService — Integration Tests (Real DB)[2m > [22m[2mNotifications[2m > [22m[2mAPPROVED within limit does NOT trigger alert
[22m[39mprisma:query SELECT 1

[90mstdout[2m | test/integration/escrow-flow.test.ts[2m > [22m[2mEscrowService — Integration Tests (Real DB)[2m > [22m[2mNotifications[2m > [22m[2mAPPROVED within limit does NOT trigger alert
[22m[39mprisma:query COMMIT

[90mstdout[2m | test/integration/escrow-flow.test.ts[2m > [22m[2mEscrowService — Integration Tests (Real DB)[2m > [22m[2mNotifications[2m > [22m[2mAPPROVED within limit does NOT trigger alert
[22m[39mprisma:query INSERT INTO "teamwork_reviewer_flow"."AdminAuditLog" ("id","adminId","adminEmail","action","target","targetType","oldValue","newValue","ipAddress","createdAt") VALUES ($1,$2,$3,$4,$5,$6,$7,$8,$9,$10) RETURNING "teamwork_reviewer_flow"."AdminAuditLog"."id", "teamwork_reviewer_flow"."AdminAuditLog"."adminId", "teamwork_reviewer_flow"."AdminAuditLog"."adminEmail", "teamwork_reviewer_flow"."AdminAuditLog"."action", "teamwork_reviewer_flow"."AdminAuditLog"."target", "teamwork_reviewer_flow"."AdminAuditLog"."targetType", "teamwork_reviewer_flow"."AdminAuditLog"."oldValue", "teamwork_reviewer_flow"."AdminAuditLog"."newValue", "teamwork_reviewer_flow"."AdminAuditLog"."ipAddress", "teamwork_reviewer_flow"."AdminAuditLog"."createdAt"

[90mstdout[2m | test/integration/escrow-flow.test.ts[2m > [22m[2mEscrowService — Integration Tests (Real DB)[2m > [22m[2mgetQuarantineEntries[2m > [22m[2mReturns only QUARANTINE entries with user emails
[22m[39mprisma:query 
        SELECT tablename FROM pg_tables WHERE schemaname='public' AND tablename != '_prisma_migrations';
      

