scripts/pen-test.ts(1,19): error TS7016: Could not find a declaration file for module 'node-fetch'. 'D:/SMM_plan_2/node_modules/node-fetch/lib/index.js' implicitly has an 'any' type.
  Try `npm i --save-dev @types/node-fetch` if it exists or add a new declaration (.d.ts) file containing `declare module 'node-fetch';`
src/app/api/cron/sync-cbr/route.ts(19,41): error TS2576: Property 'syncCBRExchangeRate' does not exist on type 'CBRRateService'. Did you mean to access the static member 'CBRRateService.syncCBRExchangeRate' instead?
src/bot/scenes/support.wizard.ts(74,15): error TS2353: Object literal may only specify known properties, and 'userId' does not exist in type '(Without<TicketMessageCreateWithoutTicketInput, TicketMessageUncheckedCreateWithoutTicketInput> & TicketMessageUncheckedCreateWithoutTicketInput) | (Without<...> & TicketMessageCreateWithoutTicketInput) | TicketMessageCreateWithoutTicketInput[] | TicketMessageUncheckedCreateWithoutTicketInput[]'.
src/bot/scenes/support.wizard.ts(83,31): error TS2339: Property 'numericId' does not exist on type '{ id: string; createdAt: Date; updatedAt: Date; status: string; userId: string; subject: string; source: string; }'.
src/components/landing/SmartLinkLanding.tsx(147,15): error TS2322: Type '{ id: string; type: "url"; radius: string; value: string; onChange: (e: ChangeEvent<HTMLInputElement>) => void; onFocus: () => void; onBlur: (e: FocusEvent<HTMLInputElement, Element>) => void; placeholder: string; startContent: Element; endContent: Element; classNames: { ...; }; }' is not assignable to type 'IntrinsicAttributes & InputRootProps'.
  Property 'radius' does not exist on type 'IntrinsicAttributes & InputRootProps'.
src/components/landing/SmartLinkLanding.tsx(164,19): error TS2322: Type '{ children: string; variant: "primary"; radius: string; className: string; isLoading: boolean; onPress: () => Promise<void>; }' is not assignable to type 'IntrinsicAttributes & ButtonRootProps'.
  Property 'radius' does not exist on type 'IntrinsicAttributes & ButtonRootProps'.
src/services/admin/catalog.service.ts(362,35): error TS2304: Cannot find name 'SAFETY_FLOOR_MARKUP'.
src/services/admin/catalog.service.ts(362,63): error TS2304: Cannot find name 'TOTAL_MANDATORY_DEDUCTIONS'.
src/services/financial/wallet.service.test.ts(26,21): error TS2339: Property 'error' does not exist on type '{ success: boolean; balance: null; cached: boolean; entry: { id: string; createdAt: Date; updatedAt: Date; status: string; amount: number; idempotencyKey: string | null; userId: string; adminId: string | null; reason: string; }; } | { ...; } | { ...; }'.
  Property 'error' does not exist on type '{ success: boolean; balance: null; cached: boolean; entry: { id: string; createdAt: Date; updatedAt: Date; status: string; amount: number; idempotencyKey: string | null; userId: string; adminId: string | null; reason: string; }; }'.
src/services/financial/wallet.service.test.ts(64,18): error TS2339: Property 'entry' does not exist on type '{ success: boolean; balance: null; cached: boolean; entry: { id: string; createdAt: Date; updatedAt: Date; status: string; amount: number; idempotencyKey: string | null; userId: string; adminId: string | null; reason: string; }; } | { ...; } | { ...; }'.
  Property 'entry' does not exist on type '{ success: boolean; error: any; balance: null; cached: boolean; }'.
src/services/financial/wallet.service.test.ts(78,18): error TS2339: Property 'error' does not exist on type '{ success: boolean; balance: null; cached: boolean; entry: { id: string; createdAt: Date; updatedAt: Date; status: string; amount: number; idempotencyKey: string | null; userId: string; adminId: string | null; reason: string; }; } | { ...; } | { ...; }'.
  Property 'error' does not exist on type '{ success: boolean; balance: null; cached: boolean; entry: { id: string; createdAt: Date; updatedAt: Date; status: string; amount: number; idempotencyKey: string | null; userId: string; adminId: string | null; reason: string; }; }'.
src/services/financial/wallet.service.test.ts(92,18): error TS2339: Property 'error' does not exist on type '{ success: boolean; balance: null; cached: boolean; entry: { id: string; createdAt: Date; updatedAt: Date; status: string; amount: number; idempotencyKey: string | null; userId: string; adminId: string | null; reason: string; }; } | { ...; } | { ...; }'.
  Property 'error' does not exist on type '{ success: boolean; balance: null; cached: boolean; entry: { id: string; createdAt: Date; updatedAt: Date; status: string; amount: number; idempotencyKey: string | null; userId: string; adminId: string | null; reason: string; }; }'.
src/services/financial/wallet.service.test.ts(105,21): error TS2339: Property 'error' does not exist on type '{ success: boolean; balance: null; cached: boolean; entry: { id: string; createdAt: Date; updatedAt: Date; status: string; amount: number; idempotencyKey: string | null; userId: string; adminId: string | null; reason: string; }; } | { ...; } | { ...; }'.
  Property 'error' does not exist on type '{ success: boolean; balance: null; cached: boolean; entry: { id: string; createdAt: Date; updatedAt: Date; status: string; amount: number; idempotencyKey: string | null; userId: string; adminId: string | null; reason: string; }; }'.
