e2e/checkout-yookassa.spec.ts(117,65): error TS2322: Type 'string | null' is not assignable to type 'string | undefined'.
  Type 'null' is not assignable to type 'string | undefined'.
src/actions/order/basketCheckout.ts(45,39): error TS2554: Expected 4 arguments, but got 2.
src/actions/order/basketCheckout.ts(48,13): error TS7034: Variable 'orderCreates' implicitly has type 'any[]' in some locations where its type cannot be determined.
src/actions/order/basketCheckout.ts(53,42): error TS2353: Object literal may only specify known properties, and 'customActive' does not exist in type 'ServiceWhereInput'.
src/actions/order/basketCheckout.ts(65,37): error TS2339: Property 'min' does not exist on type '{ name: string; id: string; createdAt: Date; updatedAt: Date; numericId: number; description: string | null; features: JsonValue; categoryId: string; providerId: string | null; ... 14 more ...; isActive: boolean; }'.
src/actions/order/basketCheckout.ts(66,37): error TS2339: Property 'max' does not exist on type '{ name: string; id: string; createdAt: Date; updatedAt: Date; numericId: number; description: string | null; features: JsonValue; categoryId: string; providerId: string | null; ... 14 more ...; isActive: boolean; }'.
src/actions/order/basketCheckout.ts(69,41): error TS2339: Property 'detectTier' does not exist on type 'typeof LoyaltyService'.
src/actions/order/basketCheckout.ts(71,58): error TS2339: Property 'bronzeRate' does not exist on type '{ name: string; id: string; createdAt: Date; updatedAt: Date; numericId: number; description: string | null; features: JsonValue; categoryId: string; providerId: string | null; ... 14 more ...; isActive: boolean; }'.
src/actions/order/basketCheckout.ts(72,63): error TS2339: Property 'silverRate' does not exist on type '{ name: string; id: string; createdAt: Date; updatedAt: Date; numericId: number; description: string | null; features: JsonValue; categoryId: string; providerId: string | null; ... 14 more ...; isActive: boolean; }'.
src/actions/order/basketCheckout.ts(73,61): error TS2339: Property 'goldRate' does not exist on type '{ name: string; id: string; createdAt: Date; updatedAt: Date; numericId: number; description: string | null; features: JsonValue; categoryId: string; providerId: string | null; ... 14 more ...; isActive: boolean; }'.
src/actions/order/basketCheckout.ts(74,65): error TS2339: Property 'platinumRate' does not exist on type '{ name: string; id: string; createdAt: Date; updatedAt: Date; numericId: number; description: string | null; features: JsonValue; categoryId: string; providerId: string | null; ... 14 more ...; isActive: boolean; }'.
src/actions/order/basketCheckout.ts(90,38): error TS2339: Property 'providerServiceId' does not exist on type '{ name: string; id: string; createdAt: Date; updatedAt: Date; numericId: number; description: string | null; features: JsonValue; categoryId: string; providerId: string | null; ... 14 more ...; isActive: boolean; }'.
src/actions/order/basketCheckout.ts(111,17): error TS7005: Variable 'orderCreates' implicitly has an 'any[]' type.
src/actions/order/basketCheckout.ts(123,44): error TS2339: Property 'createPayment' does not exist on type 'PaymentService'.
