[2026-05-22T18:50:06.561Z] [INFO] Commencing Desktop view audit...
[2026-05-22T18:50:06.774Z] [INFO] Navigating to http://localhost:3000/...
[2026-05-22T18:50:09.744Z] [CONSOLE_INFO] %cDownload the React DevTools for a better development experience: https://react.dev/link/react-devtools font-weight:bold
[2026-05-22T18:50:10.361Z] [CONSOLE_LOG] [HMR] connected
[2026-05-22T18:50:13.875Z] [INFO] Finding social networks in desktop selector...
[2026-05-22T18:50:13.947Z] [INFO] Found 18 networks buttons on desktop.
[2026-05-22T18:50:13.962Z] [INFO] Clicking social network platform: Telegram
[2026-05-22T18:50:15.357Z] [INFO] Clicking social network platform: Instagram
[2026-05-22T18:50:16.840Z] [INFO] Clicking social network platform: YouTube
[2026-05-22T18:50:21.264Z] [INFO] Saved desktop screenshot to: D:\SMM_plan_2\.planning\screenshots\desktop.png
[2026-05-22T18:50:21.294Z] [INFO] Commencing Mobile view audit (iPhone X configuration)...
[2026-05-22T18:50:21.450Z] [INFO] Navigating to http://localhost:3000/ on mobile...
[2026-05-22T18:50:22.934Z] [CONSOLE_LOG] [HMR] connected
[2026-05-22T18:50:26.441Z] [INFO] Locating mobile URL link input field...
[2026-05-22T18:50:26.774Z] [INFO] URL input filled with https://t.me/durov.
[2026-05-22T18:50:28.281Z] [INFO] Locating select triggers...
[2026-05-22T18:50:28.570Z] [INFO] Found 1 select triggers in regular mode.
[2026-05-22T18:50:28.570Z] [INFO] Platform auto-detected. Clicking Category select trigger...
[2026-05-22T18:50:28.686Z] [CONSOLE_LOG] [Fast Refresh] rebuilding
[2026-05-22T18:50:28.691Z] [CONSOLE_LOG] [Fast Refresh] done in 113ms
[2026-05-22T18:50:29.649Z] [CONSOLE_LOG] [Fast Refresh] rebuilding
[2026-05-22T18:50:29.650Z] [CONSOLE_LOG] [Fast Refresh] done in 106ms
[2026-05-22T18:50:30.343Z] [INFO] Selecting first category item...
[2026-05-22T18:50:31.780Z] [INFO] Selecting first service tariff plan card...
[2026-05-22T18:50:32.865Z] [INFO] Clicking Step 1 progress button to proceed to Step 2...
[2026-05-22T18:50:34.645Z] [INFO] Filling email in Step 2...
[2026-05-22T18:50:37.782Z] [INFO] Saved mobile screenshot to: D:\SMM_plan_2\.planning\screenshots\mobile.png